D/ViewPager( 4316): onSaveInstanceState, curItem:android.support.v4.view.ViewPager$ItemInfo@170586f0
E/lowmemorykiller( 1893): Error writing /proc/7488/oom_score_adj; errno=22
D/NotePaperProvider( 7644): notifyDataChange
I/AccountUtil( 7644): account table: query 19152668, id 1
D/NotePaperProvider( 7644): notifyDataChange
D/NotePaperProvider( 7644): notifyDataChange
D/com.meizu.sync.MSyncManager( 3377): 3.downloadServerData(UploadResult:true)
E/SQLiteLog( 7662): (283) recovered 19 frames from WAL file /data/user/0/com.android.providers.media/databases/external.db-wal
D/MediaProvider( 7662):  ------------ createDefaultFolders ------------
I/DownloadManager( 7662): in removeSpuriousFiles
E/SQLiteLog( 7662): (283) recovered 91 frames from WAL file /data/user/0/com.android.providers.media/databases/internal.db-wal
D/com.meizu.sync.MSyncManager( 3377): 4.submitLocalResult(SyncResult:true)
D/VolumePanel.3601b692( 3103): resetTimeout at 1436251682499 delay=3000 touchExploration=false
W/art     ( 3103): Long monitor contention event with owner method=void com.android.systemui.volume.VolumePanel.onVolumeChanged(int, int) from VolumePanel.java:990 waiters=0 for 507ms
D/VolumePanel( 3103): onVolumeChanged(streamType: 2, flags: 0)
D/VolumePanel.3601b692( 3103): resetTimeout at 1436251682502 delay=3000 touchExploration=false
D/GJ_DEBUG( 3103): =============volumeChanged===============
D/VolumePanel( 3103): [GJ_DEBUG] postVolumeChanged: streamType = 2, flags = 1
D/VolumePanel( 3103): onVolumeChanged(streamType: 2, flags: 1)
D/VolumePanel.3601b692( 3103): onShowVolumeChanged(streamType: 2, flags: 1), index: 5
D/VolumePanel.3601b692( 3103): resetTimeout at 1436251682629 delay=3000 touchExploration=false
D/com.meizu.sync.MSyncManager( 3377): notetag sync end
D/com.meizu.sync.MSyncManager( 3377): 1.requestSync :notes(SyncMode:201 | LastAnchor:0 | NextAnchor:1436251682675)
D/MzPhoneWindowManager( 2269): InterceptVolumeKeyUpForTelephony    up
D/GJ_DEBUG( 3103): =============volumeChanged===============
D/VolumePanel( 3103): [GJ_DEBUG] postVolumeChanged: streamType = 2, flags = 0
D/VolumePanel( 3103): onVolumeChanged(streamType: 2, flags: 0)
D/VolumePanel.3601b692( 3103): resetTimeout at 1436251682699 delay=3000 touchExploration=false
E/lowmemorykiller( 1893): Error writing /proc/7644/oom_score_adj; errno=22
I/AccountUtil( 7690): account table: query 19152668, id 1
D/MSyncSourceBase( 3377): beginSync generateCacheList() NEW:2 | UPDATE:0 | DELETE:0
D/com.meizu.sync.MSyncManager( 3377): 2.uploadLocalData(SyncMode:201)
D/NotePaperProvider( 7690): notifyDataChange
D/com.meizu.sync.note.tag.LocalTagManager( 3377): getTagsName ids: 0 names: 
D/com.meizu.sync.note.tag.LocalTagManager( 3377): getTagsName ids: 0 names: 
D/Note    ( 3377): toJsonObject: {"luid":"2","status":"N","nuuid":"inbuilt_encrypt_1","title":"加密提示","body":"[{\"state\":3,\"name\":\"encrypt.png\",\"height\":780,\"width\":1308},{\"state\":0,\"text\":\"•  图片和录音，加密后仍可能通过其他应用查看，不建议加密含图片或录音文件的便签\\n•  降级固件或同步至低版本固件，将导致加密便签任何人可见\"}]","createTime":"1325391508302","modifyTime":"1325391508302","firstImg":"{\"state\":3,\"name\":\"encrypt.png\",\"height\":780,\"width\":1308}","paper":"0","fileList":"encrypt.png","tagList":[],"topdate":"0","encrypt":"1","desktop":"0"}
D/Note    ( 3377): toJsonObject: {"luid":"1","status":"N","nuuid":"inbuilt_note_1","title":"全新设计的Flyme便签","body":"[{\"state\":3,\"name\":\"ai_1.png\",\"height\":500,\"width\":920},{\"state\":0,\"text\":\"支持文本、清单、录音与图片插入功能，一份记录，多种方法。\"},{\"state\":3,\"name\":\"ai_2.png\",\"height\":500,\"width\":920},{\"state\":0,\"text\":\"文字大小、背景颜色随心调整，简单记录也可层次分明，重点突出。\"},{\"state\":3,\"name\":\"ai_3.png\",\"height\":500,\"width\":920},{\"state\":0,\"text\":\"指定便签置顶，重要的便签，就是在重要的位置。\"},{\"state\":3,\"name\":\"ai_4.png\",\"height\":500,\"width\":920},{\"state\":0,\"text\":\"便签分组，从此便签思路与你大脑同步。\"},{\"state\":3,\"name\":\"ai_5.png\",\"height\":500,\"width\":920},{\"state\":0,\"text\":\"便签加密，隐私信息不怕忘掉，也不担心被别人看到。\"}]","createTime":"1325391508280","modifyTime":"1325391508280","firstImg":"{\"state\":3,\"name\":\"ai_1.png\",\"height\":500,\"width\":920}","paper":"0","fileList":"ai_1.png,ai_2.png,ai_3.png,ai_4.png,ai_5.png","tagList":[],"topdate":"0","encrypt":"0","desktop":"0"}
D/VolumePanel.3601b692( 3103): forceTimeout delay=0 callers=com.android.systemui.volume.VolumePanel.access$300:81 com.android.systemui.volume.VolumePanel$1.onTouchEvent:371 android.app.Dialog.dispatchTouchEvent:768 
W/AudioPolicyManager( 1907): getOutput() could not find output for stream 1, samplingRate 0,format 0, channels 3, flags 0
W/AudioPolicyManager( 1907): getOutput() could not find output for stream 1, samplingRate 0,format 0, channels 3, flags 0
W/AudioPolicyManager( 1907): getOutput() could not find output for stream 1, samplingRate 48000,format 1, channels 3, flags 4
E/AudioTrack( 2269): Could not get audio output for stream type 1, usage 13, sample rate 48000, format 0x1, channel mask 0x3, flags 0x4
E/SoundPool( 2269): Error creating AudioTrack
I/Timeline( 5014): Timeline: Activity_launch_request id:com.meizu.media.music time:963090
I/AccountUtil( 7710): account table: query 19152668, id 1
D/NotePaperProvider( 7710): notifyDataChange
W/System.err( 5014): java.lang.NoSuchMethodException: getPackageInfoForVersion [class java.lang.String, int]
W/System.err( 5014): 	at java.lang.Class.getMethod(Class.java:664)
W/System.err( 5014): 	at java.lang.Class.getMethod(Class.java:643)
W/System.err( 5014): 	at com.meizu.utils.FlymeReflectUtils.getPackageInfo(FlymeReflectUtils.java:285)
W/System.err( 5014): 	at com.android.launcher3.Launcher$MzStats.run(Launcher.java:3553)
D/Launcher( 5014): package info is null
D/NotePaperProvider( 7710): notifyDataChange
D/MzSplitActionBarContainer( 2269): onMeasure:mBackButton=null; mMenuView=null; mEnableBackButton=false
D/MzSplitActionBarContainer( 2269): onMeasure:backButtonWidth=0; menuWidth=0
I/InputDispatcher( 2269): Dropping event because there is no touchable window at (126, 661).
D/MzSplitActionBarContainer( 2269): onMeasure:mBackButton=null; mMenuView=null; mEnableBackButton=false
D/MzSplitActionBarContainer( 2269): onMeasure:backButtonWidth=0; menuWidth=0
D/GlowDelegate( 2269): GlowDelegate color is #0xfff56313
D/MzSplitActionBarContainer( 2269): onMeasure:mBackButton=null; mMenuView=null; mEnableBackButton=false
D/MzSplitActionBarContainer( 2269): onMeasure:backButtonWidth=0; menuWidth=0
W/InputDispatcher( 2269): channel '38e2cdd0 com.android.settings/com.android.settings.Settings (server)' ~ Consumer closed input channel or an error occurred.  events=0x9
E/InputDispatcher( 2269): channel '38e2cdd0 com.android.settings/com.android.settings.Settings (server)' ~ Channel is unrecoverably broken and will be disposed!
W/InputDispatcher( 2269): channel '3ab241d com.android.dialer/com.android.dialer.DialtactsActivity (server)' ~ Consumer closed input channel or an error occurred.  events=0x9
E/InputDispatcher( 2269): channel '3ab241d com.android.dialer/com.android.dialer.DialtactsActivity (server)' ~ Channel is unrecoverably broken and will be disposed!
D/MzSplitActionBarContainer( 2269): onMeasure:mBackButton=null; mMenuView=null; mEnableBackButton=false
D/MzSplitActionBarContainer( 2269): onMeasure:backButtonWidth=0; menuWidth=0
W/InputDispatcher( 2269): Attempted to unregister already unregistered input channel '38e2cdd0 com.android.settings/com.android.settings.Settings (server)'
W/InputDispatcher( 2269): Attempted to unregister already unregistered input channel '3ab241d com.android.dialer/com.android.dialer.DialtactsActivity (server)'
W/art     ( 2269): Long monitor contention event with owner method=void com.android.server.am.ActivityManagerService$AppDeathRecipient.binderDied() from ActivityManagerService.java:1174 waiters=0 for 184ms
W/art     ( 2269): Long monitor contention event with owner method=void com.android.server.am.ActivityManagerService$AppDeathRecipient.binderDied() from ActivityManagerService.java:1174 waiters=2 for 164ms
D/PhoneStatusBar( 3103): MSG_DELAY_UPDATE_RECENT, rotation 0,   mManuRemoveTask = false
W/art     ( 2269): Long monitor contention event with owner method=void com.android.server.am.ActivityManagerService$AppDeathRecipient.binderDied() from ActivityManagerService.java:1174 waiters=3 for 202ms
I/art     ( 2269): Background partial concurrent mark sweep GC freed 50100(6MB) AllocSpace objects, 113(3MB) LOS objects, 33% free, 21MB/31MB, paused 2.723ms total 137.714ms
W/ResourceType( 3103): No package identifier when getting value for resource number 0x00000000
W/PackageManager( 3103): Failure retrieving resources for com.meizu.media.music: null
D/NotePaperProvider( 7731): notifyDataChange
I/AccountUtil( 7731): account table: query 19152668, id 1
D/NotePaperProvider( 7731): notifyDataChange
D/NotePaperProvider( 7731): notifyDataChange
D/NotePaperProvider( 7731): notifyDataChange
D/com.meizu.sync.MSyncManager( 3377): 3.downloadServerData(UploadResult:true)
D/com.meizu.sync.MSyncManager( 3377): 4.submitLocalResult(SyncResult:true)
D/OpenGLRenderer( 5187): Render dirty regions requested: true
D/Atlas   ( 5187): Validating map...
D/MzUpdateComponent( 5187): init com list
D/MzUpdateComponent( 5187): add activity : com.meizu.media.music.MusicActivity@20c12b7f
W/System.err( 5187): java.lang.ClassNotFoundException: com.meizu.telephony.MzTelephonymanager
W/System.err( 5187): 	at java.lang.Class.classForName(Native Method)
W/System.err( 5187): 	at java.lang.Class.forName(Class.java:308)
W/System.err( 5187): 	at java.lang.Class.forName(Class.java:272)
W/System.err( 5187): 	at com.meizu.commontools.MultiSimCardUtils.isMultiSimCard(MultiSimCardUtils.java:155)
W/System.err( 5187): 	at com.meizu.commontools.MultiSimCardUtils.refreshCardList(MultiSimCardUtils.java:40)
W/System.err( 5187): 	at com.meizu.media.music.MusicActivity.onResume(MusicActivity.java:212)
W/System.err( 5187): 	at android.app.Instrumentation.callActivityOnResume(Instrumentation.java:1241)
W/System.err( 5187): 	at android.app.Activity.performResume(Activity.java:6019)
W/System.err( 5187): 	at android.app.ActivityThread.performResumeActivity(ActivityThread.java:2956)
W/System.err( 5187): 	at android.app.ActivityThread.handleResumeActivity(ActivityThread.java:2998)
W/System.err( 5187): 	at android.app.ActivityThread.handleLaunchActivity(ActivityThread.java:2381)
W/System.err( 5187): 	at android.app.ActivityThread.access$800(ActivityThread.java:147)
W/System.err( 5187): 	at android.app.ActivityThread$H.handleMessage(ActivityThread.java:1281)
W/System.err( 5187): 	at android.os.Handler.dispatchMessage(Handler.java:102)
W/System.err( 5187): 	at android.os.Looper.loop(Looper.java:135)
W/System.err( 5187): 	at android.app.ActivityThread.main(ActivityThread.java:5241)
W/System.err( 5187): 	at java.lang.reflect.Method.invoke(Native Method)
W/System.err( 5187): 	at java.lang.reflect.Method.invoke(Method.java:372)
W/System.err( 5187): 	at com.android.internal.os.ZygoteInit$MethodAndArgsCaller.run(ZygoteInit.java:898)
W/System.err( 5187): 	at com.android.internal.os.ZygoteInit.main(ZygoteInit.java:693)
W/System.err( 5187): Caused by: java.lang.ClassNotFoundException: Didn't find class "com.meizu.telephony.MzTelephonymanager" on path: DexPathList[[zip file "/system/framework/android.test.runner.jar", zip file "/system/priv-app/Music/Music.apk"],nativeLibraryDirectories=[/vendor/lib, /system/lib]]
W/System.err( 5187): 	at dalvik.system.BaseDexClassLoader.findClass(BaseDexClassLoader.java:56)
W/System.err( 5187): 	at java.lang.ClassLoader.loadClass(ClassLoader.java:511)
W/System.err( 5187): 	at java.lang.ClassLoader.loadClass(ClassLoader.java:469)
W/System.err( 5187): 	... 20 more
W/System.err( 5187): 	Suppressed: java.lang.ClassNotFoundException: com.meizu.telephony.MzTelephonymanager
W/System.err( 5187): 		at java.lang.Class.classForName(Native Method)
W/System.err( 5187): 		at java.lang.BootClassLoader.findClass(ClassLoader.java:781)
W/System.err( 5187): 		at java.lang.BootClassLoader.loadClass(ClassLoader.java:841)
W/System.err( 5187): 		at java.lang.ClassLoader.loadClass(ClassLoader.java:504)
W/System.err( 5187): 		... 21 more
W/System.err( 5187): 	Caused by: java.lang.NoClassDefFoundError: Class not found using the boot class loader; no stack available
D/FlymePermissionManager( 5187): getPackageNameFromPid, charset=UTF-8, pid=5187, orgLength=76, trim line=com.meizu.media.music, length=21
D/FlymePermissionManager( 5187): uid:10014
D/FlymePermissionManager( 5187): pid:5187
D/FlymePermissionManager( 5187): privilege:73
D/FlymePermissionManager( 5187): com.meizu.media.music request...
D/CTACHECK( 5187): the system app: com.meizu.media.music use permission: 获取手机识别码
D/FlymePermissionManager( 5187): system app allow!
D/PlaybackService( 5187): showNotification: false
D/com.meizu.sync.MSyncManager( 3377): notes sync end
I/UserServerPairsStore( 3377): insert UserServers success
D/FileSyncManager( 3377): ===============================begin file sync : notefile===============================
I/FileSyncManager( 3377): **********************************1.requestSync**********************************
D/libEGL  ( 5187): loaded /system/lib/egl/libEGL_mali.so
D/FileSyncManager( 3377): requestSync begin : cid = 1436251684931 sid =  mode = 200
D/libEGL  ( 5187): loaded /system/lib/egl/libGLESv1_CM_mali.so
D/libEGL  ( 5187): loaded /system/lib/egl/libGLESv2_mali.so
E/        ( 5187): Device driver API match
E/        ( 5187): Device driver API version: 29
E/        ( 5187): User space API version: 29 
E/        ( 5187): mali: REVISION=Linux-r3p2-01rel3 BUILD_DATE=Tue Jul 22 19:59:34 KST 2014 
I/OpenGLRenderer( 5187): Initialized EGL, version 1.4
D/OpenGLRenderer( 5187): Enabling debug mode 0
D/FileSyncManager( 3377): requestSync result : cid = 1436251684931 sid = s1361781xssehlske3nr1wl08pszykexo mode = 201
D/MzSplitActionBarContainer( 5187): onMeasure:mBackButton=null; mMenuView=null; mEnableBackButton=false
D/MzSplitActionBarContainer( 5187): onMeasure:backButtonWidth=0; menuWidth=0
D/FileCacheTracker( 3377): new: 0 update: 0 delete: 0
I/FileSyncManager( 3377): **********************************2.submitDatas**********************************
I/NoteManager( 3377): Loading Note: 1
I/NoteManager( 3377): Loading Note: 2
I/art     ( 1915): Explicit concurrent mark sweep GC freed 709(30KB) AllocSpace objects, 0(0B) LOS objects, 39% free, 6MB/11MB, paused 254us total 15.559ms
I/art     ( 1915): Explicit concurrent mark sweep GC freed 5(160B) AllocSpace objects, 0(0B) LOS objects, 39% free, 6MB/11MB, paused 218us total 13.712ms
I/art     ( 1915): Explicit concurrent mark sweep GC freed 5(160B) AllocSpace objects, 0(0B) LOS objects, 39% free, 6MB/11MB, paused 425us total 22.754ms
D/MzSplitActionBarContainer( 5187): onMeasure:mBackButton=null; mMenuView=null; mEnableBackButton=false
D/MzSplitActionBarContainer( 5187): onMeasure:backButtonWidth=0; menuWidth=0
D/MzSplitActionBarContainer( 5187): onLayout:mBackButton=null; mMenuView=null; mEnableBackButton=false; mExtraPadding=104
D/GlowDelegate( 5187): GlowDelegate color is #0xfff56313
D/MzSplitActionBarContainer( 5187): onMeasure:mBackButton=null; mMenuView=null; mEnableBackButton=false
D/MzSplitActionBarContainer( 5187): onMeasure:backButtonWidth=0; menuWidth=0
D/MzSplitActionBarContainer( 5187): onLayout:mBackButton=null; mMenuView=null; mEnableBackButton=false; mExtraPadding=104
D/MzSplitActionBarContainer( 5187): onMeasure:mBackButton=null; mMenuView=null; mEnableBackButton=false
D/MzSplitActionBarContainer( 5187): onMeasure:backButtonWidth=0; menuWidth=0
D/MzSplitActionBarContainer( 5187): onLayout:mBackButton=null; mMenuView=null; mEnableBackButton=false; mExtraPadding=104
I/Timeline( 5187): Timeline: Activity_idle id: android.os.BinderProxy@30ba674c time:965228
I/ActivityManager( 2269): Displayed com.meizu.media.music/.MusicActivity: +1s974ms
I/Timeline( 2269): Timeline: Activity_windows_visible id: ActivityRecord{d64f1e2 u0 com.meizu.media.music/.MusicActivity t13} time:965236
D/NFCProfileManager( 7762): onCreate
D/BluetoothManagerService( 2269): Message: 20
D/BluetoothManagerService( 2269): Added callback: android.bluetooth.IBluetoothManagerCallback$Stub$Proxy@350ef745:true
W/InputDispatcher( 2269): channel '15ed75f1 com.meizu.media.life/com.meizu.media.life.ui.activity.HomeActivity (server)' ~ Consumer closed input channel or an error occurred.  events=0x9
E/InputDispatcher( 2269): channel '15ed75f1 com.meizu.media.life/com.meizu.media.life.ui.activity.HomeActivity (server)' ~ Channel is unrecoverably broken and will be disposed!
W/InputDispatcher( 2269): Attempted to unregister already unregistered input channel '15ed75f1 com.meizu.media.life/com.meizu.media.life.ui.activity.HomeActivity (server)'
D/FileSyncManager( 3377): uploadFile result : true data = [1 , 62c87f12ea5e45dfaee6089913f37565 , ai_5.png , 055e8882040aa2ee0278a1cf95d01557 , 0]
D/FileCacheTracker( 3377): getLocalItemStatus: uniqueKey:inbuilt_note_1_ai_5.png isn't in localMap: {}
D/FileCacheTracker( 3377): setSyncRecord: uniqueKey:inbuilt_note_1_ai_5.png| status:1
D/FileSyncManager( 3377): uploadFile result : true data = [2 , d6f82e6f39a145639bf6b8fe2b298eff , encrypt.png , 61b114583a5188f8de7faf0fa7649cb6 , 0]
D/FileCacheTracker( 3377): getLocalItemStatus: uniqueKey:inbuilt_encrypt_1_encrypt.png isn't in localMap: {}
D/FileCacheTracker( 3377): setSyncRecord: uniqueKey:inbuilt_encrypt_1_encrypt.png| status:1
D/FileSyncManager( 3377): uploadFile result : true data = [1 , 62c87f12ea5e45dfaee6089913f37565 , ai_2.png , 60331a4dcf37e878f63dd7365576e525 , 0]
D/FileCacheTracker( 3377): getLocalItemStatus: uniqueKey:inbuilt_note_1_ai_2.png isn't in localMap: {}
D/FileCacheTracker( 3377): setSyncRecord: uniqueKey:inbuilt_note_1_ai_2.png| status:1
W/AudioPolicyManager( 1907): getOutput() could not find output for stream 1, samplingRate 0,format 0, channels 3, flags 0
W/AudioPolicyManager( 1907): getOutput() could not find output for stream 1, samplingRate 0,format 0, channels 3, flags 0
W/AudioPolicyManager( 1907): getOutput() could not find output for stream 1, samplingRate 48000,format 1, channels 3, flags 4
E/AudioTrack( 2269): Could not get audio output for stream type 1, usage 13, sample rate 48000, format 0x1, channel mask 0x3, flags 0x4
E/SoundPool( 2269): Error creating AudioTrack
W/BlobCache( 5187): cannot read header
D/xxx     ( 5187): cache getMainCategory null
W/System.err( 5187): java.lang.ClassNotFoundException: com.meizu.telephony.MzTelephonymanager
W/System.err( 5187): 	at java.lang.Class.classForName(Native Method)
W/System.err( 5187): 	at java.lang.Class.forName(Class.java:308)
W/System.err( 5187): 	at java.lang.Class.forName(Class.java:272)
W/System.err( 5187): 	at com.meizu.commontools.MultiSimCardUtils.isMultiSimCard(MultiSimCardUtils.java:155)
W/System.err( 5187): 	at com.meizu.commontools.MultiSimCardUtils.refreshCardList(MultiSimCardUtils.java:40)
W/System.err( 5187): 	at com.meizu.commontools.MultiSimCardUtils.getPhoneIMSI(MultiSimCardUtils.java:83)
W/System.err( 5187): 	at com.meizu.media.music.data.FlowWrapedHttp$FlowUrlHandler.<init>(FlowWrapedHttp.java:586)
W/System.err( 5187): 	at com.meizu.media.music.data.FlowWrapedHttp.doHttpGet(FlowWrapedHttp.java:519)
W/System.err( 5187): 	at com.meizu.media.music.data.RequestManager.getMainCategory(RequestManager.java:2358)
W/System.err( 5187): 	at com.meizu.media.music.util.OnlineEnabledHepler$2.doInBackground(OnlineEnabledHepler.java:128)
W/System.err( 5187): 	at com.meizu.media.music.util.OnlineEnabledHepler$2.doInBackground(OnlineEnabledHepler.java:125)
W/System.err( 5187): 	at android.os.AsyncTask$2.call(AsyncTask.java:288)
W/System.err( 5187): 	at java.util.concurrent.FutureTask.run(FutureTask.java:237)
W/System.err( 5187): 	at java.util.concurrent.ThreadPoolExecutor.runWorker(ThreadPoolExecutor.java:1112)
W/System.err( 5187): 	at java.util.concurrent.ThreadPoolExecutor$Worker.run(ThreadPoolExecutor.java:587)
W/System.err( 5187): 	at java.lang.Thread.run(Thread.java:818)
W/System.err( 5187): Caused by: java.lang.ClassNotFoundException: Didn't find class "com.meizu.telephony.MzTelephonymanager" on path: DexPathList[[zip file "/system/framework/android.test.runner.jar", zip file "/system/priv-app/Music/Music.apk"],nativeLibraryDirectories=[/vendor/lib, /system/lib]]
W/System.err( 5187): 	at dalvik.system.BaseDexClassLoader.findClass(BaseDexClassLoader.java:56)
W/System.err( 5187): 	at java.lang.ClassLoader.loadClass(ClassLoader.java:511)
W/System.err( 5187): 	at java.lang.ClassLoader.loadClass(ClassLoader.java:469)
W/System.err( 5187): 	... 16 more
W/System.err( 5187): 	Suppressed: java.lang.ClassNotFoundException: com.meizu.telephony.MzTelephonymanager
W/System.err( 5187): 		at java.lang.Class.classForName(Native Method)
W/System.err( 5187): 		at java.lang.BootClassLoader.findClass(ClassLoader.java:781)
W/System.err( 5187): 		at java.lang.BootClassLoader.loadClass(ClassLoader.java:841)
W/System.err( 5187): 		at java.lang.ClassLoader.loadClass(ClassLoader.java:504)
W/System.err( 5187): 		... 17 more
W/System.err( 5187): 	Caused by: java.lang.NoClassDefFoundError: Class not found using the boot class loader; no stack available
D/FlymePermissionManager( 5187): getPackageNameFromPid, charset=UTF-8, pid=5187, orgLength=76, trim line=com.meizu.media.music, length=21
D/FlymePermissionManager( 5187): uid:10014
D/FlymePermissionManager( 5187): pid:5187
D/FlymePermissionManager( 5187): privilege:73
D/FlymePermissionManager( 5187): com.meizu.media.music request...
D/CTACHECK( 5187): the system app: com.meizu.media.music use permission: 获取手机识别码
D/FlymePermissionManager( 5187): system app allow!
W/System  ( 5187): Ignoring header Authorization because its value was null.
W/art     ( 5187): Suspending all threads took: 7.539ms
I/art     ( 5187): Background partial concurrent mark sweep GC freed 8617(809KB) AllocSpace objects, 33(607KB) LOS objects, 39% free, 10MB/16MB, paused 9.533ms total 94.892ms
I/art     ( 7816): Late-enabling -Xcheck:jni
D/PlaybackService( 5187): addListener mBufferState = 101, mUpdatePlayStateFlg = true, mAudioSessionId: 0
D/PlaybackService( 5187): updatePlayState mPlayState: -1,mCanShowNotification = false
D/PlaybackService( 5187): notifyChange isPlaying: false, Position: 0, mDuration: 0
D/PlaybackService( 5187): notify changing in Remote Device 
D/SecurityCenter( 7816): SafeApplication::onCreate:2015-07-07 02:48:07
I/UpdateImpl( 7816): UpdateImpl ctor register update receiver
I/UpdateImpl( 7816): registerUpdateReceiver
V/MusicFXControlPanelReceiver( 7834): onReceive
V/MusicFXControlPanelReceiver( 7834): Action: com.android.music.playstatechanged
V/MusicFXControlPanelReceiver( 7834): Package name: com.meizu.media.music
V/MusicFXControlPanelReceiver( 7834): Audio session: 0
D/SecurityCenter( 7816): SafeApplication::onCreate:tag1:2015-07-07 02:48:07
D/NetworkManagementMz( 7816): app build time :15/6/19 下午12:04
D/NetworkManagementMz( 7816): Utils : buildType : userdebug
D/NetworkManagementMz( 7816): Utils : mIsUserBuildType : false
D/NetworkManagementMz( 7816): Utils : isisM81C = false
D/NetworkManagementMz( 7816): Utils : mIsMutipleSimCardDevice = false
D/SecurityCenter( 7816): SafeApplication::onCreate:tag2:2015-07-07 02:48:07
V/QQPimSecure( 7816): TMSDK version=5.1.0 20150527094454
E/SQLiteLog( 7854): (283) recovered 19 frames from WAL file /data/user/0/com.android.providers.media/databases/external.db-wal
D/MediaProvider( 7854):  ------------ createDefaultFolders ------------
D/LicMan  ( 7816): expirySeconds=2221488000(2040-4-25) expired=false
I/TMSDKContext( 7816): pid: 13
I/DownloadManager( 7854): in removeSpuriousFiles
I/ServiceCenter( 7816): create service: 9-4294967297
I/DefaultPreferenceManager( 7816): getDefaultPreferenceManager|caller=4294967297|fileName=sk
I/fuckShark( 7816): SharkProtocolQueue()157886151
D/ImsiChecker( 7816): isImsiChanged [Beg]
D/FileSyncManager( 3377): uploadFile result : true data = [1 , 62c87f12ea5e45dfaee6089913f37565 , ai_4.png , c03146e871ffb3d9d9276ee5ed34a1e8 , 0]
D/FlymePermissionManager( 7816): getPackageNameFromPid, charset=UTF-8, pid=7816, orgLength=76, trim line=com.meizu.safe, length=14
D/FlymePermissionManager( 7816): uid:1000
D/FlymePermissionManager( 7816): pid:7816
D/FlymePermissionManager( 7816): privilege:73
D/FlymePermissionManager( 7816): com.meizu.safe request...
D/CTACHECK( 7816): the system app: com.meizu.safe use permission: 获取手机识别码
D/FlymePermissionManager( 7816): system app allow!
D/FileCacheTracker( 3377): getLocalItemStatus: uniqueKey:inbuilt_note_1_ai_4.png isn't in localMap: {}
D/FileCacheTracker( 3377): setSyncRecord: uniqueKey:inbuilt_note_1_ai_4.png| status:1
D/ImsiChecker( 7816): isImsiChanged-lastImsi:[000000000000000][]
D/ImsiChecker( 7816): isImsiChanged-currImsi:[000000000000000][]
D/ImsiChecker( 7816): isImsiChanged [End][false]
I/ThreadPool( 7816): pause thread pool
I/ServiceCenter( 7816): create service: 4-4294967297
E/SQLiteLog( 7854): (284) automatic index on audio_playlists_map(playlist_id)
I/gjj     ( 7816): init is Test server : false
I/SharkNetwork( 7816): SharkNetwork() isTest: false
I/ServiceCenter( 7816): create service: 12-4294967297
I/DefaultPreferenceManager( 7816): getDefaultPreferenceManager|caller=4294967297|fileName=kv_profile_sp_name
I/SharkOutlet( 7816): onGetEncodeKey() encodeKey: AKEJ4EAcPd3SVL3I
I/SharkOutlet( 7816): onGetSessionId() sessionId: iT7FMU2GMI2ael/kiMteszgyMzEwODU5NzUwODUwNzE=
I/RsaKeyCertifier( 7816): load() mEncodeKey: AKEJ4EAcPd3SVL3I mSessionId: iT7FMU2GMI2ael/kiMteszgyMzEwODU5NzUwODUwNzE=
D/RawDBService( 7816): query|caller=4294967297|authority=MeriExtProvider|table=gd_info
I/PiDBProvider( 7816): addCursorId: 1-
I/Choreographer( 5187): Skipped 75 frames!  The application may be doing too much work on its main thread.
D/SecurityCenter( 7816): SafeApplication::onCreate:tag3:2015-07-07 02:48:07
D/SecurityCenter( 7816): SafeApplication::onCreate:tag4:2015-07-07 02:48:07
I/DefaultPreferenceManager( 7816): getDefaultPreferenceManager|caller=4294967297|fileName=prfle_cnfg_dao
I/ServiceCenter( 7816): create service: 5-4294967297
D/SecurityCenter( 7816): SafeApplication::onCreate:tag5:2015-07-07 02:48:07
D/SharkProcessProxy( 7816): sending process registerSharkPush() from cmdId: 11052 flag: 2
D/GlowDelegate( 5187): GlowDelegate color is #0xfff56313
D/GlowDelegate( 5187): GlowDelegate color is #0xfff56313
D/GlowDelegate( 5187): GlowDelegate color is #0xfff56313
D/GlowDelegate( 5187): GlowDelegate color is #0xfff56313
D/MzSplitActionBarContainer( 5187): onMeasure:mBackButton=null; mMenuView=null; mEnableBackButton=false
D/MzSplitActionBarContainer( 5187): onMeasure:backButtonWidth=0; menuWidth=0
I/art     ( 7892): Late-enabling -Xcheck:jni
I/GuidCertifier( 7816): refreshGuid()
I/SharkOutlet( 7816): onGetGuidFromPhone() guid: 03021315070714390300094023401548
I/DefaultPreferenceManager( 7816): getDefaultPreferenceManager|caller=4294967297|fileName=soft_list_sp_name
D/SoftListProfileService( 7816): softListFullUploadQuantity : 500000
I/IpPlot  ( 7816): IpPlot() isTest: false
D/IpPlot  ( 7816): IpPlot() isTest: false
I/SharkOutlet( 7816): onGetIpList() validperiodLocalMillis: 0
I/SharkOutlet( 7816): getIpListFromStr() ipListStr: 120.198.203.156|120.198.189.33
I/SharkOutlet( 7816): getIpListFromStr() ipListStr: 58.251.139.221|163.177.71.153
I/SharkOutlet( 7816): getIpListFromStr() ipListStr: 183.60.15.198|14.17.41.152
I/SharkOutlet( 7816): printIpList() ipList[0]: 120.198.203.156
I/SharkOutlet( 7816): printIpList() ipList[1]: 120.198.189.33
I/SharkOutlet( 7816): printIpList() ipList[0]: 58.251.139.221
I/SharkOutlet( 7816): printIpList() ipList[1]: 163.177.71.153
I/SharkOutlet( 7816): printIpList() ipList[0]: 183.60.15.198
I/SharkOutlet( 7816): printIpList() ipList[1]: 14.17.41.152
I/SharkOutlet( 7816): onGetHash() hash: 0
I/SharkOutlet( 7816): onGetHashSeqNo() hashSeqNo: 0
D/IpPlot  ( 7816): loadList() cmvips
D/IpPlot  ( 7816): loadList() cmvips
D/IpPlot  ( 7816): loadList() univips
D/IpPlot  ( 7816): loadList() univips
D/MzSplitActionBarContainer( 5187): onLayout:mBackButton=null; mMenuView=null; mEnableBackButton=false; mExtraPadding=104
D/IpPlot  ( 7816): loadList() ctvips
D/IpPlot  ( 7816): loadList() ctvips
D/IpPlot  ( 7816): refreshWorkingList()
D/IpPlot  ( 7816): getOper() usingWifi
D/IpPlot  ( 7816): getOper() usingWifi
D/IpPlot  ( 7816): getOper() oper:2
D/IpPlot  ( 7816): getOper() oper:2
D/IpPlot  ( 7816): getOper() usingWifi
D/IpPlot  ( 7816): getOper() usingWifi
D/IpPlot  ( 7816): getOper() oper:2
D/IpPlot  ( 7816): getOper() oper:2
D/IpPlot  ( 7816): printWrokingIpList()
I/IpPlot  ( 7816): printWrokingIpList() mWorkingIpList[0]: 183.60.15.198
D/IpPlot  ( 7816): printWrokingIpList() mWorkingIpList[0]: 183.60.15.198
I/IpPlot  ( 7816): printWrokingIpList() mWorkingIpList[1]: 14.17.41.152
D/IpPlot  ( 7816): printWrokingIpList() mWorkingIpList[1]: 14.17.41.152
I/IpPlot  ( 7816): printWrokingIpList() mWorkingIpList[2]: mazu.3g.qq.com
D/IpPlot  ( 7816): printWrokingIpList() mWorkingIpList[2]: mazu.3g.qq.com
I/IpPlot  ( 7816): printWrokingIpList() mWorkingIpList[3]: 120.198.203.156
D/IpPlot  ( 7816): printWrokingIpList() mWorkingIpList[3]: 120.198.203.156
I/IpPlot  ( 7816): printWrokingIpList() mWorkingIpList[4]: 120.198.189.33
D/IpPlot  ( 7816): printWrokingIpList() mWorkingIpList[4]: 120.198.189.33
I/IpPlot  ( 7816): printWrokingIpList() mWorkingIpList[5]: 163.177.71.153
D/IpPlot  ( 7816): printWrokingIpList() mWorkingIpList[5]: 163.177.71.153
I/IpPlot  ( 7816): printWrokingIpList() mWorkingIpList[6]: 58.251.139.221
D/IpPlot  ( 7816): printWrokingIpList() mWorkingIpList[6]: 58.251.139.221
I/SharkOutlet( 7816): onGetPortList() portList: null
I/NetworkBroadcastReceiver( 7816): 注册网络监听
I/NetworkBroadcastReceiver( 7816): network type:1
I/NetworkBroadcastReceiver( 7816): 添加网络监听 : tmsdkobf.lk
I/NetworkBroadcastReceiver( 7816): android.net.conn.CONNECTIVITY_CHANGE
I/SharkOutlet( 7816): onGetIntervalSecond() intervalSecond: 0
W/System.err( 5187): java.lang.ClassNotFoundException: com.meizu.telephony.MzTelephonymanager
W/System.err( 5187): 	at java.lang.Class.classForName(Native Method)
W/System.err( 5187): 	at java.lang.Class.forName(Class.java:308)
W/System.err( 5187): 	at java.lang.Class.forName(Class.java:272)
D/MzCloudService( 3407): [onStartCommand] intent = Intent { act=com.meizu.flyme.push.intent.REGISTER pkg=com.meizu.cloud (has extras) }
D/MzPushManager( 5187): [init] true
W/MzUpdateComponent( 5187): Request sip register
W/System.err( 5187): 	at com.meizu.commontools.MultiSimCardUtils.isMultiSimCard(MultiSimCardUtils.java:155)
D/MzUpdateComponent( 5187): check history log while check update...
W/System.err( 5187): 	at com.meizu.commontools.MultiSimCardUtils.refreshCardList(MultiSimCardUtils.java:40)
W/System.err( 5187): 	at com.meizu.commontools.MultiSimCardUtils.getPhoneIMSI(MultiSimCardUtils.java:83)
W/System.err( 5187): 	at com.meizu.media.music.data.FlowWrapedHttp$FlowUrlHandler.<init>(FlowWrapedHttp.java:586)
W/System.err( 5187): 	at com.meizu.media.music.data.FlowWrapedHttp.doHttpGet(FlowWrapedHttp.java:519)
W/System.err( 5187): 	at com.meizu.media.music.data.RequestManager.getUserInfo(RequestManager.java:1562)
W/System.err( 5187): 	at com.meizu.media.music.MusicActivity$6.doInBackground(MusicActivity.java:576)
W/System.err( 5187): 	at com.meizu.media.music.MusicActivity$6.doInBackground(MusicActivity.java:572)
W/System.err( 5187): 	at android.os.AsyncTask$2.call(AsyncTask.java:288)
W/System.err( 5187): 	at java.util.concurrent.FutureTask.run(FutureTask.java:237)
W/System.err( 5187): 	at java.util.concurrent.ThreadPoolExecutor.runWorker(ThreadPoolExecutor.java:1112)
W/System.err( 5187): 	at java.util.concurrent.ThreadPoolExecutor$Worker.run(ThreadPoolExecutor.java:587)
W/System.err( 5187): 	at java.lang.Thread.run(Thread.java:818)
W/System.err( 5187): Caused by: java.lang.ClassNotFoundException: Didn't find class "com.meizu.telephony.MzTelephonymanager" on path: DexPathList[[zip file "/system/framework/android.test.runner.jar", zip file "/system/priv-app/Music/Music.apk"],nativeLibraryDirectories=[/vendor/lib, /system/lib]]
W/System.err( 5187): 	at dalvik.system.BaseDexClassLoader.findClass(BaseDexClassLoader.java:56)
W/System.err( 5187): 	at java.lang.ClassLoader.loadClass(ClassLoader.java:511)
W/System.err( 5187): 	at java.lang.ClassLoader.loadClass(ClassLoader.java:469)
W/System.err( 5187): 	... 16 more
W/System.err( 5187): 	Suppressed: java.lang.ClassNotFoundException: com.meizu.telephony.MzTelephonymanager
W/System.err( 5187): 		at java.lang.Class.classForName(Native Method)
W/System.err( 5187): 		at java.lang.BootClassLoader.findClass(ClassLoader.java:781)
W/System.err( 5187): 		at java.lang.BootClassLoader.loadClass(ClassLoader.java:841)
W/System.err( 5187): 		at java.lang.ClassLoader.loadClass(ClassLoader.java:504)
W/System.err( 5187): 		... 17 more
W/System.err( 5187): 	Caused by: java.lang.NoClassDefFoundError: Class not found using the boot class loader; no stack available
D/FlymePermissionManager( 5187): getPackageNameFromPid, charset=UTF-8, pid=5187, orgLength=76, trim line=com.meizu.media.music, length=21
D/FlymePermissionManager( 5187): uid:10014
D/FlymePermissionManager( 5187): pid:5187
D/FlymePermissionManager( 5187): privilege:73
D/FlymePermissionManager( 5187): com.meizu.media.music request...
D/CTACHECK( 5187): the system app: com.meizu.media.music use permission: 获取手机识别码
D/FlymePermissionManager( 5187): system app allow!
D/SecurityCenter( 7892): SafeApplication::onCreate:2015-07-07 02:48:08
W/System.err( 5187): java.lang.ClassNotFoundException: com.meizu.telephony.MzTelephonymanager
W/System.err( 5187): 	at java.lang.Class.classForName(Native Method)
W/System.err( 5187): 	at java.lang.Class.forName(Class.java:308)
W/System.err( 5187): 	at java.lang.Class.forName(Class.java:272)
W/System.err( 5187): 	at com.meizu.commontools.MultiSimCardUtils.isMultiSimCard(MultiSimCardUtils.java:155)
W/System.err( 5187): 	at com.meizu.commontools.MultiSimCardUtils.refreshCardList(MultiSimCardUtils.java:40)
W/System.err( 5187): 	at com.meizu.commontools.MultiSimCardUtils.getPhoneIMSI(MultiSimCardUtils.java:83)
W/System.err( 5187): 	at com.meizu.media.music.data.FlowWrapedHttp$FlowUrlHandler.<init>(FlowWrapedHttp.java:586)
W/System.err( 5187): 	at com.meizu.media.music.data.FlowWrapedHttp.doHttpGet(FlowWrapedHttp.java:519)
W/System.err( 5187): 	at com.meizu.media.music.data.RequestManager.getSystemConfig(RequestManager.java:1619)
W/System.err( 5187): 	at com.meizu.media.music.util.sync.SyncPlaylistHelper$4.run(SyncPlaylistHelper.java:1809)
W/System.err( 5187): 	at android.os.Handler.handleCallback(Handler.java:739)
W/System.err( 5187): 	at android.os.Handler.dispatchMessage(Handler.java:95)
W/System.err( 5187): 	at android.os.Looper.loop(Looper.java:135)
W/System.err( 5187): 	at com.meizu.commontools.SyncThread.run(SyncThread.java:29)
W/System.err( 5187): 	at java.lang.Thread.run(Thread.java:818)
W/System.err( 5187): Caused by: java.lang.ClassNotFoundException: Didn't find class "com.meizu.telephony.MzTelephonymanager" on path: DexPathList[[zip file "/system/framework/android.test.runner.jar", zip file "/system/priv-app/Music/Music.apk"],nativeLibraryDirectories=[/vendor/lib, /system/lib]]
W/System.err( 5187): 	at dalvik.system.BaseDexClassLoader.findClass(BaseDexClassLoader.java:56)
W/System.err( 5187): 	at java.lang.ClassLoader.loadClass(ClassLoader.java:511)
W/System.err( 5187): 	at java.lang.ClassLoader.loadClass(ClassLoader.java:469)
W/System.err( 5187): 	... 15 more
W/System.err( 5187): 	Suppressed: java.lang.ClassNotFoundException: com.meizu.telephony.MzTelephonymanager
W/System.err( 5187): 		at java.lang.Class.classForName(Native Method)
W/System.err( 5187): 		at java.lang.BootClassLoader.findClass(ClassLoader.java:781)
W/System.err( 5187): 		at java.lang.BootClassLoader.loadClass(ClassLoader.java:841)
W/System.err( 5187): 		at java.lang.ClassLoader.loadClass(ClassLoader.java:504)
W/System.err( 5187): 		... 16 more
W/System.err( 5187): 	Caused by: java.lang.NoClassDefFoundError: Class not found using the boot class loader; no stack available
I/UpdateImpl( 7892): UpdateImpl ctor register update receiver
I/UpdateImpl( 7892): registerUpdateReceiver
D/GlowDelegate( 5187): GlowDelegate color is #0xfff56313
D/MzSplitActionBarContainer( 5187): onMeasure:mBackButton=null; mMenuView=null; mEnableBackButton=false
D/MzSplitActionBarContainer( 5187): onMeasure:backButtonWidth=0; menuWidth=0
D/FlymePermissionManager( 5187): getPackageNameFromPid, charset=UTF-8, pid=5187, orgLength=76, trim line=com.meizu.media.music, length=21
D/FlymePermissionManager( 5187): uid:10014
D/FlymePermissionManager( 5187): pid:5187
D/FlymePermissionManager( 5187): privilege:73
D/FlymePermissionManager( 5187): com.meizu.media.music request...
D/MzCloudService( 3407): [onStartCommand] action = com.meizu.flyme.push.intent.REGISTER
D/CTACHECK( 5187): the system app: com.meizu.media.music use permission: 获取手机识别码
D/FlymePermissionManager( 5187): system app allow!
W/System.err( 5187): java.lang.ClassNotFoundException: com.meizu.telephony.MzTelephonymanager
W/System.err( 5187): 	at java.lang.Class.classForName(Native Method)
W/System.err( 5187): 	at java.lang.Class.forName(Class.java:308)
W/System.err( 5187): 	at java.lang.Class.forName(Class.java:272)
W/System.err( 5187): 	at com.meizu.commontools.MultiSimCardUtils.isMultiSimCard(MultiSimCardUtils.java:155)
W/System.err( 5187): 	at com.meizu.commontools.MultiSimCardUtils.refreshCardList(MultiSimCardUtils.java:40)
W/System.err( 5187): 	at com.meizu.commontools.MultiSimCardUtils.getPhoneIMSI(MultiSimCardUtils.java:83)
W/System.err( 5187): 	at com.meizu.media.music.data.FlowWrapedHttp$FlowUrlHandler.<init>(FlowWrapedHttp.java:586)
W/System.err( 5187): 	at com.meizu.media.music.data.FlowWrapedHttp.doHttpGet(FlowWrapedHttp.java:519)
W/System.err( 5187): 	at com.meizu.media.music.data.RequestManager.getUserInfo(RequestManager.java:1562)
W/System.err( 5187): 	at com.meizu.media.music.util.account.AccountManagerParent.getVipState(AccountManagerParent.java:79)
W/System.err( 5187): 	at com.meizu.media.music.fragment.PlayGridFragment$AccountInfoLoader.loadInBackground(PlayGridFragment.java:1080)
W/System.err( 5187): 	at com.meizu.media.music.fragment.PlayGridFragment$AccountInfoLoader.loadInBackground(PlayGridFragment.java:1051)
W/System.err( 5187): 	at android.content.AsyncTaskLoader.onLoadInBackground(AsyncTaskLoader.java:312)
W/System.err( 5187): 	at android.content.AsyncTaskLoader$LoadTask.doInBackground(AsyncTaskLoader.java:69)
W/System.err( 5187): 	at android.content.AsyncTaskLoader$LoadTask.doInBackground(AsyncTaskLoader.java:57)
W/System.err( 5187): 	at android.os.AsyncTask$2.call(AsyncTask.java:288)
W/System.err( 5187): 	at java.util.concurrent.FutureTask.run(FutureTask.java:237)
W/System.err( 5187): 	at java.util.concurrent.ThreadPoolExecutor.runWorker(ThreadPoolExecutor.java:1112)
W/System.err( 5187): 	at java.util.concurrent.ThreadPoolExecutor$Worker.run(ThreadPoolExecutor.java:587)
W/System.err( 5187): 	at java.lang.Thread.run(Thread.java:818)
W/System.err( 5187): Caused by: java.lang.ClassNotFoundException: Didn't find class "com.meizu.telephony.MzTelephonymanager" on path: DexPathList[[zip file "/system/framework/android.test.runner.jar", zip file "/system/priv-app/Music/Music.apk"],nativeLibraryDirectories=[/vendor/lib, /system/lib]]
W/System.err( 5187): 	at dalvik.system.BaseDexClassLoader.findClass(BaseDexClassLoader.java:56)
W/System.err( 5187): 	at java.lang.ClassLoader.loadClass(ClassLoader.java:511)
W/System.err( 5187): 	at java.lang.ClassLoader.loadClass(ClassLoader.java:469)
W/System.err( 5187): 	... 20 more
W/System.err( 5187): 	Suppressed: java.lang.ClassNotFoundException: com.meizu.telephony.MzTelephonymanager
W/System.err( 5187): 		at java.lang.Class.classForName(Native Method)
W/System.err( 5187): 		at java.lang.BootClassLoader.findClass(ClassLoader.java:781)
W/System.err( 5187): 		at java.lang.BootClassLoader.loadClass(ClassLoader.java:841)
W/System.err( 5187): 		at java.lang.ClassLoader.loadClass(ClassLoader.java:504)
W/System.err( 5187): 		... 21 more
W/System.err( 5187): 	Caused by: java.lang.NoClassDefFoundError: Class not found using the boot class loader; no stack available
W/System  ( 5187): Ignoring header Authorization because its value was null.
D/FlymePermissionManager( 5187): getPackageNameFromPid, charset=UTF-8, pid=5187, orgLength=76, trim line=com.meizu.media.music, length=21
D/FlymePermissionManager( 5187): uid:10014
D/FlymePermissionManager( 5187): pid:5187
D/FlymePermissionManager( 5187): privilege:73
D/FlymePermissionManager( 5187): com.meizu.media.music request...
D/MzCloudService( 3407): [handleSubscribe]
D/MzCloudService( 3407): [onStartCommand] intent = Intent { act=com.meizu.flyme.push.intent.REGISTER pkg=com.meizu.cloud (has extras) }
D/MzCloudService( 3407): [onStartCommand] action = com.meizu.flyme.push.intent.REGISTER
W/MzUpdateComponent( 5187): start check update for :com.meizu.media.music
D/MzCloudService( 3407): [handleSubscribe]
D/CTACHECK( 5187): the system app: com.meizu.media.music use permission: 获取手机识别码
D/FlymePermissionManager( 5187): system app allow!
D/FlymePermissionManager( 5187): getPackageNameFromPid, charset=UTF-8, pid=5187, orgLength=76, trim line=com.meizu.media.music, length=21
D/FlymePermissionManager( 5187): uid:10014
D/FlymePermissionManager( 5187): pid:5187
D/FlymePermissionManager( 5187): privilege:73
D/FlymePermissionManager( 5187): com.meizu.media.music request...
D/CTACHECK( 5187): the system app: com.meizu.media.music use permission: 获取手机识别码
D/FlymePermissionManager( 5187): system app allow!
D/MzTelephonyManager( 5187): getDeviceId imei: 000000000000000
D/MzUpdateComponent( 5187): sSystemIndependent : false
D/SecurityCenter( 7892): SafeApplication::onCreate:tag1:2015-07-07 02:48:08
W/System.err( 5187): java.lang.NoSuchMethodException: setWithRectStroke [boolean]
W/System.err( 5187): 	at java.lang.Class.getMethod(Class.java:664)
W/System.err( 5187): 	at java.lang.Class.getMethod(Class.java:643)
W/System.err( 5187): 	at com.meizu.media.music.util.CoverUtils.setWithShadowForImageView(CoverUtils.java:430)
W/System.err( 5187): 	at com.meizu.media.music.widget.PlayGridItem.initChildView(PlayGridItem.java:48)
W/System.err( 5187): 	at com.meizu.media.music.widget.PlayGridItem.<init>(PlayGridItem.java:31)
W/System.err( 5187): 	at com.meizu.media.music.fragment.PlayGridFragment$PlayGridAdapter.newView(PlayGridFragment.java:1246)
W/System.err( 5187): 	at android.widget.CursorAdapter.getView(CursorAdapter.java:250)
W/System.err( 5187): 	at com.meizu.media.music.widget.HeaderGridView$HeaderViewGridAdapter.getView(HeaderGridView.java:390)
W/System.err( 5187): 	at android.widget.AbsListView.obtainView(AbsListView.java:2346)
W/System.err( 5187): 	at android.widget.GridView.makeAndAddView(GridView.java:1433)
W/System.err( 5187): 	at android.widget.GridView.makeRow(GridView.java:361)
W/System.err( 5187): 	at android.widget.GridView.fillDown(GridView.java:302)
W/System.err( 5187): 	at android.widget.GridView.fillFromTop(GridView.java:437)
W/System.err( 5187): 	at android.widget.GridView.layoutChildren(GridView.java:1276)
W/System.err( 5187): 	at android.widget.AbsListView.onLayout(AbsListView.java)
W/System.err( 5187): 	at android.view.View.layout(View.java)
W/System.err( 5187): 	at android.view.ViewGroup.layout(ViewGroup.java:4966)
W/System.err( 5187): 	at android.widget.FrameLayout.layoutChildren(FrameLayout.java:573)
W/System.err( 5187): 	at android.widget.FrameLayout.onLayout(FrameLayout.java:508)
W/System.err( 5187): 	at android.view.View.layout(View.java)
W/System.err( 5187): 	at android.view.ViewGroup.layout(ViewGroup.java:4966)
W/System.err( 5187): 	at android.widget.FrameLayout.layoutChildren(FrameLayout.java:573)
W/System.err( 5187): 	at android.widget.FrameLayout.onLayout(FrameLayout.java:508)
W/System.err( 5187): 	at android.view.View.layout(View.java)
W/System.err( 5187): 	at android.view.ViewGroup.layout(ViewGroup.java:4966)
W/System.err( 5187): 	at android.widget.FrameLayout.layoutChildren(FrameLayout.java:573)
W/System.err( 5187): 	at android.widget.FrameLayout.onLayout(FrameLayout.java:508)
W/System.err( 5187): 	at android.view.View.layout(View.java)
W/System.err( 5187): 	at android.view.ViewGroup.layout(ViewGroup.java:4966)
W/System.err( 5187): 	at android.widget.FrameLayout.layoutChildren(FrameLayout.java:573)
W/System.err( 5187): 	at android.widget.FrameLayout.onLayout(FrameLayout.java:508)
W/System.err( 5187): 	at android.view.View.layout(View.java)
W/System.err( 5187): 	at android.view.ViewGroup.layout(ViewGroup.java:4966)
W/System.err( 5187): 	at android.widget.FrameLayout.layoutChildren(FrameLayout.java:573)
W/System.err( 5187): 	at android.widget.FrameLayout.onLayout(FrameLayout.java:508)
W/System.err( 5187): 	at com.meizu.media.music.widget.KeyBoardFrameLayout.onLayout(KeyBoardFrameLayout.java:68)
W/System.err( 5187): 	at android.view.View.layout(View.java)
W/System.err( 5187): 	at android.view.ViewGroup.layout(ViewGroup.java:4966)
W/System.err( 5187): 	at android.widget.FrameLayout.layoutChildren(FrameLayout.java:573)
W/System.err( 5187): 	at android.widget.FrameLayout.onLayout(FrameLayout.java:508)
W/System.err( 5187): 	at android.view.View.layout(View.java)
W/System.err( 5187): 	at android.view.ViewGroup.layout(ViewGroup.java:4966)
W/System.err( 5187): 	at com.android.internal.widget.MzActionBarOverlayLayout.onLayout(MzActionBarOverlayLayout.java:526)
W/System.err( 5187): 	at android.view.View.layout(View.java)
W/System.err( 5187): 	at android.view.ViewGroup.layout(ViewGroup.java:4966)
W/System.err( 5187): 	at android.widget.FrameLayout.layoutChildren(FrameLayout.java:573)
W/System.err( 5187): 	at android.widget.FrameLayout.onLayout(FrameLayout.java:508)
W/System.err( 5187): 	at android.view.View.layout(View.java)
W/System.err( 5187): 	at android.view.ViewGroup.layout(ViewGroup.java:4966)
W/System.err( 5187): 	at android.view.ViewRootImpl.performLayout(ViewRootImpl.java:2072)
W/System.err( 5187): 	at android.view.ViewRootImpl.performTraversals(ViewRootImpl.java:1829)
W/System.err( 5187): 	at android.view.ViewRootImpl.doTraversal(ViewRootImpl.java:1054)
W/System.err( 5187): 	at android.view.ViewRootImpl$TraversalRunnable.run(ViewRootImpl.java:5786)
W/System.err( 5187): 	at android.view.Choreographer$CallbackRecord.run(Choreographer.java:767)
W/System.err( 5187): 	at android.view.Choreographer.doCallbacks(Choreographer.java:580)
W/System.err( 5187): 	at android.view.Choreographer.doFrame(Choreographer.java:550)
W/System.err( 5187): 	at android.view.Choreographer$FrameDisplayEventReceiver.run(Choreographer.java:753)
W/System.err( 5187): 	at android.os.Handler.handleCallback(Handler.java:739)
W/System.err( 5187): 	at android.os.Handler.dispatchMessage(Handler.java:95)
W/System.err( 5187): 	at android.os.Looper.loop(Looper.java:135)
W/System.err( 5187): 	at android.app.ActivityThread.main(ActivityThread.java:5241)
W/System.err( 5187): 	at java.lang.reflect.Method.invoke(Native Method)
W/System.err( 5187): 	at java.lang.reflect.Method.invoke(Method.java:372)
W/System.err( 5187): 	at com.android.internal.os.ZygoteInit$MethodAndArgsCaller.run(ZygoteInit.java:898)
W/System.err( 5187): 	at com.android.internal.os.ZygoteInit.main(ZygoteInit.java:693)
D/NetworkManagementMz( 7892): app build time :15/6/19 下午12:04
D/NetworkManagementMz( 7892): Utils : buildType : userdebug
D/NetworkManagementMz( 7892): Utils : mIsUserBuildType : false
D/NetworkManagementMz( 7892): Utils : isisM81C = false
D/NetworkManagementMz( 7892): Utils : mIsMutipleSimCardDevice = false
D/SecurityCenter( 7892): SafeApplication::onCreate:tag2:2015-07-07 02:48:08
D/MzUpdateComponent( 5187): no update
W/MzUpdateComponent( 5187): check update result :false,false,null
W/System.err( 5187): java.lang.NoSuchMethodException: setWithRectStroke [boolean]
W/System.err( 5187): 	at java.lang.Class.getMethod(Class.java:664)
W/System.err( 5187): 	at java.lang.Class.getMethod(Class.java:643)
W/System.err( 5187): 	at com.meizu.media.music.util.CoverUtils.setWithShadowForImageView(CoverUtils.java:430)
W/System.err( 5187): 	at com.meizu.media.music.widget.PlayGridItem.initChildView(PlayGridItem.java:48)
W/System.err( 5187): 	at com.meizu.media.music.widget.PlayGridItem.<init>(PlayGridItem.java:31)
W/System.err( 5187): 	at com.meizu.media.music.fragment.PlayGridFragment$PlayGridAdapter.newView(PlayGridFragment.java:1246)
W/System.err( 5187): 	at android.widget.CursorAdapter.getView(CursorAdapter.java:250)
W/System.err( 5187): 	at com.meizu.media.music.widget.HeaderGridView$HeaderViewGridAdapter.getView(HeaderGridView.java:390)
W/System.err( 5187): 	at android.widget.AbsListView.obtainView(AbsListView.java:2346)
W/System.err( 5187): 	at android.widget.GridView.makeAndAddView(GridView.java:1433)
W/System.err( 5187): 	at android.widget.GridView.makeRow(GridView.java:361)
W/System.err( 5187): 	at android.widget.GridView.fillDown(GridView.java:302)
W/System.err( 5187): 	at android.widget.GridView.fillFromTop(GridView.java:437)
W/System.err( 5187): 	at android.widget.GridView.layoutChildren(GridView.java:1276)
W/System.err( 5187): 	at android.widget.AbsListView.onLayout(AbsListView.java)
W/System.err( 5187): 	at android.view.View.layout(View.java)
W/System.err( 5187): 	at android.view.ViewGroup.layout(ViewGroup.java:4966)
W/System.err( 5187): 	at android.widget.FrameLayout.layoutChildren(FrameLayout.java:573)
W/System.err( 5187): 	at android.widget.FrameLayout.onLayout(FrameLayout.java:508)
W/System.err( 5187): 	at android.view.View.layout(View.java)
W/System.err( 5187): 	at android.view.ViewGroup.layout(ViewGroup.java:4966)
W/System.err( 5187): 	at android.widget.FrameLayout.layoutChildren(FrameLayout.java:573)
W/System.err( 5187): 	at android.widget.FrameLayout.onLayout(FrameLayout.java:508)
W/System.err( 5187): 	at android.view.View.layout(View.java)
W/System.err( 5187): 	at android.view.ViewGroup.layout(ViewGroup.java:4966)
