E/Netd    ( 3561): Failed to open /proc/sys/net/ipv6/conf/lo/accept_ra_rt_table: No such file or directory
E/Netd    ( 3561): Failed to open /proc/sys/net/ipv6/conf/sit0/accept_ra_rt_table: No such file or directory
E/Netd    ( 3561): Failed to open /proc/sys/net/ipv6/conf/ip6tnl0/accept_ra_rt_table: No such file or directory
E/Netd    ( 3561): Failed to open /proc/sys/net/ipv6/conf/rmnet0/accept_ra_rt_table: No such file or directory
E/Netd    ( 3561): Failed to open /proc/sys/net/ipv6/conf/rmnet1/accept_ra_rt_table: No such file or directory
E/Netd    ( 3561): Failed to open /proc/sys/net/ipv6/conf/rmnet2/accept_ra_rt_table: No such file or directory
D/AndroidRuntime( 3563): 
D/AndroidRuntime( 3563): >>>>>> AndroidRuntime START com.android.internal.os.ZygoteInit <<<<<<
D/AndroidRuntime( 3563): CheckJNI is OFF
I/art     ( 3563): option[0]=-Xzygote
I/art     ( 3563): option[1]=-Xstacktracefile:/data/anr/traces.txt
I/art     ( 3563): option[2]=exit
I/art     ( 3563): option[3]=vfprintf
I/art     ( 3563): option[4]=sensitiveThread
I/art     ( 3563): option[5]=-verbose:gc
I/art     ( 3563): option[6]=-Xms8m
I/art     ( 3563): option[7]=-Xmx256m
I/art     ( 3563): option[8]=-XX:mainThreadStackSize=24K
I/art     ( 3563): option[9]=-XX:HeapGrowthLimit=96m
I/art     ( 3563): option[10]=-XX:HeapMinFree=2m
I/art     ( 3563): option[11]=-XX:HeapMaxFree=8m
I/art     ( 3563): option[12]=-XX:HeapTargetUtilization=0.75
I/art     ( 3563): option[13]=-Xgenregmap
I/art     ( 3563): option[14]=-Xgc:precise
I/art     ( 3563): option[15]=-agentlib:jdwp=transport=dt_android_adb,suspend=n,server=y
I/art     ( 3563): option[16]=-Xlockprofthreshold:500
I/art     ( 3563): option[17]=-Ximage-compiler-option
I/art     ( 3563): option[18]=--runtime-arg
I/art     ( 3563): option[19]=-Ximage-compiler-option
I/art     ( 3563): option[20]=-Xms64m
I/art     ( 3563): option[21]=-Ximage-compiler-option
I/art     ( 3563): option[22]=--runtime-arg
I/art     ( 3563): option[23]=-Ximage-compiler-option
I/art     ( 3563): option[24]=-Xmx64m
I/art     ( 3563): option[25]=-Ximage-compiler-option
I/art     ( 3563): option[26]=--image-classes-zip=/system/framework/framework.jar
I/art     ( 3563): option[27]=-Ximage-compiler-option
I/art     ( 3563): option[28]=--image-classes=preloaded-classes
I/art     ( 3563): option[29]=-Xcompiler-option
I/art     ( 3563): option[30]=--runtime-arg
I/art     ( 3563): option[31]=-Xcompiler-option
I/art     ( 3563): option[32]=-Xms64m
I/art     ( 3563): option[33]=-Xcompiler-option
I/art     ( 3563): option[34]=--runtime-arg
I/art     ( 3563): option[35]=-Xcompiler-option
I/art     ( 3563): option[36]=-Xmx512m
I/art     ( 3563): option[37]=-Duser.language=zh
I/art     ( 3563): option[38]=-Duser.region=CN
I/mediaserver( 3562): ServiceManager: 0x40e500c0
I/AudioFlinger( 3562): Using default 3000 mSec as standby time.
I/ServiceManager( 3562): Waiting for service batterystats...
E/cutils-trace( 3563): Error opening trace file: No such file or directory (2)
F/libc    ( 3563): Fatal signal 4 (SIGILL), code 1, fault addr 0x41c830c0 in tid 3563 (main)
I/DEBUG   ( 1901): *** *** *** *** *** *** *** *** *** *** *** *** *** *** *** ***
I/DEBUG   ( 1901): Build fingerprint: 'samsung/i9308xx/i9308:5.0.2/LRX22G/builder.20150703085101_R:userdebug/test-keys'
I/DEBUG   ( 1901): Revision: '12'
I/DEBUG   ( 1901): ABI: 'arm'
I/DEBUG   ( 1901): pid: 3563, tid: 3563, name: main  >>> zygote <<<
I/DEBUG   ( 1901): signal 4 (SIGILL), code 1 (ILL_ILLOPC), fault addr 0x41c830c0
I/DEBUG   ( 1901):     r0 00000017  r1 41ccaee3  r2 0000006c  r3 00000005
I/DEBUG   ( 1901):     r4 41ccf508  r5 41ccff58  r6 00000071  r7 41cc9769
I/DEBUG   ( 1901):     r8 41ccf508  r9 403222d0  sl bed9a790  fp bed9a860
I/DEBUG   ( 1901):     ip 00000000  sp bed9a718  lr 41c830b3  pc 41c830c0  cpsr 200d0030
I/DEBUG   ( 1901): 
I/DEBUG   ( 1901): backtrace:
I/DEBUG   ( 1901):     #00 pc 000130c0  /system/lib/libsqlite.so
I/DEBUG   ( 1901):     #01 pc 000141a1  /system/lib/libsqlite.so (sqlite3_initialize+476)
I/DEBUG   ( 1901):     #02 pc 0002ce35  /system/lib/libsqlite.so (sqlite3_soft_heap_limit64+8)
I/DEBUG   ( 1901):     #03 pc 000703a3  /system/lib/libandroid_runtime.so (android::register_android_database_SQLiteGlobal(_JNIEnv*)+34)
I/DEBUG   ( 1901):     #04 pc 0005a111  /system/lib/libandroid_runtime.so
I/DEBUG   ( 1901):     #05 pc 0005b161  /system/lib/libandroid_runtime.so (android::AndroidRuntime::startReg(_JNIEnv*)+28)
I/DEBUG   ( 1901):     #06 pc 0005b29d  /system/lib/libandroid_runtime.so (android::AndroidRuntime::start(char const*, android::Vector<android::String8> const&)+276)
I/DEBUG   ( 1901):     #07 pc 00001655  /system/bin/app_process32
I/DEBUG   ( 1901):     #08 pc 0000fb61  /system/lib/libc.so (__libc_init+44)
I/DEBUG   ( 1901):     #09 pc 00001770  /system/bin/app_process32
I/DEBUG   ( 1901): 
I/DEBUG   ( 1901): Tombstone written to: /data/tombstones/tombstone_08
I/ServiceManager( 1894): service 'media.audio_flinger' died
E/sdcard  ( 1916): missing packages.list; retrying
W/linker  ( 3661): libsec-ril.so has text relocations. This is wasting memory and prevents security hardening. Please fix.
F/libc    ( 3661): Fatal signal 4 (SIGILL), code 1, fault addr 0x4027a0c0 in tid 3661 (rild)
I/DEBUG   ( 1901): *** *** *** *** *** *** *** *** *** *** *** *** *** *** *** ***
I/DEBUG   ( 1901): Build fingerprint: 'samsung/i9308xx/i9308:5.0.2/LRX22G/builder.20150703085101_R:userdebug/test-keys'
I/DEBUG   ( 1901): Revision: '12'
I/DEBUG   ( 1901): ABI: 'arm'
I/DEBUG   ( 1901): pid: 3661, tid: 3661, name: rild  >>> /system/bin/rild <<<
I/DEBUG   ( 1901): signal 4 (SIGILL), code 1 (ILL_ILLOPC), fault addr 0x4027a0c0
I/DEBUG   ( 1901):     r0 00000017  r1 402c1ee3  r2 0000006c  r3 00000005
I/DEBUG   ( 1901):     r4 402c6508  r5 402c6f58  r6 00000071  r7 402c0769
I/DEBUG   ( 1901):     r8 402c6508  r9 4068790a  sl 00000000  fp 00000003
I/DEBUG   ( 1901):     ip 00000000  sp bec671e8  lr 4027a0b3  pc 4027a0c0  cpsr 200e0030
I/DEBUG   ( 1901): 
I/DEBUG   ( 1901): backtrace:
I/DEBUG   ( 1901):     #00 pc 000130c0  /system/lib/libsqlite.so
I/DEBUG   ( 1901):     #01 pc 000141a1  /system/lib/libsqlite.so (sqlite3_initialize+476)
I/DEBUG   ( 1901):     #02 pc 0004e88b  /system/lib/libsqlite.so
I/DEBUG   ( 1901):     #03 pc 0004e013  /system/lib/libsec-ril.so (loadOpnameDb+34)
I/DEBUG   ( 1901):     #04 pc 000247f7  /system/lib/libsec-ril.so (RIL_Init+54)
I/DEBUG   ( 1901):     #05 pc 00000f4b  /system/bin/rild
I/DEBUG   ( 1901):     #06 pc 0000fb61  /system/lib/libc.so (__libc_init+44)
I/DEBUG   ( 1901):     #07 pc 000010d8  /system/bin/rild
E/sdcard  ( 1916): missing packages.list; retrying
I/DEBUG   ( 1901): 
I/DEBUG   ( 1901): Tombstone written to: /data/tombstones/tombstone_04
I/Netd    ( 3665): Netd 1.0 starting
E/Netd    ( 3665): Failed to open /proc/sys/net/ipv6/conf/default/accept_ra_rt_table: No such file or directory
E/Netd    ( 3665): Failed to open /proc/sys/net/ipv6/conf/lo/accept_ra_rt_table: No such file or directory
E/Netd    ( 3665): Failed to open /proc/sys/net/ipv6/conf/sit0/accept_ra_rt_table: No such file or directory
E/Netd    ( 3665): Failed to open /proc/sys/net/ipv6/conf/ip6tnl0/accept_ra_rt_table: No such file or directory
E/Netd    ( 3665): Failed to open /proc/sys/net/ipv6/conf/rmnet0/accept_ra_rt_table: No such file or directory
E/Netd    ( 3665): Failed to open /proc/sys/net/ipv6/conf/rmnet1/accept_ra_rt_table: No such file or directory
E/Netd    ( 3665): Failed to open /proc/sys/net/ipv6/conf/rmnet2/accept_ra_rt_table: No such file or directory
D/AndroidRuntime( 3667): 
D/AndroidRuntime( 3667): >>>>>> AndroidRuntime START com.android.internal.os.ZygoteInit <<<<<<
D/AndroidRuntime( 3667): CheckJNI is OFF
I/art     ( 3667): option[0]=-Xzygote
I/art     ( 3667): option[1]=-Xstacktracefile:/data/anr/traces.txt
I/art     ( 3667): option[2]=exit
I/art     ( 3667): option[3]=vfprintf
I/art     ( 3667): option[4]=sensitiveThread
I/art     ( 3667): option[5]=-verbose:gc
I/art     ( 3667): option[6]=-Xms8m
I/art     ( 3667): option[7]=-Xmx256m
I/art     ( 3667): option[8]=-XX:mainThreadStackSize=24K
I/art     ( 3667): option[9]=-XX:HeapGrowthLimit=96m
I/art     ( 3667): option[10]=-XX:HeapMinFree=2m
I/art     ( 3667): option[11]=-XX:HeapMaxFree=8m
I/art     ( 3667): option[12]=-XX:HeapTargetUtilization=0.75
I/art     ( 3667): option[13]=-Xgenregmap
I/art     ( 3667): option[14]=-Xgc:precise
I/art     ( 3667): option[15]=-agentlib:jdwp=transport=dt_android_adb,suspend=n,server=y
I/art     ( 3667): option[16]=-Xlockprofthreshold:500
I/art     ( 3667): option[17]=-Ximage-compiler-option
I/art     ( 3667): option[18]=--runtime-arg
I/art     ( 3667): option[19]=-Ximage-compiler-option
I/art     ( 3667): option[20]=-Xms64m
I/art     ( 3667): option[21]=-Ximage-compiler-option
I/art     ( 3667): option[22]=--runtime-arg
I/art     ( 3667): option[23]=-Ximage-compiler-option
I/art     ( 3667): option[24]=-Xmx64m
I/art     ( 3667): option[25]=-Ximage-compiler-option
I/art     ( 3667): option[26]=--image-classes-zip=/system/framework/framework.jar
I/art     ( 3667): option[27]=-Ximage-compiler-option
I/art     ( 3667): option[28]=--image-classes=preloaded-classes
I/art     ( 3667): option[29]=-Xcompiler-option
I/art     ( 3667): option[30]=--runtime-arg
I/art     ( 3667): option[31]=-Xcompiler-option
I/art     ( 3667): option[32]=-Xms64m
I/art     ( 3667): option[33]=-Xcompiler-option
I/art     ( 3667): option[34]=--runtime-arg
I/art     ( 3667): option[35]=-Xcompiler-option
I/art     ( 3667): option[36]=-Xmx512m
I/art     ( 3667): option[37]=-Duser.language=zh
I/art     ( 3667): option[38]=-Duser.region=CN
I/mediaserver( 3666): ServiceManager: 0x40e500c0
I/AudioFlinger( 3666): Using default 3000 mSec as standby time.
I/ServiceManager( 3666): Waiting for service batterystats...
E/cutils-trace( 3667): Error opening trace file: No such file or directory (2)
F/libc    ( 3667): Fatal signal 4 (SIGILL), code 1, fault addr 0x41c3e0c0 in tid 3667 (main)
I/DEBUG   ( 1901): *** *** *** *** *** *** *** *** *** *** *** *** *** *** *** ***
I/DEBUG   ( 1901): Build fingerprint: 'samsung/i9308xx/i9308:5.0.2/LRX22G/builder.20150703085101_R:userdebug/test-keys'
I/DEBUG   ( 1901): Revision: '12'
I/DEBUG   ( 1901): ABI: 'arm'
I/DEBUG   ( 1901): pid: 3667, tid: 3667, name: main  >>> zygote <<<
I/DEBUG   ( 1901): signal 4 (SIGILL), code 1 (ILL_ILLOPC), fault addr 0x41c3e0c0
I/DEBUG   ( 1901):     r0 00000017  r1 41c85ee3  r2 0000006c  r3 00000005
I/DEBUG   ( 1901):     r4 41c8a508  r5 41c8af58  r6 00000071  r7 41c84769
I/DEBUG   ( 1901):     r8 41c8a508  r9 402942d0  sl bef53790  fp bef53860
I/DEBUG   ( 1901):     ip 00000000  sp bef53718  lr 41c3e0b3  pc 41c3e0c0  cpsr 200d0030
I/DEBUG   ( 1901): 
I/DEBUG   ( 1901): backtrace:
I/DEBUG   ( 1901):     #00 pc 000130c0  /system/lib/libsqlite.so
I/DEBUG   ( 1901):     #01 pc 000141a1  /system/lib/libsqlite.so (sqlite3_initialize+476)
I/DEBUG   ( 1901):     #02 pc 0002ce35  /system/lib/libsqlite.so (sqlite3_soft_heap_limit64+8)
I/DEBUG   ( 1901):     #03 pc 000703a3  /system/lib/libandroid_runtime.so (android::register_android_database_SQLiteGlobal(_JNIEnv*)+34)
I/DEBUG   ( 1901):     #04 pc 0005a111  /system/lib/libandroid_runtime.so
I/DEBUG   ( 1901):     #05 pc 0005b161  /system/lib/libandroid_runtime.so (android::AndroidRuntime::startReg(_JNIEnv*)+28)
I/DEBUG   ( 1901):     #06 pc 0005b29d  /system/lib/libandroid_runtime.so (android::AndroidRuntime::start(char const*, android::Vector<android::String8> const&)+276)
I/DEBUG   ( 1901):     #07 pc 00001655  /system/bin/app_process32
I/DEBUG   ( 1901):     #08 pc 0000fb61  /system/lib/libc.so (__libc_init+44)
I/DEBUG   ( 1901):     #09 pc 00001770  /system/bin/app_process32
I/DEBUG   ( 1901): 
I/DEBUG   ( 1901): Tombstone written to: /data/tombstones/tombstone_05
I/ServiceManager( 1894): service 'media.audio_flinger' died
E/sdcard  ( 1916): missing packages.list; retrying
I/Netd    ( 3752): Netd 1.0 starting
E/Netd    ( 3752): Failed to open /proc/sys/net/ipv6/conf/default/accept_ra_rt_table: No such file or directory
E/Netd    ( 3752): Failed to open /proc/sys/net/ipv6/conf/lo/accept_ra_rt_table: No such file or directory
E/Netd    ( 3752): Failed to open /proc/sys/net/ipv6/conf/sit0/accept_ra_rt_table: No such file or directory
E/Netd    ( 3752): Failed to open /proc/sys/net/ipv6/conf/ip6tnl0/accept_ra_rt_table: No such file or directory
E/Netd    ( 3752): Failed to open /proc/sys/net/ipv6/conf/rmnet0/accept_ra_rt_table: No such file or directory
E/Netd    ( 3752): Failed to open /proc/sys/net/ipv6/conf/rmnet1/accept_ra_rt_table: No such file or directory
E/Netd    ( 3752): Failed to open /proc/sys/net/ipv6/conf/rmnet2/accept_ra_rt_table: No such file or directory
W/linker  ( 3749): libsec-ril.so has text relocations. This is wasting memory and prevents security hardening. Please fix.
F/libc    ( 3749): Fatal signal 4 (SIGILL), code 1, fault addr 0x402960c0 in tid 3749 (rild)
I/DEBUG   ( 1901): *** *** *** *** *** *** *** *** *** *** *** *** *** *** *** ***
I/DEBUG   ( 1901): Build fingerprint: 'samsung/i9308xx/i9308:5.0.2/LRX22G/builder.20150703085101_R:userdebug/test-keys'
I/DEBUG   ( 1901): Revision: '12'
I/DEBUG   ( 1901): ABI: 'arm'
I/DEBUG   ( 1901): pid: 3749, tid: 3749, name: rild  >>> /system/bin/rild <<<
I/DEBUG   ( 1901): signal 4 (SIGILL), code 1 (ILL_ILLOPC), fault addr 0x402960c0
I/DEBUG   ( 1901):     r0 00000017  r1 402ddee3  r2 0000006c  r3 00000005
I/DEBUG   ( 1901):     r4 402e2508  r5 402e2f58  r6 00000071  r7 402dc769
I/DEBUG   ( 1901):     r8 402e2508  r9 4058790a  sl 00000000  fp 00000003
I/DEBUG   ( 1901):     ip 00000000  sp be9ff1e8  lr 402960b3  pc 402960c0  cpsr 200e0030
I/DEBUG   ( 1901): 
I/DEBUG   ( 1901): backtrace:
I/DEBUG   ( 1901):     #00 pc 000130c0  /system/lib/libsqlite.so
I/DEBUG   ( 1901):     #01 pc 000141a1  /system/lib/libsqlite.so (sqlite3_initialize+476)
I/DEBUG   ( 1901):     #02 pc 0004e88b  /system/lib/libsqlite.so
I/DEBUG   ( 1901):     #03 pc 0004e013  /system/lib/libsec-ril.so (loadOpnameDb+34)
I/DEBUG   ( 1901):     #04 pc 000247f7  /system/lib/libsec-ril.so (RIL_Init+54)
I/DEBUG   ( 1901):     #05 pc 00000f4b  /system/bin/rild
I/DEBUG   ( 1901):     #06 pc 0000fb61  /system/lib/libc.so (__libc_init+44)
I/DEBUG   ( 1901):     #07 pc 000010d8  /system/bin/rild
D/AndroidRuntime( 3751): 
D/AndroidRuntime( 3751): >>>>>> AndroidRuntime START com.android.internal.os.ZygoteInit <<<<<<
D/AndroidRuntime( 3751): CheckJNI is OFF
I/art     ( 3751): option[0]=-Xzygote
I/art     ( 3751): option[1]=-Xstacktracefile:/data/anr/traces.txt
I/art     ( 3751): option[2]=exit
I/art     ( 3751): option[3]=vfprintf
I/art     ( 3751): option[4]=sensitiveThread
I/art     ( 3751): option[5]=-verbose:gc
I/art     ( 3751): option[6]=-Xms8m
I/art     ( 3751): option[7]=-Xmx256m
I/art     ( 3751): option[8]=-XX:mainThreadStackSize=24K
I/art     ( 3751): option[9]=-XX:HeapGrowthLimit=96m
I/art     ( 3751): option[10]=-XX:HeapMinFree=2m
I/art     ( 3751): option[11]=-XX:HeapMaxFree=8m
I/art     ( 3751): option[12]=-XX:HeapTargetUtilization=0.75
I/art     ( 3751): option[13]=-Xgenregmap
I/art     ( 3751): option[14]=-Xgc:precise
I/art     ( 3751): option[15]=-agentlib:jdwp=transport=dt_android_adb,suspend=n,server=y
I/art     ( 3751): option[16]=-Xlockprofthreshold:500
I/art     ( 3751): option[17]=-Ximage-compiler-option
I/art     ( 3751): option[18]=--runtime-arg
I/art     ( 3751): option[19]=-Ximage-compiler-option
I/art     ( 3751): option[20]=-Xms64m
I/art     ( 3751): option[21]=-Ximage-compiler-option
I/art     ( 3751): option[22]=--runtime-arg
I/art     ( 3751): option[23]=-Ximage-compiler-option
I/art     ( 3751): option[24]=-Xmx64m
I/art     ( 3751): option[25]=-Ximage-compiler-option
I/art     ( 3751): option[26]=--image-classes-zip=/system/framework/framework.jar
I/art     ( 3751): option[27]=-Ximage-compiler-option
I/art     ( 3751): option[28]=--image-classes=preloaded-classes
I/art     ( 3751): option[29]=-Xcompiler-option
I/art     ( 3751): option[30]=--runtime-arg
I/art     ( 3751): option[31]=-Xcompiler-option
I/art     ( 3751): option[32]=-Xms64m
I/art     ( 3751): option[33]=-Xcompiler-option
I/art     ( 3751): option[34]=--runtime-arg
I/art     ( 3751): option[35]=-Xcompiler-option
I/art     ( 3751): option[36]=-Xmx512m
I/art     ( 3751): option[37]=-Duser.language=zh
I/art     ( 3751): option[38]=-Duser.region=CN
I/mediaserver( 3750): ServiceManager: 0x40f500c0
E/sdcard  ( 1916): missing packages.list; retrying
I/AudioFlinger( 3750): Using default 3000 mSec as standby time.
I/ServiceManager( 3750): Waiting for service batterystats...
E/cutils-trace( 3751): Error opening trace file: No such file or directory (2)
I/DEBUG   ( 1901): 
I/DEBUG   ( 1901): Tombstone written to: /data/tombstones/tombstone_00
F/libc    ( 3751): Fatal signal 4 (SIGILL), code 1, fault addr 0x41c350c0 in tid 3751 (main)
I/DEBUG   ( 1901): *** *** *** *** *** *** *** *** *** *** *** *** *** *** *** ***
I/DEBUG   ( 1901): Build fingerprint: 'samsung/i9308xx/i9308:5.0.2/LRX22G/builder.20150703085101_R:userdebug/test-keys'
I/DEBUG   ( 1901): Revision: '12'
I/DEBUG   ( 1901): ABI: 'arm'
I/DEBUG   ( 1901): pid: 3751, tid: 3751, name: main  >>> zygote <<<
I/DEBUG   ( 1901): signal 4 (SIGILL), code 1 (ILL_ILLOPC), fault addr 0x41c350c0
I/DEBUG   ( 1901):     r0 00000017  r1 41c7cee3  r2 0000006c  r3 00000005
I/DEBUG   ( 1901):     r4 41c81508  r5 41c81f58  r6 00000071  r7 41c7b769
I/DEBUG   ( 1901):     r8 41c81508  r9 403382d0  sl bef92790  fp bef92860
I/DEBUG   ( 1901):     ip 00000000  sp bef92718  lr 41c350b3  pc 41c350c0  cpsr 200d0030
I/DEBUG   ( 1901): 
I/DEBUG   ( 1901): backtrace:
I/DEBUG   ( 1901):     #00 pc 000130c0  /system/lib/libsqlite.so
I/DEBUG   ( 1901):     #01 pc 000141a1  /system/lib/libsqlite.so (sqlite3_initialize+476)
I/DEBUG   ( 1901):     #02 pc 0002ce35  /system/lib/libsqlite.so (sqlite3_soft_heap_limit64+8)
I/DEBUG   ( 1901):     #03 pc 000703a3  /system/lib/libandroid_runtime.so (android::register_android_database_SQLiteGlobal(_JNIEnv*)+34)
I/DEBUG   ( 1901):     #04 pc 0005a111  /system/lib/libandroid_runtime.so
I/DEBUG   ( 1901):     #05 pc 0005b161  /system/lib/libandroid_runtime.so (android::AndroidRuntime::startReg(_JNIEnv*)+28)
I/DEBUG   ( 1901):     #06 pc 0005b29d  /system/lib/libandroid_runtime.so (android::AndroidRuntime::start(char const*, android::Vector<android::String8> const&)+276)
I/DEBUG   ( 1901):     #07 pc 00001655  /system/bin/app_process32
I/DEBUG   ( 1901):     #08 pc 0000fb61  /system/lib/libc.so (__libc_init+44)
I/DEBUG   ( 1901):     #09 pc 00001770  /system/bin/app_process32
I/DEBUG   ( 1901): 
I/DEBUG   ( 1901): Tombstone written to: /data/tombstones/tombstone_06
I/ServiceManager( 1894): service 'media.audio_flinger' died
E/sdcard  ( 1916): missing packages.list; retrying
I/Netd    ( 3831): Netd 1.0 starting
E/Netd    ( 3831): Failed to open /proc/sys/net/ipv6/conf/default/accept_ra_rt_table: No such file or directory
E/Netd    ( 3831): Failed to open /proc/sys/net/ipv6/conf/lo/accept_ra_rt_table: No such file or directory
E/Netd    ( 3831): Failed to open /proc/sys/net/ipv6/conf/sit0/accept_ra_rt_table: No such file or directory
E/Netd    ( 3831): Failed to open /proc/sys/net/ipv6/conf/ip6tnl0/accept_ra_rt_table: No such file or directory
E/Netd    ( 3831): Failed to open /proc/sys/net/ipv6/conf/rmnet0/accept_ra_rt_table: No such file or directory
E/Netd    ( 3831): Failed to open /proc/sys/net/ipv6/conf/rmnet1/accept_ra_rt_table: No such file or directory
E/Netd    ( 3831): Failed to open /proc/sys/net/ipv6/conf/rmnet2/accept_ra_rt_table: No such file or directory
W/linker  ( 3832): libsec-ril.so has text relocations. This is wasting memory and prevents security hardening. Please fix.
F/libc    ( 3832): Fatal signal 4 (SIGILL), code 1, fault addr 0x402860c0 in tid 3832 (rild)
I/DEBUG   ( 1901): *** *** *** *** *** *** *** *** *** *** *** *** *** *** *** ***
I/DEBUG   ( 1901): Build fingerprint: 'samsung/i9308xx/i9308:5.0.2/LRX22G/builder.20150703085101_R:userdebug/test-keys'
I/DEBUG   ( 1901): Revision: '12'
I/DEBUG   ( 1901): ABI: 'arm'
I/DEBUG   ( 1901): pid: 3832, tid: 3832, name: rild  >>> /system/bin/rild <<<
I/DEBUG   ( 1901): signal 4 (SIGILL), code 1 (ILL_ILLOPC), fault addr 0x402860c0
I/DEBUG   ( 1901):     r0 00000017  r1 402cdee3  r2 0000006c  r3 00000005
I/DEBUG   ( 1901):     r4 402d2508  r5 402d2f58  r6 00000071  r7 402cc769
I/DEBUG   ( 1901):     r8 402d2508  r9 4068790a  sl 00000000  fp 00000003
I/DEBUG   ( 1901):     ip 00000000  sp be8f61e8  lr 402860b3  pc 402860c0  cpsr 200e0030
I/DEBUG   ( 1901): 
I/DEBUG   ( 1901): backtrace:
I/DEBUG   ( 1901):     #00 pc 000130c0  /system/lib/libsqlite.so
I/DEBUG   ( 1901):     #01 pc 000141a1  /system/lib/libsqlite.so (sqlite3_initialize+476)
I/DEBUG   ( 1901):     #02 pc 0004e88b  /system/lib/libsqlite.so
I/DEBUG   ( 1901):     #03 pc 0004e013  /system/lib/libsec-ril.so (loadOpnameDb+34)
I/DEBUG   ( 1901):     #04 pc 000247f7  /system/lib/libsec-ril.so (RIL_Init+54)
I/DEBUG   ( 1901):     #05 pc 00000f4b  /system/bin/rild
I/DEBUG   ( 1901):     #06 pc 0000fb61  /system/lib/libc.so (__libc_init+44)
I/DEBUG   ( 1901):     #07 pc 000010d8  /system/bin/rild
I/DEBUG   ( 1901): 
I/DEBUG   ( 1901): Tombstone written to: /data/tombstones/tombstone_07
D/AndroidRuntime( 3834): 
D/AndroidRuntime( 3834): >>>>>> AndroidRuntime START com.android.internal.os.ZygoteInit <<<<<<
D/AndroidRuntime( 3834): CheckJNI is OFF
I/art     ( 3834): option[0]=-Xzygote
I/art     ( 3834): option[1]=-Xstacktracefile:/data/anr/traces.txt
I/art     ( 3834): option[2]=exit
I/art     ( 3834): option[3]=vfprintf
I/art     ( 3834): option[4]=sensitiveThread
I/art     ( 3834): option[5]=-verbose:gc
I/art     ( 3834): option[6]=-Xms8m
I/art     ( 3834): option[7]=-Xmx256m
I/art     ( 3834): option[8]=-XX:mainThreadStackSize=24K
I/art     ( 3834): option[9]=-XX:HeapGrowthLimit=96m
I/art     ( 3834): option[10]=-XX:HeapMinFree=2m
I/art     ( 3834): option[11]=-XX:HeapMaxFree=8m
I/art     ( 3834): option[12]=-XX:HeapTargetUtilization=0.75
I/art     ( 3834): option[13]=-Xgenregmap
I/art     ( 3834): option[14]=-Xgc:precise
I/art     ( 3834): option[15]=-agentlib:jdwp=transport=dt_android_adb,suspend=n,server=y
I/art     ( 3834): option[16]=-Xlockprofthreshold:500
I/art     ( 3834): option[17]=-Ximage-compiler-option
I/art     ( 3834): option[18]=--runtime-arg
I/art     ( 3834): option[19]=-Ximage-compiler-option
I/art     ( 3834): option[20]=-Xms64m
I/art     ( 3834): option[21]=-Ximage-compiler-option
I/art     ( 3834): option[22]=--runtime-arg
I/art     ( 3834): option[23]=-Ximage-compiler-option
I/art     ( 3834): option[24]=-Xmx64m
I/art     ( 3834): option[25]=-Ximage-compiler-option
I/art     ( 3834): option[26]=--image-classes-zip=/system/framework/framework.jar
I/art     ( 3834): option[27]=-Ximage-compiler-option
I/art     ( 3834): option[28]=--image-classes=preloaded-classes
I/art     ( 3834): option[29]=-Xcompiler-option
I/art     ( 3834): option[30]=--runtime-arg
I/art     ( 3834): option[31]=-Xcompiler-option
I/art     ( 3834): option[32]=-Xms64m
I/art     ( 3834): option[33]=-Xcompiler-option
I/art     ( 3834): option[34]=--runtime-arg
I/art     ( 3834): option[35]=-Xcompiler-option
I/art     ( 3834): option[36]=-Xmx512m
I/art     ( 3834): option[37]=-Duser.language=zh
I/art     ( 3834): option[38]=-Duser.region=CN
I/mediaserver( 3833): ServiceManager: 0x40e500c0
I/AudioFlinger( 3833): Using default 3000 mSec as standby time.
I/ServiceManager( 3833): Waiting for service batterystats...
E/cutils-trace( 3834): Error opening trace file: No such file or directory (2)
F/libc    ( 3834): Fatal signal 4 (SIGILL), code 1, fault addr 0x41c620c0 in tid 3834 (main)
E/sdcard  ( 1916): missing packages.list; retrying
I/DEBUG   ( 1901): *** *** *** *** *** *** *** *** *** *** *** *** *** *** *** ***
I/DEBUG   ( 1901): Build fingerprint: 'samsung/i9308xx/i9308:5.0.2/LRX22G/builder.20150703085101_R:userdebug/test-keys'
I/DEBUG   ( 1901): Revision: '12'
I/DEBUG   ( 1901): ABI: 'arm'
I/DEBUG   ( 1901): pid: 3834, tid: 3834, name: main  >>> zygote <<<
I/DEBUG   ( 1901): signal 4 (SIGILL), code 1 (ILL_ILLOPC), fault addr 0x41c620c0
I/DEBUG   ( 1901):     r0 00000017  r1 41ca9ee3  r2 0000006c  r3 00000005
I/DEBUG   ( 1901):     r4 41cae508  r5 41caef58  r6 00000071  r7 41ca8769
I/DEBUG   ( 1901):     r8 41cae508  r9 402092d0  sl bef70790  fp bef70860
I/DEBUG   ( 1901):     ip 00000000  sp bef70718  lr 41c620b3  pc 41c620c0  cpsr 200d0030
I/DEBUG   ( 1901): 
I/DEBUG   ( 1901): backtrace:
I/DEBUG   ( 1901):     #00 pc 000130c0  /system/lib/libsqlite.so
I/DEBUG   ( 1901):     #01 pc 000141a1  /system/lib/libsqlite.so (sqlite3_initialize+476)
I/DEBUG   ( 1901):     #02 pc 0002ce35  /system/lib/libsqlite.so (sqlite3_soft_heap_limit64+8)
I/DEBUG   ( 1901):     #03 pc 000703a3  /system/lib/libandroid_runtime.so (android::register_android_database_SQLiteGlobal(_JNIEnv*)+34)
I/DEBUG   ( 1901):     #04 pc 0005a111  /system/lib/libandroid_runtime.so
I/DEBUG   ( 1901):     #05 pc 0005b161  /system/lib/libandroid_runtime.so (android::AndroidRuntime::startReg(_JNIEnv*)+28)
I/DEBUG   ( 1901):     #06 pc 0005b29d  /system/lib/libandroid_runtime.so (android::AndroidRuntime::start(char const*, android::Vector<android::String8> const&)+276)
I/DEBUG   ( 1901):     #07 pc 00001655  /system/bin/app_process32
I/DEBUG   ( 1901):     #08 pc 0000fb61  /system/lib/libc.so (__libc_init+44)
I/DEBUG   ( 1901):     #09 pc 00001770  /system/bin/app_process32
I/DEBUG   ( 1901): 
I/DEBUG   ( 1901): Tombstone written to: /data/tombstones/tombstone_09
I/ServiceManager( 1894): service 'media.audio_flinger' died
E/sdcard  ( 1916): missing packages.list; retrying
I/Netd    ( 3929): Netd 1.0 starting
E/Netd    ( 3929): Failed to open /proc/sys/net/ipv6/conf/default/accept_ra_rt_table: No such file or directory
E/Netd    ( 3929): Failed to open /proc/sys/net/ipv6/conf/lo/accept_ra_rt_table: No such file or directory
E/Netd    ( 3929): Failed to open /proc/sys/net/ipv6/conf/sit0/accept_ra_rt_table: No such file or directory
E/Netd    ( 3929): Failed to open /proc/sys/net/ipv6/conf/ip6tnl0/accept_ra_rt_table: No such file or directory
E/Netd    ( 3929): Failed to open /proc/sys/net/ipv6/conf/rmnet0/accept_ra_rt_table: No such file or directory
E/Netd    ( 3929): Failed to open /proc/sys/net/ipv6/conf/rmnet1/accept_ra_rt_table: No such file or directory
E/Netd    ( 3929): Failed to open /proc/sys/net/ipv6/conf/rmnet2/accept_ra_rt_table: No such file or directory
W/linker  ( 3930): libsec-ril.so has text relocations. This is wasting memory and prevents security hardening. Please fix.
F/libc    ( 3930): Fatal signal 4 (SIGILL), code 1, fault addr 0x406130c0 in tid 3930 (rild)
I/DEBUG   ( 1901): *** *** *** *** *** *** *** *** *** *** *** *** *** *** *** ***
I/DEBUG   ( 1901): Build fingerprint: 'samsung/i9308xx/i9308:5.0.2/LRX22G/builder.20150703085101_R:userdebug/test-keys'
I/DEBUG   ( 1901): Revision: '12'
I/DEBUG   ( 1901): ABI: 'arm'
I/DEBUG   ( 1901): pid: 3930, tid: 3930, name: rild  >>> /system/bin/rild <<<
I/DEBUG   ( 1901): signal 4 (SIGILL), code 1 (ILL_ILLOPC), fault addr 0x406130c0
I/DEBUG   ( 1901):     r0 00000017  r1 4065aee3  r2 0000006c  r3 00000005
I/DEBUG   ( 1901):     r4 4065f508  r5 4065ff58  r6 00000071  r7 40659769
I/DEBUG   ( 1901):     r8 4065f508  r9 4039890a  sl 00000000  fp 00000003
I/DEBUG   ( 1901):     ip 00000000  sp beee11e8  lr 406130b3  pc 406130c0  cpsr 200e0030
I/DEBUG   ( 1901): 
I/DEBUG   ( 1901): backtrace:
I/DEBUG   ( 1901):     #00 pc 000130c0  /system/lib/libsqlite.so
I/DEBUG   ( 1901):     #01 pc 000141a1  /system/lib/libsqlite.so (sqlite3_initialize+476)
I/DEBUG   ( 1901):     #02 pc 0004e88b  /system/lib/libsqlite.so
I/DEBUG   ( 1901):     #03 pc 0004e013  /system/lib/libsec-ril.so (loadOpnameDb+34)
I/DEBUG   ( 1901):     #04 pc 000247f7  /system/lib/libsec-ril.so (RIL_Init+54)
I/DEBUG   ( 1901):     #05 pc 00000f4b  /system/bin/rild
I/DEBUG   ( 1901):     #06 pc 0000fb61  /system/lib/libc.so (__libc_init+44)
I/DEBUG   ( 1901):     #07 pc 000010d8  /system/bin/rild
I/DEBUG   ( 1901): 
I/DEBUG   ( 1901): Tombstone written to: /data/tombstones/tombstone_01
D/AndroidRuntime( 3932): 
D/AndroidRuntime( 3932): >>>>>> AndroidRuntime START com.android.internal.os.ZygoteInit <<<<<<
D/AndroidRuntime( 3932): CheckJNI is OFF
I/art     ( 3932): option[0]=-Xzygote
I/art     ( 3932): option[1]=-Xstacktracefile:/data/anr/traces.txt
I/art     ( 3932): option[2]=exit
I/art     ( 3932): option[3]=vfprintf
I/art     ( 3932): option[4]=sensitiveThread
I/art     ( 3932): option[5]=-verbose:gc
I/art     ( 3932): option[6]=-Xms8m
I/art     ( 3932): option[7]=-Xmx256m
I/art     ( 3932): option[8]=-XX:mainThreadStackSize=24K
I/art     ( 3932): option[9]=-XX:HeapGrowthLimit=96m
I/art     ( 3932): option[10]=-XX:HeapMinFree=2m
I/art     ( 3932): option[11]=-XX:HeapMaxFree=8m
I/art     ( 3932): option[12]=-XX:HeapTargetUtilization=0.75
I/art     ( 3932): option[13]=-Xgenregmap
I/art     ( 3932): option[14]=-Xgc:precise
I/art     ( 3932): option[15]=-agentlib:jdwp=transport=dt_android_adb,suspend=n,server=y
I/art     ( 3932): option[16]=-Xlockprofthreshold:500
I/art     ( 3932): option[17]=-Ximage-compiler-option
I/art     ( 3932): option[18]=--runtime-arg
I/art     ( 3932): option[19]=-Ximage-compiler-option
I/art     ( 3932): option[20]=-Xms64m
I/art     ( 3932): option[21]=-Ximage-compiler-option
I/art     ( 3932): option[22]=--runtime-arg
I/art     ( 3932): option[23]=-Ximage-compiler-option
I/art     ( 3932): option[24]=-Xmx64m
I/art     ( 3932): option[25]=-Ximage-compiler-option
I/art     ( 3932): option[26]=--image-classes-zip=/system/framework/framework.jar
I/art     ( 3932): option[27]=-Ximage-compiler-option
I/art     ( 3932): option[28]=--image-classes=preloaded-classes
I/art     ( 3932): option[29]=-Xcompiler-option
I/art     ( 3932): option[30]=--runtime-arg
I/art     ( 3932): option[31]=-Xcompiler-option
I/art     ( 3932): option[32]=-Xms64m
I/art     ( 3932): option[33]=-Xcompiler-option
I/art     ( 3932): option[34]=--runtime-arg
I/art     ( 3932): option[35]=-Xcompiler-option
I/art     ( 3932): option[36]=-Xmx512m
I/art     ( 3932): option[37]=-Duser.language=zh
I/art     ( 3932): option[38]=-Duser.region=CN
I/mediaserver( 3931): ServiceManager: 0x40e500c0
I/AudioFlinger( 3931): Using default 3000 mSec as standby time.
I/ServiceManager( 3931): Waiting for service batterystats...
E/cutils-trace( 3932): Error opening trace file: No such file or directory (2)
F/libc    ( 3932): Fatal signal 4 (SIGILL), code 1, fault addr 0x41c5d0c0 in tid 3932 (main)
I/DEBUG   ( 1901): *** *** *** *** *** *** *** *** *** *** *** *** *** *** *** ***
I/DEBUG   ( 1901): Build fingerprint: 'samsung/i9308xx/i9308:5.0.2/LRX22G/builder.20150703085101_R:userdebug/test-keys'
I/DEBUG   ( 1901): Revision: '12'
I/DEBUG   ( 1901): ABI: 'arm'
I/DEBUG   ( 1901): pid: 3932, tid: 3932, name: main  >>> zygote <<<
I/DEBUG   ( 1901): signal 4 (SIGILL), code 1 (ILL_ILLOPC), fault addr 0x41c5d0c0
I/DEBUG   ( 1901):     r0 00000017  r1 41ca4ee3  r2 0000006c  r3 00000005
I/DEBUG   ( 1901):     r4 41ca9508  r5 41ca9f58  r6 00000071  r7 41ca3769
I/DEBUG   ( 1901):     r8 41ca9508  r9 4030c2d0  sl befe3790  fp befe3860
I/DEBUG   ( 1901):     ip 00000000  sp befe3718  lr 41c5d0b3  pc 41c5d0c0  cpsr 200d0030
I/DEBUG   ( 1901): 
I/DEBUG   ( 1901): backtrace:
I/DEBUG   ( 1901):     #00 pc 000130c0  /system/lib/libsqlite.so
I/DEBUG   ( 1901):     #01 pc 000141a1  /system/lib/libsqlite.so (sqlite3_initialize+476)
I/DEBUG   ( 1901):     #02 pc 0002ce35  /system/lib/libsqlite.so (sqlite3_soft_heap_limit64+8)
I/DEBUG   ( 1901):     #03 pc 000703a3  /system/lib/libandroid_runtime.so (android::register_android_database_SQLiteGlobal(_JNIEnv*)+34)
I/DEBUG   ( 1901):     #04 pc 0005a111  /system/lib/libandroid_runtime.so
I/DEBUG   ( 1901):     #05 pc 0005b161  /system/lib/libandroid_runtime.so (android::AndroidRuntime::startReg(_JNIEnv*)+28)
I/DEBUG   ( 1901):     #06 pc 0005b29d  /system/lib/libandroid_runtime.so (android::AndroidRuntime::start(char const*, android::Vector<android::String8> const&)+276)
I/DEBUG   ( 1901):     #07 pc 00001655  /system/bin/app_process32
I/DEBUG   ( 1901):     #08 pc 0000fb61  /system/lib/libc.so (__libc_init+44)
I/DEBUG   ( 1901):     #09 pc 00001770  /system/bin/app_process32
I/DEBUG   ( 1901): 
I/DEBUG   ( 1901): Tombstone written to: /data/tombstones/tombstone_02
I/ServiceManager( 1894): service 'media.audio_flinger' died
E/sdcard  ( 1916): missing packages.list; retrying
E/sdcard  ( 1916): missing packages.list; retrying
I/Netd    ( 4029): Netd 1.0 starting
E/Netd    ( 4029): Failed to open /proc/sys/net/ipv6/conf/default/accept_ra_rt_table: No such file or directory
E/Netd    ( 4029): Failed to open /proc/sys/net/ipv6/conf/lo/accept_ra_rt_table: No such file or directory
E/Netd    ( 4029): Failed to open /proc/sys/net/ipv6/conf/sit0/accept_ra_rt_table: No such file or directory
E/Netd    ( 4029): Failed to open /proc/sys/net/ipv6/conf/ip6tnl0/accept_ra_rt_table: No such file or directory
E/Netd    ( 4029): Failed to open /proc/sys/net/ipv6/conf/rmnet0/accept_ra_rt_table: No such file or directory
E/Netd    ( 4029): Failed to open /proc/sys/net/ipv6/conf/rmnet1/accept_ra_rt_table: No such file or directory
E/Netd    ( 4029): Failed to open /proc/sys/net/ipv6/conf/rmnet2/accept_ra_rt_table: No such file or directory
W/linker  ( 4030): libsec-ril.so has text relocations. This is wasting memory and prevents security hardening. Please fix.
F/libc    ( 4030): Fatal signal 4 (SIGILL), code 1, fault addr 0x4029f0c0 in tid 4030 (rild)
I/DEBUG   ( 1901): *** *** *** *** *** *** *** *** *** *** *** *** *** *** *** ***
I/DEBUG   ( 1901): Build fingerprint: 'samsung/i9308xx/i9308:5.0.2/LRX22G/builder.20150703085101_R:userdebug/test-keys'
I/DEBUG   ( 1901): Revision: '12'
I/DEBUG   ( 1901): ABI: 'arm'
I/DEBUG   ( 1901): pid: 4030, tid: 4030, name: rild  >>> /system/bin/rild <<<
I/DEBUG   ( 1901): signal 4 (SIGILL), code 1 (ILL_ILLOPC), fault addr 0x4029f0c0
I/DEBUG   ( 1901):     r0 00000017  r1 402e6ee3  r2 0000006c  r3 00000005
I/DEBUG   ( 1901):     r4 402eb508  r5 402ebf58  r6 00000071  r7 402e5769
I/DEBUG   ( 1901):     r8 402eb508  r9 4058790a  sl 00000000  fp 00000003
I/DEBUG   ( 1901):     ip 00000000  sp beebf1e8  lr 4029f0b3  pc 4029f0c0  cpsr 200e0030
I/DEBUG   ( 1901): 
I/DEBUG   ( 1901): backtrace:
I/DEBUG   ( 1901):     #00 pc 000130c0  /system/lib/libsqlite.so
I/DEBUG   ( 1901):     #01 pc 000141a1  /system/lib/libsqlite.so (sqlite3_initialize+476)
I/DEBUG   ( 1901):     #02 pc 0004e88b  /system/lib/libsqlite.so
I/DEBUG   ( 1901):     #03 pc 0004e013  /system/lib/libsec-ril.so (loadOpnameDb+34)
I/DEBUG   ( 1901):     #04 pc 000247f7  /system/lib/libsec-ril.so (RIL_Init+54)
I/DEBUG   ( 1901):     #05 pc 00000f4b  /system/bin/rild
I/DEBUG   ( 1901):     #06 pc 0000fb61  /system/lib/libc.so (__libc_init+44)
I/DEBUG   ( 1901):     #07 pc 000010d8  /system/bin/rild
D/AndroidRuntime( 4032): 
D/AndroidRuntime( 4032): >>>>>> AndroidRuntime START com.android.internal.os.ZygoteInit <<<<<<
D/AndroidRuntime( 4032): CheckJNI is OFF
I/art     ( 4032): option[0]=-Xzygote
I/art     ( 4032): option[1]=-Xstacktracefile:/data/anr/traces.txt
I/art     ( 4032): option[2]=exit
I/art     ( 4032): option[3]=vfprintf
I/art     ( 4032): option[4]=sensitiveThread
I/art     ( 4032): option[5]=-verbose:gc
I/art     ( 4032): option[6]=-Xms8m
I/art     ( 4032): option[7]=-Xmx256m
I/art     ( 4032): option[8]=-XX:mainThreadStackSize=24K
I/art     ( 4032): option[9]=-XX:HeapGrowthLimit=96m
I/art     ( 4032): option[10]=-XX:HeapMinFree=2m
I/art     ( 4032): option[11]=-XX:HeapMaxFree=8m
I/art     ( 4032): option[12]=-XX:HeapTargetUtilization=0.75
I/art     ( 4032): option[13]=-Xgenregmap
I/art     ( 4032): option[14]=-Xgc:precise
I/art     ( 4032): option[15]=-agentlib:jdwp=transport=dt_android_adb,suspend=n,server=y
I/mediaserver( 4031): ServiceManager: 0x40e500c0
I/AudioFlinger( 4031): Using default 3000 mSec as standby time.
I/art     ( 4032): option[16]=-Xlockprofthreshold:500
I/art     ( 4032): option[17]=-Ximage-compiler-option
I/art     ( 4032): option[18]=--runtime-arg
I/ServiceManager( 4031): Waiting for service batterystats...
I/art     ( 4032): option[19]=-Ximage-compiler-option
I/art     ( 4032): option[20]=-Xms64m
I/art     ( 4032): option[21]=-Ximage-compiler-option
I/art     ( 4032): option[22]=--runtime-arg
I/art     ( 4032): option[23]=-Ximage-compiler-option
I/art     ( 4032): option[24]=-Xmx64m
I/art     ( 4032): option[25]=-Ximage-compiler-option
I/art     ( 4032): option[26]=--image-classes-zip=/system/framework/framework.jar
I/art     ( 4032): option[27]=-Ximage-compiler-option
I/art     ( 4032): option[28]=--image-classes=preloaded-classes
I/art     ( 4032): option[29]=-Xcompiler-option
I/art     ( 4032): option[30]=--runtime-arg
I/art     ( 4032): option[31]=-Xcompiler-option
I/art     ( 4032): option[32]=-Xms64m
I/art     ( 4032): option[33]=-Xcompiler-option
I/art     ( 4032): option[34]=--runtime-arg
I/art     ( 4032): option[35]=-Xcompiler-option
I/art     ( 4032): option[36]=-Xmx512m
I/art     ( 4032): option[37]=-Duser.language=zh
I/art     ( 4032): option[38]=-Duser.region=CN
E/cutils-trace( 4032): Error opening trace file: No such file or directory (2)
I/DEBUG   ( 1901): 
I/DEBUG   ( 1901): Tombstone written to: /data/tombstones/tombstone_03
F/libc    ( 4032): Fatal signal 4 (SIGILL), code 1, fault addr 0x41c4f0c0 in tid 4032 (main)
I/DEBUG   ( 1901): *** *** *** *** *** *** *** *** *** *** *** *** *** *** *** ***
I/DEBUG   ( 1901): Build fingerprint: 'samsung/i9308xx/i9308:5.0.2/LRX22G/builder.20150703085101_R:userdebug/test-keys'
I/DEBUG   ( 1901): Revision: '12'
I/DEBUG   ( 1901): ABI: 'arm'
I/DEBUG   ( 1901): pid: 4032, tid: 4032, name: main  >>> zygote <<<
I/DEBUG   ( 1901): signal 4 (SIGILL), code 1 (ILL_ILLOPC), fault addr 0x41c4f0c0
I/DEBUG   ( 1901):     r0 00000017  r1 41c96ee3  r2 0000006c  r3 00000005
I/DEBUG   ( 1901):     r4 41c9b508  r5 41c9bf58  r6 00000071  r7 41c95769
I/DEBUG   ( 1901):     r8 41c9b508  r9 402742d0  sl bee86790  fp bee86860
I/DEBUG   ( 1901):     ip 00000000  sp bee86718  lr 41c4f0b3  pc 41c4f0c0  cpsr 200d0030
I/DEBUG   ( 1901): 
I/DEBUG   ( 1901): backtrace:
I/DEBUG   ( 1901):     #00 pc 000130c0  /system/lib/libsqlite.so
I/DEBUG   ( 1901):     #01 pc 000141a1  /system/lib/libsqlite.so (sqlite3_initialize+476)
I/DEBUG   ( 1901):     #02 pc 0002ce35  /system/lib/libsqlite.so (sqlite3_soft_heap_limit64+8)
I/DEBUG   ( 1901):     #03 pc 000703a3  /system/lib/libandroid_runtime.so (android::register_android_database_SQLiteGlobal(_JNIEnv*)+34)
I/DEBUG   ( 1901):     #04 pc 0005a111  /system/lib/libandroid_runtime.so
I/DEBUG   ( 1901):     #05 pc 0005b161  /system/lib/libandroid_runtime.so (android::AndroidRuntime::startReg(_JNIEnv*)+28)
I/DEBUG   ( 1901):     #06 pc 0005b29d  /system/lib/libandroid_runtime.so (android::AndroidRuntime::start(char const*, android::Vector<android::String8> const&)+276)
I/DEBUG   ( 1901):     #07 pc 00001655  /system/bin/app_process32
I/DEBUG   ( 1901):     #08 pc 0000fb61  /system/lib/libc.so (__libc_init+44)
I/DEBUG   ( 1901):     #09 pc 00001770  /system/bin/app_process32
I/DEBUG   ( 1901): 
I/DEBUG   ( 1901): Tombstone written to: /data/tombstones/tombstone_08
I/ServiceManager( 1894): service 'media.audio_flinger' died
E/sdcard  ( 1916): missing packages.list; retrying
I/Netd    ( 4128): Netd 1.0 starting
E/Netd    ( 4128): Failed to open /proc/sys/net/ipv6/conf/default/accept_ra_rt_table: No such file or directory
E/Netd    ( 4128): Failed to open /proc/sys/net/ipv6/conf/lo/accept_ra_rt_table: No such file or directory
E/Netd    ( 4128): Failed to open /proc/sys/net/ipv6/conf/sit0/accept_ra_rt_table: No such file or directory
E/Netd    ( 4128): Failed to open /proc/sys/net/ipv6/conf/ip6tnl0/accept_ra_rt_table: No such file or directory
E/Netd    ( 4128): Failed to open /proc/sys/net/ipv6/conf/rmnet0/accept_ra_rt_table: No such file or directory
E/Netd    ( 4128): Failed to open /proc/sys/net/ipv6/conf/rmnet1/accept_ra_rt_table: No such file or directory
E/Netd    ( 4128): Failed to open /proc/sys/net/ipv6/conf/rmnet2/accept_ra_rt_table: No such file or directory
W/linker  ( 4129): libsec-ril.so has text relocations. This is wasting memory and prevents security hardening. Please fix.
F/libc    ( 4129): Fatal signal 4 (SIGILL), code 1, fault addr 0x405fd0c0 in tid 4129 (rild)
I/DEBUG   ( 1901): *** *** *** *** *** *** *** *** *** *** *** *** *** *** *** ***
I/DEBUG   ( 1901): Build fingerprint: 'samsung/i9308xx/i9308:5.0.2/LRX22G/builder.20150703085101_R:userdebug/test-keys'
I/DEBUG   ( 1901): Revision: '12'
I/DEBUG   ( 1901): ABI: 'arm'
I/DEBUG   ( 1901): pid: 4129, tid: 4129, name: rild  >>> /system/bin/rild <<<
I/DEBUG   ( 1901): signal 4 (SIGILL), code 1 (ILL_ILLOPC), fault addr 0x405fd0c0
I/DEBUG   ( 1901):     r0 00000017  r1 40644ee3  r2 0000006c  r3 00000005
I/DEBUG   ( 1901):     r4 40649508  r5 40649f58  r6 00000071  r7 40643769
I/DEBUG   ( 1901):     r8 40649508  r9 4058790a  sl 00000000  fp 00000003
I/DEBUG   ( 1901):     ip 00000000  sp beb411e8  lr 405fd0b3  pc 405fd0c0  cpsr 200e0030
I/DEBUG   ( 1901): 
I/DEBUG   ( 1901): backtrace:
I/DEBUG   ( 1901):     #00 pc 000130c0  /system/lib/libsqlite.so
I/DEBUG   ( 1901):     #01 pc 000141a1  /system/lib/libsqlite.so (sqlite3_initialize+476)
I/DEBUG   ( 1901):     #02 pc 0004e88b  /system/lib/libsqlite.so
I/DEBUG   ( 1901):     #03 pc 0004e013  /system/lib/libsec-ril.so (loadOpnameDb+34)
I/DEBUG   ( 1901):     #04 pc 000247f7  /system/lib/libsec-ril.so (RIL_Init+54)
I/DEBUG   ( 1901):     #05 pc 00000f4b  /system/bin/rild
I/DEBUG   ( 1901):     #06 pc 0000fb61  /system/lib/libc.so (__libc_init+44)
I/DEBUG   ( 1901):     #07 pc 000010d8  /system/bin/rild
D/AndroidRuntime( 4131): 
D/AndroidRuntime( 4131): >>>>>> AndroidRuntime START com.android.internal.os.ZygoteInit <<<<<<
D/AndroidRuntime( 4131): CheckJNI is OFF
I/art     ( 4131): option[0]=-Xzygote
I/art     ( 4131): option[1]=-Xstacktracefile:/data/anr/traces.txt
I/art     ( 4131): option[2]=exit
I/art     ( 4131): option[3]=vfprintf
I/art     ( 4131): option[4]=sensitiveThread
I/art     ( 4131): option[5]=-verbose:gc
I/art     ( 4131): option[6]=-Xms8m
I/art     ( 4131): option[7]=-Xmx256m
I/art     ( 4131): option[8]=-XX:mainThreadStackSize=24K
I/art     ( 4131): option[9]=-XX:HeapGrowthLimit=96m
I/art     ( 4131): option[10]=-XX:HeapMinFree=2m
I/art     ( 4131): option[11]=-XX:HeapMaxFree=8m
I/art     ( 4131): option[12]=-XX:HeapTargetUtilization=0.75
I/art     ( 4131): option[13]=-Xgenregmap
I/art     ( 4131): option[14]=-Xgc:precise
I/art     ( 4131): option[15]=-agentlib:jdwp=transport=dt_android_adb,suspend=n,server=y
I/art     ( 4131): option[16]=-Xlockprofthreshold:500
I/art     ( 4131): option[17]=-Ximage-compiler-option
I/art     ( 4131): option[18]=--runtime-arg
I/art     ( 4131): option[19]=-Ximage-compiler-option
I/art     ( 4131): option[20]=-Xms64m
I/art     ( 4131): option[21]=-Ximage-compiler-option
I/art     ( 4131): option[22]=--runtime-arg
I/art     ( 4131): option[23]=-Ximage-compiler-option
I/art     ( 4131): option[24]=-Xmx64m
I/art     ( 4131): option[25]=-Ximage-compiler-option
I/art     ( 4131): option[26]=--image-classes-zip=/system/framework/framework.jar
I/art     ( 4131): option[27]=-Ximage-compiler-option
I/art     ( 4131): option[28]=--image-classes=preloaded-classes
I/art     ( 4131): option[29]=-Xcompiler-option
I/art     ( 4131): option[30]=--runtime-arg
I/art     ( 4131): option[31]=-Xcompiler-option
I/art     ( 4131): option[32]=-Xms64m
I/art     ( 4131): option[33]=-Xcompiler-option
I/art     ( 4131): option[34]=--runtime-arg
I/art     ( 4131): option[35]=-Xcompiler-option
I/art     ( 4131): option[36]=-Xmx512m
I/art     ( 4131): option[37]=-Duser.language=zh
I/art     ( 4131): option[38]=-Duser.region=CN
I/mediaserver( 4130): ServiceManager: 0x40e500c0
I/AudioFlinger( 4130): Using default 3000 mSec as standby time.
I/ServiceManager( 4130): Waiting for service batterystats...
E/cutils-trace( 4131): Error opening trace file: No such file or directory (2)
I/DEBUG   ( 1901): 
I/DEBUG   ( 1901): Tombstone written to: /data/tombstones/tombstone_04
F/libc    ( 4131): Fatal signal 4 (SIGILL), code 1, fault addr 0x41c820c0 in tid 4131 (main)
I/DEBUG   ( 1901): *** *** *** *** *** *** *** *** *** *** *** *** *** *** *** ***
I/DEBUG   ( 1901): Build fingerprint: 'samsung/i9308xx/i9308:5.0.2/LRX22G/builder.20150703085101_R:userdebug/test-keys'
I/DEBUG   ( 1901): Revision: '12'
I/DEBUG   ( 1901): ABI: 'arm'
I/DEBUG   ( 1901): pid: 4131, tid: 4131, name: main  >>> zygote <<<
I/DEBUG   ( 1901): signal 4 (SIGILL), code 1 (ILL_ILLOPC), fault addr 0x41c820c0
I/DEBUG   ( 1901):     r0 00000017  r1 41cc9ee3  r2 0000006c  r3 00000005
I/DEBUG   ( 1901):     r4 41cce508  r5 41ccef58  r6 00000071  r7 41cc8769
I/DEBUG   ( 1901):     r8 41cce508  r9 403932d0  sl bee3f790  fp bee3f860
I/DEBUG   ( 1901):     ip 00000000  sp bee3f718  lr 41c820b3  pc 41c820c0  cpsr 200d0030
I/DEBUG   ( 1901): 
I/DEBUG   ( 1901): backtrace:
I/DEBUG   ( 1901):     #00 pc 000130c0  /system/lib/libsqlite.so
I/DEBUG   ( 1901):     #01 pc 000141a1  /system/lib/libsqlite.so (sqlite3_initialize+476)
I/DEBUG   ( 1901):     #02 pc 0002ce35  /system/lib/libsqlite.so (sqlite3_soft_heap_limit64+8)
I/DEBUG   ( 1901):     #03 pc 000703a3  /system/lib/libandroid_runtime.so (android::register_android_database_SQLiteGlobal(_JNIEnv*)+34)
I/DEBUG   ( 1901):     #04 pc 0005a111  /system/lib/libandroid_runtime.so
I/DEBUG   ( 1901):     #05 pc 0005b161  /system/lib/libandroid_runtime.so (android::AndroidRuntime::startReg(_JNIEnv*)+28)
I/DEBUG   ( 1901):     #06 pc 0005b29d  /system/lib/libandroid_runtime.so (android::AndroidRuntime::start(char const*, android::Vector<android::String8> const&)+276)
I/DEBUG   ( 1901):     #07 pc 00001655  /system/bin/app_process32
I/DEBUG   ( 1901):     #08 pc 0000fb61  /system/lib/libc.so (__libc_init+44)
I/DEBUG   ( 1901):     #09 pc 00001770  /system/bin/app_process32
I/DEBUG   ( 1901): 
I/DEBUG   ( 1901): Tombstone written to: /data/tombstones/tombstone_05
I/ServiceManager( 1894): service 'media.audio_flinger' died
E/sdcard  ( 1916): missing packages.list; retrying
E/sdcard  ( 1916): missing packages.list; retrying
