--------- beginning of main
I/ContactDirectoryManager( 3582): Discovered 1 contact directories in 199ms
W/BirthdayService( 4606): Contact's birthday data changed.
D/DirectorysUtils( 5933): onChange 
D/DirectorysUtils( 4147): onChange 
D/DirectorysUtils( 4147): reloadDirectorys begain
D/DirectorysUtils( 5933): reloadDirectorys begain
D/ContactsProvider( 3582): isCTSAccount:com.meizu.account
V/ContactsProvider( 3582): mFlymeAccount:Account {name=19152668, type=com.meizu.account}
D/ContactsProvider( 3582): isCTSAccount:com.meizu.account
V/ContactsProvider( 3582): mFlymeAccount:Account {name=19152668, type=com.meizu.account}
D/ContactsProvider( 3582): isCTSAccount:com.meizu.account
V/ContactsProvider( 3582): mFlymeAccount:Account {name=19152668, type=com.meizu.account}
E/lowmemorykiller( 1893): Error opening /proc/6497/oom_score_adj; errno=2
D/ContactsProvider( 3582): isCTSAccount:com.meizu.account
V/ContactsProvider( 3582): mFlymeAccount:Account {name=19152668, type=com.meizu.account}
D/ContactsProvider( 3582): isCTSAccount:com.meizu.account
V/ContactsProvider( 3582): mFlymeAccount:Account {name=19152668, type=com.meizu.account}
D/ContactsProvider( 3582): isCTSAccount:com.meizu.account
V/ContactsProvider( 3582): mFlymeAccount:Account {name=19152668, type=com.meizu.account}
D/ContactsProvider( 3582): isCTSAccount:com.meizu.account
V/ContactsProvider( 3582): mFlymeAccount:Account {name=19152668, type=com.meizu.account}
D/ContactsProvider( 3582): isCTSAccount:com.meizu.account
V/ContactsProvider( 3582): mFlymeAccount:Account {name=19152668, type=com.meizu.account}
D/FlymePermissionManager( 3582): write uri = content://com.android.contacts/directories
D/FlymePermissionManager( 3582): uid:10004
D/FlymePermissionManager( 3582): pid:5933
D/FlymePermissionManager( 3582): privilege:4
D/FlymePermissionManager( 3582): com.android.dialer request...
D/CTACHECK( 3582): the system app: com.android.dialer use permission: 读取联系人信息
D/FlymePermissionManager( 3582): system app allow!
D/FlymePermissionManager( 3582): write uri = content://com.android.contacts/directories
D/FlymePermissionManager( 3582): uid:10004
D/FlymePermissionManager( 3582): pid:4147
D/FlymePermissionManager( 3582): privilege:4
D/FlymePermissionManager( 3582): com.android.dialer request...
D/CTACHECK( 3582): the system app: com.android.dialer use permission: 读取联系人信息
D/FlymePermissionManager( 3582): system app allow!
D/DirectorysUtils( 5933): reloadDirectorys endmVisibleDirectorys.size:1
D/DirectorysUtils( 4147): reloadDirectorys endmVisibleDirectorys.size:1
D/ContactsProvider( 3582): isCTSAccount:com.meizu.account
V/ContactsProvider( 3582): mFlymeAccount:Account {name=19152668, type=com.meizu.account}
D/ContactsProvider( 3582): isCTSAccount:com.meizu.account
V/ContactsProvider( 3582): mFlymeAccount:Account {name=19152668, type=com.meizu.account}
D/MzCalendarAppWidgetProvider( 7161): AppWidgetProvider got the intent: Intent { act=com.meizu.flyme.calendar.APPWIDGET_UPDATE flg=0x10 cmp=com.android.calendar/com.meizu.flyme.calendar.widget.CalendarAppWidgetProvider }
I/BasicAuthManager( 4207): get client token success : [c72b81e3-50d6-4e5e-b28d-71456ac8a108-v1-d2 , 55b80351-1b69-4d96-b00d-bbdf64389108-v1-d2 , 2591999 , basic , bearer]
D/FlymePermissionManager( 3582): write uri = content://com.android.contacts/contacts
D/FlymePermissionManager( 3582): uid:10017
D/FlymePermissionManager( 3582): pid:3172
D/FlymePermissionManager( 3582): privilege:4
D/FlymePermissionManager( 3582): com.baidu.input_mz request...
D/CTACHECK( 3582): the system app: com.baidu.input_mz use permission: 读取联系人信息
D/FlymePermissionManager( 3582): system app allow!
D/FlymePermissionManager( 3582): write uri = content://com.android.contacts/data
D/FlymePermissionManager( 3582): uid:10017
D/FlymePermissionManager( 3582): pid:3172
D/FlymePermissionManager( 3582): privilege:4
D/FlymePermissionManager( 3582): com.baidu.input_mz request...
D/CTACHECK( 3582): the system app: com.baidu.input_mz use permission: 读取联系人信息
D/FlymePermissionManager( 3582): system app allow!
W/CalUtils( 7161): account logged = true, exist = true
W/CalendarApplication( 7161): Domain process schedule wake up daemon process.
D/CalendarProvider2( 7052): Scrubbing DURATION
D/FlymePermissionManager( 3582): write uri = content://com.android.contacts/contacts
D/FlymePermissionManager( 3582): uid:10004
D/FlymePermissionManager( 3582): pid:5933
D/FlymePermissionManager( 3582): privilege:4
D/FlymePermissionManager( 3582): com.android.dialer request...
D/CTACHECK( 3582): the system app: com.android.dialer use permission: 读取联系人信息
D/FlymePermissionManager( 3582): system app allow!
D/FlymePermissionManager( 3582): write uri = content://com.android.contacts/data
D/FlymePermissionManager( 3582): uid:10004
D/FlymePermissionManager( 3582): pid:5933
D/FlymePermissionManager( 3582): privilege:4
D/FlymePermissionManager( 3582): com.android.dialer request...
D/CTACHECK( 3582): the system app: com.android.dialer use permission: 读取联系人信息
D/FlymePermissionManager( 3582): system app allow!
D/FlymePermissionManager( 3582): write uri = content://call_log/calls/distinc
D/FlymePermissionManager( 3582): uid:10004
D/FlymePermissionManager( 3582): pid:5933
D/FlymePermissionManager( 3582): privilege:6
D/FlymePermissionManager( 3582): com.android.dialer request...
D/CTACHECK( 3582): the system app: com.android.dialer use permission: 读取通话记录
D/FlymePermissionManager( 3582): system app allow!
D/FlymePermissionManager( 3582): write uri = content://call_log/calls?allow_voicemails=true&limit=5000
D/FlymePermissionManager( 3582): uid:10004
D/FlymePermissionManager( 3582): pid:5933
D/FlymePermissionManager( 3582): privilege:6
D/FlymePermissionManager( 3582): com.android.dialer request...
D/CTACHECK( 3582): the system app: com.android.dialer use permission: 读取通话记录
D/FlymePermissionManager( 3582): system app allow!
D/FlymePermissionManager( 3582): write uri = content://call_log/calls/speed/dial?limit=3
D/FlymePermissionManager( 3582): uid:10004
D/FlymePermissionManager( 3582): pid:5933
D/FlymePermissionManager( 3582): privilege:6
D/FlymePermissionManager( 3582): com.android.dialer request...
D/CTACHECK( 3582): the system app: com.android.dialer use permission: 读取通话记录
D/FlymePermissionManager( 3582): system app allow!
D/TaobaoLoger( 4207): request get bind state async
E/TaobaoLoger( 4207): request get bind state async while no service!
D/TaobaoLoger( 4207): bind yunos service
D/CalendarProvider2( 7052): Scrubbing DURATION
E/TaobaoLoger( 4207): retry check bind request
D/UserInfoManager( 4207): Get instance:com.meizu.account.helper.CUserManager@21895245
D/CalendarProvider2( 7052): Scrubbing DURATION
D/CalendarProvider2( 7052): Scrubbing DURATION
D/CalendarProvider2( 7052): Scrubbing DURATION
D/CalendarProvider2( 7052): Scrubbing DURATION
W/TaobaoLoger( 4207): getBindStateAsync while service not bind, delay.
D/CalendarProvider2( 7052): Scrubbing DURATION
E/DatabaseUtils( 7052): Writing exception to parcel
E/DatabaseUtils( 7052): java.lang.IllegalArgumentException: Unknown URL content://com.android.calendar
E/DatabaseUtils( 7052): 	at com.android.providers.calendar.CalendarProvider2.getType(CalendarProvider2.java:1554)
E/DatabaseUtils( 7052): 	at android.content.ContentProvider$Transport.getType(ContentProvider.java:225)
E/DatabaseUtils( 7052): 	at android.content.ContentProviderNative.onTransact(ContentProviderNative.java:149)
E/DatabaseUtils( 7052): 	at android.os.Binder.execTransact(Binder.java:446)
W/ContentResolver( 7161): Failed to get type for: content://com.android.calendar (Unknown URL content://com.android.calendar)
D/AlertReceiver( 7161): onReceive: a=android.intent.action.PROVIDER_CHANGED Intent { act=android.intent.action.PROVIDER_CHANGED dat=content://com.android.calendar flg=0x10 cmp=com.android.calendar/com.meizu.flyme.calendar.alerts.AlertReceiver }
D/lights  ( 2269): set_light_buttons: 2
D/MzCalendarWidget( 7161): AppWidgetService received an intent. It was Intent { act=android.intent.action.PROVIDER_CHANGED dat=content://com.android.calendar flg=0x10 cmp=com.android.calendar/com.meizu.flyme.calendar.widget.CalendarAppWidgetService$CalendarFactory }
D/AlertService( 7161): Action = android.intent.action.PROVIDER_CHANGED, alarmTime : 19700101T080000
D/AlertService( 7161): Beginning updateAlertNotification
D/MzCalendarWidget( 7161): Querying for widget events...
W/linker  ( 7236): libsecuritysdk-2.4.22.so has text relocations. This is wasting memory and prevents security hardening. Please fix.
D/AlertService( 7161): No fired or scheduled alerts
W/linker  ( 7236): libsecuritysdkx-2.4.22.so has text relocations. This is wasting memory and prevents security hardening. Please fix.
D/ContactsObserver( 4406): 联系人变更，提交同步对比数据任务
D/ContactsObserver( 4406): 联系人变更， 提交计划静默匹配任务
D/AccountClient( 7236): SecurityBox init start...
D/AccountClient( 7236): SecurityBox init end
I/TBSEngine( 7236): TBSEngine:If you need to view the log, please call TBS.turnDebug() after SetEnvironment.
W/linker  ( 7236): libndkutils.so has text relocations. This is wasting memory and prevents security hardening. Please fix.
D/FlymePermissionManager( 7236): getPackageNameFromPid, charset=UTF-8, pid=7236, orgLength=76, trim line=com.aliyun.ams.tyid, length=19
D/FlymePermissionManager( 7236): uid:10000
D/FlymePermissionManager( 7236): pid:7236
D/FlymePermissionManager( 7236): privilege:73
D/FlymePermissionManager( 7236): com.aliyun.ams.tyid request...
D/CTACHECK( 7236): the system app: com.aliyun.ams.tyid use permission: 获取手机识别码
D/FlymePermissionManager( 7236): system app allow!
D/FlymePermissionManager( 7236): getPackageNameFromPid, charset=UTF-8, pid=7236, orgLength=76, trim line=com.aliyun.ams.tyid, length=19
D/FlymePermissionManager( 7236): uid:10000
D/FlymePermissionManager( 7236): pid:7236
D/FlymePermissionManager( 7236): privilege:73
D/FlymePermissionManager( 7236): com.aliyun.ams.tyid request...
D/FlymePermissionManager( 7236): getPackageNameFromPid, charset=UTF-8, pid=7236, orgLength=76, trim line=com.aliyun.ams.tyid, length=19
D/FlymePermissionManager( 7236): uid:10000
D/FlymePermissionManager( 7236): pid:7236
D/FlymePermissionManager( 7236): privilege:73
D/FlymePermissionManager( 7236): com.aliyun.ams.tyid request...
D/CTACHECK( 7236): the system app: com.aliyun.ams.tyid use permission: 获取手机识别码
D/FlymePermissionManager( 7236): system app allow!
D/CTACHECK( 7236): the system app: com.aliyun.ams.tyid use permission: 获取手机识别码
D/FlymePermissionManager( 7236): system app allow!
D/FlymePermissionManager( 7236): getPackageNameFromPid, charset=UTF-8, pid=7236, orgLength=76, trim line=com.aliyun.ams.tyid, length=19
D/FlymePermissionManager( 7236): uid:10000
D/FlymePermissionManager( 7236): pid:7236
D/FlymePermissionManager( 7236): privilege:73
D/FlymePermissionManager( 7236): com.aliyun.ams.tyid request...
D/FlymePermissionManager( 7236): getPackageNameFromPid, charset=UTF-8, pid=7236, orgLength=76, trim line=com.aliyun.ams.tyid, length=19
D/FlymePermissionManager( 7236): uid:10000
D/FlymePermissionManager( 7236): pid:7236
D/FlymePermissionManager( 7236): privilege:73
D/FlymePermissionManager( 7236): com.aliyun.ams.tyid request...
D/CTACHECK( 7236): the system app: com.aliyun.ams.tyid use permission: 获取手机识别码
D/FlymePermissionManager( 7236): system app allow!
D/CTACHECK( 7236): the system app: com.aliyun.ams.tyid use permission: 获取手机识别码
D/FlymePermissionManager( 7236): system app allow!
D/FlymePermissionManager( 7236): getPackageNameFromPid, charset=UTF-8, pid=7236, orgLength=76, trim line=com.aliyun.ams.tyid, length=19
D/FlymePermissionManager( 7236): uid:10000
D/FlymePermissionManager( 7236): pid:7236
D/FlymePermissionManager( 7236): privilege:73
D/FlymePermissionManager( 7236): com.aliyun.ams.tyid request...
D/FlymePermissionManager( 7236): getPackageNameFromPid, charset=UTF-8, pid=7236, orgLength=76, trim line=com.aliyun.ams.tyid, length=19
D/FlymePermissionManager( 7236): uid:10000
D/FlymePermissionManager( 7236): pid:7236
D/FlymePermissionManager( 7236): privilege:73
D/FlymePermissionManager( 7236): com.aliyun.ams.tyid request...
D/CTACHECK( 7236): the system app: com.aliyun.ams.tyid use permission: 获取手机识别码
D/FlymePermissionManager( 7236): system app allow!
D/FlymePermissionManager( 7236): getPackageNameFromPid, charset=UTF-8, pid=7236, orgLength=76, trim line=com.aliyun.ams.tyid, length=19
D/FlymePermissionManager( 7236): uid:10000
D/FlymePermissionManager( 7236): pid:7236
D/FlymePermissionManager( 7236): privilege:73
D/FlymePermissionManager( 7236): com.aliyun.ams.tyid request...
D/CTACHECK( 7236): the system app: com.aliyun.ams.tyid use permission: 获取手机识别码
D/FlymePermissionManager( 7236): system app allow!
D/CTACHECK( 7236): the system app: com.aliyun.ams.tyid use permission: 获取手机识别码
D/FlymePermissionManager( 7236): system app allow!
D/BluetoothManagerService( 2269): Message: 20
D/BluetoothManagerService( 2269): Added callback: android.bluetooth.IBluetoothManagerCallback$Stub$Proxy@1ad11fb9:true
D/FlymePermissionManager( 7236): getPackageNameFromPid, charset=UTF-8, pid=7236, orgLength=76, trim line=com.aliyun.ams.tyid, length=19
D/FlymePermissionManager( 7236): uid:10000
D/FlymePermissionManager( 7236): pid:7236
D/FlymePermissionManager( 7236): privilege:73
D/FlymePermissionManager( 7236): com.aliyun.ams.tyid request...
D/CTACHECK( 7236): the system app: com.aliyun.ams.tyid use permission: 获取手机识别码
D/FlymePermissionManager( 7236): system app allow!
D/BluetoothManagerService( 2269): checkIfCallerIsForegroundUser: valid=true callingUser=0 foregroundUser=0
W/TaobaoLoger( 4207): Get yunos service.
W/TaobaoLoger( 4207): registerCallback
D/FlymePermissionManager( 7236): getPackageNameFromPid, charset=UTF-8, pid=7236, orgLength=76, trim line=com.aliyun.ams.tyid, length=19
D/FlymePermissionManager( 7236): uid:10000
D/FlymePermissionManager( 7236): pid:7236
D/FlymePermissionManager( 7236): privilege:73
D/FlymePermissionManager( 7236): com.aliyun.ams.tyid request...
D/CTACHECK( 7236): the system app: com.aliyun.ams.tyid use permission: 获取手机识别码
D/FlymePermissionManager( 7236): system app allow!
D/FlymePermissionManager( 3464): getPackageNameFromPid, charset=UTF-8, pid=7236, orgLength=76, trim line=com.aliyun.ams.tyid, length=19
D/FlymePermissionManager( 3464): uid:10000
D/FlymePermissionManager( 3464): pid:7236
D/FlymePermissionManager( 3464): privilege:75
D/FlymePermissionManager( 3464): com.aliyun.ams.tyid request...
D/CTACHECK( 3464): the system app: com.aliyun.ams.tyid use permission: 获取定位信息
D/FlymePermissionManager( 3464): system app allow!
D/FlymePermissionManager( 3464): getPackageNameFromPid, charset=UTF-8, pid=7236, orgLength=76, trim line=com.aliyun.ams.tyid, length=19
D/FlymePermissionManager( 3464): uid:10000
D/FlymePermissionManager( 3464): pid:7236
D/FlymePermissionManager( 3464): privilege:75
D/FlymePermissionManager( 3464): com.aliyun.ams.tyid request...
D/CTACHECK( 3464): the system app: com.aliyun.ams.tyid use permission: 获取定位信息
D/FlymePermissionManager( 3464): system app allow!
D/FlymePermissionManager( 2269): getPackageNameFromPid, charset=UTF-8, pid=2269, orgLength=76, trim line=system_server, length=13
D/FlymePermissionManager( 2269): uid:1000
D/FlymePermissionManager( 2269): pid:2269
D/FlymePermissionManager( 2269): privilege:75
D/FlymePermissionManager( 2269): null request...
D/FlymePermissionManager( 2269): special granted!
D/BluetoothManagerService( 2269): checkIfCallerIsForegroundUser: valid=true callingUser=0 foregroundUser=0
D/FlymePermissionManager( 7236): getPackageNameFromPid, charset=UTF-8, pid=7236, orgLength=76, trim line=com.aliyun.ams.tyid, length=19
D/FlymePermissionManager( 7236): uid:10000
D/FlymePermissionManager( 7236): pid:7236
D/FlymePermissionManager( 7236): privilege:73
D/FlymePermissionManager( 7236): com.aliyun.ams.tyid request...
D/CTACHECK( 7236): the system app: com.aliyun.ams.tyid use permission: 获取手机识别码
D/FlymePermissionManager( 7236): system app allow!
D/FlymePermissionManager( 7236): getPackageNameFromPid, charset=UTF-8, pid=7236, orgLength=76, trim line=com.aliyun.ams.tyid, length=19
D/FlymePermissionManager( 7236): uid:10000
D/FlymePermissionManager( 7236): pid:7236
D/FlymePermissionManager( 7236): privilege:73
D/FlymePermissionManager( 7236): com.aliyun.ams.tyid request...
D/CTACHECK( 7236): the system app: com.aliyun.ams.tyid use permission: 获取手机识别码
D/FlymePermissionManager( 7236): system app allow!
D/BluetoothManagerService( 2269): checkIfCallerIsForegroundUser: valid=true callingUser=0 foregroundUser=0
D/FlymePermissionManager( 7236): getPackageNameFromPid, charset=UTF-8, pid=7236, orgLength=76, trim line=com.aliyun.ams.tyid, length=19
D/FlymePermissionManager( 7236): uid:10000
D/FlymePermissionManager( 7236): pid:7236
D/FlymePermissionManager( 7236): privilege:73
D/FlymePermissionManager( 7236): com.aliyun.ams.tyid request...
D/CTACHECK( 7236): the system app: com.aliyun.ams.tyid use permission: 获取手机识别码
D/FlymePermissionManager( 7236): system app allow!
D/FlymePermissionManager( 7236): getPackageNameFromPid, charset=UTF-8, pid=7236, orgLength=76, trim line=com.aliyun.ams.tyid, length=19
D/FlymePermissionManager( 7236): uid:10000
D/FlymePermissionManager( 7236): pid:7236
D/FlymePermissionManager( 7236): privilege:73
D/FlymePermissionManager( 7236): com.aliyun.ams.tyid request...
D/CTACHECK( 7236): the system app: com.aliyun.ams.tyid use permission: 获取手机识别码
D/FlymePermissionManager( 7236): system app allow!
D/FlymePermissionManager( 7236): getPackageNameFromPid, charset=UTF-8, pid=7236, orgLength=76, trim line=com.aliyun.ams.tyid, length=19
D/FlymePermissionManager( 7236): uid:10000
D/FlymePermissionManager( 7236): pid:7236
D/FlymePermissionManager( 7236): privilege:73
D/FlymePermissionManager( 7236): com.aliyun.ams.tyid request...
D/CTACHECK( 7236): the system app: com.aliyun.ams.tyid use permission: 获取手机识别码
D/FlymePermissionManager( 7236): system app allow!
D/FlymePermissionManager( 3464): getPackageNameFromPid, charset=UTF-8, pid=7236, orgLength=76, trim line=com.aliyun.ams.tyid, length=19
D/FlymePermissionManager( 3464): uid:10000
D/FlymePermissionManager( 3464): pid:7236
D/FlymePermissionManager( 3464): privilege:75
D/FlymePermissionManager( 3464): com.aliyun.ams.tyid request...
D/CTACHECK( 3464): the system app: com.aliyun.ams.tyid use permission: 获取定位信息
D/FlymePermissionManager( 3464): system app allow!
D/FlymePermissionManager( 3464): getPackageNameFromPid, charset=UTF-8, pid=7236, orgLength=76, trim line=com.aliyun.ams.tyid, length=19
D/FlymePermissionManager( 3464): uid:10000
D/FlymePermissionManager( 3464): pid:7236
D/FlymePermissionManager( 3464): privilege:75
D/FlymePermissionManager( 3464): com.aliyun.ams.tyid request...
D/CTACHECK( 3464): the system app: com.aliyun.ams.tyid use permission: 获取定位信息
D/FlymePermissionManager( 3464): system app allow!
D/FlymePermissionManager( 2269): getPackageNameFromPid, charset=UTF-8, pid=2269, orgLength=76, trim line=system_server, length=13
D/FlymePermissionManager( 2269): uid:1000
D/FlymePermissionManager( 2269): pid:2269
D/FlymePermissionManager( 2269): privilege:75
D/FlymePermissionManager( 2269): null request...
D/FlymePermissionManager( 2269): special granted!
D/BluetoothManagerService( 2269): checkIfCallerIsForegroundUser: valid=true callingUser=0 foregroundUser=0
D/logger  ( 7236): com.aliyun.ams.tyid,GT-I9308
D/logger  ( 7236): only log of today
D/FlymePermissionManager( 7236): getPackageNameFromPid, charset=UTF-8, pid=7236, orgLength=76, trim line=com.aliyun.ams.tyid, length=19
D/FlymePermissionManager( 7236): uid:10000
D/FlymePermissionManager( 7236): pid:7236
D/FlymePermissionManager( 7236): privilege:73
D/FlymePermissionManager( 7236): com.aliyun.ams.tyid request...
D/CTACHECK( 7236): the system app: com.aliyun.ams.tyid use permission: 获取手机识别码
D/FlymePermissionManager( 7236): system app allow!
D/FlymePermissionManager( 7236): getPackageNameFromPid, charset=UTF-8, pid=7236, orgLength=76, trim line=com.aliyun.ams.tyid, length=19
D/FlymePermissionManager( 7236): uid:10000
D/FlymePermissionManager( 7236): pid:7236
D/FlymePermissionManager( 7236): privilege:73
D/FlymePermissionManager( 7236): com.aliyun.ams.tyid request...
D/CTACHECK( 7236): the system app: com.aliyun.ams.tyid use permission: 获取手机识别码
D/FlymePermissionManager( 7236): system app allow!
D/FlymePermissionManager( 7236): getPackageNameFromPid, charset=UTF-8, pid=7236, orgLength=76, trim line=com.aliyun.ams.tyid, length=19
D/FlymePermissionManager( 7236): uid:10000
D/FlymePermissionManager( 7236): pid:7236
D/FlymePermissionManager( 7236): privilege:73
D/FlymePermissionManager( 7236): com.aliyun.ams.tyid request...
D/CTACHECK( 7236): the system app: com.aliyun.ams.tyid use permission: 获取手机识别码
D/FlymePermissionManager( 7236): system app allow!
D/logger  ( 7236): current logfile is:/data/data/com.aliyun.ams.tyid/files/log/ap/20150707.log
D/logger  ( 7236): logFileSize=147
D/logger  ( 7236): sb=20150707144217597,GT-I9308,com.aliyun.ams.tyid,VZTGNk0yasIDAJwcljDB,GetApDid  deviceID is eYOIkjjTNs8wkUM163qYgzlnhZQE8TxhBEdELb+fwFAFScBuD5+GmjgG
D/YunOSAccountLog( 7236): [1] TaobaoActionReceiver.onReceive: TaobaoActionReceiver
I/WebViewFactory( 7236): Loading com.android.webview version 1.0 (code 499992)
F/libc    ( 7236): Fatal signal 4 (SIGILL), code 1, fault addr 0x4ac45544 in tid 7274 (Thread-548)
I/DEBUG   ( 1904): *** *** *** *** *** *** *** *** *** *** *** *** *** *** *** ***
I/DEBUG   ( 1904): Build fingerprint: 'samsung/i9308xx/i9308:5.0.2/LRX22G/builder.20150707134837_R:userdebug/test-keys'
I/DEBUG   ( 1904): Revision: '12'
I/DEBUG   ( 1904): ABI: 'arm'
I/DEBUG   ( 1904): pid: 7236, tid: 7274, name: Thread-548  >>> com.aliyun.ams.tyid <<<
I/DEBUG   ( 1904): signal 4 (SIGILL), code 1 (ILL_ILLOPC), fault addr 0x4ac45544
I/DEBUG   ( 1904):     r0 41f19c10  r1 00000018  r2 00000018  r3 00000000
I/DEBUG   ( 1904):     r4 4698d744  r5 00000001  r6 00000018  r7 00000001
I/DEBUG   ( 1904):     r8 41f19c10  r9 00000000  sl 5390af3c  fp 0aaaaaaa
I/DEBUG   ( 1904):     ip 401e2ec0  sp 5390aee8  lr 401dc0e9  pc 4ac45544  cpsr 600d0030
I/DEBUG   ( 1904): 
I/DEBUG   ( 1904): backtrace:
I/DEBUG   ( 1904):     #00 pc 00204544  /system/lib/libwebviewchromium.so
I/DEBUG   ( 1904):     #01 pc 002a4c0d  /system/lib/libwebviewchromium.so
I/DEBUG   ( 1904):     #02 pc 002a4e2f  /system/lib/libwebviewchromium.so
I/DEBUG   ( 1904):     #03 pc 002a5715  /system/lib/libwebviewchromium.so
I/DEBUG   ( 1904):     #04 pc 002a5a4d  /system/lib/libwebviewchromium.so
I/DEBUG   ( 1904):     #05 pc 00fa80ed  /system/lib/libwebviewchromium.so
I/DEBUG   ( 1904):     #06 pc 00f95b6b  /system/lib/libwebviewchromium.so
I/DEBUG   ( 1904):     #07 pc 001e90d9  /system/lib/libwebviewchromium.so (JNI_OnLoad+44)
I/DEBUG   ( 1904):     #08 pc 001d35bd  /system/lib/libart.so (art::JavaVMExt::LoadNativeLibrary(std::__1::basic_string<char, std::__1::char_traits<char>, std::__1::allocator<char> > const&, art::Handle<art::mirror::ClassLoader>, std::__1::basic_string<char, std::__1::char_traits<char>, std::__1::allocator<char> >*)+1472)
I/DEBUG   ( 1904):     #09 pc 001f9a91  /system/lib/libart.so (art::Runtime_nativeLoad(_JNIEnv*, _jclass*, _jstring*, _jobject*, _jstring*)+504)
I/DEBUG   ( 1904):     #10 pc 00077811  /data/dalvik-cache/arm/system@framework@boot.oat
D/StatusBar.NetworkController( 3103): refreshing SignalClusterView.
D/SIMHelper( 3103): updateSimInsertedStatus, simInserted(0) = false
D/SIMHelper( 3103): isSimInserted(0), SimInserted=false
D/StatusBar.NetworkController( 3103): refreshViews(0), tempPhoneSignalIconId = 2130838528  tempMobileActivityIconId= 0  tempDataTypeIconId= 0
D/SIMHelper( 3103): updateSimInsertedStatus, simInserted(0) = false
D/SIMHelper( 3103): isSimInserted(0), SimInserted=false
D/SIMHelper( 3103): updateSimInsertedStatus, simInserted(0) = false
D/SIMHelper( 3103): isSimInserted(0), SimInserted=false
D/StatusBar.NetworkController( 3103): refreshing carrier name: 无SIM卡
D/StatusBar.NetworkController( 3103): refreshing carrier name: 无SIM卡
I/DEBUG   ( 1904): 
I/DEBUG   ( 1904): Tombstone written to: /data/tombstones/tombstone_04
D/TaobaoLoger( 4207): request get bind state async
D/UserInfoManager( 4207): Get instance:com.meizu.account.helper.CUserManager@21895245
W/System.err( 4207): android.os.DeadObjectException
W/System.err( 4207): 	at android.os.BinderProxy.transactNative(Native Method)
W/System.err( 4207): 	at android.os.BinderProxy.transact(Binder.java:496)
W/System.err( 4207): 	at com.aliyun.ams.flyme.common.IYunOSAccount$Stub$Proxy.checkBinding(IYunOSAccount.java:196)
W/System.err( 4207): 	at com.meizu.account.partner.taobao.TaobaoClientRequest.getBindStateAsync(TaobaoClientRequest.java:181)
W/System.err( 4207): 	at com.meizu.account.partner.taobao.TaobaoClientRequestHelper$4$2.run(TaobaoClientRequestHelper.java:220)
W/System.err( 4207): 	at android.os.Handler.handleCallback(Handler.java:739)
W/System.err( 4207): 	at android.os.Handler.dispatchMessage(Handler.java:95)
W/System.err( 4207): 	at android.os.Looper.loop(Looper.java:135)
W/System.err( 4207): 	at android.app.ActivityThread.main(ActivityThread.java:5241)
W/System.err( 4207): 	at java.lang.reflect.Method.invoke(Native Method)
W/System.err( 4207): 	at java.lang.reflect.Method.invoke(Method.java:372)
W/System.err( 4207): 	at com.android.internal.os.ZygoteInit$MethodAndArgsCaller.run(ZygoteInit.java:898)
W/System.err( 4207): 	at com.android.internal.os.ZygoteInit.main(ZygoteInit.java:693)
W/TaobaoLoger( 4207): lost yunos service.
W/TaobaoLoger( 4207): unregisterCallback
E/TaobaoLoger( 4207): unregisterCallback exception.
W/System.err( 4207): android.os.DeadObjectException
W/System.err( 4207): 	at android.os.BinderProxy.transactNative(Native Method)
W/System.err( 4207): 	at android.os.BinderProxy.transact(Binder.java:496)
W/System.err( 4207): 	at com.aliyun.ams.flyme.common.IYunOSAccount$Stub$Proxy.unregisterCallback(IYunOSAccount.java:169)
W/System.err( 4207): 	at com.meizu.account.partner.taobao.TaobaoClientRequest.unregisterCallback(TaobaoClientRequest.java:444)
W/System.err( 4207): 	at com.meizu.account.partner.taobao.TaobaoClientRequest.onServiceDisconnected(TaobaoClientRequest.java:324)
W/System.err( 4207): 	at android.app.LoadedApk$ServiceDispatcher.doDeath(LoadedApk.java:1209)
W/System.err( 4207): 	at android.app.LoadedApk$ServiceDispatcher$RunConnection.run(LoadedApk.java:1223)
W/System.err( 4207): 	at android.os.Handler.handleCallback(Handler.java:739)
W/System.err( 4207): 	at android.os.Handler.dispatchMessage(Handler.java:95)
W/System.err( 4207): 	at android.os.Looper.loop(Looper.java:135)
W/System.err( 4207): 	at android.app.ActivityThread.main(ActivityThread.java:5241)
W/System.err( 4207): 	at java.lang.reflect.Method.invoke(Native Method)
W/System.err( 4207): 	at java.lang.reflect.Method.invoke(Method.java:372)
W/System.err( 4207): 	at com.android.internal.os.ZygoteInit$MethodAndArgsCaller.run(ZygoteInit.java:898)
W/System.err( 4207): 	at com.android.internal.os.ZygoteInit.main(ZygoteInit.java:693)
E/TaobaoLoger( 4207): retry check bind request
D/UserInfoManager( 4207): Get instance:com.meizu.account.helper.CUserManager@21895245
I/Zygote  ( 1915): Process 7236 exited due to signal (4)
I/OpenGLRenderer( 2269): Initialized EGL, version 1.4
W/TaobaoLoger( 4207): getBindStateAsync while service not bind, delay.
D/StatusBar.NetworkController( 3103): refreshing SignalClusterView.
D/SIMHelper( 3103): updateSimInsertedStatus, simInserted(0) = false
D/SIMHelper( 3103): isSimInserted(0), SimInserted=false
D/StatusBar.NetworkController( 3103): refreshViews(0), tempPhoneSignalIconId = 2130838528  tempMobileActivityIconId= 0  tempDataTypeIconId= 0
D/SIMHelper( 3103): updateSimInsertedStatus, simInserted(0) = false
D/SIMHelper( 3103): isSimInserted(0), SimInserted=false
D/SIMHelper( 3103): updateSimInsertedStatus, simInserted(0) = false
D/SIMHelper( 3103): isSimInserted(0), SimInserted=false
D/StatusBar.NetworkController( 3103): refreshing carrier name: 无SIM卡
D/StatusBar.NetworkController( 3103): refreshing carrier name: 无SIM卡
W/BirthdayService( 4606): DaemonReceiver, onReceive::action -> com.flyme.calendar.DAEMON_SCHEDULE
W/BirthdayService( 4606): Daemon service is active, skip pending intent.
W/BirthdayService( 4606): onStartCommand, action -> com.flyme.calendar.intent.APP_LAUNCH
W/BirthdayService( 4606): processMessage, message = 2
D/FlymePermissionManager( 3464): getPackageNameFromPid, charset=UTF-8, pid=3395, orgLength=76, trim line=com.meizu.experiencedatasync, length=28
D/FlymePermissionManager( 3464): uid:10034
D/FlymePermissionManager( 3464): pid:3395
D/FlymePermissionManager( 3464): privilege:75
D/FlymePermissionManager( 3464): com.meizu.experiencedatasync request...
D/CTACHECK( 3464): the system app: com.meizu.experiencedatasync use permission: 获取定位信息
D/FlymePermissionManager( 3464): system app allow!
D/FlymePermissionManager( 3464): getPackageNameFromPid, charset=UTF-8, pid=3395, orgLength=76, trim line=com.meizu.experiencedatasync, length=28
D/FlymePermissionManager( 3464): uid:10034
D/FlymePermissionManager( 3464): pid:3395
D/FlymePermissionManager( 3464): privilege:75
D/FlymePermissionManager( 3464): com.meizu.experiencedatasync request...
D/CTACHECK( 3464): the system app: com.meizu.experiencedatasync use permission: 获取定位信息
D/FlymePermissionManager( 3464): system app allow!
D/FlymePermissionManager( 2269): getPackageNameFromPid, charset=UTF-8, pid=2269, orgLength=76, trim line=system_server, length=13
D/FlymePermissionManager( 2269): uid:1000
D/FlymePermissionManager( 2269): pid:2269
D/FlymePermissionManager( 2269): privilege:75
D/FlymePermissionManager( 2269): null request...
D/FlymePermissionManager( 2269): special granted!
I/art     ( 3395): Explicit concurrent mark sweep GC freed 1771(174KB) AllocSpace objects, 4(1335KB) LOS objects, 39% free, 8MB/13MB, paused 1.148ms total 25.088ms
I/art     ( 3395): Explicit concurrent mark sweep GC freed 313(75KB) AllocSpace objects, 1(411KB) LOS objects, 39% free, 7MB/12MB, paused 1.037ms total 32.570ms
W/System.err( 3395): org.json.JSONException: No value for auth_files
W/System.err( 3395): 	at org.json.JSONObject.get(JSONObject.java:389)
W/System.err( 3395): 	at org.json.JSONObject.getJSONArray(JSONObject.java:584)
W/System.err( 3395): 	at com.meizu.experiencedatasync.ErrorLogFileUploader.applayUpload(ErrorLogFileUploader.java:176)
W/System.err( 3395): 	at com.meizu.experiencedatasync.ErrorLogFileUploader.upload(ErrorLogFileUploader.java:54)
W/System.err( 3395): 	at com.meizu.experiencedatasync.ErrorLogFileManager$UploadHandler.handleMessage(ErrorLogFileManager.java:338)
W/System.err( 3395): 	at android.os.Handler.dispatchMessage(Handler.java:102)
W/System.err( 3395): 	at android.os.Looper.loop(Looper.java:135)
W/System.err( 3395): 	at android.os.HandlerThread.run(HandlerThread.java:61)
W/linker  ( 7309): libsecuritysdk-2.4.22.so has text relocations. This is wasting memory and prevents security hardening. Please fix.
W/linker  ( 7309): libsecuritysdkx-2.4.22.so has text relocations. This is wasting memory and prevents security hardening. Please fix.
I/TBSEngine( 7309): TBSEngine:If you need to view the log, please call TBS.turnDebug() after SetEnvironment.
W/linker  ( 7309): libndkutils.so has text relocations. This is wasting memory and prevents security hardening. Please fix.
D/AccountClient( 7309): SecurityBox init start...
D/AccountClient( 7309): SecurityBox init end
D/FlymePermissionManager( 7309): getPackageNameFromPid, charset=UTF-8, pid=7309, orgLength=76, trim line=com.aliyun.ams.tyid, length=19
D/FlymePermissionManager( 7309): uid:10000
D/FlymePermissionManager( 7309): pid:7309
D/FlymePermissionManager( 7309): privilege:73
D/FlymePermissionManager( 7309): com.aliyun.ams.tyid request...
D/FlymePermissionManager( 7309): getPackageNameFromPid, charset=UTF-8, pid=7309, orgLength=76, trim line=com.aliyun.ams.tyid, length=19
D/FlymePermissionManager( 7309): uid:10000
D/FlymePermissionManager( 7309): pid:7309
D/FlymePermissionManager( 7309): privilege:73
D/FlymePermissionManager( 7309): com.aliyun.ams.tyid request...
D/CTACHECK( 7309): the system app: com.aliyun.ams.tyid use permission: 获取手机识别码
D/FlymePermissionManager( 7309): system app allow!
D/CTACHECK( 7309): the system app: com.aliyun.ams.tyid use permission: 获取手机识别码
D/FlymePermissionManager( 7309): system app allow!
D/FlymePermissionManager( 7309): getPackageNameFromPid, charset=UTF-8, pid=7309, orgLength=76, trim line=com.aliyun.ams.tyid, length=19
D/FlymePermissionManager( 7309): uid:10000
D/FlymePermissionManager( 7309): pid:7309
D/FlymePermissionManager( 7309): privilege:73
D/FlymePermissionManager( 7309): com.aliyun.ams.tyid request...
D/CTACHECK( 7309): the system app: com.aliyun.ams.tyid use permission: 获取手机识别码
D/FlymePermissionManager( 7309): system app allow!
D/FlymePermissionManager( 7309): getPackageNameFromPid, charset=UTF-8, pid=7309, orgLength=76, trim line=com.aliyun.ams.tyid, length=19
D/FlymePermissionManager( 7309): uid:10000
D/FlymePermissionManager( 7309): pid:7309
D/FlymePermissionManager( 7309): privilege:73
D/FlymePermissionManager( 7309): com.aliyun.ams.tyid request...
D/FlymePermissionManager( 7309): getPackageNameFromPid, charset=UTF-8, pid=7309, orgLength=76, trim line=com.aliyun.ams.tyid, length=19
D/FlymePermissionManager( 7309): uid:10000
D/FlymePermissionManager( 7309): pid:7309
D/FlymePermissionManager( 7309): privilege:73
D/FlymePermissionManager( 7309): com.aliyun.ams.tyid request...
D/CTACHECK( 7309): the system app: com.aliyun.ams.tyid use permission: 获取手机识别码
D/FlymePermissionManager( 7309): system app allow!
D/CTACHECK( 7309): the system app: com.aliyun.ams.tyid use permission: 获取手机识别码
D/FlymePermissionManager( 7309): system app allow!
D/FlymePermissionManager( 7309): getPackageNameFromPid, charset=UTF-8, pid=7309, orgLength=76, trim line=com.aliyun.ams.tyid, length=19
D/FlymePermissionManager( 7309): uid:10000
D/FlymePermissionManager( 7309): pid:7309
D/FlymePermissionManager( 7309): privilege:73
D/FlymePermissionManager( 7309): com.aliyun.ams.tyid request...
D/FlymePermissionManager( 7309): getPackageNameFromPid, charset=UTF-8, pid=7309, orgLength=76, trim line=com.aliyun.ams.tyid, length=19
D/FlymePermissionManager( 7309): uid:10000
D/FlymePermissionManager( 7309): pid:7309
D/FlymePermissionManager( 7309): privilege:73
D/FlymePermissionManager( 7309): com.aliyun.ams.tyid request...
D/CTACHECK( 7309): the system app: com.aliyun.ams.tyid use permission: 获取手机识别码
D/FlymePermissionManager( 7309): system app allow!
D/CTACHECK( 7309): the system app: com.aliyun.ams.tyid use permission: 获取手机识别码
D/FlymePermissionManager( 7309): system app allow!
D/FlymePermissionManager( 7309): getPackageNameFromPid, charset=UTF-8, pid=7309, orgLength=76, trim line=com.aliyun.ams.tyid, length=19
D/FlymePermissionManager( 7309): uid:10000
D/FlymePermissionManager( 7309): pid:7309
D/FlymePermissionManager( 7309): privilege:73
D/FlymePermissionManager( 7309): com.aliyun.ams.tyid request...
D/CTACHECK( 7309): the system app: com.aliyun.ams.tyid use permission: 获取手机识别码
D/FlymePermissionManager( 7309): system app allow!
D/BluetoothManagerService( 2269): Message: 20
D/BluetoothManagerService( 2269): Added callback: android.bluetooth.IBluetoothManagerCallback$Stub$Proxy@3d413be0:true
D/BluetoothManagerService( 2269): checkIfCallerIsForegroundUser: valid=true callingUser=0 foregroundUser=0
D/lights  ( 2269): set_light_buttons: 1
D/FlymePermissionManager( 7309): getPackageNameFromPid, charset=UTF-8, pid=7309, orgLength=76, trim line=com.aliyun.ams.tyid, length=19
D/FlymePermissionManager( 7309): uid:10000
D/FlymePermissionManager( 7309): pid:7309
D/FlymePermissionManager( 7309): privilege:73
D/FlymePermissionManager( 7309): com.aliyun.ams.tyid request...
D/FlymePermissionManager( 7309): getPackageNameFromPid, charset=UTF-8, pid=7309, orgLength=76, trim line=com.aliyun.ams.tyid, length=19
D/FlymePermissionManager( 7309): uid:10000
D/FlymePermissionManager( 7309): pid:7309
D/FlymePermissionManager( 7309): privilege:73
D/FlymePermissionManager( 7309): com.aliyun.ams.tyid request...
D/CTACHECK( 7309): the system app: com.aliyun.ams.tyid use permission: 获取手机识别码
D/FlymePermissionManager( 7309): system app allow!
D/CTACHECK( 7309): the system app: com.aliyun.ams.tyid use permission: 获取手机识别码
D/FlymePermissionManager( 7309): system app allow!
D/FlymePermissionManager( 3464): getPackageNameFromPid, charset=UTF-8, pid=7309, orgLength=76, trim line=com.aliyun.ams.tyid, length=19
D/FlymePermissionManager( 3464): uid:10000
D/FlymePermissionManager( 3464): pid:7309
D/FlymePermissionManager( 3464): privilege:75
D/FlymePermissionManager( 3464): com.aliyun.ams.tyid request...
D/CTACHECK( 3464): the system app: com.aliyun.ams.tyid use permission: 获取定位信息
D/FlymePermissionManager( 3464): system app allow!
D/FlymePermissionManager( 3464): getPackageNameFromPid, charset=UTF-8, pid=7309, orgLength=76, trim line=com.aliyun.ams.tyid, length=19
D/FlymePermissionManager( 3464): uid:10000
D/FlymePermissionManager( 3464): pid:7309
D/FlymePermissionManager( 3464): privilege:75
D/FlymePermissionManager( 3464): com.aliyun.ams.tyid request...
D/CTACHECK( 3464): the system app: com.aliyun.ams.tyid use permission: 获取定位信息
D/FlymePermissionManager( 3464): system app allow!
W/TaobaoLoger( 4207): Get yunos service.
W/TaobaoLoger( 4207): registerCallback
D/FlymePermissionManager( 2269): getPackageNameFromPid, charset=UTF-8, pid=2269, orgLength=76, trim line=system_server, length=13
D/FlymePermissionManager( 2269): uid:1000
D/FlymePermissionManager( 2269): pid:2269
D/FlymePermissionManager( 2269): privilege:75
D/FlymePermissionManager( 2269): null request...
D/FlymePermissionManager( 2269): special granted!
D/BluetoothManagerService( 2269): checkIfCallerIsForegroundUser: valid=true callingUser=0 foregroundUser=0
D/FlymePermissionManager( 7309): getPackageNameFromPid, charset=UTF-8, pid=7309, orgLength=76, trim line=com.aliyun.ams.tyid, length=19
D/FlymePermissionManager( 7309): uid:10000
D/FlymePermissionManager( 7309): pid:7309
D/FlymePermissionManager( 7309): privilege:73
D/FlymePermissionManager( 7309): com.aliyun.ams.tyid request...
D/CTACHECK( 7309): the system app: com.aliyun.ams.tyid use permission: 获取手机识别码
D/FlymePermissionManager( 7309): system app allow!
D/FlymePermissionManager( 7309): getPackageNameFromPid, charset=UTF-8, pid=7309, orgLength=76, trim line=com.aliyun.ams.tyid, length=19
D/FlymePermissionManager( 7309): uid:10000
D/FlymePermissionManager( 7309): pid:7309
D/FlymePermissionManager( 7309): privilege:73
D/FlymePermissionManager( 7309): com.aliyun.ams.tyid request...
D/FlymePermissionManager( 7309): getPackageNameFromPid, charset=UTF-8, pid=7309, orgLength=76, trim line=com.aliyun.ams.tyid, length=19
D/FlymePermissionManager( 7309): uid:10000
D/FlymePermissionManager( 7309): pid:7309
D/FlymePermissionManager( 7309): privilege:73
D/FlymePermissionManager( 7309): com.aliyun.ams.tyid request...
D/CTACHECK( 7309): the system app: com.aliyun.ams.tyid use permission: 获取手机识别码
D/FlymePermissionManager( 7309): system app allow!
D/CTACHECK( 7309): the system app: com.aliyun.ams.tyid use permission: 获取手机识别码
D/FlymePermissionManager( 7309): system app allow!
D/FlymePermissionManager( 7309): getPackageNameFromPid, charset=UTF-8, pid=7309, orgLength=76, trim line=com.aliyun.ams.tyid, length=19
D/FlymePermissionManager( 7309): uid:10000
D/FlymePermissionManager( 7309): pid:7309
D/FlymePermissionManager( 7309): privilege:73
D/FlymePermissionManager( 7309): com.aliyun.ams.tyid request...
D/CTACHECK( 7309): the system app: com.aliyun.ams.tyid use permission: 获取手机识别码
D/FlymePermissionManager( 7309): system app allow!
D/BluetoothManagerService( 2269): checkIfCallerIsForegroundUser: valid=true callingUser=0 foregroundUser=0
D/logger  ( 7309): com.aliyun.ams.tyid,GT-I9308
W/AudioPolicyManager( 1907): getOutput() could not find output for stream 1, samplingRate 0,format 0, channels 3, flags 0
W/AudioPolicyManager( 1907): getOutput() could not find output for stream 1, samplingRate 0,format 0, channels 3, flags 0
W/AudioPolicyManager( 1907): getOutput() could not find output for stream 1, samplingRate 48000,format 1, channels 3, flags 4
E/AudioTrack( 2269): Could not get audio output for stream type 1, usage 13, sample rate 48000, format 0x1, channel mask 0x3, flags 0x4
D/FlymePermissionManager( 7309): getPackageNameFromPid, charset=UTF-8, pid=7309, orgLength=76, trim line=com.aliyun.ams.tyid, length=19
D/FlymePermissionManager( 7309): uid:10000
D/FlymePermissionManager( 7309): pid:7309
E/SoundPool( 2269): Error creating AudioTrack
D/FlymePermissionManager( 7309): privilege:73
D/FlymePermissionManager( 7309): com.aliyun.ams.tyid request...
D/CTACHECK( 7309): the system app: com.aliyun.ams.tyid use permission: 获取手机识别码
D/FlymePermissionManager( 7309): system app allow!
D/FlymePermissionManager( 3464): getPackageNameFromPid, charset=UTF-8, pid=7309, orgLength=76, trim line=com.aliyun.ams.tyid, length=19
D/FlymePermissionManager( 3464): uid:10000
D/FlymePermissionManager( 3464): pid:7309
D/FlymePermissionManager( 3464): privilege:75
D/FlymePermissionManager( 3464): com.aliyun.ams.tyid request...
D/CTACHECK( 3464): the system app: com.aliyun.ams.tyid use permission: 获取定位信息
D/FlymePermissionManager( 3464): system app allow!
D/FlymePermissionManager( 3464): getPackageNameFromPid, charset=UTF-8, pid=7309, orgLength=76, trim line=com.aliyun.ams.tyid, length=19
D/FlymePermissionManager( 3464): uid:10000
D/FlymePermissionManager( 3464): pid:7309
D/FlymePermissionManager( 3464): privilege:75
D/FlymePermissionManager( 3464): com.aliyun.ams.tyid request...
D/CTACHECK( 3464): the system app: com.aliyun.ams.tyid use permission: 获取定位信息
D/FlymePermissionManager( 3464): system app allow!
D/FlymePermissionManager( 2269): getPackageNameFromPid, charset=UTF-8, pid=2269, orgLength=76, trim line=system_server, length=13
D/FlymePermissionManager( 2269): uid:1000
D/FlymePermissionManager( 2269): pid:2269
D/FlymePermissionManager( 2269): privilege:75
D/FlymePermissionManager( 2269): null request...
D/FlymePermissionManager( 2269): special granted!
D/BluetoothManagerService( 2269): checkIfCallerIsForegroundUser: valid=true callingUser=0 foregroundUser=0
D/logger  ( 7309): only log of today
D/FlymePermissionManager( 7309): getPackageNameFromPid, charset=UTF-8, pid=7309, orgLength=76, trim line=com.aliyun.ams.tyid, length=19
D/FlymePermissionManager( 7309): uid:10000
D/FlymePermissionManager( 7309): pid:7309
D/FlymePermissionManager( 7309): privilege:73
D/FlymePermissionManager( 7309): com.aliyun.ams.tyid request...
D/CTACHECK( 7309): the system app: com.aliyun.ams.tyid use permission: 获取手机识别码
D/FlymePermissionManager( 7309): system app allow!
D/FlymePermissionManager( 7309): getPackageNameFromPid, charset=UTF-8, pid=7309, orgLength=76, trim line=com.aliyun.ams.tyid, length=19
D/FlymePermissionManager( 7309): uid:10000
D/FlymePermissionManager( 7309): pid:7309
D/FlymePermissionManager( 7309): privilege:73
D/FlymePermissionManager( 7309): com.aliyun.ams.tyid request...
D/CTACHECK( 7309): the system app: com.aliyun.ams.tyid use permission: 获取手机识别码
D/FlymePermissionManager( 7309): system app allow!
D/FlymePermissionManager( 7309): getPackageNameFromPid, charset=UTF-8, pid=7309, orgLength=76, trim line=com.aliyun.ams.tyid, length=19
D/FlymePermissionManager( 7309): uid:10000
D/FlymePermissionManager( 7309): pid:7309
D/FlymePermissionManager( 7309): privilege:73
D/FlymePermissionManager( 7309): com.aliyun.ams.tyid request...
D/CTACHECK( 7309): the system app: com.aliyun.ams.tyid use permission: 获取手机识别码
D/FlymePermissionManager( 7309): system app allow!
D/logger  ( 7309): current logfile is:/data/data/com.aliyun.ams.tyid/files/log/ap/20150707.log
D/logger  ( 7309): logFileSize=294
D/logger  ( 7309): sb=20150707144220796,GT-I9308,com.aliyun.ams.tyid,VZTGNk0yasIDAJwcljDB,GetApDid  deviceID is eYOIkjjTNs8wkUM163qYgzlnhZQE8TxhBEdELb+fwFAFScBuD5+GmjgG
D/YunOSAccountLog( 7309): [1] TaobaoActionReceiver.onReceive: TaobaoActionReceiver
I/art     ( 7309): Background sticky concurrent mark sweep GC freed 19808(2MB) AllocSpace objects, 84(1365KB) LOS objects, 27% free, 8MB/11MB, paused 6.442ms total 70.721ms
I/WebViewFactory( 7309): Loading com.android.webview version 1.0 (code 499992)
F/libc    ( 7309): Fatal signal 4 (SIGILL), code 1, fault addr 0x4ac45544 in tid 7342 (Thread-552)
I/DEBUG   ( 1904): *** *** *** *** *** *** *** *** *** *** *** *** *** *** *** ***
I/DEBUG   ( 1904): Build fingerprint: 'samsung/i9308xx/i9308:5.0.2/LRX22G/builder.20150707134837_R:userdebug/test-keys'
I/DEBUG   ( 1904): Revision: '12'
I/DEBUG   ( 1904): ABI: 'arm'
I/DEBUG   ( 1904): pid: 7309, tid: 7342, name: Thread-552  >>> com.aliyun.ams.tyid <<<
I/DEBUG   ( 1904): signal 4 (SIGILL), code 1 (ILL_ILLOPC), fault addr 0x4ac45544
I/DEBUG   ( 1904):     r0 41f19c10  r1 00000018  r2 00000018  r3 00000000
I/DEBUG   ( 1904):     r4 46c8c944  r5 00000001  r6 00000018  r7 00000001
I/DEBUG   ( 1904):     r8 41f19c10  r9 00000000  sl 53902f3c  fp 0aaaaaaa
I/DEBUG   ( 1904):     ip 401e2ec0  sp 53902ee8  lr 401dc0e9  pc 4ac45544  cpsr 600d0030
I/DEBUG   ( 1904): 
I/DEBUG   ( 1904): backtrace:
I/DEBUG   ( 1904):     #00 pc 00204544  /system/lib/libwebviewchromium.so
I/DEBUG   ( 1904):     #01 pc 002a4c0d  /system/lib/libwebviewchromium.so
I/DEBUG   ( 1904):     #02 pc 002a4e2f  /system/lib/libwebviewchromium.so
I/DEBUG   ( 1904):     #03 pc 002a5715  /system/lib/libwebviewchromium.so
I/DEBUG   ( 1904):     #04 pc 002a5a4d  /system/lib/libwebviewchromium.so
I/DEBUG   ( 1904):     #05 pc 00fa80ed  /system/lib/libwebviewchromium.so
I/DEBUG   ( 1904):     #06 pc 00f95b6b  /system/lib/libwebviewchromium.so
I/DEBUG   ( 1904):     #07 pc 001e90d9  /system/lib/libwebviewchromium.so (JNI_OnLoad+44)
I/DEBUG   ( 1904):     #08 pc 001d35bd  /system/lib/libart.so (art::JavaVMExt::LoadNativeLibrary(std::__1::basic_string<char, std::__1::char_traits<char>, std::__1::allocator<char> > const&, art::Handle<art::mirror::ClassLoader>, std::__1::basic_string<char, std::__1::char_traits<char>, std::__1::allocator<char> >*)+1472)
I/DEBUG   ( 1904):     #09 pc 001f9a91  /system/lib/libart.so (art::Runtime_nativeLoad(_JNIEnv*, _jclass*, _jstring*, _jobject*, _jstring*)+504)
I/DEBUG   ( 1904):     #10 pc 00077811  /data/dalvik-cache/arm/system@framework@boot.oat
D/MzCloudService( 3407): [sendSubscribe] sipRegistered = false
I/art     ( 2269): Background partial concurrent mark sweep GC freed 45260(5MB) AllocSpace objects, 30(2MB) LOS objects, 33% free, 20MB/30MB, paused 3.285ms total 124.441ms
D/TaobaoLoger( 4207): request get bind state async
I/DEBUG   ( 1904): 
I/DEBUG   ( 1904): Tombstone written to: /data/tombstones/tombstone_05
E/        ( 1904): ptrace detach from 7342 failed: No such process
E/        ( 1904): debuggerd committing suicide to free the zombie!
I/        ( 7367): debuggerd: Dec 28 2014 20:36:53
W/System.err( 4207): android.os.DeadObjectException
W/System.err( 4207): 	at android.os.BinderProxy.transactNative(Native Method)
W/System.err( 4207): 	at android.os.BinderProxy.transact(Binder.java:496)
W/System.err( 4207): 	at com.aliyun.ams.flyme.common.IYunOSAccount$Stub$Proxy.checkBinding(IYunOSAccount.java:196)
W/System.err( 4207): 	at com.meizu.account.partner.taobao.TaobaoClientRequest.getBindStateAsync(TaobaoClientRequest.java:181)
W/System.err( 4207): 	at com.meizu.account.partner.taobao.TaobaoClientRequestHelper$4$2.run(TaobaoClientRequestHelper.java:220)
W/System.err( 4207): 	at android.os.Handler.handleCallback(Handler.java:739)
W/System.err( 4207): 	at android.os.Handler.dispatchMessage(Handler.java:95)
W/System.err( 4207): 	at android.os.Looper.loop(Looper.java:135)
W/System.err( 4207): 	at android.app.ActivityThread.main(ActivityThread.java:5241)
W/System.err( 4207): 	at java.lang.reflect.Method.invoke(Native Method)
W/System.err( 4207): 	at java.lang.reflect.Method.invoke(Method.java:372)
W/System.err( 4207): 	at com.android.internal.os.ZygoteInit$MethodAndArgsCaller.run(ZygoteInit.java:898)
W/System.err( 4207): 	at com.android.internal.os.ZygoteInit.main(ZygoteInit.java:693)
I/Choreographer( 4207): Skipped 52 frames!  The application may be doing too much work on its main thread.
W/TaobaoLoger( 4207): lost yunos service.
W/TaobaoLoger( 4207): unregisterCallback
E/TaobaoLoger( 4207): unregisterCallback exception.
W/System.err( 4207): android.os.DeadObjectException
W/System.err( 4207): 	at android.os.BinderProxy.transactNative(Native Method)
W/System.err( 4207): 	at android.os.BinderProxy.transact(Binder.java:496)
W/System.err( 4207): 	at com.aliyun.ams.flyme.common.IYunOSAccount$Stub$Proxy.unregisterCallback(IYunOSAccount.java:169)
W/System.err( 4207): 	at com.meizu.account.partner.taobao.TaobaoClientRequest.unregisterCallback(TaobaoClientRequest.java:444)
W/System.err( 4207): 	at com.meizu.account.partner.taobao.TaobaoClientRequest.onServiceDisconnected(TaobaoClientRequest.java:324)
W/System.err( 4207): 	at android.app.LoadedApk$ServiceDispatcher.doDeath(LoadedApk.java:1209)
W/System.err( 4207): 	at android.app.LoadedApk$ServiceDispatcher$RunConnection.run(LoadedApk.java:1223)
W/System.err( 4207): 	at android.os.Handler.handleCallback(Handler.java:739)
W/System.err( 4207): 	at android.os.Handler.dispatchMessage(Handler.java:95)
W/System.err( 4207): 	at android.os.Looper.loop(Looper.java:135)
W/System.err( 4207): 	at android.app.ActivityThread.main(ActivityThread.java:5241)
W/System.err( 4207): 	at java.lang.reflect.Method.invoke(Native Method)
W/System.err( 4207): 	at java.lang.reflect.Method.invoke(Method.java:372)
W/System.err( 4207): 	at com.android.internal.os.ZygoteInit$MethodAndArgsCaller.run(ZygoteInit.java:898)
W/System.err( 4207): 	at com.android.internal.os.ZygoteInit.main(ZygoteInit.java:693)
D/TaobaoLoger( 4207): unbind yunos service
D/TaobaoLoger( 4207): pause:false,false
D/Authenticator( 4207): request getAuthToken:Account {name=unknown, type=com.meizu.account}, basic theme_trust, uid = 10005, package = com.meizu.customizecenter
