W/System.err( 7956): 	at com.meizu.media.music.util.sync.SyncPlaylistHelper$4.run(SyncPlaylistHelper.java:1822)
W/System.err( 7956): 	at android.os.Handler.handleCallback(Handler.java:739)
W/System.err( 7956): 	at android.os.Handler.dispatchMessage(Handler.java:95)
W/System.err( 7956): 	at android.os.Looper.loop(Looper.java:135)
W/System.err( 7956): 	at com.meizu.commontools.SyncThread.run(SyncThread.java:29)
W/System.err( 7956): 	at java.lang.Thread.run(Thread.java:818)
W/System.err( 7956): Caused by: java.lang.ClassNotFoundException: Didn't find class "com.meizu.telephony.MzTelephonymanager" on path: DexPathList[[zip file "/system/framework/android.test.runner.jar", zip file "/system/priv-app/Music/Music.apk"],nativeLibraryDirectories=[/vendor/lib, /system/lib]]
W/System.err( 7956): 	at dalvik.system.BaseDexClassLoader.findClass(BaseDexClassLoader.java:56)
W/System.err( 7956): 	at java.lang.ClassLoader.loadClass(ClassLoader.java:511)
W/System.err( 7956): 	at java.lang.ClassLoader.loadClass(ClassLoader.java:469)
W/System.err( 7956): 	... 12 more
W/System.err( 7956): 	Suppressed: java.lang.ClassNotFoundException: com.meizu.telephony.MzTelephonymanager
W/System.err( 7956): 		at java.lang.Class.classForName(Native Method)
W/System.err( 7956): 		at java.lang.BootClassLoader.findClass(ClassLoader.java:781)
W/System.err( 7956): 		at java.lang.BootClassLoader.loadClass(ClassLoader.java:841)
W/System.err( 7956): 		at java.lang.ClassLoader.loadClass(ClassLoader.java:504)
W/System.err( 7956): 		... 13 more
W/System.err( 7956): 	Caused by: java.lang.NoClassDefFoundError: Class not found using the boot class loader; no stack available
D/FlymePermissionManager( 7956): getPackageNameFromPid, charset=UTF-8, pid=7956, orgLength=76, trim line=com.meizu.media.music, length=21
D/FlymePermissionManager( 7956): uid:10014
D/FlymePermissionManager( 7956): pid:7956
D/FlymePermissionManager( 7956): privilege:73
D/FlymePermissionManager( 7956): com.meizu.media.music request...
D/CTACHECK( 7956): the system app: com.meizu.media.music use permission: 获取手机识别码
D/FlymePermissionManager( 7956): system app allow!
W/System.err( 7956): java.lang.ClassNotFoundException: com.meizu.telephony.MzTelephonymanager
W/System.err( 7956): 	at java.lang.Class.classForName(Native Method)
W/System.err( 7956): 	at java.lang.Class.forName(Class.java:308)
W/System.err( 7956): 	at java.lang.Class.forName(Class.java:272)
W/System.err( 7956): 	at com.meizu.commontools.MultiSimCardUtils.isMultiSimCard(MultiSimCardUtils.java:155)
W/System.err( 7956): 	at com.meizu.commontools.MultiSimCardUtils.refreshCardList(MultiSimCardUtils.java:40)
W/System.err( 7956): 	at com.meizu.commontools.MultiSimCardUtils.getPhoneIMSI(MultiSimCardUtils.java:83)
W/System.err( 7956): 	at com.meizu.media.music.util.freeflow.FreeFlowHelper.notifyStart(FreeFlowHelper.java:132)
W/System.err( 7956): 	at com.meizu.media.music.util.sync.SyncPlaylistHelper$4.run(SyncPlaylistHelper.java:1822)
W/System.err( 7956): 	at android.os.Handler.handleCallback(Handler.java:739)
W/System.err( 7956): 	at android.os.Handler.dispatchMessage(Handler.java:95)
W/System.err( 7956): 	at android.os.Looper.loop(Looper.java:135)
W/System.err( 7956): 	at com.meizu.commontools.SyncThread.run(SyncThread.java:29)
W/System.err( 7956): 	at java.lang.Thread.run(Thread.java:818)
W/System.err( 7956): Caused by: java.lang.ClassNotFoundException: Didn't find class "com.meizu.telephony.MzTelephonymanager" on path: DexPathList[[zip file "/system/framework/android.test.runner.jar", zip file "/system/priv-app/Music/Music.apk"],nativeLibraryDirectories=[/vendor/lib, /system/lib]]
W/System.err( 7956): 	at dalvik.system.BaseDexClassLoader.findClass(BaseDexClassLoader.java:56)
W/System.err( 7956): 	at java.lang.ClassLoader.loadClass(ClassLoader.java:511)
W/System.err( 7956): 	at java.lang.ClassLoader.loadClass(ClassLoader.java:469)
W/System.err( 7956): 	... 13 more
W/System.err( 7956): 	Suppressed: java.lang.ClassNotFoundException: com.meizu.telephony.MzTelephonymanager
W/System.err( 7956): 		at java.lang.Class.classForName(Native Method)
W/System.err( 7956): 		at java.lang.BootClassLoader.findClass(ClassLoader.java:781)
W/System.err( 7956): 		at java.lang.BootClassLoader.loadClass(ClassLoader.java:841)
W/System.err( 7956): 		at java.lang.ClassLoader.loadClass(ClassLoader.java:504)
W/System.err( 7956): 		... 14 more
W/System.err( 7956): 	Caused by: java.lang.NoClassDefFoundError: Class not found using the boot class loader; no stack available
D/FlymePermissionManager( 7956): getPackageNameFromPid, charset=UTF-8, pid=7956, orgLength=76, trim line=com.meizu.media.music, length=21
D/FlymePermissionManager( 7956): uid:10014
D/FlymePermissionManager( 7956): pid:7956
D/FlymePermissionManager( 7956): privilege:73
D/FlymePermissionManager( 7956): com.meizu.media.music request...
D/CTACHECK( 7956): the system app: com.meizu.media.music use permission: 获取手机识别码
D/FlymePermissionManager( 7956): system app allow!
W/System.err( 7956): java.lang.ClassNotFoundException: com.meizu.telephony.MzTelephonymanager
W/System.err( 7956): 	at java.lang.Class.classForName(Native Method)
W/System.err( 7956): 	at java.lang.Class.forName(Class.java:308)
W/System.err( 7956): 	at java.lang.Class.forName(Class.java:272)
W/System.err( 7956): 	at com.meizu.commontools.MultiSimCardUtils.isMultiSimCard(MultiSimCardUtils.java:155)
W/System.err( 7956): 	at com.meizu.commontools.MultiSimCardUtils.refreshCardList(MultiSimCardUtils.java:40)
W/System.err( 7956): 	at com.meizu.commontools.MultiSimCardUtils.getPhoneIMSI(MultiSimCardUtils.java:83)
W/System.err( 7956): 	at com.meizu.media.music.util.freeflow.FreeFlowHelper.notifyStart(FreeFlowHelper.java:137)
W/System.err( 7956): 	at com.meizu.media.music.util.sync.SyncPlaylistHelper$4.run(SyncPlaylistHelper.java:1822)
W/System.err( 7956): 	at android.os.Handler.handleCallback(Handler.java:739)
W/System.err( 7956): 	at android.os.Handler.dispatchMessage(Handler.java:95)
W/System.err( 7956): 	at android.os.Looper.loop(Looper.java:135)
W/System.err( 7956): 	at com.meizu.commontools.SyncThread.run(SyncThread.java:29)
W/System.err( 7956): 	at java.lang.Thread.run(Thread.java:818)
W/System.err( 7956): Caused by: java.lang.ClassNotFoundException: Didn't find class "com.meizu.telephony.MzTelephonymanager" on path: DexPathList[[zip file "/system/framework/android.test.runner.jar", zip file "/system/priv-app/Music/Music.apk"],nativeLibraryDirectories=[/vendor/lib, /system/lib]]
W/System.err( 7956): 	at dalvik.system.BaseDexClassLoader.findClass(BaseDexClassLoader.java:56)
W/System.err( 7956): 	at java.lang.ClassLoader.loadClass(ClassLoader.java:511)
W/System.err( 7956): 	at java.lang.ClassLoader.loadClass(ClassLoader.java:469)
W/System.err( 7956): 	... 13 more
W/System.err( 7956): 	Suppressed: java.lang.ClassNotFoundException: com.meizu.telephony.MzTelephonymanager
W/System.err( 7956): 		at java.lang.Class.classForName(Native Method)
W/System.err( 7956): 		at java.lang.BootClassLoader.findClass(ClassLoader.java:781)
W/System.err( 7956): 		at java.lang.BootClassLoader.loadClass(ClassLoader.java:841)
W/System.err( 7956): 		at java.lang.ClassLoader.loadClass(ClassLoader.java:504)
W/System.err( 7956): 		... 14 more
W/System.err( 7956): 	Caused by: java.lang.NoClassDefFoundError: Class not found using the boot class loader; no stack available
D/FlymePermissionManager( 7956): getPackageNameFromPid, charset=UTF-8, pid=7956, orgLength=76, trim line=com.meizu.media.music, length=21
D/FlymePermissionManager( 7956): uid:10014
D/FlymePermissionManager( 7956): pid:7956
D/FlymePermissionManager( 7956): privilege:73
D/FlymePermissionManager( 7956): com.meizu.media.music request...
D/CTACHECK( 7956): the system app: com.meizu.media.music use permission: 获取手机识别码
D/FlymePermissionManager( 7956): system app allow!
W/System.err( 7956): java.lang.ClassNotFoundException: com.meizu.telephony.MzTelephonymanager
W/System.err( 7956): 	at java.lang.Class.classForName(Native Method)
W/System.err( 7956): 	at java.lang.Class.forName(Class.java:308)
W/System.err( 7956): 	at java.lang.Class.forName(Class.java:272)
W/System.err( 7956): 	at com.meizu.commontools.MultiSimCardUtils.isMultiSimCard(MultiSimCardUtils.java:155)
W/System.err( 7956): 	at com.meizu.commontools.MultiSimCardUtils.refreshCardList(MultiSimCardUtils.java:40)
W/System.err( 7956): 	at com.meizu.media.music.util.freeflow.FreeFlowHelper.notifyStart(FreeFlowHelper.java:131)
W/System.err( 7956): 	at com.meizu.media.music.util.sync.SyncPlaylistHelper$4.run(SyncPlaylistHelper.java:1822)
W/System.err( 7956): 	at android.os.Handler.handleCallback(Handler.java:739)
W/System.err( 7956): 	at android.os.Handler.dispatchMessage(Handler.java:95)
W/System.err( 7956): 	at android.os.Looper.loop(Looper.java:135)
W/System.err( 7956): 	at com.meizu.commontools.SyncThread.run(SyncThread.java:29)
W/System.err( 7956): 	at java.lang.Thread.run(Thread.java:818)
W/System.err( 7956): Caused by: java.lang.ClassNotFoundException: Didn't find class "com.meizu.telephony.MzTelephonymanager" on path: DexPathList[[zip file "/system/framework/android.test.runner.jar", zip file "/system/priv-app/Music/Music.apk"],nativeLibraryDirectories=[/vendor/lib, /system/lib]]
W/System.err( 7956): 	at dalvik.system.BaseDexClassLoader.findClass(BaseDexClassLoader.java:56)
W/System.err( 7956): 	at java.lang.ClassLoader.loadClass(ClassLoader.java:511)
W/System.err( 7956): 	at java.lang.ClassLoader.loadClass(ClassLoader.java:469)
W/System.err( 7956): 	... 12 more
W/System.err( 7956): 	Suppressed: java.lang.ClassNotFoundException: com.meizu.telephony.MzTelephonymanager
W/System.err( 7956): 		at java.lang.Class.classForName(Native Method)
W/System.err( 7956): 		at java.lang.BootClassLoader.findClass(ClassLoader.java:781)
W/System.err( 7956): 		at java.lang.BootClassLoader.loadClass(ClassLoader.java:841)
W/System.err( 7956): 		at java.lang.ClassLoader.loadClass(ClassLoader.java:504)
W/System.err( 7956): 		... 13 more
W/System.err( 7956): 	Caused by: java.lang.NoClassDefFoundError: Class not found using the boot class loader; no stack available
D/FlymePermissionManager( 7956): getPackageNameFromPid, charset=UTF-8, pid=7956, orgLength=76, trim line=com.meizu.media.music, length=21
D/FlymePermissionManager( 7956): uid:10014
D/FlymePermissionManager( 7956): pid:7956
D/FlymePermissionManager( 7956): privilege:73
D/FlymePermissionManager( 7956): com.meizu.media.music request...
D/CTACHECK( 7956): the system app: com.meizu.media.music use permission: 获取手机识别码
D/FlymePermissionManager( 7956): system app allow!
W/System.err( 7956): java.lang.ClassNotFoundException: com.meizu.telephony.MzTelephonymanager
W/System.err( 7956): 	at java.lang.Class.classForName(Native Method)
W/System.err( 7956): 	at java.lang.Class.forName(Class.java:308)
W/System.err( 7956): 	at java.lang.Class.forName(Class.java:272)
W/System.err( 7956): 	at com.meizu.commontools.MultiSimCardUtils.isMultiSimCard(MultiSimCardUtils.java:155)
W/System.err( 7956): 	at com.meizu.commontools.MultiSimCardUtils.refreshCardList(MultiSimCardUtils.java:40)
W/System.err( 7956): 	at com.meizu.commontools.MultiSimCardUtils.getPhoneIMSI(MultiSimCardUtils.java:83)
W/System.err( 7956): 	at com.meizu.media.music.util.freeflow.FreeFlowHelper.notifyStart(FreeFlowHelper.java:132)
W/System.err( 7956): 	at com.meizu.media.music.util.sync.SyncPlaylistHelper$4.run(SyncPlaylistHelper.java:1822)
W/System.err( 7956): 	at android.os.Handler.handleCallback(Handler.java:739)
W/System.err( 7956): 	at android.os.Handler.dispatchMessage(Handler.java:95)
W/System.err( 7956): 	at android.os.Looper.loop(Looper.java:135)
W/System.err( 7956): 	at com.meizu.commontools.SyncThread.run(SyncThread.java:29)
W/System.err( 7956): 	at java.lang.Thread.run(Thread.java:818)
W/System.err( 7956): Caused by: java.lang.ClassNotFoundException: Didn't find class "com.meizu.telephony.MzTelephonymanager" on path: DexPathList[[zip file "/system/framework/android.test.runner.jar", zip file "/system/priv-app/Music/Music.apk"],nativeLibraryDirectories=[/vendor/lib, /system/lib]]
W/System.err( 7956): 	at dalvik.system.BaseDexClassLoader.findClass(BaseDexClassLoader.java:56)
W/System.err( 7956): 	at java.lang.ClassLoader.loadClass(ClassLoader.java:511)
W/System.err( 7956): 	at java.lang.ClassLoader.loadClass(ClassLoader.java:469)
W/System.err( 7956): 	... 13 more
W/System.err( 7956): 	Suppressed: java.lang.ClassNotFoundException: com.meizu.telephony.MzTelephonymanager
W/System.err( 7956): 		at java.lang.Class.classForName(Native Method)
W/System.err( 7956): 		at java.lang.BootClassLoader.findClass(ClassLoader.java:781)
W/System.err( 7956): 		at java.lang.BootClassLoader.loadClass(ClassLoader.java:841)
W/System.err( 7956): 		at java.lang.ClassLoader.loadClass(ClassLoader.java:504)
W/System.err( 7956): 		... 14 more
W/System.err( 7956): 	Caused by: java.lang.NoClassDefFoundError: Class not found using the boot class loader; no stack available
D/FlymePermissionManager( 7956): getPackageNameFromPid, charset=UTF-8, pid=7956, orgLength=76, trim line=com.meizu.media.music, length=21
D/FlymePermissionManager( 7956): uid:10014
D/FlymePermissionManager( 7956): pid:7956
D/FlymePermissionManager( 7956): privilege:73
D/FlymePermissionManager( 7956): com.meizu.media.music request...
D/CTACHECK( 7956): the system app: com.meizu.media.music use permission: 获取手机识别码
D/FlymePermissionManager( 7956): system app allow!
W/System.err( 7956): java.lang.ClassNotFoundException: com.meizu.telephony.MzTelephonymanager
W/System.err( 7956): 	at java.lang.Class.classForName(Native Method)
W/System.err( 7956): 	at java.lang.Class.forName(Class.java:308)
W/System.err( 7956): 	at java.lang.Class.forName(Class.java:272)
W/System.err( 7956): 	at com.meizu.commontools.MultiSimCardUtils.isMultiSimCard(MultiSimCardUtils.java:155)
W/System.err( 7956): 	at com.meizu.commontools.MultiSimCardUtils.refreshCardList(MultiSimCardUtils.java:40)
W/System.err( 7956): 	at com.meizu.commontools.MultiSimCardUtils.getPhoneIMSI(MultiSimCardUtils.java:83)
W/System.err( 7956): 	at com.meizu.media.music.util.freeflow.FreeFlowHelper.notifyStart(FreeFlowHelper.java:137)
W/System.err( 7956): 	at com.meizu.media.music.util.sync.SyncPlaylistHelper$4.run(SyncPlaylistHelper.java:1822)
W/System.err( 7956): 	at android.os.Handler.handleCallback(Handler.java:739)
W/System.err( 7956): 	at android.os.Handler.dispatchMessage(Handler.java:95)
W/System.err( 7956): 	at android.os.Looper.loop(Looper.java:135)
W/System.err( 7956): 	at com.meizu.commontools.SyncThread.run(SyncThread.java:29)
W/System.err( 7956): 	at java.lang.Thread.run(Thread.java:818)
W/System.err( 7956): Caused by: java.lang.ClassNotFoundException: Didn't find class "com.meizu.telephony.MzTelephonymanager" on path: DexPathList[[zip file "/system/framework/android.test.runner.jar", zip file "/system/priv-app/Music/Music.apk"],nativeLibraryDirectories=[/vendor/lib, /system/lib]]
W/System.err( 7956): 	at dalvik.system.BaseDexClassLoader.findClass(BaseDexClassLoader.java:56)
W/System.err( 7956): 	at java.lang.ClassLoader.loadClass(ClassLoader.java:511)
W/System.err( 7956): 	at java.lang.ClassLoader.loadClass(ClassLoader.java:469)
W/System.err( 7956): 	... 13 more
W/System.err( 7956): 	Suppressed: java.lang.ClassNotFoundException: com.meizu.telephony.MzTelephonymanager
W/System.err( 7956): 		at java.lang.Class.classForName(Native Method)
W/System.err( 7956): 		at java.lang.BootClassLoader.findClass(ClassLoader.java:781)
W/System.err( 7956): 		at java.lang.BootClassLoader.loadClass(ClassLoader.java:841)
W/System.err( 7956): 		at java.lang.ClassLoader.loadClass(ClassLoader.java:504)
W/System.err( 7956): 		... 14 more
W/System.err( 7956): 	Caused by: java.lang.NoClassDefFoundError: Class not found using the boot class loader; no stack available
D/FlymePermissionManager( 7956): getPackageNameFromPid, charset=UTF-8, pid=7956, orgLength=76, trim line=com.meizu.media.music, length=21
D/FlymePermissionManager( 7956): uid:10014
D/FlymePermissionManager( 7956): pid:7956
D/FlymePermissionManager( 7956): privilege:73
D/FlymePermissionManager( 7956): com.meizu.media.music request...
D/CTACHECK( 7956): the system app: com.meizu.media.music use permission: 获取手机识别码
D/FlymePermissionManager( 7956): system app allow!
W/AudioPolicyManager( 1907): getOutput() could not find output for stream 1, samplingRate 0,format 0, channels 3, flags 0
W/AudioPolicyManager( 1907): getOutput() could not find output for stream 1, samplingRate 0,format 0, channels 3, flags 0
W/AudioPolicyManager( 1907): getOutput() could not find output for stream 1, samplingRate 48000,format 1, channels 3, flags 4
E/AudioTrack( 2269): Could not get audio output for stream type 1, usage 13, sample rate 48000, format 0x1, channel mask 0x3, flags 0x4
E/SoundPool( 2269): Error creating AudioTrack
I/Timeline( 5014): Timeline: Activity_launch_request id:com.meizu.media.music time:972361
W/System.err( 5014): java.lang.NoSuchMethodException: getPackageInfoForVersion [class java.lang.String, int]
W/System.err( 5014): 	at java.lang.Class.getMethod(Class.java:664)
W/System.err( 5014): 	at java.lang.Class.getMethod(Class.java:643)
W/System.err( 5014): 	at com.meizu.utils.FlymeReflectUtils.getPackageInfo(FlymeReflectUtils.java:285)
W/System.err( 5014): 	at com.android.launcher3.Launcher$MzStats.run(Launcher.java:3553)
D/Launcher( 5014): package info is null
D/MzSplitActionBarContainer( 2269): onMeasure:mBackButton=null; mMenuView=null; mEnableBackButton=false
D/MzSplitActionBarContainer( 2269): onMeasure:backButtonWidth=0; menuWidth=0
D/MzSplitActionBarContainer( 2269): onMeasure:mBackButton=null; mMenuView=null; mEnableBackButton=false
D/MzSplitActionBarContainer( 2269): onMeasure:backButtonWidth=0; menuWidth=0
D/GlowDelegate( 2269): GlowDelegate color is #0xfff56313
D/MzSplitActionBarContainer( 2269): onMeasure:mBackButton=null; mMenuView=null; mEnableBackButton=false
D/MzSplitActionBarContainer( 2269): onMeasure:backButtonWidth=0; menuWidth=0
D/PhoneStatusBar( 3103): MSG_DELAY_UPDATE_RECENT, rotation 0,   mManuRemoveTask = false
I/art     ( 7956): Background sticky concurrent mark sweep GC freed 25812(2MB) AllocSpace objects, 19(304KB) LOS objects, 21% free, 8MB/11MB, paused 3.185ms total 113.943ms
I/art     ( 2269): Background partial concurrent mark sweep GC freed 53641(7MB) AllocSpace objects, 81(1688KB) LOS objects, 33% free, 21MB/32MB, paused 3.684ms total 139.519ms
W/MzUpdateComponent( 7956): Request sip register
D/MzCloudService( 3407): [onStartCommand] intent = Intent { act=com.meizu.flyme.push.intent.REGISTER pkg=com.meizu.cloud (has extras) }
D/MzUpdateComponent( 7956): init com list
D/MzUpdateComponent( 7956): add activity : com.meizu.media.music.MusicActivity@2d805fd3
D/MzUpdateComponent( 7956): check history log while check update...
D/MzCloudService( 3407): [onStartCommand] action = com.meizu.flyme.push.intent.REGISTER
W/System.err( 7956): java.lang.ClassNotFoundException: com.meizu.telephony.MzTelephonymanager
W/System.err( 7956): 	at java.lang.Class.classForName(Native Method)
W/System.err( 7956): 	at java.lang.Class.forName(Class.java:308)
W/System.err( 7956): 	at java.lang.Class.forName(Class.java:272)
W/System.err( 7956): 	at com.meizu.commontools.MultiSimCardUtils.isMultiSimCard(MultiSimCardUtils.java:155)
W/System.err( 7956): 	at com.meizu.commontools.MultiSimCardUtils.refreshCardList(MultiSimCardUtils.java:40)
W/System.err( 7956): 	at com.meizu.media.music.MusicActivity.onResume(MusicActivity.java:212)
W/System.err( 7956): 	at android.app.Instrumentation.callActivityOnResume(Instrumentation.java:1241)
W/System.err( 7956): 	at android.app.Activity.performResume(Activity.java:6019)
W/System.err( 7956): 	at android.app.ActivityThread.performResumeActivity(ActivityThread.java:2956)
W/System.err( 7956): 	at android.app.ActivityThread.handleResumeActivity(ActivityThread.java:2998)
W/System.err( 7956): 	at android.app.ActivityThread.handleLaunchActivity(ActivityThread.java:2381)
W/System.err( 7956): 	at android.app.ActivityThread.access$800(ActivityThread.java:147)
W/System.err( 7956): 	at android.app.ActivityThread$H.handleMessage(ActivityThread.java:1281)
W/System.err( 7956): 	at android.os.Handler.dispatchMessage(Handler.java:102)
W/System.err( 7956): 	at android.os.Looper.loop(Looper.java:135)
W/System.err( 7956): 	at android.app.ActivityThread.main(ActivityThread.java:5241)
W/System.err( 7956): 	at java.lang.reflect.Method.invoke(Native Method)
W/System.err( 7956): 	at java.lang.reflect.Method.invoke(Method.java:372)
W/System.err( 7956): 	at com.android.internal.os.ZygoteInit$MethodAndArgsCaller.run(ZygoteInit.java:898)
W/System.err( 7956): 	at com.android.internal.os.ZygoteInit.main(ZygoteInit.java:693)
W/System.err( 7956): Caused by: java.lang.ClassNotFoundException: Didn't find class "com.meizu.telephony.MzTelephonymanager" on path: DexPathList[[zip file "/system/framework/android.test.runner.jar", zip file "/system/priv-app/Music/Music.apk"],nativeLibraryDirectories=[/vendor/lib, /system/lib]]
W/System.err( 7956): 	at dalvik.system.BaseDexClassLoader.findClass(BaseDexClassLoader.java:56)
W/System.err( 7956): 	at java.lang.ClassLoader.loadClass(ClassLoader.java:511)
W/System.err( 7956): 	at java.lang.ClassLoader.loadClass(ClassLoader.java:469)
W/System.err( 7956): 	... 20 more
W/System.err( 7956): 	Suppressed: java.lang.ClassNotFoundException: com.meizu.telephony.MzTelephonymanager
W/System.err( 7956): 		at java.lang.Class.classForName(Native Method)
W/System.err( 7956): 		at java.lang.BootClassLoader.findClass(ClassLoader.java:781)
W/System.err( 7956): 		at java.lang.BootClassLoader.loadClass(ClassLoader.java:841)
W/System.err( 7956): 		at java.lang.ClassLoader.loadClass(ClassLoader.java:504)
W/System.err( 7956): 		... 21 more
W/System.err( 7956): 	Caused by: java.lang.NoClassDefFoundError: Class not found using the boot class loader; no stack available
D/FlymePermissionManager( 7956): getPackageNameFromPid, charset=UTF-8, pid=7956, orgLength=76, trim line=com.meizu.media.music, length=21
D/FlymePermissionManager( 7956): uid:10014
D/FlymePermissionManager( 7956): pid:7956
D/FlymePermissionManager( 7956): privilege:73
D/FlymePermissionManager( 7956): com.meizu.media.music request...
D/CTACHECK( 7956): the system app: com.meizu.media.music use permission: 获取手机识别码
D/FlymePermissionManager( 7956): system app allow!
D/PlaybackService( 7956): showNotification: false
E/MzUpdateComponent( 7956): check interval interrupt
D/MzCloudService( 3407): [handleSubscribe]
D/OpenGLRenderer( 7956): Render dirty regions requested: true
D/Atlas   ( 7956): Validating map...
D/MzSplitActionBarContainer( 7956): onMeasure:mBackButton=null; mMenuView=null; mEnableBackButton=false
D/MzSplitActionBarContainer( 7956): onMeasure:backButtonWidth=0; menuWidth=0
D/libEGL  ( 7956): loaded /system/lib/egl/libEGL_mali.so
D/libEGL  ( 7956): loaded /system/lib/egl/libGLESv1_CM_mali.so
D/libEGL  ( 7956): loaded /system/lib/egl/libGLESv2_mali.so
E/        ( 7956): Device driver API match
E/        ( 7956): Device driver API version: 29
E/        ( 7956): User space API version: 29 
E/        ( 7956): mali: REVISION=Linux-r3p2-01rel3 BUILD_DATE=Tue Jul 22 19:59:34 KST 2014 
I/OpenGLRenderer( 7956): Initialized EGL, version 1.4
D/OpenGLRenderer( 7956): Enabling debug mode 0
W/PlaybackService( 7956): DLNA service listener: player list change, count = 0
D/PlaybackService( 7956): DLNA Service add listener OK !
D/MzSplitActionBarContainer( 7956): onMeasure:mBackButton=null; mMenuView=null; mEnableBackButton=false
D/MzSplitActionBarContainer( 7956): onMeasure:backButtonWidth=0; menuWidth=0
D/MzSplitActionBarContainer( 7956): onLayout:mBackButton=null; mMenuView=null; mEnableBackButton=false; mExtraPadding=104
E/libEGL  ( 7956): error opening cache file /data/data/com.meizu.media.music/cache/com.android.opengl.shaders_cache: Permission denied (13)
D/GlowDelegate( 7956): GlowDelegate color is #0xfff56313
I/ActivityManager( 2269): Displayed com.meizu.media.music/.MusicActivity: +822ms
I/Timeline( 2269): Timeline: Activity_windows_visible id: ActivityRecord{16b74f74 u0 com.meizu.media.music/.MusicActivity t14} time:973251
D/PlaybackService( 7956): addListener mBufferState = 101, mUpdatePlayStateFlg = true, mAudioSessionId: 0
D/PlaybackService( 7956): updatePlayState mPlayState: -1,mCanShowNotification = false
V/MusicFXControlPanelReceiver( 7834): onReceive
D/PlaybackService( 7956): notifyChange isPlaying: false, Position: 0, mDuration: 0
D/PlaybackService( 7956): notify changing in Remote Device 
V/MusicFXControlPanelReceiver( 7834): Action: com.android.music.playstatechanged
V/MusicFXControlPanelReceiver( 7834): Package name: com.meizu.media.music
V/MusicFXControlPanelReceiver( 7834): Audio session: 0
D/xxx     ( 7956): cache getMainCategory {"message":null,"code":200,"redirect":null,"value":[{"name":"\u9996\u9875","id":1,"order":1}]}
W/System.err( 7956): java.lang.ClassNotFoundException: com.meizu.telephony.MzTelephonymanager
W/System.err( 7956): 	at java.lang.Class.classForName(Native Method)
W/System.err( 7956): 	at java.lang.Class.forName(Class.java:308)
W/System.err( 7956): 	at java.lang.Class.forName(Class.java:272)
W/System.err( 7956): 	at com.meizu.commontools.MultiSimCardUtils.isMultiSimCard(MultiSimCardUtils.java:155)
W/System.err( 7956): 	at com.meizu.commontools.MultiSimCardUtils.refreshCardList(MultiSimCardUtils.java:40)
W/System.err( 7956): 	at com.meizu.commontools.MultiSimCardUtils.getPhoneIMSI(MultiSimCardUtils.java:83)
W/System.err( 7956): 	at com.meizu.media.music.data.FlowWrapedHttp$FlowUrlHandler.<init>(FlowWrapedHttp.java:586)
W/System.err( 7956): 	at com.meizu.media.music.data.FlowWrapedHttp.doHttpGet(FlowWrapedHttp.java:519)
W/System.err( 7956): 	at com.meizu.media.music.data.RequestManager$98.run(RequestManager.java:2363)
W/System.err( 7956): 	at com.meizu.media.music.util.MusicUtils$20.doInBackground(MusicUtils.java:2558)
W/System.err( 7956): 	at com.meizu.commontools.SimpleTask.doInBackground(SimpleTask.java:19)
W/System.err( 7956): 	at com.meizu.commontools.SimpleTask.doInBackground(SimpleTask.java:10)
D/xxx     ( 7956): cache getModuleContent null
W/System.err( 7956): 	at android.os.AsyncTask$2.call(AsyncTask.java:288)
W/System.err( 7956): 	at java.util.concurrent.FutureTask.run(FutureTask.java:237)
W/System.err( 7956): 	at java.util.concurrent.ThreadPoolExecutor.runWorker(ThreadPoolExecutor.java:1112)
W/System.err( 7956): 	at java.util.concurrent.ThreadPoolExecutor$Worker.run(ThreadPoolExecutor.java:587)
W/System.err( 7956): 	at java.lang.Thread.run(Thread.java:818)
W/System.err( 7956): Caused by: java.lang.ClassNotFoundException: Didn't find class "com.meizu.telephony.MzTelephonymanager" on path: DexPathList[[zip file "/system/framework/android.test.runner.jar", zip file "/system/priv-app/Music/Music.apk"],nativeLibraryDirectories=[/vendor/lib, /system/lib]]
W/System.err( 7956): 	at dalvik.system.BaseDexClassLoader.findClass(BaseDexClassLoader.java:56)
W/System.err( 7956): 	at java.lang.ClassLoader.loadClass(ClassLoader.java:511)
W/System.err( 7956): 	at java.lang.ClassLoader.loadClass(ClassLoader.java:469)
W/System.err( 7956): 	... 17 more
W/System.err( 7956): 	Suppressed: java.lang.ClassNotFoundException: com.meizu.telephony.MzTelephonymanager
W/System.err( 7956): 		at java.lang.Class.classForName(Native Method)
W/System.err( 7956): 		at java.lang.BootClassLoader.findClass(ClassLoader.java:781)
W/System.err( 7956): 		at java.lang.BootClassLoader.loadClass(ClassLoader.java:841)
W/System.err( 7956): 		at java.lang.ClassLoader.loadClass(ClassLoader.java:504)
W/System.err( 7956): 		... 18 more
W/System.err( 7956): 	Caused by: java.lang.NoClassDefFoundError: Class not found using the boot class loader; no stack available
D/FlymePermissionManager( 7956): getPackageNameFromPid, charset=UTF-8, pid=7956, orgLength=76, trim line=com.meizu.media.music, length=21
D/FlymePermissionManager( 7956): uid:10014
D/FlymePermissionManager( 7956): pid:7956
D/FlymePermissionManager( 7956): privilege:73
D/FlymePermissionManager( 7956): com.meizu.media.music request...
D/CTACHECK( 7956): the system app: com.meizu.media.music use permission: 获取手机识别码
D/FlymePermissionManager( 7956): system app allow!
W/System.err( 7956): java.lang.ClassNotFoundException: com.meizu.telephony.MzTelephonymanager
W/System.err( 7956): 	at java.lang.Class.classForName(Native Method)
W/System.err( 7956): 	at java.lang.Class.forName(Class.java:308)
W/System.err( 7956): 	at java.lang.Class.forName(Class.java:272)
W/System.err( 7956): 	at com.meizu.commontools.MultiSimCardUtils.isMultiSimCard(MultiSimCardUtils.java:155)
W/System.err( 7956): 	at com.meizu.commontools.MultiSimCardUtils.refreshCardList(MultiSimCardUtils.java:40)
W/System.err( 7956): 	at com.meizu.commontools.MultiSimCardUtils.getPhoneIMSI(MultiSimCardUtils.java:83)
W/System.err( 7956): 	at com.meizu.media.music.data.FlowWrapedHttp$FlowUrlHandler.<init>(FlowWrapedHttp.java:586)
W/System.err( 7956): 	at com.meizu.media.music.data.FlowWrapedHttp.doHttpGet(FlowWrapedHttp.java:519)
W/System.err( 7956): 	at com.meizu.media.music.data.RequestManager.getUserInfo(RequestManager.java:1562)
W/System.err( 7956): 	at com.meizu.media.music.MusicActivity$6.doInBackground(MusicActivity.java:576)
W/System.err( 7956): 	at com.meizu.media.music.MusicActivity$6.doInBackground(MusicActivity.java:572)
W/System.err( 7956): 	at android.os.AsyncTask$2.call(AsyncTask.java:288)
W/System.err( 7956): 	at java.util.concurrent.FutureTask.run(FutureTask.java:237)
W/System.err( 7956): 	at java.util.concurrent.ThreadPoolExecutor.runWorker(ThreadPoolExecutor.java:1112)
W/System.err( 7956): 	at java.util.concurrent.ThreadPoolExecutor$Worker.run(ThreadPoolExecutor.java:587)
W/System.err( 7956): 	at java.lang.Thread.run(Thread.java:818)
W/System.err( 7956): Caused by: java.lang.ClassNotFoundException: Didn't find class "com.meizu.telephony.MzTelephonymanager" on path: DexPathList[[zip file "/system/framework/android.test.runner.jar", zip file "/system/priv-app/Music/Music.apk"],nativeLibraryDirectories=[/vendor/lib, /system/lib]]
W/System.err( 7956): 	at dalvik.system.BaseDexClassLoader.findClass(BaseDexClassLoader.java:56)
W/System.err( 7956): 	at java.lang.ClassLoader.loadClass(ClassLoader.java:511)
W/System.err( 7956): 	at java.lang.ClassLoader.loadClass(ClassLoader.java:469)
W/System.err( 7956): 	... 16 more
W/System.err( 7956): 	Suppressed: java.lang.ClassNotFoundException: com.meizu.telephony.MzTelephonymanager
W/System.err( 7956): 		at java.lang.Class.classForName(Native Method)
W/System.err( 7956): 		at java.lang.BootClassLoader.findClass(ClassLoader.java:781)
W/System.err( 7956): 		at java.lang.BootClassLoader.loadClass(ClassLoader.java:841)
W/System.err( 7956): 		at java.lang.ClassLoader.loadClass(ClassLoader.java:504)
W/System.err( 7956): 		... 17 more
W/System.err( 7956): 	Caused by: java.lang.NoClassDefFoundError: Class not found using the boot class loader; no stack available
W/System  ( 7956): Ignoring header Authorization because its value was null.
D/FlymePermissionManager( 7956): getPackageNameFromPid, charset=UTF-8, pid=7956, orgLength=76, trim line=com.meizu.media.music, length=21
D/FlymePermissionManager( 7956): uid:10014
D/FlymePermissionManager( 7956): pid:7956
D/FlymePermissionManager( 7956): privilege:73
D/FlymePermissionManager( 7956): com.meizu.media.music request...
D/CTACHECK( 7956): the system app: com.meizu.media.music use permission: 获取手机识别码
D/FlymePermissionManager( 7956): system app allow!
D/GlowDelegate( 7956): GlowDelegate color is #0xfff56313
W/System.err( 7956): java.lang.ClassNotFoundException: com.meizu.telephony.MzTelephonymanager
W/System.err( 7956): 	at java.lang.Class.classForName(Native Method)
W/System.err( 7956): 	at java.lang.Class.forName(Class.java:308)
W/System.err( 7956): 	at java.lang.Class.forName(Class.java:272)
W/System.err( 7956): 	at com.meizu.commontools.MultiSimCardUtils.isMultiSimCard(MultiSimCardUtils.java:155)
W/System.err( 7956): 	at com.meizu.commontools.MultiSimCardUtils.refreshCardList(MultiSimCardUtils.java:40)
W/System.err( 7956): 	at com.meizu.media.music.util.freeflow.FreeFlowHelper.notifyStart(FreeFlowHelper.java:131)
W/System.err( 7956): 	at com.meizu.media.music.util.sync.SyncPlaylistHelper$4.run(SyncPlaylistHelper.java:1822)
W/System.err( 7956): 	at android.os.Handler.handleCallback(Handler.java:739)
W/System.err( 7956): 	at android.os.Handler.dispatchMessage(Handler.java:95)
W/System.err( 7956): 	at android.os.Looper.loop(Looper.java:135)
W/System.err( 7956): 	at com.meizu.commontools.SyncThread.run(SyncThread.java:29)
W/System.err( 7956): 	at java.lang.Thread.run(Thread.java:818)
W/System.err( 7956): Caused by: java.lang.ClassNotFoundException: Didn't find class "com.meizu.telephony.MzTelephonymanager" on path: DexPathList[[zip file "/system/framework/android.test.runner.jar", zip file "/system/priv-app/Music/Music.apk"],nativeLibraryDirectories=[/vendor/lib, /system/lib]]
W/System.err( 7956): 	at dalvik.system.BaseDexClassLoader.findClass(BaseDexClassLoader.java:56)
W/System.err( 7956): 	at java.lang.ClassLoader.loadClass(ClassLoader.java:511)
W/System.err( 7956): 	at java.lang.ClassLoader.loadClass(ClassLoader.java:469)
W/System.err( 7956): 	... 12 more
W/System.err( 7956): 	Suppressed: java.lang.ClassNotFoundException: com.meizu.telephony.MzTelephonymanager
W/System.err( 7956): 		at java.lang.Class.classForName(Native Method)
W/System.err( 7956): 		at java.lang.BootClassLoader.findClass(ClassLoader.java:781)
W/System.err( 7956): 		at java.lang.BootClassLoader.loadClass(ClassLoader.java:841)
W/System.err( 7956): 		at java.lang.ClassLoader.loadClass(ClassLoader.java:504)
W/System.err( 7956): 		... 13 more
W/System.err( 7956): 	Caused by: java.lang.NoClassDefFoundError: Class not found using the boot class loader; no stack available
D/GlowDelegate( 7956): GlowDelegate color is #0xfff56313
D/FlymePermissionManager( 7956): getPackageNameFromPid, charset=UTF-8, pid=7956, orgLength=76, trim line=com.meizu.media.music, length=21
D/FlymePermissionManager( 7956): uid:10014
D/FlymePermissionManager( 7956): pid:7956
D/FlymePermissionManager( 7956): privilege:73
D/FlymePermissionManager( 7956): com.meizu.media.music request...
D/CTACHECK( 7956): the system app: com.meizu.media.music use permission: 获取手机识别码
D/FlymePermissionManager( 7956): system app allow!
D/GlowDelegate( 7956): GlowDelegate color is #0xfff56313
W/System.err( 7956): java.lang.ClassNotFoundException: com.meizu.telephony.MzTelephonymanager
W/System.err( 7956): 	at java.lang.Class.classForName(Native Method)
W/System.err( 7956): 	at java.lang.Class.forName(Class.java:308)
W/System.err( 7956): 	at java.lang.Class.forName(Class.java:272)
W/System.err( 7956): 	at com.meizu.commontools.MultiSimCardUtils.isMultiSimCard(MultiSimCardUtils.java:155)
W/System.err( 7956): 	at com.meizu.commontools.MultiSimCardUtils.refreshCardList(MultiSimCardUtils.java:40)
W/System.err( 7956): 	at com.meizu.commontools.MultiSimCardUtils.getPhoneIMSI(MultiSimCardUtils.java:83)
W/System.err( 7956): 	at com.meizu.media.music.util.freeflow.FreeFlowHelper.notifyStart(FreeFlowHelper.java:132)
W/System.err( 7956): 	at com.meizu.media.music.util.sync.SyncPlaylistHelper$4.run(SyncPlaylistHelper.java:1822)
W/System.err( 7956): 	at android.os.Handler.handleCallback(Handler.java:739)
W/System.err( 7956): 	at android.os.Handler.dispatchMessage(Handler.java:95)
W/System.err( 7956): 	at android.os.Looper.loop(Looper.java:135)
W/System.err( 7956): 	at com.meizu.commontools.SyncThread.run(SyncThread.java:29)
W/System.err( 7956): 	at java.lang.Thread.run(Thread.java:818)
W/System.err( 7956): Caused by: java.lang.ClassNotFoundException: Didn't find class "com.meizu.telephony.MzTelephonymanager" on path: DexPathList[[zip file "/system/framework/android.test.runner.jar", zip file "/system/priv-app/Music/Music.apk"],nativeLibraryDirectories=[/vendor/lib, /system/lib]]
W/System.err( 7956): 	at dalvik.system.BaseDexClassLoader.findClass(BaseDexClassLoader.java:56)
W/System.err( 7956): 	at java.lang.ClassLoader.loadClass(ClassLoader.java:511)
W/System.err( 7956): 	at java.lang.ClassLoader.loadClass(ClassLoader.java:469)
W/System.err( 7956): 	... 13 more
W/System.err( 7956): 	Suppressed: java.lang.ClassNotFoundException: com.meizu.telephony.MzTelephonymanager
W/System.err( 7956): 		at java.lang.Class.classForName(Native Method)
W/System.err( 7956): 		at java.lang.BootClassLoader.findClass(ClassLoader.java:781)
W/System.err( 7956): 		at java.lang.BootClassLoader.loadClass(ClassLoader.java:841)
W/System.err( 7956): 		at java.lang.ClassLoader.loadClass(ClassLoader.java:504)
W/System.err( 7956): 		... 14 more
W/System.err( 7956): 	Caused by: java.lang.NoClassDefFoundError: Class not found using the boot class loader; no stack available
D/GlowDelegate( 7956): GlowDelegate color is #0xfff56313
D/FlymePermissionManager( 7956): getPackageNameFromPid, charset=UTF-8, pid=7956, orgLength=76, trim line=com.meizu.media.music, length=21
D/FlymePermissionManager( 7956): uid:10014
D/FlymePermissionManager( 7956): pid:7956
D/FlymePermissionManager( 7956): privilege:73
D/FlymePermissionManager( 7956): com.meizu.media.music request...
D/CTACHECK( 7956): the system app: com.meizu.media.music use permission: 获取手机识别码
D/FlymePermissionManager( 7956): system app allow!
D/GlowDelegate( 7956): GlowDelegate color is #0xfff56313
W/System.err( 7956): java.lang.ClassNotFoundException: com.meizu.telephony.MzTelephonymanager
D/MzSplitActionBarContainer( 7956): onMeasure:mBackButton=null; mMenuView=null; mEnableBackButton=false
W/System.err( 7956): 	at java.lang.Class.classForName(Native Method)
W/System.err( 7956): 	at java.lang.Class.forName(Class.java:308)
W/System.err( 7956): 	at java.lang.Class.forName(Class.java:272)
W/System.err( 7956): 	at com.meizu.commontools.MultiSimCardUtils.isMultiSimCard(MultiSimCardUtils.java:155)
W/System.err( 7956): 	at com.meizu.commontools.MultiSimCardUtils.refreshCardList(MultiSimCardUtils.java:40)
W/System.err( 7956): 	at com.meizu.commontools.MultiSimCardUtils.getPhoneIMSI(MultiSimCardUtils.java:83)
W/System.err( 7956): 	at com.meizu.media.music.util.freeflow.FreeFlowHelper.notifyStart(FreeFlowHelper.java:137)
W/System.err( 7956): 	at com.meizu.media.music.util.sync.SyncPlaylistHelper$4.run(SyncPlaylistHelper.java:1822)
W/System.err( 7956): 	at android.os.Handler.handleCallback(Handler.java:739)
W/System.err( 7956): 	at android.os.Handler.dispatchMessage(Handler.java:95)
W/System.err( 7956): 	at android.os.Looper.loop(Looper.java:135)
W/System.err( 7956): 	at com.meizu.commontools.SyncThread.run(SyncThread.java:29)
W/System.err( 7956): 	at java.lang.Thread.run(Thread.java:818)
W/System.err( 7956): Caused by: java.lang.ClassNotFoundException: Didn't find class "com.meizu.telephony.MzTelephonymanager" on path: DexPathList[[zip file "/system/framework/android.test.runner.jar", zip file "/system/priv-app/Music/Music.apk"],nativeLibraryDirectories=[/vendor/lib, /system/lib]]
W/System.err( 7956): 	at dalvik.system.BaseDexClassLoader.findClass(BaseDexClassLoader.java:56)
W/System.err( 7956): 	at java.lang.ClassLoader.loadClass(ClassLoader.java:511)
W/System.err( 7956): 	at java.lang.ClassLoader.loadClass(ClassLoader.java:469)
W/System.err( 7956): 	... 13 more
W/System.err( 7956): 	Suppressed: java.lang.ClassNotFoundException: com.meizu.telephony.MzTelephonymanager
W/System.err( 7956): 		at java.lang.Class.classForName(Native Method)
W/System.err( 7956): 		at java.lang.BootClassLoader.findClass(ClassLoader.java:781)
W/System.err( 7956): 		at java.lang.BootClassLoader.loadClass(ClassLoader.java:841)
W/System.err( 7956): 		at java.lang.ClassLoader.loadClass(ClassLoader.java:504)
W/System.err( 7956): 		... 14 more
W/System.err( 7956): 	Caused by: java.lang.NoClassDefFoundError: Class not found using the boot class loader; no stack available
D/MzSplitActionBarContainer( 7956): onMeasure:backButtonWidth=0; menuWidth=0
D/FlymePermissionManager( 7956): getPackageNameFromPid, charset=UTF-8, pid=7956, orgLength=76, trim line=com.meizu.media.music, length=21
D/FlymePermissionManager( 7956): uid:10014
D/FlymePermissionManager( 7956): pid:7956
D/FlymePermissionManager( 7956): privilege:73
D/FlymePermissionManager( 7956): com.meizu.media.music request...
D/CTACHECK( 7956): the system app: com.meizu.media.music use permission: 获取手机识别码
D/FlymePermissionManager( 7956): system app allow!
W/System.err( 7956): java.lang.ClassNotFoundException: com.meizu.telephony.MzTelephonymanager
W/System.err( 7956): 	at java.lang.Class.classForName(Native Method)
W/System.err( 7956): 	at java.lang.Class.forName(Class.java:308)
W/System.err( 7956): 	at java.lang.Class.forName(Class.java:272)
W/System.err( 7956): 	at com.meizu.commontools.MultiSimCardUtils.isMultiSimCard(MultiSimCardUtils.java:155)
W/System.err( 7956): 	at com.meizu.commontools.MultiSimCardUtils.refreshCardList(MultiSimCardUtils.java:40)
W/System.err( 7956): 	at com.meizu.commontools.MultiSimCardUtils.getPhoneIMSI(MultiSimCardUtils.java:83)
W/System.err( 7956): 	at com.meizu.media.music.data.FlowWrapedHttp$FlowUrlHandler.<init>(FlowWrapedHttp.java:586)
W/System.err( 7956): 	at com.meizu.media.music.data.FlowWrapedHttp.doHttpGet(FlowWrapedHttp.java:519)
W/System.err( 7956): 	at com.meizu.media.music.data.RequestManager.getModuleContent(RequestManager.java:2396)
W/System.err( 7956): 	at com.meizu.media.music.fragment.ModuleBaseFragment$MainLoader.loadInBackground(ModuleBaseFragment.java:221)
W/System.err( 7956): 	at com.meizu.media.music.fragment.ModuleBaseFragment$MainLoader.loadInBackground(ModuleBaseFragment.java:184)
W/System.err( 7956): 	at android.content.AsyncTaskLoader.onLoadInBackground(AsyncTaskLoader.java:312)
W/System.err( 7956): 	at android.content.AsyncTaskLoader$LoadTask.doInBackground(AsyncTaskLoader.java:69)
W/System.err( 7956): 	at android.content.AsyncTaskLoader$LoadTask.doInBackground(AsyncTaskLoader.java:57)
W/System.err( 7956): 	at android.os.AsyncTask$2.call(AsyncTask.java:288)
W/System.err( 7956): 	at java.util.concurrent.FutureTask.run(FutureTask.java:237)
W/System.err( 7956): 	at java.util.concurrent.ThreadPoolExecutor.runWorker(ThreadPoolExecutor.java:1112)
W/System.err( 7956): 	at java.util.concurrent.ThreadPoolExecutor$Worker.run(ThreadPoolExecutor.java:587)
W/System.err( 7956): 	at java.lang.Thread.run(Thread.java:818)
W/System.err( 7956): Caused by: java.lang.ClassNotFoundException: Didn't find class "com.meizu.telephony.MzTelephonymanager" on path: DexPathList[[zip file "/system/framework/android.test.runner.jar", zip file "/system/priv-app/Music/Music.apk"],nativeLibraryDirectories=[/vendor/lib, /system/lib]]
W/System.err( 7956): 	at dalvik.system.BaseDexClassLoader.findClass(BaseDexClassLoader.java:56)
W/System.err( 7956): 	at java.lang.ClassLoader.loadClass(ClassLoader.java:511)
W/System.err( 7956): 	at java.lang.ClassLoader.loadClass(ClassLoader.java:469)
W/System.err( 7956): 	... 19 more
W/System.err( 7956): 	Suppressed: java.lang.ClassNotFoundException: com.meizu.telephony.MzTelephonymanager
W/System.err( 7956): 		at java.lang.Class.classForName(Native Method)
W/System.err( 7956): 		at java.lang.BootClassLoader.findClass(ClassLoader.java:781)
W/System.err( 7956): 		at java.lang.BootClassLoader.loadClass(ClassLoader.java:841)
W/System.err( 7956): 		at java.lang.ClassLoader.loadClass(ClassLoader.java:504)
W/System.err( 7956): 		... 20 more
W/System.err( 7956): 	Caused by: java.lang.NoClassDefFoundError: Class not found using the boot class loader; no stack available
D/FlymePermissionManager( 7956): getPackageNameFromPid, charset=UTF-8, pid=7956, orgLength=76, trim line=com.meizu.media.music, length=21
D/FlymePermissionManager( 7956): uid:10014
D/FlymePermissionManager( 7956): pid:7956
D/FlymePermissionManager( 7956): privilege:73
D/FlymePermissionManager( 7956): com.meizu.media.music request...
D/CTACHECK( 7956): the system app: com.meizu.media.music use permission: 获取手机识别码
D/FlymePermissionManager( 7956): system app allow!
W/System  ( 7956): Ignoring header Authorization because its value was null.
D/MzSplitActionBarContainer( 7956): onLayout:mBackButton=null; mMenuView=null; mEnableBackButton=false; mExtraPadding=104
D/ViewPager( 7956): setCurrentItemInternal----item:0;mCurItem: 0
D/ViewPager( 7956): populate curItem:ModuleBaseFragment{1508f4d8 id=0x7f0b0081 android:switcher:2131427457:0}
I/ViewPager( 7956): Current page list:
I/ViewPager( 7956): #0: page 0; Object:ModuleBaseFragment{1508f4d8 id=0x7f0b0081 android:switcher:2131427457:0};offset:0.0
V/ViewPager( 7956): Measuring #0 android.widget.LinearLayout{38827316 V.E..... ......I. 0,0-0,0}: 1073742544
D/xxx     ( 7956): cache getModuleContent null
W/System.err( 7956): java.lang.ClassNotFoundException: com.meizu.telephony.MzTelephonymanager
W/System.err( 7956): 	at java.lang.Class.classForName(Native Method)
W/System.err( 7956): 	at java.lang.Class.forName(Class.java:308)
W/System.err( 7956): 	at java.lang.Class.forName(Class.java:272)
W/System.err( 7956): 	at com.meizu.commontools.MultiSimCardUtils.isMultiSimCard(MultiSimCardUtils.java:155)
W/System.err( 7956): 	at com.meizu.commontools.MultiSimCardUtils.refreshCardList(MultiSimCardUtils.java:40)
W/System.err( 7956): 	at com.meizu.commontools.MultiSimCardUtils.getPhoneIMSI(MultiSimCardUtils.java:83)
W/System.err( 7956): 	at com.meizu.media.music.data.FlowWrapedHttp$FlowUrlHandler.<init>(FlowWrapedHttp.java:586)
W/System.err( 7956): 	at com.meizu.media.music.data.FlowWrapedHttp.doHttpGet(FlowWrapedHttp.java:519)
W/System.err( 7956): 	at com.meizu.media.music.data.RequestManager.getModuleContent(RequestManager.java:2396)
W/System.err( 7956): 	at com.meizu.media.music.fragment.ModuleBaseFragment$MainLoader.loadInBackground(ModuleBaseFragment.java:221)
W/System.err( 7956): 	at com.meizu.media.music.fragment.ModuleBaseFragment$MainLoader.loadInBackground(ModuleBaseFragment.java:184)
W/System.err( 7956): 	at android.content.AsyncTaskLoader.onLoadInBackground(AsyncTaskLoader.java:312)
W/System.err( 7956): 	at android.content.AsyncTaskLoader$LoadTask.doInBackground(AsyncTaskLoader.java:69)
W/System.err( 7956): 	at android.content.AsyncTaskLoader$LoadTask.doInBackground(AsyncTaskLoader.java:57)
W/System.err( 7956): 	at android.os.AsyncTask$2.call(AsyncTask.java:288)
W/System.err( 7956): 	at java.util.concurrent.FutureTask.run(FutureTask.java:237)
W/System.err( 7956): 	at java.util.concurrent.ThreadPoolExecutor.runWorker(ThreadPoolExecutor.java:1112)
W/System.err( 7956): 	at java.util.concurrent.ThreadPoolExecutor$Worker.run(ThreadPoolExecutor.java:587)
W/System.err( 7956): 	at java.lang.Thread.run(Thread.java:818)
W/System.err( 7956): Caused by: java.lang.ClassNotFoundException: Didn't find class "com.meizu.telephony.MzTelephonymanager" on path: DexPathList[[zip file "/system/framework/android.test.runner.jar", zip file "/system/priv-app/Music/Music.apk"],nativeLibraryDirectories=[/vendor/lib, /system/lib]]
V/ViewPager( 7956): Positioning #0 android.widget.LinearLayout{38827316 V.E..... ......I. 0,0-0,0} f=ModuleBaseFragment{1508f4d8 #0 id=0x7f0b0081 android:switcher:2131427457:0}:0,0 720x1280
W/System.err( 7956): 	at dalvik.system.BaseDexClassLoader.findClass(BaseDexClassLoader.java:56)
W/System.err( 7956): 	at java.lang.ClassLoader.loadClass(ClassLoader.java:511)
W/System.err( 7956): 	at java.lang.ClassLoader.loadClass(ClassLoader.java:469)
W/System.err( 7956): 	... 19 more
W/System.err( 7956): 	Suppressed: java.lang.ClassNotFoundException: com.meizu.telephony.MzTelephonymanager
D/ViewPager( 7956): scrollToItem----getClientWidth():720;mFirstOffset: 0.0;curInfo.offset:0.0;mLastOffset:0.0
W/System.err( 7956): 		at java.lang.Class.classForName(Native Method)
W/System.err( 7956): 		at java.lang.BootClassLoader.findClass(ClassLoader.java:781)
W/System.err( 7956): 		at java.lang.BootClassLoader.loadClass(ClassLoader.java:841)
W/System.err( 7956): 		at java.lang.ClassLoader.loadClass(ClassLoader.java:504)
D/ViewPager( 7956): scrollToItem----item:0 scroll to 0
W/System.err( 7956): 		... 20 more
W/System.err( 7956): 	Caused by: java.lang.NoClassDefFoundError: Class not found using the boot class loader; no stack available
D/FlymePermissionManager( 7956): getPackageNameFromPid, charset=UTF-8, pid=7956, orgLength=76, trim line=com.meizu.media.music, length=21
D/FlymePermissionManager( 7956): uid:10014
D/FlymePermissionManager( 7956): pid:7956
D/FlymePermissionManager( 7956): privilege:73
D/FlymePermissionManager( 7956): com.meizu.media.music request...
D/CTACHECK( 7956): the system app: com.meizu.media.music use permission: 获取手机识别码
D/FlymePermissionManager( 7956): system app allow!
W/System  ( 7956): Ignoring header Authorization because its value was null.
W/System.err( 7956): java.lang.NoSuchMethodException: getFEnergy [class [S]
W/System.err( 7956): 	at java.lang.Class.getMethod(Class.java:664)
W/System.err( 7956): 	at java.lang.Class.getMethod(Class.java:643)
W/System.err( 7956): 	at com.meizu.media.music.util.SpectrumManager.initGetFEnergyMethod(SpectrumManager.java:170)
W/System.err( 7956): 	at com.meizu.media.music.util.SpectrumManager.<init>(SpectrumManager.java:23)
W/System.err( 7956): 	at com.meizu.media.music.util.SpectrumManager.<clinit>(SpectrumManager.java:19)
W/System.err( 7956): 	at com.meizu.media.music.util.SongItemStateHelper.startState(SongItemStateHelper.java:175)
W/System.err( 7956): 	at com.meizu.media.music.fragment.ModuleContentFragment.onResume(ModuleContentFragment.java:189)
W/System.err( 7956): 	at android.app.Fragment.performResume(Fragment.java:2096)
W/System.err( 7956): 	at android.app.FragmentManagerImpl.moveToState(FragmentManager.java:928)
W/System.err( 7956): 	at android.app.FragmentManagerImpl.moveToState(FragmentManager.java:1067)
W/System.err( 7956): 	at android.app.BackStackRecord.run(BackStackRecord.java:833)
W/System.err( 7956): 	at android.app.FragmentManagerImpl.execPendingActions(FragmentManager.java:1452)
