adb server is out of date.  killing...
* daemon started successfully *
--------- beginning of system
I/auditd  ( 1899): Starting up
I/audit_log( 1899): Previous audit logfile detected, rotating
E/audit_rules( 1899): Could not read audit rules /data/misc/audit/audit.rules: No such file or directory
--------- beginning of main
I/installd( 1908): installd firing up
E/sdcard  ( 1916): missing packages.list; retrying
I/cm      ( 1922): ____ _   _ ____ _  _ ____ ____ ____ _  _ _  _ ____ ___ 
I/cm      ( 1923): |     \_/  |__| |\ | |  | | __ |___ |\ | |\/| |  | |  \ 
I/        ( 1901): debuggerd: Dec 28 2014 20:36:53
I/cm      ( 1926): |___   |   |  | | \| |__| |__] |___ | \| |  | |__| |__/ 
I/cm      ( 1933): Welcome to Android 5.0.2 / CyanogenMod-12-20150126-UNOFFICIAL-i9308 
I/lowmemorykiller( 1893): Using in-kernel low memory killer interface
E/DirectVolume( 1895): Vold managed volumes must have auto mount point; ignoring /storage/sdcard1
E/DirectVolume( 1895): Vold managed volumes must have auto mount point; ignoring /storage/usbdisk0
I/Vold    ( 1895): Vold 2.1 (the revenge) firing up
D/Vold    ( 1895): Volume sdcard1 state changing -1 (Initializing) -> 0 (No-Media)
D/Vold    ( 1895): Volume usbdisk0 state changing -1 (Initializing) -> 0 (No-Media)
I/Cryptfs ( 1895): Check if PFE is activated on Boot
I/Netd    ( 1900): Netd 1.0 starting
E/Netd    ( 1900): Failed to open /proc/sys/net/ipv6/conf/default/accept_ra_rt_table: No such file or directory
E/Netd    ( 1900): Failed to open /proc/sys/net/ipv6/conf/lo/accept_ra_rt_table: No such file or directory
E/Netd    ( 1900): Failed to open /proc/sys/net/ipv6/conf/sit0/accept_ra_rt_table: No such file or directory
E/Netd    ( 1900): Failed to open /proc/sys/net/ipv6/conf/ip6tnl0/accept_ra_rt_table: No such file or directory
E/Netd    ( 1900): Failed to open /proc/sys/net/ipv6/conf/rmnet0/accept_ra_rt_table: No such file or directory
E/Netd    ( 1900): Failed to open /proc/sys/net/ipv6/conf/rmnet1/accept_ra_rt_table: No such file or directory
E/Netd    ( 1900): Failed to open /proc/sys/net/ipv6/conf/rmnet2/accept_ra_rt_table: No such file or directory
I/macloader( 1910): Writing semcosh to /data/.cid.info
D/macloader( 1910): Setting permissions on /data/.cid.info
E/Cryptfs ( 1895): Bad magic for real block device /dev/block/mmcblk0p12
E/Cryptfs ( 1895): Error getting crypt footer and key
W/linker  ( 1905): libsec-ril.so has text relocations. This is wasting memory and prevents security hardening. Please fix.
F/libc    ( 1905): Fatal signal 4 (SIGILL), code 1, fault addr 0x405fd0c0 in tid 1905 (rild)
I/SurfaceFlinger( 1896): SurfaceFlinger is starting
D/SurfaceFlinger( 1896): >>> Run service
D/SecTVOutService( 1896): SecTVOutService instantiate
I/libfimc ( 1896): bool SecFimc::create(SecFimc::FIMC_DEV, fimc_overlay_mode, unsigned int):: Fimc reserved memory =0xffffffea
D/SecTVOutService( 1896): virtual void android::SecTVOutService::setHdmiStatus(uint32_t) HDMI cable status = 1
I/DEBUG   ( 1901): *** *** *** *** *** *** *** *** *** *** *** *** *** *** *** ***
I/DEBUG   ( 1901): Build fingerprint: 'samsung/i9308xx/i9308:5.0.2/LRX22G/builder.20150703085101_R:userdebug/test-keys'
I/DEBUG   ( 1901): Revision: '12'
I/DEBUG   ( 1901): ABI: 'arm'
I/DEBUG   ( 1901): pid: 1905, tid: 1905, name: rild  >>> /system/bin/rild <<<
I/DEBUG   ( 1901): signal 4 (SIGILL), code 1 (ILL_ILLOPC), fault addr 0x405fd0c0
I/DEBUG   ( 1901):     r0 00000017  r1 40644ee3  r2 0000006c  r3 00000005
I/DEBUG   ( 1901):     r4 40649508  r5 40649f58  r6 00000071  r7 40643769
I/DEBUG   ( 1901):     r8 40649508  r9 4058790a  sl 00000000  fp 00000003
I/DEBUG   ( 1901):     ip 00000000  sp bee8a1e8  lr 405fd0b3  pc 405fd0c0  cpsr 200e0030
I/DEBUG   ( 1901): 
I/DEBUG   ( 1901): backtrace:
I/DEBUG   ( 1901):     #00 pc 000130c0  /system/lib/libsqlite.so
I/DEBUG   ( 1901):     #01 pc 000141a1  /system/lib/libsqlite.so (sqlite3_initialize+476)
I/DEBUG   ( 1901):     #02 pc 0004e88b  /system/lib/libsqlite.so
I/DEBUG   ( 1901):     #03 pc 0004e013  /system/lib/libsec-ril.so (loadOpnameDb+34)
I/DEBUG   ( 1901):     #04 pc 000247f7  /system/lib/libsec-ril.so (RIL_Init+54)
I/DEBUG   ( 1901):     #05 pc 00000f4b  /system/bin/rild
I/DEBUG   ( 1901):     #06 pc 0000fb61  /system/lib/libc.so (__libc_init+44)
I/DEBUG   ( 1901):     #07 pc 000010d8  /system/bin/rild
I/DEBUG   ( 1901): 
I/DEBUG   ( 1901): Tombstone written to: /data/tombstones/tombstone_02
I/mediaserver( 1907): ServiceManager: 0x40f500c0
I/AudioFlinger( 1907): Using default 3000 mSec as standby time.
I/ServiceManager( 1907): Waiting for service batterystats...
D/        ( 1896): bool android::SecHdmi::connect()::m_flagHWConnected() fail 
E/SecTVOutService( 1896): virtual void android::SecTVOutService::setHdmiStatus(uint32_t)::mSecHdmi.connect() fail
E/SELinux ( 1894): avc:  denied  { add } for service=SecTVOutService scontext=u:r:surfaceflinger:s0 tcontext=u:object_r:default_android_service:s0 tclass=service_manager
D/SecTVOutService( 1896): SecTVOutService r=0
I/SurfaceFlinger( 1896): SurfaceFlinger's main thread ready to run. Initializing graphics H/W...
D/AndroidRuntime( 1915): 
D/AndroidRuntime( 1915): >>>>>> AndroidRuntime START com.android.internal.os.ZygoteInit <<<<<<
D/libEGL  ( 1896): loaded /system/lib/egl/libEGL_mali.so
D/AndroidRuntime( 1915): CheckJNI is OFF
D/libEGL  ( 1896): loaded /system/lib/egl/libGLESv1_CM_mali.so
D/libEGL  ( 1896): loaded /system/lib/egl/libGLESv2_mali.so
I/art     ( 1915): option[0]=-Xzygote
I/art     ( 1915): option[1]=-Xstacktracefile:/data/anr/traces.txt
I/art     ( 1915): option[2]=exit
I/art     ( 1915): option[3]=vfprintf
I/art     ( 1915): option[4]=sensitiveThread
I/art     ( 1915): option[5]=-verbose:gc
I/art     ( 1915): option[6]=-Xms8m
I/art     ( 1915): option[7]=-Xmx256m
I/art     ( 1915): option[8]=-XX:mainThreadStackSize=24K
I/art     ( 1915): option[9]=-XX:HeapGrowthLimit=96m
I/art     ( 1915): option[10]=-XX:HeapMinFree=2m
I/art     ( 1915): option[11]=-XX:HeapMaxFree=8m
I/art     ( 1915): option[12]=-XX:HeapTargetUtilization=0.75
I/art     ( 1915): option[13]=-Xgenregmap
I/art     ( 1915): option[14]=-Xgc:precise
I/art     ( 1915): option[15]=-agentlib:jdwp=transport=dt_android_adb,suspend=n,server=y
I/art     ( 1915): option[16]=-Xlockprofthreshold:500
I/art     ( 1915): option[17]=-Ximage-compiler-option
I/art     ( 1915): option[18]=--runtime-arg
I/art     ( 1915): option[19]=-Ximage-compiler-option
I/art     ( 1915): option[20]=-Xms64m
I/art     ( 1915): option[21]=-Ximage-compiler-option
I/art     ( 1915): option[22]=--runtime-arg
I/art     ( 1915): option[23]=-Ximage-compiler-option
I/art     ( 1915): option[24]=-Xmx64m
I/art     ( 1915): option[25]=-Ximage-compiler-option
I/art     ( 1915): option[26]=--image-classes-zip=/system/framework/framework.jar
I/art     ( 1915): option[27]=-Ximage-compiler-option
I/art     ( 1915): option[28]=--image-classes=preloaded-classes
I/art     ( 1915): option[29]=-Xcompiler-option
I/art     ( 1915): option[30]=--runtime-arg
I/art     ( 1915): option[31]=-Xcompiler-option
I/art     ( 1915): option[32]=-Xms64m
I/art     ( 1915): option[33]=-Xcompiler-option
I/art     ( 1915): option[34]=--runtime-arg
I/art     ( 1915): option[35]=-Xcompiler-option
I/art     ( 1915): option[36]=-Xmx512m
I/art     ( 1915): option[37]=-Duser.language=zh
I/art     ( 1915): option[38]=-Duser.region=CN
I/art     ( 1915): Pruning dalvik-cache since we are generating an image and will need to recompile
I/art     ( 1915): Using an offset of 0x541000 from default art base address of 0x70000000
I/art     ( 1915): GenerateImage: /system/bin/dex2oat --image=/data/dalvik-cache/arm/system@framework@boot.art --dex-file=/system/framework/core-libart.jar --dex-file=/system/framework/conscrypt.jar --dex-file=/system/framework/okhttp.jar --dex-file=/system/framework/core-junit.jar --dex-file=/system/framework/bouncycastle.jar --dex-file=/system/framework/ext.jar --dex-file=/system/framework/framework.jar --dex-file=/system/framework/telephony-common.jar --dex-file=/system/framework/voip-common.jar --dex-file=/system/framework/ims-common.jar --dex-file=/system/framework/mms-common.jar --dex-file=/system/framework/android.policy.jar --dex-file=/system/framework/apache-xml.jar --dex-file=/system/framework/meizu2_jcifs.jar --dex-file=/system/framework/flyme-framework.jar --dex-file=/system/framework/com.meizu.camera.jar --dex-file=/system/framework/flyme-telephony-common.jar --dex-file=/system/framework/telephony-meizu.jar --oat-file=/data/dalvik-cache/arm/system@framework@boot.oat --instruction-set=arm --instruction-set-features
E/        ( 1896): Device driver API match
E/        ( 1896): Device driver API version: 29
E/        ( 1896): User space API version: 29 
E/        ( 1896): mali: REVISION=Linux-r3p2-01rel3 BUILD_DATE=Tue Jul 22 19:59:34 KST 2014 
D/gralloc ( 1896): int init_frame_buffer_locked(private_module_t*) Initializing framebuffer
I/gralloc ( 1896): using (fd=24)
I/gralloc ( 1896): id           = s3cfb
I/gralloc ( 1896): xres         = 720 px
I/gralloc ( 1896): yres         = 1280 px
I/gralloc ( 1896): xres_virtual = 720 px
I/gralloc ( 1896): yres_virtual = 2560 px
I/gralloc ( 1896): bpp          = 32
I/gralloc ( 1896): r            = 16:8
I/gralloc ( 1896): g            =  8:8
I/gralloc ( 1896): b            =  0:8
I/gralloc ( 1896): width        = 60 mm (304.799988 dpi)
I/gralloc ( 1896): height       = 106 mm (306.716980 dpi)
I/gralloc ( 1896): refresh rate = 60.00 Hz
D/HWCService( 1896): static android::ExynosHWCService* android::ExynosHWCService::getExynosHWCService()::
D/HWCService( 1896): ExynosHWCService Constructor is called
D/HWCService( 1896): int android::ExynosHWCService::createServiceLocked()::
D/HWCService( 1896): adding Exynos.HWCService succeeded
D/HWCService( 1896): HWCCtx=0x406b3000
D/IPService( 1896): static android::ExynosIPService* android::ExynosIPService::getExynosIPService()::
D/IPService( 1896): ExynosIPService Constructor is called
D/IPService( 1896): int android::ExynosIPService::createServiceLocked()::
D/IPService( 1896): adding Exynos.IPService succeeded
D/SECHWC_LOG( 1896): using
D/SECHWC_LOG( 1896): xres         = 720 px
D/SECHWC_LOG( 1896): yres         = 1280 px
D/SECHWC_LOG( 1896): width        = 60 mm (304.800000 dpi)
D/SECHWC_LOG( 1896): height       = 106 mm (306.716000 dpi)
D/SECHWC_LOG( 1896): refresh rate = 60 Hz
E/SECHWC_LOG( 1896): int hwc_device_open(const hw_module_t*, const char*, hw_device_t**)::win-2 add[0]  71700000 
E/SECHWC_LOG( 1896): int hwc_device_open(const hw_module_t*, const char*, hw_device_t**)::win-2 add[1]  71a84000 
E/SECHWC_LOG( 1896): int hwc_device_open(const hw_module_t*, const char*, hw_device_t**)::win-2 add[2]  71e08000 
D/SECHWC_LOG( 1896): Dump Window Information
D/SECHWC_LOG( 1896): win->fd = 34
D/SECHWC_LOG( 1896): win->size = 3686400
D/SECHWC_LOG( 1896): win->rect_info.x = 0
D/SECHWC_LOG( 1896): win->rect_info.y = 0
D/SECHWC_LOG( 1896): win->rect_info.w = 720
D/SECHWC_LOG( 1896): win->rect_info.h = 1280
D/SECHWC_LOG( 1896): win->addr[0] = 0x71700000
D/SECHWC_LOG( 1896): win->addr[1] = 0x71a84000
D/SECHWC_LOG( 1896): win->addr[2] = 0x71e08000
D/SECHWC_LOG( 1896): win->buf_index = 0
D/SECHWC_LOG( 1896): win->power_state = 1
D/SECHWC_LOG( 1896): win->blending = 0
D/SECHWC_LOG( 1896): win->layer_index = 0
D/SECHWC_LOG( 1896): win->status = 0
D/SECHWC_LOG( 1896): win->vsync = 0
D/SECHWC_LOG( 1896): win->fix_info.smem_start = 0x71700000
D/SECHWC_LOG( 1896): win->fix_info.line_length = 2880
D/SECHWC_LOG( 1896): win->var_info.xres = 720
D/SECHWC_LOG( 1896): win->var_info.yres = 1280
D/SECHWC_LOG( 1896): win->var_info.xres_virtual = 720
D/SECHWC_LOG( 1896): win->var_info.yres_virtual = 2560
D/SECHWC_LOG( 1896): win->var_info.xoffset = 0
D/SECHWC_LOG( 1896): win->var_info.yoffset = 0
D/SECHWC_LOG( 1896): win->lcd_info.xres = 720
D/SECHWC_LOG( 1896): win->lcd_info.yres = 1280
D/SECHWC_LOG( 1896): win->lcd_info.xoffset = 0
D/SECHWC_LOG( 1896): win->lcd_info.yoffset = 0
D/SECHWC_LOG( 1896): win->lcd_info.bits_per_pixel = 32
E/SECHWC_LOG( 1896): int hwc_device_open(const hw_module_t*, const char*, hw_device_t**):: hwc_device_open: SUCCESS 
E/SECHWC_LOG( 1896): 
E/SECHWC_LOG( 1896): hwc_device_open:stretch failed -set dbuffer
E/SurfaceFlinger( 1896): composer device failed to initialize (Operation not permitted)
I/SurfaceFlinger( 1896): Using composer version 1.1
I/SurfaceFlinger( 1896): EGL information:
I/SurfaceFlinger( 1896): vendor    : Android
I/SurfaceFlinger( 1896): version   : 1.4 Android META-EGL
I/SurfaceFlinger( 1896): extensions: EGL_KHR_get_all_proc_addresses EGL_ANDROID_presentation_time EGL_KHR_image EGL_KHR_image_base EGL_KHR_image_pixmap EGL_KHR_gl_texture_2D_image EGL_KHR_gl_texture_cubemap_image EGL_KHR_gl_renderbuffer_image EGL_KHR_reusable_sync EGL_KHR_fence_sync EGL_EXT_create_context_robustness EGL_ANDROID_image_native_buffer EGL_ANDROID_recordable 
I/SurfaceFlinger( 1896): Client API: OpenGL_ES
I/SurfaceFlinger( 1896): EGLSurface: 8-8-8-8, config=0x60000014
E/cutils-trace( 2092): Error opening trace file: No such file or directory (2)
I/dex2oat ( 2092): /system/bin/dex2oat --image=/data/dalvik-cache/arm/system@framework@boot.art --dex-file=/system/framework/core-libart.jar --dex-file=/system/framework/conscrypt.jar --dex-file=/system/framework/okhttp.jar --dex-file=/system/framework/core-junit.jar --dex-file=/system/framework/bouncycastle.jar --dex-file=/system/framework/ext.jar --dex-file=/system/framework/framework.jar --dex-file=/system/framework/telephony-common.jar --dex-file=/system/framework/voip-common.jar --dex-file=/system/framework/ims-common.jar --dex-file=/system/framework/mms-common.jar --dex-file=/system/framework/android.policy.jar --dex-file=/system/framework/apache-xml.jar --dex-file=/system/framework/meizu2_jcifs.jar --dex-file=/system/framework/flyme-framework.jar --dex-file=/system/framework/com.meizu.camera.jar --dex-file=/system/framework/flyme-telephony-common.jar --dex-file=/system/framework/telephony-meizu.jar --oat-file=/data/dalvik-cache/arm/system@framework@boot.oat --instruction-set=arm --instruction-set-features=default --base
I/SurfaceFlinger( 1896): OpenGL ES informations:
I/SurfaceFlinger( 1896): vendor    : ARM
I/SurfaceFlinger( 1896): renderer  : Mali-400 MP
I/SurfaceFlinger( 1896): version   : OpenGL ES 2.0
I/SurfaceFlinger( 1896): extensions: GL_EXT_debug_marker GL_OES_texture_npot GL_OES_compressed_ETC1_RGB8_texture GL_OES_standard_derivatives GL_OES_EGL_image GL_OES_depth24 GL_ARM_rgba8 GL_ARM_mali_shader_binary GL_OES_depth_texture GL_OES_packed_depth_stencil GL_EXT_texture_format_BGRA8888 GL_EXT_blend_minmax GL_OES_EGL_image_external GL_OES_EGL_sync GL_OES_rgb8_rgba8 GL_EXT_multisampled_render_to_texture GL_EXT_discard_framebuffer GL_OES_get_program_binary GL_ARM_mali_program_binary GL_EXT_shader_texture_lod GL_EXT_robustness GL_OES_depth_texture_cube_map 
I/SurfaceFlinger( 1896): GL_MAX_TEXTURE_SIZE = 4096
I/SurfaceFlinger( 1896): GL_MAX_VIEWPORT_DIMS = 4096
E/cutils-trace( 1896): Error opening trace file: No such file or directory (2)
D/SurfaceFlinger( 1896): Set power mode=2, type=0 flinger=0x40662000
D/SurfaceFlinger( 1896): shader cache generated - 24 shaders in 35.932083 ms
D/libEGL  ( 2114): loaded /system/lib/egl/libEGL_mali.so
D/libEGL  ( 2114): loaded /system/lib/egl/libGLESv1_CM_mali.so
D/libEGL  ( 2114): loaded /system/lib/egl/libGLESv2_mali.so
V/NatController( 1900): runCmd(/system/bin/iptables -F natctrl_FORWARD) res=0
V/NatController( 1900): runCmd(/system/bin/iptables -A natctrl_FORWARD -j DROP) res=0
V/NatController( 1900): runCmd(/system/bin/iptables -t nat -F natctrl_nat_POSTROUTING) res=0
V/NatController( 1900): runCmd(/system/bin/iptables -F natctrl_tether_counters) res=1
V/NatController( 1900): runCmd(/system/bin/iptables -X natctrl_tether_counters) res=1
V/NatController( 1900): runCmd(/system/bin/iptables -N natctrl_tether_counters) res=0
V/NatController( 1900): runCmd(/system/bin/iptables -t mangle -A natctrl_mangle_FORWARD -p tcp --tcp-flags SYN SYN -j TCPMSS --clamp-mss-to-pmtu) res=0
E/        ( 2114): Device driver API match
E/        ( 2114): Device driver API version: 29
E/        ( 2114): User space API version: 29 
E/        ( 2114): mali: REVISION=Linux-r3p2-01rel3 BUILD_DATE=Tue Jul 22 19:59:34 KST 2014 
E/cutils-trace( 2114): Error opening trace file: No such file or directory (2)
I/ServiceManager( 1907): Waiting for service batterystats...
D/MDnsDS  ( 1900): MDnsSdListener::Hander starting up
D/MDnsDS  ( 1900): MDnsSdListener starting to monitor
D/MDnsDS  ( 1900): Going to poll with pollCount 1
I/ServiceManager( 1907): Waiting for service batterystats...
E/sdcard  ( 1916): missing packages.list; retrying
I/ServiceManager( 1907): Waiting for service batterystats...
I/ServiceManager( 1907): Waiting for service batterystats...
W/linker  ( 2239): libsec-ril.so has text relocations. This is wasting memory and prevents security hardening. Please fix.
F/libc    ( 2239): Fatal signal 4 (SIGILL), code 1, fault addr 0x405fd0c0 in tid 2239 (rild)
I/DEBUG   ( 1901): *** *** *** *** *** *** *** *** *** *** *** *** *** *** *** ***
I/DEBUG   ( 1901): Build fingerprint: 'samsung/i9308xx/i9308:5.0.2/LRX22G/builder.20150703085101_R:userdebug/test-keys'
I/DEBUG   ( 1901): Revision: '12'
I/DEBUG   ( 1901): ABI: 'arm'
I/DEBUG   ( 1901): pid: 2239, tid: 2239, name: rild  >>> /system/bin/rild <<<
I/DEBUG   ( 1901): signal 4 (SIGILL), code 1 (ILL_ILLOPC), fault addr 0x405fd0c0
I/DEBUG   ( 1901):     r0 00000017  r1 40644ee3  r2 0000006c  r3 00000005
I/DEBUG   ( 1901):     r4 40649508  r5 40649f58  r6 00000071  r7 40643769
I/DEBUG   ( 1901):     r8 40649508  r9 4058790a  sl 00000000  fp 00000003
I/DEBUG   ( 1901):     ip 00000000  sp be8331e8  lr 405fd0b3  pc 405fd0c0  cpsr 200e0030
I/DEBUG   ( 1901): 
I/DEBUG   ( 1901): backtrace:
I/DEBUG   ( 1901):     #00 pc 000130c0  /system/lib/libsqlite.so
I/DEBUG   ( 1901):     #01 pc 000141a1  /system/lib/libsqlite.so (sqlite3_initialize+476)
I/DEBUG   ( 1901):     #02 pc 0004e88b  /system/lib/libsqlite.so
I/DEBUG   ( 1901):     #03 pc 0004e013  /system/lib/libsec-ril.so (loadOpnameDb+34)
I/DEBUG   ( 1901):     #04 pc 000247f7  /system/lib/libsec-ril.so (RIL_Init+54)
I/DEBUG   ( 1901):     #05 pc 00000f4b  /system/bin/rild
I/DEBUG   ( 1901):     #06 pc 0000fb61  /system/lib/libc.so (__libc_init+44)
I/DEBUG   ( 1901):     #07 pc 000010d8  /system/bin/rild
I/DEBUG   ( 1901): 
I/DEBUG   ( 1901): Tombstone written to: /data/tombstones/tombstone_08
E/MediaPlayerFactory( 1907): calling dlopen on FACTORY_LIB
E/MediaPlayerFactory( 1907): Failed to open FACTORY_LIB Error : dlopen failed: library "libdashplayer.so" not found 
I/CameraService( 1907): CameraService started (pid=1907)
I/CameraService( 1907): Loaded "Exynos Camera - Dheeraj CVR" camera module
D/exynos_camera( 1907): exynos_camera_get_number_of_cameras()
I/AudioPolicyService( 1907): AudioPolicyService CSTOR in new mode
I/AudioPolicyManager( 1907): loadAudioPolicyConfig() loaded /system/etc/audio_policy.conf
V/audio_hw_primary( 1907): Reading configuration from /system/etc/sound/i9308
E/audio_hw_primary( 1907): Failed to open /system/etc/sound/i9308
E/AudioFlinger( 1907): int android::load_audio_interface(const char*, audio_hw_device_t**) couldn't open audio hw device in audio.primary (Invalid argument)
I/AudioFlinger( 1907): loadHwModule() error -22 loading module primary 
W/AudioPolicyManager( 1907): could not open HW module primary
I/audio_a2dp_hw( 1907): adev_open:  adev_open in A2dp_hw module
I/AudioFlinger( 1907): loadHwModule() Loaded a2dp audio interface from A2DP Audio HW HAL (audio) handle 1
I/AudioFlinger( 1907): loadHwModule() Loaded usb audio interface from USB audio HW HAL (audio) handle 2
I/r_submix( 1907): adev_open(name=audio_hw_if)
I/r_submix( 1907): adev_init_check()
I/AudioFlinger( 1907): loadHwModule() Loaded r_submix audio interface from Wifi Display audio HAL (audio) handle 3
D/r_submix( 1907): adev_open_input_stream()
D/r_submix( 1907): submix_audio_device_create_pipe()
E/MonoPipe( 1907): Failed to fetch local time frequency when constructing a MonoPipe (res = -32).  getNextWriteTimestamp calls will be non-functional
I/AudioFlinger( 1907): AudioFlinger's thread 0x41701000 ready to run
D/r_submix( 1907): adev_close_input_stream()
D/r_submix( 1907): submix_audio_device_release_pipe()
D/r_submix( 1907): submix_audio_device_destroy_pipe(): pipe destroyed
W/AudioPolicyManager( 1907): Input device 00000001 unreachable
W/AudioPolicyManager( 1907): Input device 00000002 unreachable
W/AudioPolicyManager( 1907): Input device 80000004 unreachable
W/AudioPolicyManager( 1907): Input device 80000080 unreachable
E/AudioPolicyManager( 1907): Default device 00000002 is unreachable
E/AudioPolicyManager( 1907): Failed to open primary output
E/AudioPolicyManager( 1907): getDeviceForStrategy() speaker device not found for STRATEGY_SONIFICATION
E/AudioPolicyManager( 1907): getDeviceForStrategy() speaker device not found for STRATEGY_SONIFICATION
E/SoundTriggerHwService( 1907): couldn't load sound trigger module sound_trigger.primary (No such file or directory)
E/sdcard  ( 1916): missing packages.list; retrying
E/sdcard  ( 1916): missing packages.list; retrying
I/dex2oat ( 2092): Explicit concurrent mark sweep GC freed 50534(7MB) AllocSpace objects, 0(0B) LOS objects, 12% free, 26MB/30MB, paused 382us total 149.026ms
W/linker  ( 2246): libsec-ril.so has text relocations. This is wasting memory and prevents security hardening. Please fix.
F/libc    ( 2246): Fatal signal 4 (SIGILL), code 1, fault addr 0x402800c0 in tid 2246 (rild)
I/DEBUG   ( 1901): *** *** *** *** *** *** *** *** *** *** *** *** *** *** *** ***
I/DEBUG   ( 1901): Build fingerprint: 'samsung/i9308xx/i9308:5.0.2/LRX22G/builder.20150703085101_R:userdebug/test-keys'
I/DEBUG   ( 1901): Revision: '12'
I/DEBUG   ( 1901): ABI: 'arm'
I/DEBUG   ( 1901): pid: 2246, tid: 2246, name: rild  >>> /system/bin/rild <<<
I/DEBUG   ( 1901): signal 4 (SIGILL), code 1 (ILL_ILLOPC), fault addr 0x402800c0
I/DEBUG   ( 1901):     r0 00000017  r1 402c7ee3  r2 0000006c  r3 00000005
I/DEBUG   ( 1901):     r4 402cc508  r5 402ccf58  r6 00000071  r7 402c6769
I/DEBUG   ( 1901):     r8 402cc508  r9 4058790a  sl 00000000  fp 00000003
I/DEBUG   ( 1901):     ip 00000000  sp beb371e8  lr 402800b3  pc 402800c0  cpsr 200e0030
I/DEBUG   ( 1901): 
I/DEBUG   ( 1901): backtrace:
I/DEBUG   ( 1901):     #00 pc 000130c0  /system/lib/libsqlite.so
I/DEBUG   ( 1901):     #01 pc 000141a1  /system/lib/libsqlite.so (sqlite3_initialize+476)
I/DEBUG   ( 1901):     #02 pc 0004e88b  /system/lib/libsqlite.so
I/DEBUG   ( 1901):     #03 pc 0004e013  /system/lib/libsec-ril.so (loadOpnameDb+34)
I/DEBUG   ( 1901):     #04 pc 000247f7  /system/lib/libsec-ril.so (RIL_Init+54)
I/DEBUG   ( 1901):     #05 pc 00000f4b  /system/bin/rild
I/DEBUG   ( 1901):     #06 pc 0000fb61  /system/lib/libc.so (__libc_init+44)
I/DEBUG   ( 1901):     #07 pc 000010d8  /system/bin/rild
I/DEBUG   ( 1901): 
I/DEBUG   ( 1901): Tombstone written to: /data/tombstones/tombstone_03
E/sdcard  ( 1916): missing packages.list; retrying
I/dex2oat ( 2092): Method exceeds compiler instruction limit: 21296 in void org.ccil.cowan.tagsoup.HTMLSchema.<init>()
W/linker  ( 2250): libsec-ril.so has text relocations. This is wasting memory and prevents security hardening. Please fix.
F/libc    ( 2250): Fatal signal 4 (SIGILL), code 1, fault addr 0x402a80c0 in tid 2250 (rild)
I/DEBUG   ( 1901): *** *** *** *** *** *** *** *** *** *** *** *** *** *** *** ***
I/DEBUG   ( 1901): Build fingerprint: 'samsung/i9308xx/i9308:5.0.2/LRX22G/builder.20150703085101_R:userdebug/test-keys'
I/DEBUG   ( 1901): Revision: '12'
I/DEBUG   ( 1901): ABI: 'arm'
I/DEBUG   ( 1901): pid: 2250, tid: 2250, name: rild  >>> /system/bin/rild <<<
I/DEBUG   ( 1901): signal 4 (SIGILL), code 1 (ILL_ILLOPC), fault addr 0x402a80c0
I/DEBUG   ( 1901):     r0 00000017  r1 402efee3  r2 0000006c  r3 00000005
I/DEBUG   ( 1901):     r4 402f4508  r5 402f4f58  r6 00000071  r7 402ee769
I/DEBUG   ( 1901):     r8 402f4508  r9 4058790a  sl 00000000  fp 00000003
I/DEBUG   ( 1901):     ip 00000000  sp befc71e8  lr 402a80b3  pc 402a80c0  cpsr 200e0030
I/DEBUG   ( 1901): 
I/DEBUG   ( 1901): backtrace:
I/DEBUG   ( 1901):     #00 pc 000130c0  /system/lib/libsqlite.so
I/DEBUG   ( 1901):     #01 pc 000141a1  /system/lib/libsqlite.so (sqlite3_initialize+476)
I/DEBUG   ( 1901):     #02 pc 0004e88b  /system/lib/libsqlite.so
I/DEBUG   ( 1901):     #03 pc 0004e013  /system/lib/libsec-ril.so (loadOpnameDb+34)
I/DEBUG   ( 1901):     #04 pc 000247f7  /system/lib/libsec-ril.so (RIL_Init+54)
I/DEBUG   ( 1901):     #05 pc 00000f4b  /system/bin/rild
I/DEBUG   ( 1901):     #06 pc 0000fb61  /system/lib/libc.so (__libc_init+44)
I/DEBUG   ( 1901):     #07 pc 000010d8  /system/bin/rild
E/sdcard  ( 1916): missing packages.list; retrying
I/DEBUG   ( 1901): 
I/DEBUG   ( 1901): Tombstone written to: /data/tombstones/tombstone_04
I/dex2oat ( 2092): Method exceeds compiler instruction limit: 30537 in void com.flyme.internal.R.onResourcesLoaded(int)
I/dex2oat ( 2092): Method exceeds compiler instruction limit: 30537 in void flyme.R.onResourcesLoaded(int)
E/sdcard  ( 1916): missing packages.list; retrying
W/linker  ( 2252): libsec-ril.so has text relocations. This is wasting memory and prevents security hardening. Please fix.
F/libc    ( 2252): Fatal signal 4 (SIGILL), code 1, fault addr 0x405fd0c0 in tid 2252 (rild)
I/DEBUG   ( 1901): *** *** *** *** *** *** *** *** *** *** *** *** *** *** *** ***
I/DEBUG   ( 1901): Build fingerprint: 'samsung/i9308xx/i9308:5.0.2/LRX22G/builder.20150703085101_R:userdebug/test-keys'
I/DEBUG   ( 1901): Revision: '12'
I/DEBUG   ( 1901): ABI: 'arm'
I/DEBUG   ( 1901): pid: 2252, tid: 2252, name: rild  >>> /system/bin/rild <<<
I/DEBUG   ( 1901): signal 4 (SIGILL), code 1 (ILL_ILLOPC), fault addr 0x405fd0c0
I/DEBUG   ( 1901):     r0 00000017  r1 40644ee3  r2 0000006c  r3 00000005
I/DEBUG   ( 1901):     r4 40649508  r5 40649f58  r6 00000071  r7 40643769
I/DEBUG   ( 1901):     r8 40649508  r9 4058790a  sl 00000000  fp 00000003
I/DEBUG   ( 1901):     ip 00000000  sp becd21e8  lr 405fd0b3  pc 405fd0c0  cpsr 200e0030
I/DEBUG   ( 1901): 
I/DEBUG   ( 1901): backtrace:
I/DEBUG   ( 1901):     #00 pc 000130c0  /system/lib/libsqlite.so
I/DEBUG   ( 1901):     #01 pc 000141a1  /system/lib/libsqlite.so (sqlite3_initialize+476)
I/DEBUG   ( 1901):     #02 pc 0004e88b  /system/lib/libsqlite.so
I/DEBUG   ( 1901):     #03 pc 0004e013  /system/lib/libsec-ril.so (loadOpnameDb+34)
I/DEBUG   ( 1901):     #04 pc 000247f7  /system/lib/libsec-ril.so (RIL_Init+54)
I/DEBUG   ( 1901):     #05 pc 00000f4b  /system/bin/rild
I/DEBUG   ( 1901):     #06 pc 0000fb61  /system/lib/libc.so (__libc_init+44)
I/DEBUG   ( 1901):     #07 pc 000010d8  /system/bin/rild
I/DEBUG   ( 1901): 
I/DEBUG   ( 1901): Tombstone written to: /data/tombstones/tombstone_05
E/sdcard  ( 1916): missing packages.list; retrying
E/sdcard  ( 1916): missing packages.list; retrying
W/linker  ( 2257): libsec-ril.so has text relocations. This is wasting memory and prevents security hardening. Please fix.
F/libc    ( 2257): Fatal signal 4 (SIGILL), code 1, fault addr 0x405fd0c0 in tid 2257 (rild)
I/DEBUG   ( 1901): *** *** *** *** *** *** *** *** *** *** *** *** *** *** *** ***
I/DEBUG   ( 1901): Build fingerprint: 'samsung/i9308xx/i9308:5.0.2/LRX22G/builder.20150703085101_R:userdebug/test-keys'
I/DEBUG   ( 1901): Revision: '12'
I/DEBUG   ( 1901): ABI: 'arm'
I/DEBUG   ( 1901): pid: 2257, tid: 2257, name: rild  >>> /system/bin/rild <<<
I/DEBUG   ( 1901): signal 4 (SIGILL), code 1 (ILL_ILLOPC), fault addr 0x405fd0c0
I/DEBUG   ( 1901):     r0 00000017  r1 40644ee3  r2 0000006c  r3 00000005
I/DEBUG   ( 1901):     r4 40649508  r5 40649f58  r6 00000071  r7 40643769
I/DEBUG   ( 1901):     r8 40649508  r9 4058790a  sl 00000000  fp 00000003
I/DEBUG   ( 1901):     ip 00000000  sp bec761e8  lr 405fd0b3  pc 405fd0c0  cpsr 200e0030
I/DEBUG   ( 1901): 
I/DEBUG   ( 1901): backtrace:
I/DEBUG   ( 1901):     #00 pc 000130c0  /system/lib/libsqlite.so
I/DEBUG   ( 1901):     #01 pc 000141a1  /system/lib/libsqlite.so (sqlite3_initialize+476)
I/DEBUG   ( 1901):     #02 pc 0004e88b  /system/lib/libsqlite.so
I/DEBUG   ( 1901):     #03 pc 0004e013  /system/lib/libsec-ril.so (loadOpnameDb+34)
I/DEBUG   ( 1901):     #04 pc 000247f7  /system/lib/libsec-ril.so (RIL_Init+54)
I/DEBUG   ( 1901):     #05 pc 00000f4b  /system/bin/rild
I/DEBUG   ( 1901):     #06 pc 0000fb61  /system/lib/libc.so (__libc_init+44)
I/DEBUG   ( 1901):     #07 pc 000010d8  /system/bin/rild
I/DEBUG   ( 1901): 
I/DEBUG   ( 1901): Tombstone written to: /data/tombstones/tombstone_06
I/dex2oat ( 2092): Explicit concurrent mark sweep GC freed 223542(17MB) AllocSpace objects, 0(0B) LOS objects, 23% free, 13MB/17MB, paused 361us total 95.969ms
E/sdcard  ( 1916): missing packages.list; retrying
I/dex2oat ( 2092): dex2oat took 26.523s (threads: 4)
E/sdcard  ( 1916): missing packages.list; retrying
E/cutils-trace( 1915): Error opening trace file: No such file or directory (2)
F/libc    ( 1915): Fatal signal 4 (SIGILL), code 1, fault addr 0x41c500c0 in tid 1915 (main)
I/DEBUG   ( 1901): *** *** *** *** *** *** *** *** *** *** *** *** *** *** *** ***
I/DEBUG   ( 1901): Build fingerprint: 'samsung/i9308xx/i9308:5.0.2/LRX22G/builder.20150703085101_R:userdebug/test-keys'
I/DEBUG   ( 1901): Revision: '12'
I/DEBUG   ( 1901): ABI: 'arm'
I/DEBUG   ( 1901): pid: 1915, tid: 1915, name: main  >>> zygote <<<
I/DEBUG   ( 1901): signal 4 (SIGILL), code 1 (ILL_ILLOPC), fault addr 0x41c500c0
I/DEBUG   ( 1901):     r0 00000017  r1 41c97ee3  r2 0000006c  r3 00000005
I/DEBUG   ( 1901):     r4 41c9c508  r5 41c9cf58  r6 00000071  r7 41c96769
I/DEBUG   ( 1901):     r8 41c9c508  r9 402bf2d0  sl bef9d790  fp bef9d860
I/DEBUG   ( 1901):     ip 00000000  sp bef9d718  lr 41c500b3  pc 41c500c0  cpsr 200d0030
I/DEBUG   ( 1901): 
I/DEBUG   ( 1901): backtrace:
I/DEBUG   ( 1901):     #00 pc 000130c0  /system/lib/libsqlite.so
I/DEBUG   ( 1901):     #01 pc 000141a1  /system/lib/libsqlite.so (sqlite3_initialize+476)
I/DEBUG   ( 1901):     #02 pc 0002ce35  /system/lib/libsqlite.so (sqlite3_soft_heap_limit64+8)
I/DEBUG   ( 1901):     #03 pc 000703a3  /system/lib/libandroid_runtime.so (android::register_android_database_SQLiteGlobal(_JNIEnv*)+34)
I/DEBUG   ( 1901):     #04 pc 0005a111  /system/lib/libandroid_runtime.so
I/DEBUG   ( 1901):     #05 pc 0005b161  /system/lib/libandroid_runtime.so (android::AndroidRuntime::startReg(_JNIEnv*)+28)
I/DEBUG   ( 1901):     #06 pc 0005b29d  /system/lib/libandroid_runtime.so (android::AndroidRuntime::start(char const*, android::Vector<android::String8> const&)+276)
I/DEBUG   ( 1901):     #07 pc 00001655  /system/bin/app_process32
I/DEBUG   ( 1901):     #08 pc 0000fb61  /system/lib/libc.so (__libc_init+44)
I/DEBUG   ( 1901):     #09 pc 00001770  /system/bin/app_process32
W/linker  ( 2266): libsec-ril.so has text relocations. This is wasting memory and prevents security hardening. Please fix.
F/libc    ( 2266): Fatal signal 4 (SIGILL), code 1, fault addr 0x405fd0c0 in tid 2266 (rild)
I/DEBUG   ( 1901): 
I/DEBUG   ( 1901): Tombstone written to: /data/tombstones/tombstone_07
I/DEBUG   ( 1901): *** *** *** *** *** *** *** *** *** *** *** *** *** *** *** ***
I/DEBUG   ( 1901): Build fingerprint: 'samsung/i9308xx/i9308:5.0.2/LRX22G/builder.20150703085101_R:userdebug/test-keys'
I/DEBUG   ( 1901): Revision: '12'
I/DEBUG   ( 1901): ABI: 'arm'
I/DEBUG   ( 1901): pid: 2266, tid: 2266, name: rild  >>> /system/bin/rild <<<
I/DEBUG   ( 1901): signal 4 (SIGILL), code 1 (ILL_ILLOPC), fault addr 0x405fd0c0
I/DEBUG   ( 1901):     r0 00000017  r1 40644ee3  r2 0000006c  r3 00000005
I/DEBUG   ( 1901):     r4 40649508  r5 40649f58  r6 00000071  r7 40643769
I/DEBUG   ( 1901):     r8 40649508  r9 4058790a  sl 00000000  fp 00000003
I/DEBUG   ( 1901):     ip 00000000  sp bec2e1e8  lr 405fd0b3  pc 405fd0c0  cpsr 200e0030
I/DEBUG   ( 1901): 
I/DEBUG   ( 1901): backtrace:
I/DEBUG   ( 1901):     #00 pc 000130c0  /system/lib/libsqlite.so
I/DEBUG   ( 1901):     #01 pc 000141a1  /system/lib/libsqlite.so (sqlite3_initialize+476)
I/DEBUG   ( 1901):     #02 pc 0004e88b  /system/lib/libsqlite.so
I/DEBUG   ( 1901):     #03 pc 0004e013  /system/lib/libsec-ril.so (loadOpnameDb+34)
I/DEBUG   ( 1901):     #04 pc 000247f7  /system/lib/libsec-ril.so (RIL_Init+54)
I/DEBUG   ( 1901):     #05 pc 00000f4b  /system/bin/rild
I/DEBUG   ( 1901):     #06 pc 0000fb61  /system/lib/libc.so (__libc_init+44)
I/DEBUG   ( 1901):     #07 pc 000010d8  /system/bin/rild
I/ServiceManager( 1894): service 'media.audio_flinger' died
I/ServiceManager( 1894): service 'media.player' died
I/ServiceManager( 1894): service 'media.camera' died
I/ServiceManager( 1894): service 'media.audio_policy' died
I/ServiceManager( 1894): service 'media.sound_trigger_hw' died
I/Netd    ( 2269): Netd 1.0 starting
E/Netd    ( 2269): Failed to open /proc/sys/net/ipv6/conf/default/accept_ra_rt_table: No such file or directory
E/Netd    ( 2269): Failed to open /proc/sys/net/ipv6/conf/lo/accept_ra_rt_table: No such file or directory
E/Netd    ( 2269): Failed to open /proc/sys/net/ipv6/conf/sit0/accept_ra_rt_table: No such file or directory
E/Netd    ( 2269): Failed to open /proc/sys/net/ipv6/conf/ip6tnl0/accept_ra_rt_table: No such file or directory
E/Netd    ( 2269): Failed to open /proc/sys/net/ipv6/conf/rmnet0/accept_ra_rt_table: No such file or directory
E/Netd    ( 2269): Failed to open /proc/sys/net/ipv6/conf/rmnet1/accept_ra_rt_table: No such file or directory
E/Netd    ( 2269): Failed to open /proc/sys/net/ipv6/conf/rmnet2/accept_ra_rt_table: No such file or directory
I/DEBUG   ( 1901): 
I/DEBUG   ( 1901): Tombstone written to: /data/tombstones/tombstone_09
D/AndroidRuntime( 2268): 
D/AndroidRuntime( 2268): >>>>>> AndroidRuntime START com.android.internal.os.ZygoteInit <<<<<<
D/AndroidRuntime( 2268): CheckJNI is OFF
I/art     ( 2268): option[0]=-Xzygote
I/art     ( 2268): option[1]=-Xstacktracefile:/data/anr/traces.txt
I/art     ( 2268): option[2]=exit
I/art     ( 2268): option[3]=vfprintf
I/art     ( 2268): option[4]=sensitiveThread
I/art     ( 2268): option[5]=-verbose:gc
I/art     ( 2268): option[6]=-Xms8m
I/art     ( 2268): option[7]=-Xmx256m
I/art     ( 2268): option[8]=-XX:mainThreadStackSize=24K
I/art     ( 2268): option[9]=-XX:HeapGrowthLimit=96m
I/art     ( 2268): option[10]=-XX:HeapMinFree=2m
I/art     ( 2268): option[11]=-XX:HeapMaxFree=8m
I/art     ( 2268): option[12]=-XX:HeapTargetUtilization=0.75
I/art     ( 2268): option[13]=-Xgenregmap
I/art     ( 2268): option[14]=-Xgc:precise
I/art     ( 2268): option[15]=-agentlib:jdwp=transport=dt_android_adb,suspend=n,server=y
I/art     ( 2268): option[16]=-Xlockprofthreshold:500
I/art     ( 2268): option[17]=-Ximage-compiler-option
I/art     ( 2268): option[18]=--runtime-arg
I/art     ( 2268): option[19]=-Ximage-compiler-option
I/art     ( 2268): option[20]=-Xms64m
I/art     ( 2268): option[21]=-Ximage-compiler-option
I/art     ( 2268): option[22]=--runtime-arg
I/art     ( 2268): option[23]=-Ximage-compiler-option
I/art     ( 2268): option[24]=-Xmx64m
I/art     ( 2268): option[25]=-Ximage-compiler-option
I/art     ( 2268): option[26]=--image-classes-zip=/system/framework/framework.jar
I/art     ( 2268): option[27]=-Ximage-compiler-option
I/art     ( 2268): option[28]=--image-classes=preloaded-classes
I/art     ( 2268): option[29]=-Xcompiler-option
I/art     ( 2268): option[30]=--runtime-arg
I/art     ( 2268): option[31]=-Xcompiler-option
I/art     ( 2268): option[32]=-Xms64m
I/art     ( 2268): option[33]=-Xcompiler-option
I/art     ( 2268): option[34]=--runtime-arg
I/art     ( 2268): option[35]=-Xcompiler-option
I/art     ( 2268): option[36]=-Xmx512m
I/art     ( 2268): option[37]=-Duser.language=zh
I/art     ( 2268): option[38]=-Duser.region=CN
I/mediaserver( 2270): ServiceManager: 0x40e500c0
I/AudioFlinger( 2270): Using default 3000 mSec as standby time.
I/ServiceManager( 2270): Waiting for service batterystats...
E/cutils-trace( 2268): Error opening trace file: No such file or directory (2)
F/libc    ( 2268): Fatal signal 4 (SIGILL), code 1, fault addr 0x41c770c0 in tid 2268 (main)
I/DEBUG   ( 1901): *** *** *** *** *** *** *** *** *** *** *** *** *** *** *** ***
I/DEBUG   ( 1901): Build fingerprint: 'samsung/i9308xx/i9308:5.0.2/LRX22G/builder.20150703085101_R:userdebug/test-keys'
I/DEBUG   ( 1901): Revision: '12'
I/DEBUG   ( 1901): ABI: 'arm'
I/DEBUG   ( 1901): pid: 2268, tid: 2268, name: main  >>> zygote <<<
I/DEBUG   ( 1901): signal 4 (SIGILL), code 1 (ILL_ILLOPC), fault addr 0x41c770c0
I/DEBUG   ( 1901):     r0 00000017  r1 41cbeee3  r2 0000006c  r3 00000005
I/DEBUG   ( 1901):     r4 41cc3508  r5 41cc3f58  r6 00000071  r7 41cbd769
I/DEBUG   ( 1901):     r8 41cc3508  r9 4036d2d0  sl bea91790  fp bea91860
I/DEBUG   ( 1901):     ip 00000000  sp bea91718  lr 41c770b3  pc 41c770c0  cpsr 200d0030
I/DEBUG   ( 1901): 
I/DEBUG   ( 1901): backtrace:
I/DEBUG   ( 1901):     #00 pc 000130c0  /system/lib/libsqlite.so
I/DEBUG   ( 1901):     #01 pc 000141a1  /system/lib/libsqlite.so (sqlite3_initialize+476)
I/DEBUG   ( 1901):     #02 pc 0002ce35  /system/lib/libsqlite.so (sqlite3_soft_heap_limit64+8)
I/DEBUG   ( 1901):     #03 pc 000703a3  /system/lib/libandroid_runtime.so (android::register_android_database_SQLiteGlobal(_JNIEnv*)+34)
I/DEBUG   ( 1901):     #04 pc 0005a111  /system/lib/libandroid_runtime.so
I/DEBUG   ( 1901):     #05 pc 0005b161  /system/lib/libandroid_runtime.so (android::AndroidRuntime::startReg(_JNIEnv*)+28)
I/DEBUG   ( 1901):     #06 pc 0005b29d  /system/lib/libandroid_runtime.so (android::AndroidRuntime::start(char const*, android::Vector<android::String8> const&)+276)
I/DEBUG   ( 1901):     #07 pc 00001655  /system/bin/app_process32
I/DEBUG   ( 1901):     #08 pc 0000fb61  /system/lib/libc.so (__libc_init+44)
I/DEBUG   ( 1901):     #09 pc 00001770  /system/bin/app_process32
I/DEBUG   ( 1901): 
I/DEBUG   ( 1901): Tombstone written to: /data/tombstones/tombstone_00
I/ServiceManager( 1894): service 'media.audio_flinger' died
E/sdcard  ( 1916): missing packages.list; retrying
W/linker  ( 2394): libsec-ril.so has text relocations. This is wasting memory and prevents security hardening. Please fix.
F/libc    ( 2394): Fatal signal 4 (SIGILL), code 1, fault addr 0x403330c0 in tid 2394 (rild)
I/DEBUG   ( 1901): *** *** *** *** *** *** *** *** *** *** *** *** *** *** *** ***
I/DEBUG   ( 1901): Build fingerprint: 'samsung/i9308xx/i9308:5.0.2/LRX22G/builder.20150703085101_R:userdebug/test-keys'
I/DEBUG   ( 1901): Revision: '12'
I/DEBUG   ( 1901): ABI: 'arm'
I/DEBUG   ( 1901): pid: 2394, tid: 2394, name: rild  >>> /system/bin/rild <<<
I/DEBUG   ( 1901): signal 4 (SIGILL), code 1 (ILL_ILLOPC), fault addr 0x403330c0
I/DEBUG   ( 1901):     r0 00000017  r1 4037aee3  r2 0000006c  r3 00000005
I/DEBUG   ( 1901):     r4 4037f508  r5 4037ff58  r6 00000071  r7 40379769
I/DEBUG   ( 1901):     r8 4037f508  r9 4068790a  sl 00000000  fp 00000003
I/DEBUG   ( 1901):     ip 00000000  sp bed451e8  lr 403330b3  pc 403330c0  cpsr 200e0030
I/DEBUG   ( 1901): 
I/DEBUG   ( 1901): backtrace:
I/DEBUG   ( 1901):     #00 pc 000130c0  /system/lib/libsqlite.so
I/DEBUG   ( 1901):     #01 pc 000141a1  /system/lib/libsqlite.so (sqlite3_initialize+476)
I/DEBUG   ( 1901):     #02 pc 0004e88b  /system/lib/libsqlite.so
I/DEBUG   ( 1901):     #03 pc 0004e013  /system/lib/libsec-ril.so (loadOpnameDb+34)
I/DEBUG   ( 1901):     #04 pc 000247f7  /system/lib/libsec-ril.so (RIL_Init+54)
I/DEBUG   ( 1901):     #05 pc 00000f4b  /system/bin/rild
I/DEBUG   ( 1901):     #06 pc 0000fb61  /system/lib/libc.so (__libc_init+44)
I/DEBUG   ( 1901):     #07 pc 000010d8  /system/bin/rild
E/sdcard  ( 1916): missing packages.list; retrying
I/DEBUG   ( 1901): 
I/DEBUG   ( 1901): Tombstone written to: /data/tombstones/tombstone_01
I/Netd    ( 2396): Netd 1.0 starting
E/Netd    ( 2396): Failed to open /proc/sys/net/ipv6/conf/default/accept_ra_rt_table: No such file or directory
E/Netd    ( 2396): Failed to open /proc/sys/net/ipv6/conf/lo/accept_ra_rt_table: No such file or directory
E/Netd    ( 2396): Failed to open /proc/sys/net/ipv6/conf/sit0/accept_ra_rt_table: No such file or directory
E/Netd    ( 2396): Failed to open /proc/sys/net/ipv6/conf/ip6tnl0/accept_ra_rt_table: No such file or directory
E/Netd    ( 2396): Failed to open /proc/sys/net/ipv6/conf/rmnet0/accept_ra_rt_table: No such file or directory
E/Netd    ( 2396): Failed to open /proc/sys/net/ipv6/conf/rmnet1/accept_ra_rt_table: No such file or directory
E/Netd    ( 2396): Failed to open /proc/sys/net/ipv6/conf/rmnet2/accept_ra_rt_table: No such file or directory
D/AndroidRuntime( 2398): 
D/AndroidRuntime( 2398): >>>>>> AndroidRuntime START com.android.internal.os.ZygoteInit <<<<<<
D/AndroidRuntime( 2398): CheckJNI is OFF
I/art     ( 2398): option[0]=-Xzygote
I/art     ( 2398): option[1]=-Xstacktracefile:/data/anr/traces.txt
I/art     ( 2398): option[2]=exit
I/art     ( 2398): option[3]=vfprintf
I/art     ( 2398): option[4]=sensitiveThread
I/art     ( 2398): option[5]=-verbose:gc
I/art     ( 2398): option[6]=-Xms8m
I/art     ( 2398): option[7]=-Xmx256m
I/art     ( 2398): option[8]=-XX:mainThreadStackSize=24K
I/art     ( 2398): option[9]=-XX:HeapGrowthLimit=96m
I/art     ( 2398): option[10]=-XX:HeapMinFree=2m
I/art     ( 2398): option[11]=-XX:HeapMaxFree=8m
I/art     ( 2398): option[12]=-XX:HeapTargetUtilization=0.75
I/art     ( 2398): option[13]=-Xgenregmap
I/art     ( 2398): option[14]=-Xgc:precise
I/art     ( 2398): option[15]=-agentlib:jdwp=transport=dt_android_adb,suspend=n,server=y
I/art     ( 2398): option[16]=-Xlockprofthreshold:500
I/art     ( 2398): option[17]=-Ximage-compiler-option
I/art     ( 2398): option[18]=--runtime-arg
I/art     ( 2398): option[19]=-Ximage-compiler-option
I/art     ( 2398): option[20]=-Xms64m
I/art     ( 2398): option[21]=-Ximage-compiler-option
I/art     ( 2398): option[22]=--runtime-arg
I/art     ( 2398): option[23]=-Ximage-compiler-option
I/art     ( 2398): option[24]=-Xmx64m
I/art     ( 2398): option[25]=-Ximage-compiler-option
I/art     ( 2398): option[26]=--image-classes-zip=/system/framework/framework.jar
I/art     ( 2398): option[27]=-Ximage-compiler-option
I/art     ( 2398): option[28]=--image-classes=preloaded-classes
I/art     ( 2398): option[29]=-Xcompiler-option
I/art     ( 2398): option[30]=--runtime-arg
I/art     ( 2398): option[31]=-Xcompiler-option
I/art     ( 2398): option[32]=-Xms64m
I/art     ( 2398): option[33]=-Xcompiler-option
I/art     ( 2398): option[34]=--runtime-arg
I/art     ( 2398): option[35]=-Xcompiler-option
I/art     ( 2398): option[36]=-Xmx512m
I/art     ( 2398): option[37]=-Duser.language=zh
I/art     ( 2398): option[38]=-Duser.region=CN
I/mediaserver( 2397): ServiceManager: 0x40e500c0
I/AudioFlinger( 2397): Using default 3000 mSec as standby time.
I/ServiceManager( 2397): Waiting for service batterystats...
E/cutils-trace( 2398): Error opening trace file: No such file or directory (2)
F/libc    ( 2398): Fatal signal 4 (SIGILL), code 1, fault addr 0x41c5d0c0 in tid 2398 (main)
I/DEBUG   ( 1901): *** *** *** *** *** *** *** *** *** *** *** *** *** *** *** ***
I/DEBUG   ( 1901): Build fingerprint: 'samsung/i9308xx/i9308:5.0.2/LRX22G/builder.20150703085101_R:userdebug/test-keys'
I/DEBUG   ( 1901): Revision: '12'
I/DEBUG   ( 1901): ABI: 'arm'
I/DEBUG   ( 1901): pid: 2398, tid: 2398, name: main  >>> zygote <<<
I/DEBUG   ( 1901): signal 4 (SIGILL), code 1 (ILL_ILLOPC), fault addr 0x41c5d0c0
I/DEBUG   ( 1901):     r0 00000017  r1 41ca4ee3  r2 0000006c  r3 00000005
I/DEBUG   ( 1901):     r4 41ca9508  r5 41ca9f58  r6 00000071  r7 41ca3769
I/DEBUG   ( 1901):     r8 41ca9508  r9 403802d0  sl bef44790  fp bef44860
I/DEBUG   ( 1901):     ip 00000000  sp bef44718  lr 41c5d0b3  pc 41c5d0c0  cpsr 200d0030
I/DEBUG   ( 1901): 
I/DEBUG   ( 1901): backtrace:
I/DEBUG   ( 1901):     #00 pc 000130c0  /system/lib/libsqlite.so
I/DEBUG   ( 1901):     #01 pc 000141a1  /system/lib/libsqlite.so (sqlite3_initialize+476)
I/DEBUG   ( 1901):     #02 pc 0002ce35  /system/lib/libsqlite.so (sqlite3_soft_heap_limit64+8)
I/DEBUG   ( 1901):     #03 pc 000703a3  /system/lib/libandroid_runtime.so (android::register_android_database_SQLiteGlobal(_JNIEnv*)+34)
I/DEBUG   ( 1901):     #04 pc 0005a111  /system/lib/libandroid_runtime.so
I/DEBUG   ( 1901):     #05 pc 0005b161  /system/lib/libandroid_runtime.so (android::AndroidRuntime::startReg(_JNIEnv*)+28)
I/DEBUG   ( 1901):     #06 pc 0005b29d  /system/lib/libandroid_runtime.so (android::AndroidRuntime::start(char const*, android::Vector<android::String8> const&)+276)
I/DEBUG   ( 1901):     #07 pc 00001655  /system/bin/app_process32
I/DEBUG   ( 1901):     #08 pc 0000fb61  /system/lib/libc.so (__libc_init+44)
I/DEBUG   ( 1901):     #09 pc 00001770  /system/bin/app_process32
I/DEBUG   ( 1901): 
I/DEBUG   ( 1901): Tombstone written to: /data/tombstones/tombstone_02
I/ServiceManager( 1894): service 'media.audio_flinger' died
E/sdcard  ( 1916): missing packages.list; retrying
W/linker  ( 2482): libsec-ril.so has text relocations. This is wasting memory and prevents security hardening. Please fix.
F/libc    ( 2482): Fatal signal 4 (SIGILL), code 1, fault addr 0x405fd0c0 in tid 2482 (rild)
I/DEBUG   ( 1901): *** *** *** *** *** *** *** *** *** *** *** *** *** *** *** ***
I/DEBUG   ( 1901): Build fingerprint: 'samsung/i9308xx/i9308:5.0.2/LRX22G/builder.20150703085101_R:userdebug/test-keys'
I/DEBUG   ( 1901): Revision: '12'
I/DEBUG   ( 1901): ABI: 'arm'
I/DEBUG   ( 1901): pid: 2482, tid: 2482, name: rild  >>> /system/bin/rild <<<
I/DEBUG   ( 1901): signal 4 (SIGILL), code 1 (ILL_ILLOPC), fault addr 0x405fd0c0
I/DEBUG   ( 1901):     r0 00000017  r1 40644ee3  r2 0000006c  r3 00000005
I/DEBUG   ( 1901):     r4 40649508  r5 40649f58  r6 00000071  r7 40643769
I/DEBUG   ( 1901):     r8 40649508  r9 4058790a  sl 00000000  fp 00000003
I/DEBUG   ( 1901):     ip 00000000  sp be9341e8  lr 405fd0b3  pc 405fd0c0  cpsr 200e0030
I/DEBUG   ( 1901): 
I/DEBUG   ( 1901): backtrace:
I/DEBUG   ( 1901):     #00 pc 000130c0  /system/lib/libsqlite.so
I/DEBUG   ( 1901):     #01 pc 000141a1  /system/lib/libsqlite.so (sqlite3_initialize+476)
I/DEBUG   ( 1901):     #02 pc 0004e88b  /system/lib/libsqlite.so
I/DEBUG   ( 1901):     #03 pc 0004e013  /system/lib/libsec-ril.so (loadOpnameDb+34)
I/DEBUG   ( 1901):     #04 pc 000247f7  /system/lib/libsec-ril.so (RIL_Init+54)
I/DEBUG   ( 1901):     #05 pc 00000f4b  /system/bin/rild
I/DEBUG   ( 1901):     #06 pc 0000fb61  /system/lib/libc.so (__libc_init+44)
I/DEBUG   ( 1901):     #07 pc 000010d8  /system/bin/rild
I/DEBUG   ( 1901): 
I/DEBUG   ( 1901): Tombstone written to: /data/tombstones/tombstone_08
I/Netd    ( 2484): Netd 1.0 starting
E/Netd    ( 2484): Failed to open /proc/sys/net/ipv6/conf/default/accept_ra_rt_table: No such file or directory
E/Netd    ( 2484): Failed to open /proc/sys/net/ipv6/conf/lo/accept_ra_rt_table: No such file or directory
E/Netd    ( 2484): Failed to open /proc/sys/net/ipv6/conf/sit0/accept_ra_rt_table: No such file or directory
E/Netd    ( 2484): Failed to open /proc/sys/net/ipv6/conf/ip6tnl0/accept_ra_rt_table: No such file or directory
E/Netd    ( 2484): Failed to open /proc/sys/net/ipv6/conf/rmnet0/accept_ra_rt_table: No such file or directory
E/Netd    ( 2484): Failed to open /proc/sys/net/ipv6/conf/rmnet1/accept_ra_rt_table: No such file or directory
E/Netd    ( 2484): Failed to open /proc/sys/net/ipv6/conf/rmnet2/accept_ra_rt_table: No such file or directory
D/AndroidRuntime( 2486): 
D/AndroidRuntime( 2486): >>>>>> AndroidRuntime START com.android.internal.os.ZygoteInit <<<<<<
D/AndroidRuntime( 2486): CheckJNI is OFF
I/art     ( 2486): option[0]=-Xzygote
I/art     ( 2486): option[1]=-Xstacktracefile:/data/anr/traces.txt
I/art     ( 2486): option[2]=exit
I/art     ( 2486): option[3]=vfprintf
I/art     ( 2486): option[4]=sensitiveThread
I/art     ( 2486): option[5]=-verbose:gc
I/art     ( 2486): option[6]=-Xms8m
I/art     ( 2486): option[7]=-Xmx256m
I/art     ( 2486): option[8]=-XX:mainThreadStackSize=24K
I/art     ( 2486): option[9]=-XX:HeapGrowthLimit=96m
I/art     ( 2486): option[10]=-XX:HeapMinFree=2m
I/art     ( 2486): option[11]=-XX:HeapMaxFree=8m
I/art     ( 2486): option[12]=-XX:HeapTargetUtilization=0.75
I/art     ( 2486): option[13]=-Xgenregmap
I/art     ( 2486): option[14]=-Xgc:precise
I/art     ( 2486): option[15]=-agentlib:jdwp=transport=dt_android_adb,suspend=n,server=y
I/art     ( 2486): option[16]=-Xlockprofthreshold:500
I/art     ( 2486): option[17]=-Ximage-compiler-option
I/art     ( 2486): option[18]=--runtime-arg
I/art     ( 2486): option[19]=-Ximage-compiler-option
I/art     ( 2486): option[20]=-Xms64m
I/art     ( 2486): option[21]=-Ximage-compiler-option
I/art     ( 2486): option[22]=--runtime-arg
I/art     ( 2486): option[23]=-Ximage-compiler-option
I/art     ( 2486): option[24]=-Xmx64m
I/art     ( 2486): option[25]=-Ximage-compiler-option
I/art     ( 2486): option[26]=--image-classes-zip=/system/framework/framework.jar
I/art     ( 2486): option[27]=-Ximage-compiler-option
I/art     ( 2486): option[28]=--image-classes=preloaded-classes
I/art     ( 2486): option[29]=-Xcompiler-option
I/art     ( 2486): option[30]=--runtime-arg
I/art     ( 2486): option[31]=-Xcompiler-option
I/art     ( 2486): option[32]=-Xms64m
I/art     ( 2486): option[33]=-Xcompiler-option
I/art     ( 2486): option[34]=--runtime-arg
I/art     ( 2486): option[35]=-Xcompiler-option
I/art     ( 2486): option[36]=-Xmx512m
I/art     ( 2486): option[37]=-Duser.language=zh
I/art     ( 2486): option[38]=-Duser.region=CN
I/mediaserver( 2485): ServiceManager: 0x40f500c0
I/AudioFlinger( 2485): Using default 3000 mSec as standby time.
I/ServiceManager( 2485): Waiting for service batterystats...
E/cutils-trace( 2486): Error opening trace file: No such file or directory (2)
F/libc    ( 2486): Fatal signal 4 (SIGILL), code 1, fault addr 0x41c600c0 in tid 2486 (main)
I/DEBUG   ( 1901): *** *** *** *** *** *** *** *** *** *** *** *** *** *** *** ***
