I/DEBUG   ( 1901): Build fingerprint: 'samsung/i9308xx/i9308:5.0.2/LRX22G/builder.20150703085101_R:userdebug/test-keys'
I/DEBUG   ( 1901): Revision: '12'
I/DEBUG   ( 1901): ABI: 'arm'
I/DEBUG   ( 1901): pid: 2486, tid: 2486, name: main  >>> zygote <<<
I/DEBUG   ( 1901): signal 4 (SIGILL), code 1 (ILL_ILLOPC), fault addr 0x41c600c0
I/DEBUG   ( 1901):     r0 00000017  r1 41ca7ee3  r2 0000006c  r3 00000005
I/DEBUG   ( 1901):     r4 41cac508  r5 41cacf58  r6 00000071  r7 41ca6769
I/DEBUG   ( 1901):     r8 41cac508  r9 403112d0  sl befa9790  fp befa9860
I/DEBUG   ( 1901):     ip 00000000  sp befa9718  lr 41c600b3  pc 41c600c0  cpsr 200d0030
I/DEBUG   ( 1901): 
I/DEBUG   ( 1901): backtrace:
I/DEBUG   ( 1901):     #00 pc 000130c0  /system/lib/libsqlite.so
I/DEBUG   ( 1901):     #01 pc 000141a1  /system/lib/libsqlite.so (sqlite3_initialize+476)
I/DEBUG   ( 1901):     #02 pc 0002ce35  /system/lib/libsqlite.so (sqlite3_soft_heap_limit64+8)
I/DEBUG   ( 1901):     #03 pc 000703a3  /system/lib/libandroid_runtime.so (android::register_android_database_SQLiteGlobal(_JNIEnv*)+34)
I/DEBUG   ( 1901):     #04 pc 0005a111  /system/lib/libandroid_runtime.so
I/DEBUG   ( 1901):     #05 pc 0005b161  /system/lib/libandroid_runtime.so (android::AndroidRuntime::startReg(_JNIEnv*)+28)
I/DEBUG   ( 1901):     #06 pc 0005b29d  /system/lib/libandroid_runtime.so (android::AndroidRuntime::start(char const*, android::Vector<android::String8> const&)+276)
I/DEBUG   ( 1901):     #07 pc 00001655  /system/bin/app_process32
I/DEBUG   ( 1901):     #08 pc 0000fb61  /system/lib/libc.so (__libc_init+44)
I/DEBUG   ( 1901):     #09 pc 00001770  /system/bin/app_process32
I/DEBUG   ( 1901): 
I/DEBUG   ( 1901): Tombstone written to: /data/tombstones/tombstone_03
I/ServiceManager( 1894): service 'media.audio_flinger' died
E/sdcard  ( 1916): missing packages.list; retrying
E/sdcard  ( 1916): missing packages.list; retrying
W/linker  ( 2562): libsec-ril.so has text relocations. This is wasting memory and prevents security hardening. Please fix.
F/libc    ( 2562): Fatal signal 4 (SIGILL), code 1, fault addr 0x405fd0c0 in tid 2562 (rild)
I/DEBUG   ( 1901): *** *** *** *** *** *** *** *** *** *** *** *** *** *** *** ***
I/DEBUG   ( 1901): Build fingerprint: 'samsung/i9308xx/i9308:5.0.2/LRX22G/builder.20150703085101_R:userdebug/test-keys'
I/DEBUG   ( 1901): Revision: '12'
I/DEBUG   ( 1901): ABI: 'arm'
I/DEBUG   ( 1901): pid: 2562, tid: 2562, name: rild  >>> /system/bin/rild <<<
I/DEBUG   ( 1901): signal 4 (SIGILL), code 1 (ILL_ILLOPC), fault addr 0x405fd0c0
I/DEBUG   ( 1901):     r0 00000017  r1 40644ee3  r2 0000006c  r3 00000005
I/DEBUG   ( 1901):     r4 40649508  r5 40649f58  r6 00000071  r7 40643769
I/DEBUG   ( 1901):     r8 40649508  r9 4058790a  sl 00000000  fp 00000003
I/DEBUG   ( 1901):     ip 00000000  sp bed891e8  lr 405fd0b3  pc 405fd0c0  cpsr 200e0030
I/DEBUG   ( 1901): 
I/DEBUG   ( 1901): backtrace:
I/DEBUG   ( 1901):     #00 pc 000130c0  /system/lib/libsqlite.so
I/DEBUG   ( 1901):     #01 pc 000141a1  /system/lib/libsqlite.so (sqlite3_initialize+476)
I/DEBUG   ( 1901):     #02 pc 0004e88b  /system/lib/libsqlite.so
I/DEBUG   ( 1901):     #03 pc 0004e013  /system/lib/libsec-ril.so (loadOpnameDb+34)
I/DEBUG   ( 1901):     #04 pc 000247f7  /system/lib/libsec-ril.so (RIL_Init+54)
I/DEBUG   ( 1901):     #05 pc 00000f4b  /system/bin/rild
I/DEBUG   ( 1901):     #06 pc 0000fb61  /system/lib/libc.so (__libc_init+44)
I/DEBUG   ( 1901):     #07 pc 000010d8  /system/bin/rild
I/DEBUG   ( 1901): 
I/DEBUG   ( 1901): Tombstone written to: /data/tombstones/tombstone_04
I/Netd    ( 2564): Netd 1.0 starting
E/Netd    ( 2564): Failed to open /proc/sys/net/ipv6/conf/default/accept_ra_rt_table: No such file or directory
E/Netd    ( 2564): Failed to open /proc/sys/net/ipv6/conf/lo/accept_ra_rt_table: No such file or directory
E/Netd    ( 2564): Failed to open /proc/sys/net/ipv6/conf/sit0/accept_ra_rt_table: No such file or directory
E/Netd    ( 2564): Failed to open /proc/sys/net/ipv6/conf/ip6tnl0/accept_ra_rt_table: No such file or directory
E/Netd    ( 2564): Failed to open /proc/sys/net/ipv6/conf/rmnet0/accept_ra_rt_table: No such file or directory
E/Netd    ( 2564): Failed to open /proc/sys/net/ipv6/conf/rmnet1/accept_ra_rt_table: No such file or directory
E/Netd    ( 2564): Failed to open /proc/sys/net/ipv6/conf/rmnet2/accept_ra_rt_table: No such file or directory
D/AndroidRuntime( 2566): 
D/AndroidRuntime( 2566): >>>>>> AndroidRuntime START com.android.internal.os.ZygoteInit <<<<<<
D/AndroidRuntime( 2566): CheckJNI is OFF
I/art     ( 2566): option[0]=-Xzygote
I/art     ( 2566): option[1]=-Xstacktracefile:/data/anr/traces.txt
I/art     ( 2566): option[2]=exit
I/art     ( 2566): option[3]=vfprintf
I/art     ( 2566): option[4]=sensitiveThread
I/art     ( 2566): option[5]=-verbose:gc
I/art     ( 2566): option[6]=-Xms8m
I/art     ( 2566): option[7]=-Xmx256m
I/art     ( 2566): option[8]=-XX:mainThreadStackSize=24K
I/art     ( 2566): option[9]=-XX:HeapGrowthLimit=96m
I/art     ( 2566): option[10]=-XX:HeapMinFree=2m
I/art     ( 2566): option[11]=-XX:HeapMaxFree=8m
I/art     ( 2566): option[12]=-XX:HeapTargetUtilization=0.75
I/art     ( 2566): option[13]=-Xgenregmap
I/art     ( 2566): option[14]=-Xgc:precise
I/art     ( 2566): option[15]=-agentlib:jdwp=transport=dt_android_adb,suspend=n,server=y
I/art     ( 2566): option[16]=-Xlockprofthreshold:500
I/art     ( 2566): option[17]=-Ximage-compiler-option
I/art     ( 2566): option[18]=--runtime-arg
I/art     ( 2566): option[19]=-Ximage-compiler-option
I/art     ( 2566): option[20]=-Xms64m
I/art     ( 2566): option[21]=-Ximage-compiler-option
I/art     ( 2566): option[22]=--runtime-arg
I/art     ( 2566): option[23]=-Ximage-compiler-option
I/art     ( 2566): option[24]=-Xmx64m
I/art     ( 2566): option[25]=-Ximage-compiler-option
I/art     ( 2566): option[26]=--image-classes-zip=/system/framework/framework.jar
I/art     ( 2566): option[27]=-Ximage-compiler-option
I/art     ( 2566): option[28]=--image-classes=preloaded-classes
I/art     ( 2566): option[29]=-Xcompiler-option
I/art     ( 2566): option[30]=--runtime-arg
I/art     ( 2566): option[31]=-Xcompiler-option
I/art     ( 2566): option[32]=-Xms64m
I/art     ( 2566): option[33]=-Xcompiler-option
I/art     ( 2566): option[34]=--runtime-arg
I/art     ( 2566): option[35]=-Xcompiler-option
I/art     ( 2566): option[36]=-Xmx512m
I/art     ( 2566): option[37]=-Duser.language=zh
I/art     ( 2566): option[38]=-Duser.region=CN
I/mediaserver( 2565): ServiceManager: 0x40e500c0
I/AudioFlinger( 2565): Using default 3000 mSec as standby time.
I/ServiceManager( 2565): Waiting for service batterystats...
E/cutils-trace( 2566): Error opening trace file: No such file or directory (2)
F/libc    ( 2566): Fatal signal 4 (SIGILL), code 1, fault addr 0x41c740c0 in tid 2566 (main)
I/DEBUG   ( 1901): *** *** *** *** *** *** *** *** *** *** *** *** *** *** *** ***
I/DEBUG   ( 1901): Build fingerprint: 'samsung/i9308xx/i9308:5.0.2/LRX22G/builder.20150703085101_R:userdebug/test-keys'
I/DEBUG   ( 1901): Revision: '12'
I/DEBUG   ( 1901): ABI: 'arm'
I/DEBUG   ( 1901): pid: 2566, tid: 2566, name: main  >>> zygote <<<
I/DEBUG   ( 1901): signal 4 (SIGILL), code 1 (ILL_ILLOPC), fault addr 0x41c740c0
I/DEBUG   ( 1901):     r0 00000017  r1 41cbbee3  r2 0000006c  r3 00000005
I/DEBUG   ( 1901):     r4 41cc0508  r5 41cc0f58  r6 00000071  r7 41cba769
I/DEBUG   ( 1901):     r8 41cc0508  r9 402e22d0  sl bee08790  fp bee08860
I/DEBUG   ( 1901):     ip 00000000  sp bee08718  lr 41c740b3  pc 41c740c0  cpsr 200d0030
I/DEBUG   ( 1901): 
I/DEBUG   ( 1901): backtrace:
I/DEBUG   ( 1901):     #00 pc 000130c0  /system/lib/libsqlite.so
I/DEBUG   ( 1901):     #01 pc 000141a1  /system/lib/libsqlite.so (sqlite3_initialize+476)
I/DEBUG   ( 1901):     #02 pc 0002ce35  /system/lib/libsqlite.so (sqlite3_soft_heap_limit64+8)
I/DEBUG   ( 1901):     #03 pc 000703a3  /system/lib/libandroid_runtime.so (android::register_android_database_SQLiteGlobal(_JNIEnv*)+34)
I/DEBUG   ( 1901):     #04 pc 0005a111  /system/lib/libandroid_runtime.so
I/DEBUG   ( 1901):     #05 pc 0005b161  /system/lib/libandroid_runtime.so (android::AndroidRuntime::startReg(_JNIEnv*)+28)
I/DEBUG   ( 1901):     #06 pc 0005b29d  /system/lib/libandroid_runtime.so (android::AndroidRuntime::start(char const*, android::Vector<android::String8> const&)+276)
I/DEBUG   ( 1901):     #07 pc 00001655  /system/bin/app_process32
I/DEBUG   ( 1901):     #08 pc 0000fb61  /system/lib/libc.so (__libc_init+44)
I/DEBUG   ( 1901):     #09 pc 00001770  /system/bin/app_process32
I/DEBUG   ( 1901): 
I/DEBUG   ( 1901): Tombstone written to: /data/tombstones/tombstone_05
I/ServiceManager( 1894): service 'media.audio_flinger' died
E/sdcard  ( 1916): missing packages.list; retrying
W/linker  ( 2641): libsec-ril.so has text relocations. This is wasting memory and prevents security hardening. Please fix.
F/libc    ( 2641): Fatal signal 4 (SIGILL), code 1, fault addr 0x402720c0 in tid 2641 (rild)
I/DEBUG   ( 1901): *** *** *** *** *** *** *** *** *** *** *** *** *** *** *** ***
I/DEBUG   ( 1901): Build fingerprint: 'samsung/i9308xx/i9308:5.0.2/LRX22G/builder.20150703085101_R:userdebug/test-keys'
I/DEBUG   ( 1901): Revision: '12'
I/DEBUG   ( 1901): ABI: 'arm'
I/DEBUG   ( 1901): pid: 2641, tid: 2641, name: rild  >>> /system/bin/rild <<<
I/DEBUG   ( 1901): signal 4 (SIGILL), code 1 (ILL_ILLOPC), fault addr 0x402720c0
I/DEBUG   ( 1901):     r0 00000017  r1 402b9ee3  r2 0000006c  r3 00000005
I/DEBUG   ( 1901):     r4 402be508  r5 402bef58  r6 00000071  r7 402b8769
I/DEBUG   ( 1901):     r8 402be508  r9 4058790a  sl 00000000  fp 00000003
I/DEBUG   ( 1901):     ip 00000000  sp bea7c1e8  lr 402720b3  pc 402720c0  cpsr 200e0030
I/DEBUG   ( 1901): 
I/DEBUG   ( 1901): backtrace:
I/DEBUG   ( 1901):     #00 pc 000130c0  /system/lib/libsqlite.so
I/DEBUG   ( 1901):     #01 pc 000141a1  /system/lib/libsqlite.so (sqlite3_initialize+476)
I/DEBUG   ( 1901):     #02 pc 0004e88b  /system/lib/libsqlite.so
I/DEBUG   ( 1901):     #03 pc 0004e013  /system/lib/libsec-ril.so (loadOpnameDb+34)
I/DEBUG   ( 1901):     #04 pc 000247f7  /system/lib/libsec-ril.so (RIL_Init+54)
I/DEBUG   ( 1901):     #05 pc 00000f4b  /system/bin/rild
I/DEBUG   ( 1901):     #06 pc 0000fb61  /system/lib/libc.so (__libc_init+44)
I/DEBUG   ( 1901):     #07 pc 000010d8  /system/bin/rild
E/sdcard  ( 1916): missing packages.list; retrying
I/DEBUG   ( 1901): 
I/DEBUG   ( 1901): Tombstone written to: /data/tombstones/tombstone_06
I/Netd    ( 2643): Netd 1.0 starting
E/Netd    ( 2643): Failed to open /proc/sys/net/ipv6/conf/default/accept_ra_rt_table: No such file or directory
E/Netd    ( 2643): Failed to open /proc/sys/net/ipv6/conf/lo/accept_ra_rt_table: No such file or directory
E/Netd    ( 2643): Failed to open /proc/sys/net/ipv6/conf/sit0/accept_ra_rt_table: No such file or directory
E/Netd    ( 2643): Failed to open /proc/sys/net/ipv6/conf/ip6tnl0/accept_ra_rt_table: No such file or directory
E/Netd    ( 2643): Failed to open /proc/sys/net/ipv6/conf/rmnet0/accept_ra_rt_table: No such file or directory
E/Netd    ( 2643): Failed to open /proc/sys/net/ipv6/conf/rmnet1/accept_ra_rt_table: No such file or directory
E/Netd    ( 2643): Failed to open /proc/sys/net/ipv6/conf/rmnet2/accept_ra_rt_table: No such file or directory
D/AndroidRuntime( 2645): 
D/AndroidRuntime( 2645): >>>>>> AndroidRuntime START com.android.internal.os.ZygoteInit <<<<<<
D/AndroidRuntime( 2645): CheckJNI is OFF
I/art     ( 2645): option[0]=-Xzygote
I/art     ( 2645): option[1]=-Xstacktracefile:/data/anr/traces.txt
I/art     ( 2645): option[2]=exit
I/art     ( 2645): option[3]=vfprintf
I/art     ( 2645): option[4]=sensitiveThread
I/art     ( 2645): option[5]=-verbose:gc
I/art     ( 2645): option[6]=-Xms8m
I/art     ( 2645): option[7]=-Xmx256m
I/art     ( 2645): option[8]=-XX:mainThreadStackSize=24K
I/art     ( 2645): option[9]=-XX:HeapGrowthLimit=96m
I/art     ( 2645): option[10]=-XX:HeapMinFree=2m
I/art     ( 2645): option[11]=-XX:HeapMaxFree=8m
I/art     ( 2645): option[12]=-XX:HeapTargetUtilization=0.75
I/art     ( 2645): option[13]=-Xgenregmap
I/art     ( 2645): option[14]=-Xgc:precise
I/art     ( 2645): option[15]=-agentlib:jdwp=transport=dt_android_adb,suspend=n,server=y
I/art     ( 2645): option[16]=-Xlockprofthreshold:500
I/art     ( 2645): option[17]=-Ximage-compiler-option
I/art     ( 2645): option[18]=--runtime-arg
I/art     ( 2645): option[19]=-Ximage-compiler-option
I/art     ( 2645): option[20]=-Xms64m
I/art     ( 2645): option[21]=-Ximage-compiler-option
I/art     ( 2645): option[22]=--runtime-arg
I/art     ( 2645): option[23]=-Ximage-compiler-option
I/art     ( 2645): option[24]=-Xmx64m
I/art     ( 2645): option[25]=-Ximage-compiler-option
I/art     ( 2645): option[26]=--image-classes-zip=/system/framework/framework.jar
I/art     ( 2645): option[27]=-Ximage-compiler-option
I/art     ( 2645): option[28]=--image-classes=preloaded-classes
I/art     ( 2645): option[29]=-Xcompiler-option
I/art     ( 2645): option[30]=--runtime-arg
I/art     ( 2645): option[31]=-Xcompiler-option
I/art     ( 2645): option[32]=-Xms64m
I/art     ( 2645): option[33]=-Xcompiler-option
I/art     ( 2645): option[34]=--runtime-arg
I/art     ( 2645): option[35]=-Xcompiler-option
I/art     ( 2645): option[36]=-Xmx512m
I/art     ( 2645): option[37]=-Duser.language=zh
I/art     ( 2645): option[38]=-Duser.region=CN
E/cutils-trace( 2645): Error opening trace file: No such file or directory (2)
F/libc    ( 2645): Fatal signal 4 (SIGILL), code 1, fault addr 0x41c3c0c0 in tid 2645 (main)
I/mediaserver( 2644): ServiceManager: 0x40f500c0
I/AudioFlinger( 2644): Using default 3000 mSec as standby time.
I/ServiceManager( 2644): Waiting for service batterystats...
I/DEBUG   ( 1901): *** *** *** *** *** *** *** *** *** *** *** *** *** *** *** ***
I/DEBUG   ( 1901): Build fingerprint: 'samsung/i9308xx/i9308:5.0.2/LRX22G/builder.20150703085101_R:userdebug/test-keys'
I/DEBUG   ( 1901): Revision: '12'
I/DEBUG   ( 1901): ABI: 'arm'
I/DEBUG   ( 1901): pid: 2645, tid: 2645, name: main  >>> zygote <<<
I/DEBUG   ( 1901): signal 4 (SIGILL), code 1 (ILL_ILLOPC), fault addr 0x41c3c0c0
I/DEBUG   ( 1901):     r0 00000017  r1 41c83ee3  r2 0000006c  r3 00000005
I/DEBUG   ( 1901):     r4 41c88508  r5 41c88f58  r6 00000071  r7 41c82769
I/DEBUG   ( 1901):     r8 41c88508  r9 402e72d0  sl bef87790  fp bef87860
I/DEBUG   ( 1901):     ip 00000000  sp bef87718  lr 41c3c0b3  pc 41c3c0c0  cpsr 200d0030
I/DEBUG   ( 1901): 
I/DEBUG   ( 1901): backtrace:
I/DEBUG   ( 1901):     #00 pc 000130c0  /system/lib/libsqlite.so
I/DEBUG   ( 1901):     #01 pc 000141a1  /system/lib/libsqlite.so (sqlite3_initialize+476)
I/DEBUG   ( 1901):     #02 pc 0002ce35  /system/lib/libsqlite.so (sqlite3_soft_heap_limit64+8)
I/DEBUG   ( 1901):     #03 pc 000703a3  /system/lib/libandroid_runtime.so (android::register_android_database_SQLiteGlobal(_JNIEnv*)+34)
I/DEBUG   ( 1901):     #04 pc 0005a111  /system/lib/libandroid_runtime.so
I/DEBUG   ( 1901):     #05 pc 0005b161  /system/lib/libandroid_runtime.so (android::AndroidRuntime::startReg(_JNIEnv*)+28)
I/DEBUG   ( 1901):     #06 pc 0005b29d  /system/lib/libandroid_runtime.so (android::AndroidRuntime::start(char const*, android::Vector<android::String8> const&)+276)
I/DEBUG   ( 1901):     #07 pc 00001655  /system/bin/app_process32
I/DEBUG   ( 1901):     #08 pc 0000fb61  /system/lib/libc.so (__libc_init+44)
I/DEBUG   ( 1901):     #09 pc 00001770  /system/bin/app_process32
I/DEBUG   ( 1901): 
I/DEBUG   ( 1901): Tombstone written to: /data/tombstones/tombstone_00
I/ServiceManager( 1894): service 'media.audio_flinger' died
E/sdcard  ( 1916): missing packages.list; retrying
W/linker  ( 2692): libsec-ril.so has text relocations. This is wasting memory and prevents security hardening. Please fix.
F/libc    ( 2692): Fatal signal 4 (SIGILL), code 1, fault addr 0x405fd0c0 in tid 2692 (rild)
I/DEBUG   ( 1901): *** *** *** *** *** *** *** *** *** *** *** *** *** *** *** ***
I/DEBUG   ( 1901): Build fingerprint: 'samsung/i9308xx/i9308:5.0.2/LRX22G/builder.20150703085101_R:userdebug/test-keys'
I/DEBUG   ( 1901): Revision: '12'
I/DEBUG   ( 1901): ABI: 'arm'
I/DEBUG   ( 1901): pid: 2692, tid: 2692, name: rild  >>> /system/bin/rild <<<
I/DEBUG   ( 1901): signal 4 (SIGILL), code 1 (ILL_ILLOPC), fault addr 0x405fd0c0
I/DEBUG   ( 1901):     r0 00000017  r1 40644ee3  r2 0000006c  r3 00000005
I/DEBUG   ( 1901):     r4 40649508  r5 40649f58  r6 00000071  r7 40643769
I/DEBUG   ( 1901):     r8 40649508  r9 4058790a  sl 00000000  fp 00000003
I/DEBUG   ( 1901):     ip 00000000  sp be80c1e8  lr 405fd0b3  pc 405fd0c0  cpsr 200e0030
I/DEBUG   ( 1901): 
I/DEBUG   ( 1901): backtrace:
I/DEBUG   ( 1901):     #00 pc 000130c0  /system/lib/libsqlite.so
I/DEBUG   ( 1901):     #01 pc 000141a1  /system/lib/libsqlite.so (sqlite3_initialize+476)
I/DEBUG   ( 1901):     #02 pc 0004e88b  /system/lib/libsqlite.so
I/DEBUG   ( 1901):     #03 pc 0004e013  /system/lib/libsec-ril.so (loadOpnameDb+34)
I/DEBUG   ( 1901):     #04 pc 000247f7  /system/lib/libsec-ril.so (RIL_Init+54)
I/DEBUG   ( 1901):     #05 pc 00000f4b  /system/bin/rild
I/DEBUG   ( 1901):     #06 pc 0000fb61  /system/lib/libc.so (__libc_init+44)
I/DEBUG   ( 1901):     #07 pc 000010d8  /system/bin/rild
I/DEBUG   ( 1901): 
I/DEBUG   ( 1901): Tombstone written to: /data/tombstones/tombstone_07
I/Netd    ( 2694): Netd 1.0 starting
E/Netd    ( 2694): Failed to open /proc/sys/net/ipv6/conf/default/accept_ra_rt_table: No such file or directory
E/Netd    ( 2694): Failed to open /proc/sys/net/ipv6/conf/lo/accept_ra_rt_table: No such file or directory
E/Netd    ( 2694): Failed to open /proc/sys/net/ipv6/conf/sit0/accept_ra_rt_table: No such file or directory
E/Netd    ( 2694): Failed to open /proc/sys/net/ipv6/conf/ip6tnl0/accept_ra_rt_table: No such file or directory
E/Netd    ( 2694): Failed to open /proc/sys/net/ipv6/conf/rmnet0/accept_ra_rt_table: No such file or directory
E/Netd    ( 2694): Failed to open /proc/sys/net/ipv6/conf/rmnet1/accept_ra_rt_table: No such file or directory
E/Netd    ( 2694): Failed to open /proc/sys/net/ipv6/conf/rmnet2/accept_ra_rt_table: No such file or directory
D/AndroidRuntime( 2696): 
D/AndroidRuntime( 2696): >>>>>> AndroidRuntime START com.android.internal.os.ZygoteInit <<<<<<
D/AndroidRuntime( 2696): CheckJNI is OFF
I/art     ( 2696): option[0]=-Xzygote
I/art     ( 2696): option[1]=-Xstacktracefile:/data/anr/traces.txt
I/art     ( 2696): option[2]=exit
I/art     ( 2696): option[3]=vfprintf
I/art     ( 2696): option[4]=sensitiveThread
I/art     ( 2696): option[5]=-verbose:gc
I/art     ( 2696): option[6]=-Xms8m
I/art     ( 2696): option[7]=-Xmx256m
I/art     ( 2696): option[8]=-XX:mainThreadStackSize=24K
I/art     ( 2696): option[9]=-XX:HeapGrowthLimit=96m
I/art     ( 2696): option[10]=-XX:HeapMinFree=2m
I/art     ( 2696): option[11]=-XX:HeapMaxFree=8m
I/art     ( 2696): option[12]=-XX:HeapTargetUtilization=0.75
I/art     ( 2696): option[13]=-Xgenregmap
I/art     ( 2696): option[14]=-Xgc:precise
I/art     ( 2696): option[15]=-agentlib:jdwp=transport=dt_android_adb,suspend=n,server=y
I/art     ( 2696): option[16]=-Xlockprofthreshold:500
I/art     ( 2696): option[17]=-Ximage-compiler-option
I/art     ( 2696): option[18]=--runtime-arg
I/art     ( 2696): option[19]=-Ximage-compiler-option
I/art     ( 2696): option[20]=-Xms64m
I/art     ( 2696): option[21]=-Ximage-compiler-option
I/art     ( 2696): option[22]=--runtime-arg
I/art     ( 2696): option[23]=-Ximage-compiler-option
I/art     ( 2696): option[24]=-Xmx64m
I/art     ( 2696): option[25]=-Ximage-compiler-option
I/art     ( 2696): option[26]=--image-classes-zip=/system/framework/framework.jar
I/art     ( 2696): option[27]=-Ximage-compiler-option
I/art     ( 2696): option[28]=--image-classes=preloaded-classes
I/art     ( 2696): option[29]=-Xcompiler-option
I/art     ( 2696): option[30]=--runtime-arg
I/art     ( 2696): option[31]=-Xcompiler-option
I/art     ( 2696): option[32]=-Xms64m
I/art     ( 2696): option[33]=-Xcompiler-option
I/art     ( 2696): option[34]=--runtime-arg
I/art     ( 2696): option[35]=-Xcompiler-option
I/art     ( 2696): option[36]=-Xmx512m
I/art     ( 2696): option[37]=-Duser.language=zh
I/art     ( 2696): option[38]=-Duser.region=CN
E/cutils-trace( 2696): Error opening trace file: No such file or directory (2)
F/libc    ( 2696): Fatal signal 4 (SIGILL), code 1, fault addr 0x41c4e0c0 in tid 2696 (main)
I/mediaserver( 2695): ServiceManager: 0x40e500c0
I/AudioFlinger( 2695): Using default 3000 mSec as standby time.
I/ServiceManager( 2695): Waiting for service batterystats...
I/DEBUG   ( 1901): *** *** *** *** *** *** *** *** *** *** *** *** *** *** *** ***
I/DEBUG   ( 1901): Build fingerprint: 'samsung/i9308xx/i9308:5.0.2/LRX22G/builder.20150703085101_R:userdebug/test-keys'
I/DEBUG   ( 1901): Revision: '12'
I/DEBUG   ( 1901): ABI: 'arm'
I/DEBUG   ( 1901): pid: 2696, tid: 2696, name: main  >>> zygote <<<
I/DEBUG   ( 1901): signal 4 (SIGILL), code 1 (ILL_ILLOPC), fault addr 0x41c4e0c0
I/DEBUG   ( 1901):     r0 00000017  r1 41c95ee3  r2 0000006c  r3 00000005
I/DEBUG   ( 1901):     r4 41c9a508  r5 41c9af58  r6 00000071  r7 41c94769
I/DEBUG   ( 1901):     r8 41c9a508  r9 402e22d0  sl bef6c790  fp bef6c860
I/DEBUG   ( 1901):     ip 00000000  sp bef6c718  lr 41c4e0b3  pc 41c4e0c0  cpsr 200d0030
I/DEBUG   ( 1901): 
I/DEBUG   ( 1901): backtrace:
I/DEBUG   ( 1901):     #00 pc 000130c0  /system/lib/libsqlite.so
I/DEBUG   ( 1901):     #01 pc 000141a1  /system/lib/libsqlite.so (sqlite3_initialize+476)
I/DEBUG   ( 1901):     #02 pc 0002ce35  /system/lib/libsqlite.so (sqlite3_soft_heap_limit64+8)
I/DEBUG   ( 1901):     #03 pc 000703a3  /system/lib/libandroid_runtime.so (android::register_android_database_SQLiteGlobal(_JNIEnv*)+34)
I/DEBUG   ( 1901):     #04 pc 0005a111  /system/lib/libandroid_runtime.so
I/DEBUG   ( 1901):     #05 pc 0005b161  /system/lib/libandroid_runtime.so (android::AndroidRuntime::startReg(_JNIEnv*)+28)
I/DEBUG   ( 1901):     #06 pc 0005b29d  /system/lib/libandroid_runtime.so (android::AndroidRuntime::start(char const*, android::Vector<android::String8> const&)+276)
I/DEBUG   ( 1901):     #07 pc 00001655  /system/bin/app_process32
I/DEBUG   ( 1901):     #08 pc 0000fb61  /system/lib/libc.so (__libc_init+44)
I/DEBUG   ( 1901):     #09 pc 00001770  /system/bin/app_process32
I/DEBUG   ( 1901): 
I/DEBUG   ( 1901): Tombstone written to: /data/tombstones/tombstone_09
I/ServiceManager( 1894): service 'media.audio_flinger' died
E/sdcard  ( 1916): missing packages.list; retrying
E/sdcard  ( 1916): missing packages.list; retrying
W/linker  ( 2754): libsec-ril.so has text relocations. This is wasting memory and prevents security hardening. Please fix.
F/libc    ( 2754): Fatal signal 4 (SIGILL), code 1, fault addr 0x405fd0c0 in tid 2754 (rild)
I/DEBUG   ( 1901): *** *** *** *** *** *** *** *** *** *** *** *** *** *** *** ***
I/DEBUG   ( 1901): Build fingerprint: 'samsung/i9308xx/i9308:5.0.2/LRX22G/builder.20150703085101_R:userdebug/test-keys'
I/DEBUG   ( 1901): Revision: '12'
I/DEBUG   ( 1901): ABI: 'arm'
I/DEBUG   ( 1901): pid: 2754, tid: 2754, name: rild  >>> /system/bin/rild <<<
I/DEBUG   ( 1901): signal 4 (SIGILL), code 1 (ILL_ILLOPC), fault addr 0x405fd0c0
I/DEBUG   ( 1901):     r0 00000017  r1 40644ee3  r2 0000006c  r3 00000005
I/DEBUG   ( 1901):     r4 40649508  r5 40649f58  r6 00000071  r7 40643769
I/DEBUG   ( 1901):     r8 40649508  r9 4058790a  sl 00000000  fp 00000003
I/DEBUG   ( 1901):     ip 00000000  sp beede1e8  lr 405fd0b3  pc 405fd0c0  cpsr 200e0030
I/DEBUG   ( 1901): 
I/DEBUG   ( 1901): backtrace:
I/DEBUG   ( 1901):     #00 pc 000130c0  /system/lib/libsqlite.so
I/DEBUG   ( 1901):     #01 pc 000141a1  /system/lib/libsqlite.so (sqlite3_initialize+476)
I/DEBUG   ( 1901):     #02 pc 0004e88b  /system/lib/libsqlite.so
I/DEBUG   ( 1901):     #03 pc 0004e013  /system/lib/libsec-ril.so (loadOpnameDb+34)
I/DEBUG   ( 1901):     #04 pc 000247f7  /system/lib/libsec-ril.so (RIL_Init+54)
I/DEBUG   ( 1901):     #05 pc 00000f4b  /system/bin/rild
I/DEBUG   ( 1901):     #06 pc 0000fb61  /system/lib/libc.so (__libc_init+44)
I/DEBUG   ( 1901):     #07 pc 000010d8  /system/bin/rild
I/DEBUG   ( 1901): 
I/DEBUG   ( 1901): Tombstone written to: /data/tombstones/tombstone_01
I/Netd    ( 2756): Netd 1.0 starting
E/Netd    ( 2756): Failed to open /proc/sys/net/ipv6/conf/default/accept_ra_rt_table: No such file or directory
E/Netd    ( 2756): Failed to open /proc/sys/net/ipv6/conf/lo/accept_ra_rt_table: No such file or directory
E/Netd    ( 2756): Failed to open /proc/sys/net/ipv6/conf/sit0/accept_ra_rt_table: No such file or directory
E/Netd    ( 2756): Failed to open /proc/sys/net/ipv6/conf/ip6tnl0/accept_ra_rt_table: No such file or directory
E/Netd    ( 2756): Failed to open /proc/sys/net/ipv6/conf/rmnet0/accept_ra_rt_table: No such file or directory
E/Netd    ( 2756): Failed to open /proc/sys/net/ipv6/conf/rmnet1/accept_ra_rt_table: No such file or directory
E/Netd    ( 2756): Failed to open /proc/sys/net/ipv6/conf/rmnet2/accept_ra_rt_table: No such file or directory
D/AndroidRuntime( 2758): 
D/AndroidRuntime( 2758): >>>>>> AndroidRuntime START com.android.internal.os.ZygoteInit <<<<<<
D/AndroidRuntime( 2758): CheckJNI is OFF
I/art     ( 2758): option[0]=-Xzygote
I/art     ( 2758): option[1]=-Xstacktracefile:/data/anr/traces.txt
I/art     ( 2758): option[2]=exit
I/art     ( 2758): option[3]=vfprintf
I/art     ( 2758): option[4]=sensitiveThread
I/art     ( 2758): option[5]=-verbose:gc
I/art     ( 2758): option[6]=-Xms8m
I/art     ( 2758): option[7]=-Xmx256m
I/art     ( 2758): option[8]=-XX:mainThreadStackSize=24K
I/art     ( 2758): option[9]=-XX:HeapGrowthLimit=96m
I/art     ( 2758): option[10]=-XX:HeapMinFree=2m
I/art     ( 2758): option[11]=-XX:HeapMaxFree=8m
I/art     ( 2758): option[12]=-XX:HeapTargetUtilization=0.75
I/art     ( 2758): option[13]=-Xgenregmap
I/art     ( 2758): option[14]=-Xgc:precise
I/art     ( 2758): option[15]=-agentlib:jdwp=transport=dt_android_adb,suspend=n,server=y
I/art     ( 2758): option[16]=-Xlockprofthreshold:500
I/art     ( 2758): option[17]=-Ximage-compiler-option
I/art     ( 2758): option[18]=--runtime-arg
I/art     ( 2758): option[19]=-Ximage-compiler-option
I/art     ( 2758): option[20]=-Xms64m
I/art     ( 2758): option[21]=-Ximage-compiler-option
I/art     ( 2758): option[22]=--runtime-arg
I/art     ( 2758): option[23]=-Ximage-compiler-option
I/art     ( 2758): option[24]=-Xmx64m
I/art     ( 2758): option[25]=-Ximage-compiler-option
I/art     ( 2758): option[26]=--image-classes-zip=/system/framework/framework.jar
I/art     ( 2758): option[27]=-Ximage-compiler-option
I/art     ( 2758): option[28]=--image-classes=preloaded-classes
I/art     ( 2758): option[29]=-Xcompiler-option
I/art     ( 2758): option[30]=--runtime-arg
I/art     ( 2758): option[31]=-Xcompiler-option
I/art     ( 2758): option[32]=-Xms64m
I/art     ( 2758): option[33]=-Xcompiler-option
I/art     ( 2758): option[34]=--runtime-arg
I/art     ( 2758): option[35]=-Xcompiler-option
I/art     ( 2758): option[36]=-Xmx512m
I/art     ( 2758): option[37]=-Duser.language=zh
I/art     ( 2758): option[38]=-Duser.region=CN
E/cutils-trace( 2758): Error opening trace file: No such file or directory (2)
I/mediaserver( 2757): ServiceManager: 0x40e500c0
I/AudioFlinger( 2757): Using default 3000 mSec as standby time.
I/ServiceManager( 2757): Waiting for service batterystats...
F/libc    ( 2758): Fatal signal 4 (SIGILL), code 1, fault addr 0x41c540c0 in tid 2758 (main)
I/DEBUG   ( 1901): *** *** *** *** *** *** *** *** *** *** *** *** *** *** *** ***
I/DEBUG   ( 1901): Build fingerprint: 'samsung/i9308xx/i9308:5.0.2/LRX22G/builder.20150703085101_R:userdebug/test-keys'
I/DEBUG   ( 1901): Revision: '12'
I/DEBUG   ( 1901): ABI: 'arm'
I/DEBUG   ( 1901): pid: 2758, tid: 2758, name: main  >>> zygote <<<
I/DEBUG   ( 1901): signal 4 (SIGILL), code 1 (ILL_ILLOPC), fault addr 0x41c540c0
I/DEBUG   ( 1901):     r0 00000017  r1 41c9bee3  r2 0000006c  r3 00000005
I/DEBUG   ( 1901):     r4 41ca0508  r5 41ca0f58  r6 00000071  r7 41c9a769
I/DEBUG   ( 1901):     r8 41ca0508  r9 4033f2d0  sl be957790  fp be957860
I/DEBUG   ( 1901):     ip 00000000  sp be957718  lr 41c540b3  pc 41c540c0  cpsr 200d0030
I/DEBUG   ( 1901): 
I/DEBUG   ( 1901): backtrace:
I/DEBUG   ( 1901):     #00 pc 000130c0  /system/lib/libsqlite.so
I/DEBUG   ( 1901):     #01 pc 000141a1  /system/lib/libsqlite.so (sqlite3_initialize+476)
I/DEBUG   ( 1901):     #02 pc 0002ce35  /system/lib/libsqlite.so (sqlite3_soft_heap_limit64+8)
I/DEBUG   ( 1901):     #03 pc 000703a3  /system/lib/libandroid_runtime.so (android::register_android_database_SQLiteGlobal(_JNIEnv*)+34)
I/DEBUG   ( 1901):     #04 pc 0005a111  /system/lib/libandroid_runtime.so
I/DEBUG   ( 1901):     #05 pc 0005b161  /system/lib/libandroid_runtime.so (android::AndroidRuntime::startReg(_JNIEnv*)+28)
I/DEBUG   ( 1901):     #06 pc 0005b29d  /system/lib/libandroid_runtime.so (android::AndroidRuntime::start(char const*, android::Vector<android::String8> const&)+276)
I/DEBUG   ( 1901):     #07 pc 00001655  /system/bin/app_process32
I/DEBUG   ( 1901):     #08 pc 0000fb61  /system/lib/libc.so (__libc_init+44)
I/DEBUG   ( 1901):     #09 pc 00001770  /system/bin/app_process32
I/DEBUG   ( 1901): 
I/DEBUG   ( 1901): Tombstone written to: /data/tombstones/tombstone_02
I/ServiceManager( 1894): service 'media.audio_flinger' died
E/sdcard  ( 1916): missing packages.list; retrying
W/linker  ( 2830): libsec-ril.so has text relocations. This is wasting memory and prevents security hardening. Please fix.
F/libc    ( 2830): Fatal signal 4 (SIGILL), code 1, fault addr 0x405fd0c0 in tid 2830 (rild)
I/DEBUG   ( 1901): *** *** *** *** *** *** *** *** *** *** *** *** *** *** *** ***
I/DEBUG   ( 1901): Build fingerprint: 'samsung/i9308xx/i9308:5.0.2/LRX22G/builder.20150703085101_R:userdebug/test-keys'
I/DEBUG   ( 1901): Revision: '12'
I/DEBUG   ( 1901): ABI: 'arm'
I/DEBUG   ( 1901): pid: 2830, tid: 2830, name: rild  >>> /system/bin/rild <<<
I/DEBUG   ( 1901): signal 4 (SIGILL), code 1 (ILL_ILLOPC), fault addr 0x405fd0c0
I/DEBUG   ( 1901):     r0 00000017  r1 40644ee3  r2 0000006c  r3 00000005
I/DEBUG   ( 1901):     r4 40649508  r5 40649f58  r6 00000071  r7 40643769
I/DEBUG   ( 1901):     r8 40649508  r9 4058790a  sl 00000000  fp 00000003
I/DEBUG   ( 1901):     ip 00000000  sp bee3d1e8  lr 405fd0b3  pc 405fd0c0  cpsr 200e0030
I/DEBUG   ( 1901): 
I/DEBUG   ( 1901): backtrace:
I/DEBUG   ( 1901):     #00 pc 000130c0  /system/lib/libsqlite.so
I/DEBUG   ( 1901):     #01 pc 000141a1  /system/lib/libsqlite.so (sqlite3_initialize+476)
I/DEBUG   ( 1901):     #02 pc 0004e88b  /system/lib/libsqlite.so
I/DEBUG   ( 1901):     #03 pc 0004e013  /system/lib/libsec-ril.so (loadOpnameDb+34)
I/DEBUG   ( 1901):     #04 pc 000247f7  /system/lib/libsec-ril.so (RIL_Init+54)
I/DEBUG   ( 1901):     #05 pc 00000f4b  /system/bin/rild
I/DEBUG   ( 1901):     #06 pc 0000fb61  /system/lib/libc.so (__libc_init+44)
I/DEBUG   ( 1901):     #07 pc 000010d8  /system/bin/rild
E/sdcard  ( 1916): missing packages.list; retrying
I/DEBUG   ( 1901): 
I/DEBUG   ( 1901): Tombstone written to: /data/tombstones/tombstone_03
I/Netd    ( 2832): Netd 1.0 starting
E/Netd    ( 2832): Failed to open /proc/sys/net/ipv6/conf/default/accept_ra_rt_table: No such file or directory
E/Netd    ( 2832): Failed to open /proc/sys/net/ipv6/conf/lo/accept_ra_rt_table: No such file or directory
E/Netd    ( 2832): Failed to open /proc/sys/net/ipv6/conf/sit0/accept_ra_rt_table: No such file or directory
E/Netd    ( 2832): Failed to open /proc/sys/net/ipv6/conf/ip6tnl0/accept_ra_rt_table: No such file or directory
E/Netd    ( 2832): Failed to open /proc/sys/net/ipv6/conf/rmnet0/accept_ra_rt_table: No such file or directory
E/Netd    ( 2832): Failed to open /proc/sys/net/ipv6/conf/rmnet1/accept_ra_rt_table: No such file or directory
E/Netd    ( 2832): Failed to open /proc/sys/net/ipv6/conf/rmnet2/accept_ra_rt_table: No such file or directory
D/AndroidRuntime( 2834): 
D/AndroidRuntime( 2834): >>>>>> AndroidRuntime START com.android.internal.os.ZygoteInit <<<<<<
D/AndroidRuntime( 2834): CheckJNI is OFF
I/art     ( 2834): option[0]=-Xzygote
I/art     ( 2834): option[1]=-Xstacktracefile:/data/anr/traces.txt
I/art     ( 2834): option[2]=exit
I/art     ( 2834): option[3]=vfprintf
I/art     ( 2834): option[4]=sensitiveThread
I/art     ( 2834): option[5]=-verbose:gc
I/art     ( 2834): option[6]=-Xms8m
I/art     ( 2834): option[7]=-Xmx256m
I/art     ( 2834): option[8]=-XX:mainThreadStackSize=24K
I/art     ( 2834): option[9]=-XX:HeapGrowthLimit=96m
I/art     ( 2834): option[10]=-XX:HeapMinFree=2m
I/art     ( 2834): option[11]=-XX:HeapMaxFree=8m
I/art     ( 2834): option[12]=-XX:HeapTargetUtilization=0.75
I/art     ( 2834): option[13]=-Xgenregmap
I/art     ( 2834): option[14]=-Xgc:precise
I/art     ( 2834): option[15]=-agentlib:jdwp=transport=dt_android_adb,suspend=n,server=y
I/art     ( 2834): option[16]=-Xlockprofthreshold:500
I/art     ( 2834): option[17]=-Ximage-compiler-option
I/art     ( 2834): option[18]=--runtime-arg
I/art     ( 2834): option[19]=-Ximage-compiler-option
I/art     ( 2834): option[20]=-Xms64m
I/art     ( 2834): option[21]=-Ximage-compiler-option
I/art     ( 2834): option[22]=--runtime-arg
I/art     ( 2834): option[23]=-Ximage-compiler-option
I/art     ( 2834): option[24]=-Xmx64m
I/art     ( 2834): option[25]=-Ximage-compiler-option
I/art     ( 2834): option[26]=--image-classes-zip=/system/framework/framework.jar
I/art     ( 2834): option[27]=-Ximage-compiler-option
I/art     ( 2834): option[28]=--image-classes=preloaded-classes
I/art     ( 2834): option[29]=-Xcompiler-option
I/art     ( 2834): option[30]=--runtime-arg
I/art     ( 2834): option[31]=-Xcompiler-option
I/art     ( 2834): option[32]=-Xms64m
I/art     ( 2834): option[33]=-Xcompiler-option
I/art     ( 2834): option[34]=--runtime-arg
I/art     ( 2834): option[35]=-Xcompiler-option
I/art     ( 2834): option[36]=-Xmx512m
I/art     ( 2834): option[37]=-Duser.language=zh
I/art     ( 2834): option[38]=-Duser.region=CN
I/mediaserver( 2833): ServiceManager: 0x40f500c0
I/AudioFlinger( 2833): Using default 3000 mSec as standby time.
I/ServiceManager( 2833): Waiting for service batterystats...
E/cutils-trace( 2834): Error opening trace file: No such file or directory (2)
F/libc    ( 2834): Fatal signal 4 (SIGILL), code 1, fault addr 0x41c690c0 in tid 2834 (main)
I/DEBUG   ( 1901): *** *** *** *** *** *** *** *** *** *** *** *** *** *** *** ***
I/DEBUG   ( 1901): Build fingerprint: 'samsung/i9308xx/i9308:5.0.2/LRX22G/builder.20150703085101_R:userdebug/test-keys'
I/DEBUG   ( 1901): Revision: '12'
I/DEBUG   ( 1901): ABI: 'arm'
I/DEBUG   ( 1901): pid: 2834, tid: 2834, name: main  >>> zygote <<<
I/DEBUG   ( 1901): signal 4 (SIGILL), code 1 (ILL_ILLOPC), fault addr 0x41c690c0
I/DEBUG   ( 1901):     r0 00000017  r1 41cb0ee3  r2 0000006c  r3 00000005
I/DEBUG   ( 1901):     r4 41cb5508  r5 41cb5f58  r6 00000071  r7 41caf769
I/DEBUG   ( 1901):     r8 41cb5508  r9 402ff2d0  sl becca790  fp becca860
I/DEBUG   ( 1901):     ip 00000000  sp becca718  lr 41c690b3  pc 41c690c0  cpsr 200d0030
I/DEBUG   ( 1901): 
I/DEBUG   ( 1901): backtrace:
I/DEBUG   ( 1901):     #00 pc 000130c0  /system/lib/libsqlite.so
I/DEBUG   ( 1901):     #01 pc 000141a1  /system/lib/libsqlite.so (sqlite3_initialize+476)
I/DEBUG   ( 1901):     #02 pc 0002ce35  /system/lib/libsqlite.so (sqlite3_soft_heap_limit64+8)
I/DEBUG   ( 1901):     #03 pc 000703a3  /system/lib/libandroid_runtime.so (android::register_android_database_SQLiteGlobal(_JNIEnv*)+34)
I/DEBUG   ( 1901):     #04 pc 0005a111  /system/lib/libandroid_runtime.so
I/DEBUG   ( 1901):     #05 pc 0005b161  /system/lib/libandroid_runtime.so (android::AndroidRuntime::startReg(_JNIEnv*)+28)
I/DEBUG   ( 1901):     #06 pc 0005b29d  /system/lib/libandroid_runtime.so (android::AndroidRuntime::start(char const*, android::Vector<android::String8> const&)+276)
I/DEBUG   ( 1901):     #07 pc 00001655  /system/bin/app_process32
I/DEBUG   ( 1901):     #08 pc 0000fb61  /system/lib/libc.so (__libc_init+44)
I/DEBUG   ( 1901):     #09 pc 00001770  /system/bin/app_process32
I/DEBUG   ( 1901): 
I/DEBUG   ( 1901): Tombstone written to: /data/tombstones/tombstone_08
I/ServiceManager( 1894): service 'media.audio_flinger' died
E/sdcard  ( 1916): missing packages.list; retrying
W/linker  ( 2912): libsec-ril.so has text relocations. This is wasting memory and prevents security hardening. Please fix.
F/libc    ( 2912): Fatal signal 4 (SIGILL), code 1, fault addr 0x405fd0c0 in tid 2912 (rild)
I/DEBUG   ( 1901): *** *** *** *** *** *** *** *** *** *** *** *** *** *** *** ***
I/DEBUG   ( 1901): Build fingerprint: 'samsung/i9308xx/i9308:5.0.2/LRX22G/builder.20150703085101_R:userdebug/test-keys'
I/DEBUG   ( 1901): Revision: '12'
I/DEBUG   ( 1901): ABI: 'arm'
I/DEBUG   ( 1901): pid: 2912, tid: 2912, name: rild  >>> /system/bin/rild <<<
I/DEBUG   ( 1901): signal 4 (SIGILL), code 1 (ILL_ILLOPC), fault addr 0x405fd0c0
I/DEBUG   ( 1901):     r0 00000017  r1 40644ee3  r2 0000006c  r3 00000005
I/DEBUG   ( 1901):     r4 40649508  r5 40649f58  r6 00000071  r7 40643769
I/DEBUG   ( 1901):     r8 40649508  r9 4058790a  sl 00000000  fp 00000003
I/DEBUG   ( 1901):     ip 00000000  sp bee6f1e8  lr 405fd0b3  pc 405fd0c0  cpsr 200e0030
I/DEBUG   ( 1901): 
I/DEBUG   ( 1901): backtrace:
I/DEBUG   ( 1901):     #00 pc 000130c0  /system/lib/libsqlite.so
I/DEBUG   ( 1901):     #01 pc 000141a1  /system/lib/libsqlite.so (sqlite3_initialize+476)
I/DEBUG   ( 1901):     #02 pc 0004e88b  /system/lib/libsqlite.so
I/DEBUG   ( 1901):     #03 pc 0004e013  /system/lib/libsec-ril.so (loadOpnameDb+34)
I/DEBUG   ( 1901):     #04 pc 000247f7  /system/lib/libsec-ril.so (RIL_Init+54)
I/DEBUG   ( 1901):     #05 pc 00000f4b  /system/bin/rild
I/DEBUG   ( 1901):     #06 pc 0000fb61  /system/lib/libc.so (__libc_init+44)
I/DEBUG   ( 1901):     #07 pc 000010d8  /system/bin/rild
I/DEBUG   ( 1901): 
I/DEBUG   ( 1901): Tombstone written to: /data/tombstones/tombstone_04
I/Netd    ( 2914): Netd 1.0 starting
E/Netd    ( 2914): Failed to open /proc/sys/net/ipv6/conf/default/accept_ra_rt_table: No such file or directory
E/Netd    ( 2914): Failed to open /proc/sys/net/ipv6/conf/lo/accept_ra_rt_table: No such file or directory
E/Netd    ( 2914): Failed to open /proc/sys/net/ipv6/conf/sit0/accept_ra_rt_table: No such file or directory
E/Netd    ( 2914): Failed to open /proc/sys/net/ipv6/conf/ip6tnl0/accept_ra_rt_table: No such file or directory
E/Netd    ( 2914): Failed to open /proc/sys/net/ipv6/conf/rmnet0/accept_ra_rt_table: No such file or directory
E/Netd    ( 2914): Failed to open /proc/sys/net/ipv6/conf/rmnet1/accept_ra_rt_table: No such file or directory
E/Netd    ( 2914): Failed to open /proc/sys/net/ipv6/conf/rmnet2/accept_ra_rt_table: No such file or directory
D/AndroidRuntime( 2916): 
D/AndroidRuntime( 2916): >>>>>> AndroidRuntime START com.android.internal.os.ZygoteInit <<<<<<
D/AndroidRuntime( 2916): CheckJNI is OFF
I/art     ( 2916): option[0]=-Xzygote
I/art     ( 2916): option[1]=-Xstacktracefile:/data/anr/traces.txt
I/art     ( 2916): option[2]=exit
I/art     ( 2916): option[3]=vfprintf
I/art     ( 2916): option[4]=sensitiveThread
I/art     ( 2916): option[5]=-verbose:gc
I/art     ( 2916): option[6]=-Xms8m
I/art     ( 2916): option[7]=-Xmx256m
I/art     ( 2916): option[8]=-XX:mainThreadStackSize=24K
I/art     ( 2916): option[9]=-XX:HeapGrowthLimit=96m
I/art     ( 2916): option[10]=-XX:HeapMinFree=2m
I/art     ( 2916): option[11]=-XX:HeapMaxFree=8m
I/art     ( 2916): option[12]=-XX:HeapTargetUtilization=0.75
I/art     ( 2916): option[13]=-Xgenregmap
I/art     ( 2916): option[14]=-Xgc:precise
I/art     ( 2916): option[15]=-agentlib:jdwp=transport=dt_android_adb,suspend=n,server=y
I/art     ( 2916): option[16]=-Xlockprofthreshold:500
I/art     ( 2916): option[17]=-Ximage-compiler-option
I/art     ( 2916): option[18]=--runtime-arg
I/art     ( 2916): option[19]=-Ximage-compiler-option
I/art     ( 2916): option[20]=-Xms64m
I/art     ( 2916): option[21]=-Ximage-compiler-option
I/art     ( 2916): option[22]=--runtime-arg
I/art     ( 2916): option[23]=-Ximage-compiler-option
I/art     ( 2916): option[24]=-Xmx64m
I/art     ( 2916): option[25]=-Ximage-compiler-option
I/art     ( 2916): option[26]=--image-classes-zip=/system/framework/framework.jar
I/art     ( 2916): option[27]=-Ximage-compiler-option
I/art     ( 2916): option[28]=--image-classes=preloaded-classes
I/art     ( 2916): option[29]=-Xcompiler-option
I/art     ( 2916): option[30]=--runtime-arg
I/art     ( 2916): option[31]=-Xcompiler-option
I/art     ( 2916): option[32]=-Xms64m
I/art     ( 2916): option[33]=-Xcompiler-option
I/art     ( 2916): option[34]=--runtime-arg
I/art     ( 2916): option[35]=-Xcompiler-option
I/art     ( 2916): option[36]=-Xmx512m
I/art     ( 2916): option[37]=-Duser.language=zh
I/art     ( 2916): option[38]=-Duser.region=CN
I/mediaserver( 2915): ServiceManager: 0x40e500c0
I/AudioFlinger( 2915): Using default 3000 mSec as standby time.
I/ServiceManager( 2915): Waiting for service batterystats...
E/cutils-trace( 2916): Error opening trace file: No such file or directory (2)
F/libc    ( 2916): Fatal signal 4 (SIGILL), code 1, fault addr 0x41c5c0c0 in tid 2916 (main)
I/DEBUG   ( 1901): *** *** *** *** *** *** *** *** *** *** *** *** *** *** *** ***
I/DEBUG   ( 1901): Build fingerprint: 'samsung/i9308xx/i9308:5.0.2/LRX22G/builder.20150703085101_R:userdebug/test-keys'
I/DEBUG   ( 1901): Revision: '12'
I/DEBUG   ( 1901): ABI: 'arm'
I/DEBUG   ( 1901): pid: 2916, tid: 2916, name: main  >>> zygote <<<
I/DEBUG   ( 1901): signal 4 (SIGILL), code 1 (ILL_ILLOPC), fault addr 0x41c5c0c0
I/DEBUG   ( 1901):     r0 00000017  r1 41ca3ee3  r2 0000006c  r3 00000005
I/DEBUG   ( 1901):     r4 41ca8508  r5 41ca8f58  r6 00000071  r7 41ca2769
I/DEBUG   ( 1901):     r8 41ca8508  r9 4032b2d0  sl becb2790  fp becb2860
I/DEBUG   ( 1901):     ip 00000000  sp becb2718  lr 41c5c0b3  pc 41c5c0c0  cpsr 200d0030
I/DEBUG   ( 1901): 
I/DEBUG   ( 1901): backtrace:
I/DEBUG   ( 1901):     #00 pc 000130c0  /system/lib/libsqlite.so
I/DEBUG   ( 1901):     #01 pc 000141a1  /system/lib/libsqlite.so (sqlite3_initialize+476)
I/DEBUG   ( 1901):     #02 pc 0002ce35  /system/lib/libsqlite.so (sqlite3_soft_heap_limit64+8)
I/DEBUG   ( 1901):     #03 pc 000703a3  /system/lib/libandroid_runtime.so (android::register_android_database_SQLiteGlobal(_JNIEnv*)+34)
I/DEBUG   ( 1901):     #04 pc 0005a111  /system/lib/libandroid_runtime.so
I/DEBUG   ( 1901):     #05 pc 0005b161  /system/lib/libandroid_runtime.so (android::AndroidRuntime::startReg(_JNIEnv*)+28)
I/DEBUG   ( 1901):     #06 pc 0005b29d  /system/lib/libandroid_runtime.so (android::AndroidRuntime::start(char const*, android::Vector<android::String8> const&)+276)
I/DEBUG   ( 1901):     #07 pc 00001655  /system/bin/app_process32
I/DEBUG   ( 1901):     #08 pc 0000fb61  /system/lib/libc.so (__libc_init+44)
I/DEBUG   ( 1901):     #09 pc 00001770  /system/bin/app_process32
I/DEBUG   ( 1901): 
I/DEBUG   ( 1901): Tombstone written to: /data/tombstones/tombstone_05
I/ServiceManager( 1894): service 'media.audio_flinger' died
E/sdcard  ( 1916): missing packages.list; retrying
E/sdcard  ( 1916): missing packages.list; retrying
W/linker  ( 2991): libsec-ril.so has text relocations. This is wasting memory and prevents security hardening. Please fix.
F/libc    ( 2991): Fatal signal 4 (SIGILL), code 1, fault addr 0x405fd0c0 in tid 2991 (rild)
I/DEBUG   ( 1901): *** *** *** *** *** *** *** *** *** *** *** *** *** *** *** ***
I/DEBUG   ( 1901): Build fingerprint: 'samsung/i9308xx/i9308:5.0.2/LRX22G/builder.20150703085101_R:userdebug/test-keys'
I/DEBUG   ( 1901): Revision: '12'
I/DEBUG   ( 1901): ABI: 'arm'
I/DEBUG   ( 1901): pid: 2991, tid: 2991, name: rild  >>> /system/bin/rild <<<
I/DEBUG   ( 1901): signal 4 (SIGILL), code 1 (ILL_ILLOPC), fault addr 0x405fd0c0
I/DEBUG   ( 1901):     r0 00000017  r1 40644ee3  r2 0000006c  r3 00000005
I/DEBUG   ( 1901):     r4 40649508  r5 40649f58  r6 00000071  r7 40643769
I/DEBUG   ( 1901):     r8 40649508  r9 4058790a  sl 00000000  fp 00000003
I/DEBUG   ( 1901):     ip 00000000  sp be8471e8  lr 405fd0b3  pc 405fd0c0  cpsr 200e0030
I/DEBUG   ( 1901): 
I/DEBUG   ( 1901): backtrace:
I/DEBUG   ( 1901):     #00 pc 000130c0  /system/lib/libsqlite.so
I/DEBUG   ( 1901):     #01 pc 000141a1  /system/lib/libsqlite.so (sqlite3_initialize+476)
I/DEBUG   ( 1901):     #02 pc 0004e88b  /system/lib/libsqlite.so
I/DEBUG   ( 1901):     #03 pc 0004e013  /system/lib/libsec-ril.so (loadOpnameDb+34)
I/DEBUG   ( 1901):     #04 pc 000247f7  /system/lib/libsec-ril.so (RIL_Init+54)
I/DEBUG   ( 1901):     #05 pc 00000f4b  /system/bin/rild
I/DEBUG   ( 1901):     #06 pc 0000fb61  /system/lib/libc.so (__libc_init+44)
I/DEBUG   ( 1901):     #07 pc 000010d8  /system/bin/rild
I/DEBUG   ( 1901): 
I/DEBUG   ( 1901): Tombstone written to: /data/tombstones/tombstone_00
I/Netd    ( 2993): Netd 1.0 starting
E/Netd    ( 2993): Failed to open /proc/sys/net/ipv6/conf/default/accept_ra_rt_table: No such file or directory
E/Netd    ( 2993): Failed to open /proc/sys/net/ipv6/conf/lo/accept_ra_rt_table: No such file or directory
E/Netd    ( 2993): Failed to open /proc/sys/net/ipv6/conf/sit0/accept_ra_rt_table: No such file or directory
E/Netd    ( 2993): Failed to open /proc/sys/net/ipv6/conf/ip6tnl0/accept_ra_rt_table: No such file or directory
E/Netd    ( 2993): Failed to open /proc/sys/net/ipv6/conf/rmnet0/accept_ra_rt_table: No such file or directory
E/Netd    ( 2993): Failed to open /proc/sys/net/ipv6/conf/rmnet1/accept_ra_rt_table: No such file or directory
E/Netd    ( 2993): Failed to open /proc/sys/net/ipv6/conf/rmnet2/accept_ra_rt_table: No such file or directory
D/AndroidRuntime( 2995): 
D/AndroidRuntime( 2995): >>>>>> AndroidRuntime START com.android.internal.os.ZygoteInit <<<<<<
D/AndroidRuntime( 2995): CheckJNI is OFF
I/art     ( 2995): option[0]=-Xzygote
I/art     ( 2995): option[1]=-Xstacktracefile:/data/anr/traces.txt
I/art     ( 2995): option[2]=exit
I/art     ( 2995): option[3]=vfprintf
I/art     ( 2995): option[4]=sensitiveThread
I/art     ( 2995): option[5]=-verbose:gc
I/art     ( 2995): option[6]=-Xms8m
I/art     ( 2995): option[7]=-Xmx256m
I/art     ( 2995): option[8]=-XX:mainThreadStackSize=24K
I/art     ( 2995): option[9]=-XX:HeapGrowthLimit=96m
I/art     ( 2995): option[10]=-XX:HeapMinFree=2m
I/art     ( 2995): option[11]=-XX:HeapMaxFree=8m
I/art     ( 2995): option[12]=-XX:HeapTargetUtilization=0.75
I/art     ( 2995): option[13]=-Xgenregmap
I/art     ( 2995): option[14]=-Xgc:precise
I/art     ( 2995): option[15]=-agentlib:jdwp=transport=dt_android_adb,suspend=n,server=y
I/art     ( 2995): option[16]=-Xlockprofthreshold:500
I/art     ( 2995): option[17]=-Ximage-compiler-option
I/art     ( 2995): option[18]=--runtime-arg
I/art     ( 2995): option[19]=-Ximage-compiler-option
I/art     ( 2995): option[20]=-Xms64m
I/art     ( 2995): option[21]=-Ximage-compiler-option
I/art     ( 2995): option[22]=--runtime-arg
I/art     ( 2995): option[23]=-Ximage-compiler-option
I/art     ( 2995): option[24]=-Xmx64m
I/art     ( 2995): option[25]=-Ximage-compiler-option
I/art     ( 2995): option[26]=--image-classes-zip=/system/framework/framework.jar
I/art     ( 2995): option[27]=-Ximage-compiler-option
I/art     ( 2995): option[28]=--image-classes=preloaded-classes
I/art     ( 2995): option[29]=-Xcompiler-option
I/art     ( 2995): option[30]=--runtime-arg
I/art     ( 2995): option[31]=-Xcompiler-option
I/art     ( 2995): option[32]=-Xms64m
I/art     ( 2995): option[33]=-Xcompiler-option
I/art     ( 2995): option[34]=--runtime-arg
I/art     ( 2995): option[35]=-Xcompiler-option
I/art     ( 2995): option[36]=-Xmx512m
I/art     ( 2995): option[37]=-Duser.language=zh
I/art     ( 2995): option[38]=-Duser.region=CN
I/mediaserver( 2994): ServiceManager: 0x40e500c0
I/AudioFlinger( 2994): Using default 3000 mSec as standby time.
I/ServiceManager( 2994): Waiting for service batterystats...
E/cutils-trace( 2995): Error opening trace file: No such file or directory (2)
F/libc    ( 2995): Fatal signal 4 (SIGILL), code 1, fault addr 0x41c340c0 in tid 2995 (main)
I/DEBUG   ( 1901): *** *** *** *** *** *** *** *** *** *** *** *** *** *** *** ***
I/DEBUG   ( 1901): Build fingerprint: 'samsung/i9308xx/i9308:5.0.2/LRX22G/builder.20150703085101_R:userdebug/test-keys'
I/DEBUG   ( 1901): Revision: '12'
I/DEBUG   ( 1901): ABI: 'arm'
I/DEBUG   ( 1901): pid: 2995, tid: 2995, name: main  >>> zygote <<<
I/DEBUG   ( 1901): signal 4 (SIGILL), code 1 (ILL_ILLOPC), fault addr 0x41c340c0
I/DEBUG   ( 1901):     r0 00000017  r1 41c7bee3  r2 0000006c  r3 00000005
I/DEBUG   ( 1901):     r4 41c80508  r5 41c80f58  r6 00000071  r7 41c7a769
I/DEBUG   ( 1901):     r8 41c80508  r9 4028e2d0  sl be995790  fp be995860
I/DEBUG   ( 1901):     ip 00000000  sp be995718  lr 41c340b3  pc 41c340c0  cpsr 200d0030
I/DEBUG   ( 1901): 
I/DEBUG   ( 1901): backtrace:
I/DEBUG   ( 1901):     #00 pc 000130c0  /system/lib/libsqlite.so
I/DEBUG   ( 1901):     #01 pc 000141a1  /system/lib/libsqlite.so (sqlite3_initialize+476)
I/DEBUG   ( 1901):     #02 pc 0002ce35  /system/lib/libsqlite.so (sqlite3_soft_heap_limit64+8)
I/DEBUG   ( 1901):     #03 pc 000703a3  /system/lib/libandroid_runtime.so (android::register_android_database_SQLiteGlobal(_JNIEnv*)+34)
I/DEBUG   ( 1901):     #04 pc 0005a111  /system/lib/libandroid_runtime.so
I/DEBUG   ( 1901):     #05 pc 0005b161  /system/lib/libandroid_runtime.so (android::AndroidRuntime::startReg(_JNIEnv*)+28)
I/DEBUG   ( 1901):     #06 pc 0005b29d  /system/lib/libandroid_runtime.so (android::AndroidRuntime::start(char const*, android::Vector<android::String8> const&)+276)
I/DEBUG   ( 1901):     #07 pc 00001655  /system/bin/app_process32
I/DEBUG   ( 1901):     #08 pc 0000fb61  /system/lib/libc.so (__libc_init+44)
I/DEBUG   ( 1901):     #09 pc 00001770  /system/bin/app_process32
I/DEBUG   ( 1901): 
I/DEBUG   ( 1901): Tombstone written to: /data/tombstones/tombstone_06
I/ServiceManager( 1894): service 'media.audio_flinger' died
