W/System.err( 5187): 	at android.widget.FrameLayout.layoutChildren(FrameLayout.java:573)
W/System.err( 5187): 	at android.widget.FrameLayout.onLayout(FrameLayout.java:508)
W/System.err( 5187): 	at android.view.View.layout(View.java)
W/System.err( 5187): 	at android.view.ViewGroup.layout(ViewGroup.java:4966)
W/System.err( 5187): 	at android.widget.FrameLayout.layoutChildren(FrameLayout.java:573)
W/System.err( 5187): 	at android.widget.FrameLayout.onLayout(FrameLayout.java:508)
W/System.err( 5187): 	at android.view.View.layout(View.java)
W/System.err( 5187): 	at android.view.ViewGroup.layout(ViewGroup.java:4966)
W/System.err( 5187): 	at android.widget.FrameLayout.layoutChildren(FrameLayout.java:573)
W/System.err( 5187): 	at android.widget.FrameLayout.onLayout(FrameLayout.java:508)
W/System.err( 5187): 	at com.meizu.media.music.widget.KeyBoardFrameLayout.onLayout(KeyBoardFrameLayout.java:68)
W/System.err( 5187): 	at android.view.View.layout(View.java)
W/System.err( 5187): 	at android.view.ViewGroup.layout(ViewGroup.java:4966)
W/System.err( 5187): 	at android.widget.FrameLayout.layoutChildren(FrameLayout.java:573)
W/System.err( 5187): 	at android.widget.FrameLayout.onLayout(FrameLayout.java:508)
W/System.err( 5187): 	at android.view.View.layout(View.java)
W/System.err( 5187): 	at android.view.ViewGroup.layout(ViewGroup.java:4966)
W/System.err( 5187): 	at com.android.internal.widget.MzActionBarOverlayLayout.onLayout(MzActionBarOverlayLayout.java:526)
W/System.err( 5187): 	at android.view.View.layout(View.java)
W/System.err( 5187): 	at android.view.ViewGroup.layout(ViewGroup.java:4966)
W/System.err( 5187): 	at android.widget.FrameLayout.layoutChildren(FrameLayout.java:573)
W/System.err( 5187): 	at android.widget.FrameLayout.onLayout(FrameLayout.java:508)
W/System.err( 5187): 	at android.view.View.layout(View.java)
W/System.err( 5187): 	at android.view.ViewGroup.layout(ViewGroup.java:4966)
W/System.err( 5187): 	at android.view.ViewRootImpl.performLayout(ViewRootImpl.java:2072)
W/System.err( 5187): 	at android.view.ViewRootImpl.performTraversals(ViewRootImpl.java:1829)
W/System.err( 5187): 	at android.view.ViewRootImpl.doTraversal(ViewRootImpl.java:1054)
W/System.err( 5187): 	at android.view.ViewRootImpl$TraversalRunnable.run(ViewRootImpl.java:5786)
W/System.err( 5187): 	at android.view.Choreographer$CallbackRecord.run(Choreographer.java:767)
W/System.err( 5187): 	at android.view.Choreographer.doCallbacks(Choreographer.java:580)
W/System.err( 5187): 	at android.view.Choreographer.doFrame(Choreographer.java:550)
W/System.err( 5187): 	at android.view.Choreographer$FrameDisplayEventReceiver.run(Choreographer.java:753)
W/System.err( 5187): 	at android.os.Handler.handleCallback(Handler.java:739)
W/System.err( 5187): 	at android.os.Handler.dispatchMessage(Handler.java:95)
W/System.err( 5187): 	at android.os.Looper.loop(Looper.java:135)
W/System.err( 5187): 	at android.app.ActivityThread.main(ActivityThread.java:5241)
W/System.err( 5187): 	at java.lang.reflect.Method.invoke(Native Method)
W/System.err( 5187): 	at java.lang.reflect.Method.invoke(Method.java:372)
W/System.err( 5187): 	at com.android.internal.os.ZygoteInit$MethodAndArgsCaller.run(ZygoteInit.java:898)
W/System.err( 5187): 	at com.android.internal.os.ZygoteInit.main(ZygoteInit.java:693)
V/QQPimSecure( 7892): TMSDK version=5.1.0 20150527094454
W/System.err( 5187): java.lang.ClassNotFoundException: com.meizu.telephony.MzTelephonymanager
W/System.err( 5187): 	at java.lang.Class.classForName(Native Method)
W/System.err( 5187): 	at java.lang.Class.forName(Class.java:308)
W/System.err( 5187): 	at java.lang.Class.forName(Class.java:272)
W/System.err( 5187): 	at com.meizu.commontools.MultiSimCardUtils.isMultiSimCard(MultiSimCardUtils.java:155)
W/System.err( 5187): 	at com.meizu.commontools.MultiSimCardUtils.refreshCardList(MultiSimCardUtils.java:40)
W/System.err( 5187): 	at com.meizu.media.music.util.freeflow.FreeFlowHelper.notifyStart(FreeFlowHelper.java:131)
W/System.err( 5187): 	at com.meizu.media.music.util.sync.SyncPlaylistHelper$4.run(SyncPlaylistHelper.java:1822)
W/System.err( 5187): 	at android.os.Handler.handleCallback(Handler.java:739)
W/System.err( 5187): 	at android.os.Handler.dispatchMessage(Handler.java:95)
W/System.err( 5187): 	at android.os.Looper.loop(Looper.java:135)
W/System.err( 5187): 	at com.meizu.commontools.SyncThread.run(SyncThread.java:29)
W/System.err( 5187): 	at java.lang.Thread.run(Thread.java:818)
W/System.err( 5187): Caused by: java.lang.ClassNotFoundException: Didn't find class "com.meizu.telephony.MzTelephonymanager" on path: DexPathList[[zip file "/system/framework/android.test.runner.jar", zip file "/system/priv-app/Music/Music.apk"],nativeLibraryDirectories=[/vendor/lib, /system/lib]]
W/System.err( 5187): 	at dalvik.system.BaseDexClassLoader.findClass(BaseDexClassLoader.java:56)
W/System.err( 5187): 	at java.lang.ClassLoader.loadClass(ClassLoader.java:511)
W/System.err( 5187): 	at java.lang.ClassLoader.loadClass(ClassLoader.java:469)
W/System.err( 5187): 	... 12 more
W/System.err( 5187): 	Suppressed: java.lang.ClassNotFoundException: com.meizu.telephony.MzTelephonymanager
W/System.err( 5187): 		at java.lang.Class.classForName(Native Method)
W/System.err( 5187): 		at java.lang.BootClassLoader.findClass(ClassLoader.java:781)
W/System.err( 5187): 		at java.lang.BootClassLoader.loadClass(ClassLoader.java:841)
W/System.err( 5187): 		at java.lang.ClassLoader.loadClass(ClassLoader.java:504)
W/System.err( 5187): 		... 13 more
W/System.err( 5187): 	Caused by: java.lang.NoClassDefFoundError: Class not found using the boot class loader; no stack available
W/System.err( 5187): java.lang.NoSuchMethodException: setWithRectStroke [boolean]
W/System.err( 5187): 	at java.lang.Class.getMethod(Class.java:664)
W/System.err( 5187): 	at java.lang.Class.getMethod(Class.java:643)
W/System.err( 5187): 	at com.meizu.media.music.util.CoverUtils.setWithShadowForImageView(CoverUtils.java:430)
W/System.err( 5187): 	at com.meizu.media.music.widget.PlayGridItem.initChildView(PlayGridItem.java:48)
W/System.err( 5187): 	at com.meizu.media.music.widget.PlayGridItem.<init>(PlayGridItem.java:31)
W/System.err( 5187): 	at com.meizu.media.music.fragment.PlayGridFragment$PlayGridAdapter.newView(PlayGridFragment.java:1246)
W/System.err( 5187): 	at android.widget.CursorAdapter.getView(CursorAdapter.java:250)
W/System.err( 5187): 	at com.meizu.media.music.widget.HeaderGridView$HeaderViewGridAdapter.getView(HeaderGridView.java:390)
W/System.err( 5187): 	at android.widget.AbsListView.obtainView(AbsListView.java:2346)
W/System.err( 5187): 	at android.widget.GridView.makeAndAddView(GridView.java:1433)
W/System.err( 5187): 	at android.widget.GridView.makeRow(GridView.java:361)
W/System.err( 5187): 	at android.widget.GridView.fillDown(GridView.java:302)
W/System.err( 5187): 	at android.widget.GridView.fillFromTop(GridView.java:437)
W/System.err( 5187): 	at android.widget.GridView.layoutChildren(GridView.java:1276)
W/System.err( 5187): 	at android.widget.AbsListView.onLayout(AbsListView.java)
W/System.err( 5187): 	at android.view.View.layout(View.java)
W/System.err( 5187): 	at android.view.ViewGroup.layout(ViewGroup.java:4966)
W/System.err( 5187): 	at android.widget.FrameLayout.layoutChildren(FrameLayout.java:573)
W/System.err( 5187): 	at android.widget.FrameLayout.onLayout(FrameLayout.java:508)
W/System.err( 5187): 	at android.view.View.layout(View.java)
W/System.err( 5187): 	at android.view.ViewGroup.layout(ViewGroup.java:4966)
W/System.err( 5187): 	at android.widget.FrameLayout.layoutChildren(FrameLayout.java:573)
W/System.err( 5187): 	at android.widget.FrameLayout.onLayout(FrameLayout.java:508)
W/System.err( 5187): 	at android.view.View.layout(View.java)
W/System.err( 5187): 	at android.view.ViewGroup.layout(ViewGroup.java:4966)
W/System.err( 5187): 	at android.widget.FrameLayout.layoutChildren(FrameLayout.java:573)
W/System.err( 5187): 	at android.widget.FrameLayout.onLayout(FrameLayout.java:508)
W/System.err( 5187): 	at android.view.View.layout(View.java)
W/System.err( 5187): 	at android.view.ViewGroup.layout(ViewGroup.java:4966)
W/System.err( 5187): 	at android.widget.FrameLayout.layoutChildren(FrameLayout.java:573)
W/System.err( 5187): 	at android.widget.FrameLayout.onLayout(FrameLayout.java:508)
W/System.err( 5187): 	at android.view.View.layout(View.java)
W/System.err( 5187): 	at android.view.ViewGroup.layout(ViewGroup.java:4966)
W/System.err( 5187): 	at android.widget.FrameLayout.layoutChildren(FrameLayout.java:573)
W/System.err( 5187): 	at android.widget.FrameLayout.onLayout(FrameLayout.java:508)
W/System.err( 5187): 	at com.meizu.media.music.widget.KeyBoardFrameLayout.onLayout(KeyBoardFrameLayout.java:68)
W/System.err( 5187): 	at android.view.View.layout(View.java)
W/System.err( 5187): 	at android.view.ViewGroup.layout(ViewGroup.java:4966)
W/System.err( 5187): 	at android.widget.FrameLayout.layoutChildren(FrameLayout.java:573)
W/System.err( 5187): 	at android.widget.FrameLayout.onLayout(FrameLayout.java:508)
W/System.err( 5187): 	at android.view.View.layout(View.java)
W/System.err( 5187): 	at android.view.ViewGroup.layout(ViewGroup.java:4966)
W/System.err( 5187): 	at com.android.internal.widget.MzActionBarOverlayLayout.onLayout(MzActionBarOverlayLayout.java:526)
W/System.err( 5187): 	at android.view.View.layout(View.java)
W/System.err( 5187): 	at android.view.ViewGroup.layout(ViewGroup.java:4966)
W/System.err( 5187): 	at android.widget.FrameLayout.layoutChildren(FrameLayout.java:573)
W/System.err( 5187): 	at android.widget.FrameLayout.onLayout(FrameLayout.java:508)
W/System.err( 5187): 	at android.view.View.layout(View.java)
W/System.err( 5187): 	at android.view.ViewGroup.layout(ViewGroup.java:4966)
W/System.err( 5187): 	at android.view.ViewRootImpl.performLayout(ViewRootImpl.java:2072)
W/System.err( 5187): 	at android.view.ViewRootImpl.performTraversals(ViewRootImpl.java:1829)
W/System.err( 5187): 	at android.view.ViewRootImpl.doTraversal(ViewRootImpl.java:1054)
W/System.err( 5187): 	at android.view.ViewRootImpl$TraversalRunnable.run(ViewRootImpl.java:5786)
W/System.err( 5187): 	at android.view.Choreographer$CallbackRecord.run(Choreographer.java:767)
W/System.err( 5187): 	at android.view.Choreographer.doCallbacks(Choreographer.java:580)
W/System.err( 5187): 	at android.view.Choreographer.doFrame(Choreographer.java:550)
W/System.err( 5187): 	at android.view.Choreographer$FrameDisplayEventReceiver.run(Choreographer.java:753)
W/System.err( 5187): 	at android.os.Handler.handleCallback(Handler.java:739)
W/System.err( 5187): 	at android.os.Handler.dispatchMessage(Handler.java:95)
W/System.err( 5187): 	at android.os.Looper.loop(Looper.java:135)
W/System.err( 5187): 	at android.app.ActivityThread.main(ActivityThread.java:5241)
W/System.err( 5187): 	at java.lang.reflect.Method.invoke(Native Method)
W/System.err( 5187): 	at java.lang.reflect.Method.invoke(Method.java:372)
W/System.err( 5187): 	at com.android.internal.os.ZygoteInit$MethodAndArgsCaller.run(ZygoteInit.java:898)
W/System.err( 5187): 	at com.android.internal.os.ZygoteInit.main(ZygoteInit.java:693)
D/LicMan  ( 7892): expirySeconds=2221488000(2040-4-25) expired=false
D/FlymePermissionManager( 5187): getPackageNameFromPid, charset=UTF-8, pid=5187, orgLength=76, trim line=com.meizu.media.music, length=21
D/FlymePermissionManager( 5187): uid:10014
D/FlymePermissionManager( 5187): pid:5187
D/FlymePermissionManager( 5187): privilege:73
D/FlymePermissionManager( 5187): com.meizu.media.music request...
D/CTACHECK( 5187): the system app: com.meizu.media.music use permission: 获取手机识别码
D/FlymePermissionManager( 5187): system app allow!
D/MzSplitActionBarContainer( 5187): onLayout:mBackButton=null; mMenuView=null; mEnableBackButton=false; mExtraPadding=104
I/TMSDKContext( 7892): pid: 13
W/System.err( 5187): java.lang.ClassNotFoundException: com.meizu.telephony.MzTelephonymanager
I/ServiceCenter( 7892): create service: 9-4294967297
I/DefaultPreferenceManager( 7892): getDefaultPreferenceManager|caller=4294967297|fileName=sk
W/System.err( 5187): 	at java.lang.Class.classForName(Native Method)
W/System.err( 5187): 	at java.lang.Class.forName(Class.java:308)
W/System.err( 5187): 	at java.lang.Class.forName(Class.java:272)
W/System.err( 5187): 	at com.meizu.commontools.MultiSimCardUtils.isMultiSimCard(MultiSimCardUtils.java:155)
W/System.err( 5187): 	at com.meizu.commontools.MultiSimCardUtils.refreshCardList(MultiSimCardUtils.java:40)
W/System.err( 5187): 	at com.meizu.commontools.MultiSimCardUtils.getPhoneIMSI(MultiSimCardUtils.java:83)
W/System.err( 5187): 	at com.meizu.media.music.util.freeflow.FreeFlowHelper.notifyStart(FreeFlowHelper.java:132)
W/System.err( 5187): 	at com.meizu.media.music.util.sync.SyncPlaylistHelper$4.run(SyncPlaylistHelper.java:1822)
W/System.err( 5187): 	at android.os.Handler.handleCallback(Handler.java:739)
W/System.err( 5187): 	at android.os.Handler.dispatchMessage(Handler.java:95)
E/Statistics( 5187): onPageEnd
I/fuckShark( 7892): SharkProtocolQueue()22781958
D/ImsiChecker( 7892): isImsiChanged [Beg]
F/libc    ( 5187): Fatal signal 4 (SIGILL), code 1, fault addr 0x428d38de in tid 5248 (AsyncTask #4)
D/xxx     ( 5187): cache getMainCategory {"message":null,"code":200,"redirect":null,"value":[{"name":"\u9996\u9875","id":1,"order":1}]}
D/MzSplitActionBarContainer( 5187): onMeasure:mBackButton=null; mMenuView=null; mEnableBackButton=false
W/System.err( 5187): 	at android.os.Looper.loop(Looper.java:135)
W/System.err( 5187): 	at com.meizu.commontools.SyncThread.run(SyncThread.java:29)
W/System.err( 5187): 	at java.lang.Thread.run(Thread.java:818)
W/System.err( 5187): Caused by: java.lang.ClassNotFoundException: Didn't find class "com.meizu.telephony.MzTelephonymanager" on path: DexPathList[[zip file "/system/framework/android.test.runner.jar", zip file "/system/priv-app/Music/Music.apk"],nativeLibraryDirectories=[/vendor/lib, /system/lib]]
D/MzSplitActionBarContainer( 5187): onMeasure:backButtonWidth=0; menuWidth=0
W/System.err( 5187): 	at dalvik.system.BaseDexClassLoader.findClass(BaseDexClassLoader.java:56)
W/System.err( 5187): 	at java.lang.ClassLoader.loadClass(ClassLoader.java:511)
W/System.err( 5187): 	at java.lang.ClassLoader.loadClass(ClassLoader.java:469)
W/System.err( 5187): 	... 13 more
W/System.err( 5187): 	Suppressed: java.lang.ClassNotFoundException: com.meizu.telephony.MzTelephonymanager
W/System.err( 5187): 		at java.lang.Class.classForName(Native Method)
W/System.err( 5187): 		at java.lang.BootClassLoader.findClass(ClassLoader.java:781)
W/System.err( 5187): 		at java.lang.BootClassLoader.loadClass(ClassLoader.java:841)
W/System.err( 5187): 		at java.lang.ClassLoader.loadClass(ClassLoader.java:504)
W/System.err( 5187): 		... 14 more
W/System.err( 5187): 	Caused by: java.lang.NoClassDefFoundError: Class not found using the boot class loader; no stack available
D/FlymePermissionManager( 7892): getPackageNameFromPid, charset=UTF-8, pid=7892, orgLength=76, trim line=com.meizu.safe:Remote, length=21
D/FlymePermissionManager( 7892): uid:1000
D/FlymePermissionManager( 7892): pid:7892
D/FlymePermissionManager( 7892): privilege:73
D/FlymePermissionManager( 7892): com.meizu.safe request...
D/MzSplitActionBarContainer( 5187): onLayout:mBackButton=null; mMenuView=null; mEnableBackButton=false; mExtraPadding=104
D/FlymePermissionManager( 5187): getPackageNameFromPid, charset=UTF-8, pid=5187, orgLength=76, trim line=com.meizu.media.music, length=21
D/FlymePermissionManager( 5187): uid:10014
D/FlymePermissionManager( 5187): pid:5187
D/FlymePermissionManager( 5187): privilege:73
D/FlymePermissionManager( 5187): com.meizu.media.music request...
D/xxx     ( 5187): cache getModuleContent null
D/CTACHECK( 5187): the system app: com.meizu.media.music use permission: 获取手机识别码
D/FlymePermissionManager( 5187): system app allow!
D/CTACHECK( 7892): the system app: com.meizu.safe use permission: 获取手机识别码
D/FlymePermissionManager( 7892): system app allow!
W/System.err( 5187): java.lang.ClassNotFoundException: com.meizu.telephony.MzTelephonymanager
W/System.err( 5187): 	at java.lang.Class.classForName(Native Method)
W/System.err( 5187): 	at java.lang.Class.forName(Class.java:308)
W/System.err( 5187): 	at java.lang.Class.forName(Class.java:272)
W/System.err( 5187): 	at com.meizu.commontools.MultiSimCardUtils.isMultiSimCard(MultiSimCardUtils.java:155)
W/System.err( 5187): 	at com.meizu.commontools.MultiSimCardUtils.refreshCardList(MultiSimCardUtils.java:40)
W/System.err( 5187): 	at com.meizu.commontools.MultiSimCardUtils.getPhoneIMSI(MultiSimCardUtils.java:83)
W/System.err( 5187): 	at com.meizu.media.music.util.freeflow.FreeFlowHelper.notifyStart(FreeFlowHelper.java:137)
W/System.err( 5187): 	at com.meizu.media.music.util.sync.SyncPlaylistHelper$4.run(SyncPlaylistHelper.java:1822)
W/System.err( 5187): 	at android.os.Handler.handleCallback(Handler.java:739)
W/System.err( 5187): 	at android.os.Handler.dispatchMessage(Handler.java:95)
W/System.err( 5187): 	at android.os.Looper.loop(Looper.java:135)
W/System.err( 5187): 	at com.meizu.commontools.SyncThread.run(SyncThread.java:29)
W/System.err( 5187): 	at java.lang.Thread.run(Thread.java:818)
W/System.err( 5187): Caused by: java.lang.ClassNotFoundException: Didn't find class "com.meizu.telephony.MzTelephonymanager" on path: DexPathList[[zip file "/system/framework/android.test.runner.jar", zip file "/system/priv-app/Music/Music.apk"],nativeLibraryDirectories=[/vendor/lib, /system/lib]]
D/ImsiChecker( 7892): isImsiChanged-lastImsi:[000000000000000][]
W/System.err( 5187): 	at dalvik.system.BaseDexClassLoader.findClass(BaseDexClassLoader.java:56)
W/System.err( 5187): 	at java.lang.ClassLoader.loadClass(ClassLoader.java:511)
W/System.err( 5187): 	at java.lang.ClassLoader.loadClass(ClassLoader.java:469)
W/System.err( 5187): 	... 13 more
W/System.err( 5187): 	Suppressed: java.lang.ClassNotFoundException: com.meizu.telephony.MzTelephonymanager
W/System.err( 5187): 		at java.lang.Class.classForName(Native Method)
W/System.err( 5187): 		at java.lang.BootClassLoader.findClass(ClassLoader.java:781)
W/System.err( 5187): 		at java.lang.BootClassLoader.loadClass(ClassLoader.java:841)
W/System.err( 5187): 		at java.lang.ClassLoader.loadClass(ClassLoader.java:504)
W/System.err( 5187): 		... 14 more
W/System.err( 5187): 	Caused by: java.lang.NoClassDefFoundError: Class not found using the boot class loader; no stack available
D/ImsiChecker( 7892): isImsiChanged-currImsi:[000000000000000][]
D/FlymePermissionManager( 5187): getPackageNameFromPid, charset=UTF-8, pid=5187, orgLength=76, trim line=com.meizu.media.music, length=21
D/FlymePermissionManager( 5187): uid:10014
D/FlymePermissionManager( 5187): pid:5187
D/FlymePermissionManager( 5187): privilege:73
D/FlymePermissionManager( 5187): com.meizu.media.music request...
D/CTACHECK( 5187): the system app: com.meizu.media.music use permission: 获取手机识别码
D/FlymePermissionManager( 5187): system app allow!
D/ImsiChecker( 7892): isImsiChanged [End][false]
W/System.err( 5187): java.lang.ClassNotFoundException: com.meizu.telephony.MzTelephonymanager
W/System.err( 5187): 	at java.lang.Class.classForName(Native Method)
W/System.err( 5187): 	at java.lang.Class.forName(Class.java:308)
W/System.err( 5187): 	at java.lang.Class.forName(Class.java:272)
W/System.err( 5187): 	at com.meizu.commontools.MultiSimCardUtils.isMultiSimCard(MultiSimCardUtils.java:155)
W/System.err( 5187): 	at com.meizu.commontools.MultiSimCardUtils.refreshCardList(MultiSimCardUtils.java:40)
W/System.err( 5187): 	at com.meizu.commontools.MultiSimCardUtils.getPhoneIMSI(MultiSimCardUtils.java:83)
W/System.err( 5187): 	at com.meizu.media.music.data.FlowWrapedHttp$FlowUrlHandler.<init>(FlowWrapedHttp.java:586)
W/System.err( 5187): 	at com.meizu.media.music.data.FlowWrapedHttp.doHttpGet(FlowWrapedHttp.java:519)
W/System.err( 5187): 	at com.meizu.media.music.data.RequestManager.getModuleContent(RequestManager.java:2396)
W/System.err( 5187): 	at com.meizu.media.music.fragment.ModuleBaseFragment$MainLoader.loadInBackground(ModuleBaseFragment.java:221)
W/System.err( 5187): 	at com.meizu.media.music.fragment.ModuleBaseFragment$MainLoader.loadInBackground(ModuleBaseFragment.java:184)
W/System.err( 5187): 	at android.content.AsyncTaskLoader.onLoadInBackground(AsyncTaskLoader.java:312)
W/System.err( 5187): 	at android.content.AsyncTaskLoader$LoadTask.doInBackground(AsyncTaskLoader.java:69)
W/System.err( 5187): 	at android.content.AsyncTaskLoader$LoadTask.doInBackground(AsyncTaskLoader.java:57)
W/System.err( 5187): 	at android.os.AsyncTask$2.call(AsyncTask.java:288)
W/System.err( 5187): 	at java.util.concurrent.FutureTask.run(FutureTask.java:237)
W/System.err( 5187): 	at java.util.concurrent.ThreadPoolExecutor.runWorker(ThreadPoolExecutor.java:1112)
W/System.err( 5187): 	at java.util.concurrent.ThreadPoolExecutor$Worker.run(ThreadPoolExecutor.java:587)
W/System.err( 5187): 	at java.lang.Thread.run(Thread.java:818)
W/System.err( 5187): Caused by: java.lang.ClassNotFoundException: Didn't find class "com.meizu.telephony.MzTelephonymanager" on path: DexPathList[[zip file "/system/framework/android.test.runner.jar", zip file "/system/priv-app/Music/Music.apk"],nativeLibraryDirectories=[/vendor/lib, /system/lib]]
W/System.err( 5187): 	at dalvik.system.BaseDexClassLoader.findClass(BaseDexClassLoader.java:56)
W/System.err( 5187): 	at java.lang.ClassLoader.loadClass(ClassLoader.java:511)
W/System.err( 5187): 	at java.lang.ClassLoader.loadClass(ClassLoader.java:469)
W/System.err( 5187): 	... 19 more
W/System.err( 5187): 	Suppressed: java.lang.ClassNotFoundException: com.meizu.telephony.MzTelephonymanager
W/System.err( 5187): 		at java.lang.Class.classForName(Native Method)
W/System.err( 5187): 		at java.lang.BootClassLoader.findClass(ClassLoader.java:781)
W/System.err( 5187): 		at java.lang.BootClassLoader.loadClass(ClassLoader.java:841)
W/System.err( 5187): 		at java.lang.ClassLoader.loadClass(ClassLoader.java:504)
W/System.err( 5187): 		... 20 more
W/System.err( 5187): 	Caused by: java.lang.NoClassDefFoundError: Class not found using the boot class loader; no stack available
D/FlymePermissionManager( 5187): getPackageNameFromPid, charset=UTF-8, pid=5187, orgLength=76, trim line=com.meizu.media.music, length=21
D/FlymePermissionManager( 5187): uid:10014
D/FlymePermissionManager( 5187): pid:5187
D/FlymePermissionManager( 5187): privilege:73
D/FlymePermissionManager( 5187): com.meizu.media.music request...
D/CTACHECK( 5187): the system app: com.meizu.media.music use permission: 获取手机识别码
D/FlymePermissionManager( 5187): system app allow!
I/gjj     ( 7892): init is Test server : false
W/System.err( 5187): java.lang.ClassNotFoundException: com.meizu.telephony.MzTelephonymanager
W/System.err( 5187): 	at java.lang.Class.classForName(Native Method)
W/System.err( 5187): 	at java.lang.Class.forName(Class.java:308)
W/System.err( 5187): 	at java.lang.Class.forName(Class.java:272)
W/System.err( 5187): 	at com.meizu.commontools.MultiSimCardUtils.isMultiSimCard(MultiSimCardUtils.java:155)
W/System.err( 5187): 	at com.meizu.commontools.MultiSimCardUtils.refreshCardList(MultiSimCardUtils.java:40)
W/System.err( 5187): 	at com.meizu.commontools.MultiSimCardUtils.getPhoneIMSI(MultiSimCardUtils.java:83)
W/System.err( 5187): 	at com.meizu.media.music.data.FlowWrapedHttp$FlowUrlHandler.<init>(FlowWrapedHttp.java:586)
W/System.err( 5187): 	at com.meizu.media.music.data.FlowWrapedHttp.doHttpGet(FlowWrapedHttp.java:519)
W/System.err( 5187): 	at com.meizu.media.music.data.RequestManager$98.run(RequestManager.java:2363)
W/System.err( 5187): 	at com.meizu.media.music.util.MusicUtils$20.doInBackground(MusicUtils.java:2558)
W/System.err( 5187): 	at com.meizu.commontools.SimpleTask.doInBackground(SimpleTask.java:19)
W/System.err( 5187): 	at com.meizu.commontools.SimpleTask.doInBackground(SimpleTask.java:10)
W/System.err( 5187): 	at android.os.AsyncTask$2.call(AsyncTask.java:288)
W/System.err( 5187): 	at java.util.concurrent.FutureTask.run(FutureTask.java:237)
W/System.err( 5187): 	at java.util.concurrent.ThreadPoolExecutor.runWorker(ThreadPoolExecutor.java:1112)
W/System.err( 5187): 	at java.util.concurrent.ThreadPoolExecutor$Worker.run(ThreadPoolExecutor.java:587)
W/System.err( 5187): 	at java.lang.Thread.run(Thread.java:818)
W/System.err( 5187): Caused by: java.lang.ClassNotFoundException: Didn't find class "com.meizu.telephony.MzTelephonymanager" on path: DexPathList[[zip file "/system/framework/android.test.runner.jar", zip file "/system/priv-app/Music/Music.apk"],nativeLibraryDirectories=[/vendor/lib, /system/lib]]
W/System.err( 5187): 	at dalvik.system.BaseDexClassLoader.findClass(BaseDexClassLoader.java:56)
W/System.err( 5187): 	at java.lang.ClassLoader.loadClass(ClassLoader.java:511)
W/System.err( 5187): 	at java.lang.ClassLoader.loadClass(ClassLoader.java:469)
W/System.err( 5187): 	... 17 more
W/System.err( 5187): 	Suppressed: java.lang.ClassNotFoundException: com.meizu.telephony.MzTelephonymanager
W/System.err( 5187): 		at java.lang.Class.classForName(Native Method)
W/System.err( 5187): 		at java.lang.BootClassLoader.findClass(ClassLoader.java:781)
W/System.err( 5187): 		at java.lang.BootClassLoader.loadClass(ClassLoader.java:841)
W/System.err( 5187): 		at java.lang.ClassLoader.loadClass(ClassLoader.java:504)
W/System.err( 5187): 		... 18 more
W/System.err( 5187): 	Caused by: java.lang.NoClassDefFoundError: Class not found using the boot class loader; no stack available
I/SharkNetwork( 7892): SharkNetwork() isTest: false
D/FlymePermissionManager( 5187): getPackageNameFromPid, charset=UTF-8, pid=5187, orgLength=76, trim line=com.meizu.media.music, length=21
D/FlymePermissionManager( 5187): uid:10014
D/FlymePermissionManager( 5187): pid:5187
D/FlymePermissionManager( 5187): privilege:73
D/FlymePermissionManager( 5187): com.meizu.media.music request...
D/CTACHECK( 5187): the system app: com.meizu.media.music use permission: 获取手机识别码
D/FlymePermissionManager( 5187): system app allow!
W/System  ( 5187): Ignoring header Authorization because its value was null.
I/SharkOutlet( 7892): onGetEncodeKey() encodeKey: AKEJ4EAcPd3SVL3I
I/SharkOutlet( 7892): onGetSessionId() sessionId: iT7FMU2GMI2ael/kiMteszgyMzEwODU5NzUwODUwNzE=
I/RsaKeyCertifier( 7892): load() mEncodeKey: AKEJ4EAcPd3SVL3I mSessionId: iT7FMU2GMI2ael/kiMteszgyMzEwODU5NzUwODUwNzE=
D/RawDBService( 7892): query|caller=4294967297|authority=MeriExtProvider|table=gd_info
I/PiDBProvider( 7892): addCursorId: 1-
I/ThreadPool( 7892): pause thread pool
I/ServiceCenter( 7892): create service: 4-4294967297
I/DEBUG   ( 7367): *** *** *** *** *** *** *** *** *** *** *** *** *** *** *** ***
I/DEBUG   ( 7367): Build fingerprint: 'samsung/i9308xx/i9308:5.0.2/LRX22G/builder.20150707134837_R:userdebug/test-keys'
I/DEBUG   ( 7367): Revision: '12'
I/DEBUG   ( 7367): ABI: 'arm'
I/DEBUG   ( 7367): pid: 5187, tid: 5248, name: AsyncTask #4  >>> com.meizu.media.music <<<
I/DEBUG   ( 7367): signal 4 (SIGILL), code 1 (ILL_ILLOPC), fault addr 0x428d38de
I/DefaultPreferenceManager( 7892): getDefaultPreferenceManager|caller=4294967297|fileName=kv_profile_sp_name
I/ServiceCenter( 7892): create service: 12-4294967297
I/DEBUG   ( 7367):     r0 00000001  r1 0000ac44  r2 00000480  r3 00000001
I/DEBUG   ( 7367):     r4 008ca000  r5 5491b5e0  r6 51f640a0  r7 428f07fc
I/DEBUG   ( 7367):     r8 51f640a0  r9 00000003  sl 00000004  fp 51f640a0
I/DEBUG   ( 7367):     ip 00000200  sp 5491b588  lr 428d38bf  pc 428d38de  cpsr 200f0030
I/DEBUG   ( 7367): 
I/DEBUG   ( 7367): backtrace:
I/DEBUG   ( 7367):     #00 pc 000328de  /system/lib/libtaglib.so (TagLib::MPEG::Header::parse(TagLib::ByteVector const&)+585)
I/DEBUG   ( 7367):     #01 pc 00032945  /system/lib/libtaglib.so (TagLib::MPEG::Header::Header(TagLib::ByteVector const&)+64)
I/DEBUG   ( 7367):     #02 pc 00032a03  /system/lib/libtaglib.so (TagLib::MPEG::Properties::read()+58)
I/DEBUG   ( 7367):     #03 pc 00032cf3  /system/lib/libtaglib.so (TagLib::MPEG::Properties::Properties(TagLib::MPEG::File*, TagLib::AudioProperties::ReadStyle)+82)
I/DEBUG   ( 7367):     #04 pc 00031dbd  /system/lib/libtaglib.so (TagLib::MPEG::File::read(bool, TagLib::AudioProperties::ReadStyle)+290)
I/DEBUG   ( 7367):     #05 pc 00031e57  /system/lib/libtaglib.so (TagLib::MPEG::File::File(char const*, bool, TagLib::AudioProperties::ReadStyle, bool)+142)
I/DEBUG   ( 7367):     #06 pc 00046e59  /system/lib/libtaglib.so (TagLib::FileRef::create(char const*, bool, TagLib::AudioProperties::ReadStyle, bool)+196)
I/DEBUG   ( 7367):     #07 pc 000470d5  /system/lib/libtaglib.so (TagLib::FileRef::FileRef(char const*, bool, TagLib::AudioProperties::ReadStyle, bool)+28)
I/DEBUG   ( 7367):     #08 pc 00000da5  /system/lib/libaudioinfo_jni.so
I/DEBUG   ( 7367):     #09 pc 0022789d  /data/dalvik-cache/arm/system@priv-app@Music@Music.apk@classes.dex
I/GuidCertifier( 7892): refreshGuid()
I/SharkOutlet( 7892): onGetGuidFromPhone() guid: 03021315070714390300094023401548
D/SecurityCenter( 7892): SafeApplication::onCreate:tag3:2015-07-07 02:48:08
D/SecurityCenter( 7892): SafeApplication::onCreate:tag4:2015-07-07 02:48:08
D/SecurityCenter( 7892): SafeApplication::onCreate:tag5:2015-07-07 02:48:08
D/PowerSavingService( 7892): service onCreate called
I/DefaultPreferenceManager( 7892): getDefaultPreferenceManager|caller=4294967297|fileName=prfle_cnfg_dao
I/IpPlot  ( 7892): IpPlot() isTest: false
D/IpPlot  ( 7892): IpPlot() isTest: false
I/SharkOutlet( 7892): onGetIpList() validperiodLocalMillis: 0
I/ServiceCenter( 7892): create service: 5-4294967297
D/SharkProcessProxy( 7892): sending process registerSharkPush() from cmdId: 11052 flag: 2
I/SharkOutlet( 7892): getIpListFromStr() ipListStr: 120.198.203.156|120.198.189.33
I/SharkOutlet( 7892): getIpListFromStr() ipListStr: 58.251.139.221|163.177.71.153
I/SharkOutlet( 7892): getIpListFromStr() ipListStr: 183.60.15.198|14.17.41.152
I/SharkOutlet( 7892): printIpList() ipList[0]: 120.198.203.156
I/SharkOutlet( 7892): printIpList() ipList[1]: 120.198.189.33
I/SharkOutlet( 7892): printIpList() ipList[0]: 58.251.139.221
I/SharkOutlet( 7892): printIpList() ipList[1]: 163.177.71.153
I/SharkOutlet( 7892): printIpList() ipList[0]: 183.60.15.198
I/SharkOutlet( 7892): printIpList() ipList[1]: 14.17.41.152
I/DefaultPreferenceManager( 7892): getDefaultPreferenceManager|caller=4294967297|fileName=soft_list_sp_name
I/SharkOutlet( 7892): onGetHash() hash: 0
I/SharkOutlet( 7892): onGetHashSeqNo() hashSeqNo: 0
D/IpPlot  ( 7892): loadList() cmvips
D/IpPlot  ( 7892): loadList() cmvips
D/SoftListProfileService( 7892): softListFullUploadQuantity : 500000
D/IpPlot  ( 7892): loadList() univips
D/IpPlot  ( 7892): loadList() univips
D/IpPlot  ( 7892): loadList() ctvips
D/IpPlot  ( 7892): loadList() ctvips
D/IpPlot  ( 7892): refreshWorkingList()
D/IpPlot  ( 7892): getOper() usingWifi
D/IpPlot  ( 7892): getOper() usingWifi
I/PowerStatisticsLongHis( 7892): powerprofile cap is 2100
D/IpPlot  ( 7892): getOper() oper:2
D/IpPlot  ( 7892): getOper() oper:2
I/PowerStatisticsLongHis( 7892): current handler thread id is 648
I/PowerStatisticsLongHis( 7892): msg_init 648
D/IpPlot  ( 7892): getOper() usingWifi
D/IpPlot  ( 7892): getOper() usingWifi
D/IpPlot  ( 7892): getOper() oper:2
D/IpPlot  ( 7892): getOper() oper:2
D/FileSyncManager( 3377): uploadFile result : true data = [1 , 62c87f12ea5e45dfaee6089913f37565 , ai_3.png , cac68e8542e397ac0eace66bb3ab85c3 , 0]
D/IpPlot  ( 7892): printWrokingIpList()
I/IpPlot  ( 7892): printWrokingIpList() mWorkingIpList[0]: 14.17.41.152
D/IpPlot  ( 7892): printWrokingIpList() mWorkingIpList[0]: 14.17.41.152
I/IpPlot  ( 7892): printWrokingIpList() mWorkingIpList[1]: 183.60.15.198
D/IpPlot  ( 7892): printWrokingIpList() mWorkingIpList[1]: 183.60.15.198
D/FileCacheTracker( 3377): getLocalItemStatus: uniqueKey:inbuilt_note_1_ai_3.png isn't in localMap: {}
D/FileCacheTracker( 3377): setSyncRecord: uniqueKey:inbuilt_note_1_ai_3.png| status:1
I/IpPlot  ( 7892): printWrokingIpList() mWorkingIpList[2]: mazu.3g.qq.com
D/IpPlot  ( 7892): printWrokingIpList() mWorkingIpList[2]: mazu.3g.qq.com
I/IpPlot  ( 7892): printWrokingIpList() mWorkingIpList[3]: 120.198.203.156
D/IpPlot  ( 7892): printWrokingIpList() mWorkingIpList[3]: 120.198.203.156
I/IpPlot  ( 7892): printWrokingIpList() mWorkingIpList[4]: 120.198.189.33
D/IpPlot  ( 7892): printWrokingIpList() mWorkingIpList[4]: 120.198.189.33
I/IpPlot  ( 7892): printWrokingIpList() mWorkingIpList[5]: 58.251.139.221
D/IpPlot  ( 7892): printWrokingIpList() mWorkingIpList[5]: 58.251.139.221
D/PowerSavingService( 7892): service onStartCommand called
D/PowerSavingService( 7892): Intent { cmp=com.meizu.safe/.power.PowerSavingService }
D/PowerSavingService( 7892): service onStartCommand called
D/PowerSavingService( 7892): Intent { cmp=com.meizu.safe/.power.PowerSavingService }
D/PowerSavingService( 7892): Receiver: onReceive called
D/PowerSavingService( 7892): Intent { act=android.intent.action.BATTERY_CHANGED flg=0x60000010 (has extras) }
I/PowerStatisticsLongHis( 7892): battery receiver scale = 100 level=98 plugged=0
I/PowerStatisticsLongHis( 7892): current task thread id is 648
I/PowerStatisticsLongHis( 7892): thPrevHisItem initStart is true
D/PowerSavingService( 7892): service onBind called
I/IpPlot  ( 7892): printWrokingIpList() mWorkingIpList[6]: 163.177.71.153
D/IpPlot  ( 7892): printWrokingIpList() mWorkingIpList[6]: 163.177.71.153
I/SharkOutlet( 7892): onGetPortList() portList: null
I/NetworkBroadcastReceiver( 7892): 注册网络监听
I/NetworkBroadcastReceiver( 7892): network type:1
I/NetworkBroadcastReceiver( 7892): android.net.conn.CONNECTIVITY_CHANGE
I/NetworkBroadcastReceiver( 7892): 添加网络监听 : tmsdkobf.lk
I/SharkOutlet( 7892): onGetIntervalSecond() intervalSecond: 0
D/FileSyncManager( 3377): uploadFile result : true data = [1 , 62c87f12ea5e45dfaee6089913f37565 , ai_1.png , 0f981deb84ea215335173d28223df37b , 0]
D/FileCacheTracker( 3377): getLocalItemStatus: uniqueKey:inbuilt_note_1_ai_1.png isn't in localMap: {}
D/FileCacheTracker( 3377): setSyncRecord: uniqueKey:inbuilt_note_1_ai_1.png| status:1
I/FileSyncManager( 3377): **********************************3.getDatas**********************************
D/FileSyncTransportAgent( 3377): getdatas return : {"cid":"1436251684931","isFinal":1,"sid":"s1361781xssehlske3nr1wl08pszykexo","syncList":""}
I/FileSyncManager( 3377): **********************************4.submitResult**********************************
D/FileSyncManager( 3377): ===============================end file sync : notefile globalError = 0===============================
I/UserServerPairsStore( 3377): last anchor is updated
W/MzSyncExecutor( 3377): sync result : notes true
D/SyncNotificationManager( 3377): setSyncTimeAndNotify : notes result : true
D/SyncErrorRetryManager( 3377): remove error item : notes
I/MzSyncExecutor( 3377): ----- end sync mode : BACKGROUND  -----
I/MzSyncExecutor( 3377): sync all success
D/MzSyncExecutor( 3377): cancel sync error notify if exist.
W/MzAccountSyncLock( 3377): release wifi
W/MzAccountSyncLock( 3377): release power = 0
I/System.out( 3377): AsyncExecImpl : rem task, s = 0
I/DEBUG   ( 7367): 
I/DEBUG   ( 7367): Tombstone written to: /data/tombstones/tombstone_06
D/VolumePanel.3601b692( 3103): onSliderVisibilityChanged(stream=-200, visi=0)
V/RemoteController( 3103): Updating current controller as null
D/AudioManager( 3103): updateMediaPlayerList: Remove RCC com.meizu.media.music from List
V/AudioService( 2269): removeMediaPlayerAndUpdateRemoteController: size of existing list: 1
V/AudioService( 2269): Player entry present remove and update RemoteController
E/AudioService( 2269): Removing Player: com.meizu.media.music from index0
I/Zygote  ( 1915): Process 5187 exited due to signal (4)
V/AudioService( 2269): Updated List size: 0
D/PhoneStatusBar( 3103): MSG_DELAY_UPDATE_RECENT, rotation 0,   mManuRemoveTask = false
E/        ( 5014): Device driver API match
E/        ( 5014): Device driver API version: 29
E/        ( 5014): User space API version: 29 
E/        ( 5014): mali: REVISION=Linux-r3p2-01rel3 BUILD_DATE=Tue Jul 22 19:59:34 KST 2014 
I/OpenGLRenderer( 5014): Initialized EGL, version 1.4
I/Usagestatsprovider( 7787): now - mLastDetectTime > DETECT_RATE_LIMIT  ??? true 1436251690959
V/RenderScript( 5014): 0x54c03a00 Launching thread(s), CPUs 4
I/Timeline( 5014): Timeline: Activity_idle id: android.os.BinderProxy@1945ebf3 time:970724
I/Timeline( 2269): Timeline: Activity_windows_visible id: ActivityRecord{29278376 u0 com.android.launcher3/.Launcher t4} time:971101
W/OpenGLRenderer( 5014): Incorrectly called buildLayer on View: ShortcutAndWidgetContainer, destroying layer...
W/OpenGLRenderer( 5014): Incorrectly called buildLayer on View: ShortcutAndWidgetContainer, destroying layer...
D/StatusBar.NetworkController( 3103): refreshing SignalClusterView.
D/SIMHelper( 3103): updateSimInsertedStatus, simInserted(0) = false
D/SIMHelper( 3103): isSimInserted(0), SimInserted=false
D/StatusBar.NetworkController( 3103): refreshViews(0), tempPhoneSignalIconId = 2130838528  tempMobileActivityIconId= 0  tempDataTypeIconId= 0
D/SIMHelper( 3103): updateSimInsertedStatus, simInserted(0) = false
D/SIMHelper( 3103): isSimInserted(0), SimInserted=false
D/SIMHelper( 3103): updateSimInsertedStatus, simInserted(0) = false
D/SIMHelper( 3103): isSimInserted(0), SimInserted=false
D/StatusBar.NetworkController( 3103): refreshing carrier name: 无SIM卡
D/StatusBar.NetworkController( 3103): refreshing carrier name: 无SIM卡
E/TTTTT   ( 7956): 0===0===00000
D/PlaybackService( 7956): onCreate
E/ExtMediaPlayer-JNI( 7956): QCMediaPlayer could not be located....
E/MediaPlayer-JNI( 7956): QCMediaPlayer mediaplayer NOT present
D/PlaybackService( 7956): mMediaPlayer = 389421626
D/MzPushManager( 7956): 4.10.4
D/MzPushManager( 7956): [init] true
D/MzCloudService( 3407): [onStartCommand] intent = Intent { act=com.meizu.flyme.push.intent.REGISTER pkg=com.meizu.cloud (has extras) }
D/MzCloudService( 3407): [onStartCommand] action = com.meizu.flyme.push.intent.REGISTER
D/MzCloudService( 3407): [handleSubscribe]
D/PreferencesHelper( 7956): reloadPlayingListQueue play list size is 0
D/PlaybackService( 7956): BINDING service OK!
D/PlaybackServiceWrapper( 7956): getShuffle: mService == null
D/PlaybackServiceWrapper( 7956): java.lang.Throwable
D/PlaybackServiceWrapper( 7956): 	at com.meizu.media.music.player.PlaybackServiceWrapper.getShuffle(PlaybackServiceWrapper.java:403)
D/PlaybackServiceWrapper( 7956): 	at com.meizu.media.music.player.PreferencesHelper.reloadUnPlayingListQueue(PreferencesHelper.java:206)
D/PlaybackServiceWrapper( 7956): 	at com.meizu.media.music.player.PlaybackService.reloadQueue(PlaybackService.java:3682)
D/PlaybackServiceWrapper( 7956): 	at com.meizu.media.music.player.PlaybackService.mainThreadInit(PlaybackService.java:4494)
D/PlaybackServiceWrapper( 7956): 	at com.meizu.media.music.player.PlaybackService.onCreate(PlaybackService.java:4438)
D/PlaybackServiceWrapper( 7956): 	at android.app.ActivityThread.handleCreateService(ActivityThread.java:2747)
D/PlaybackServiceWrapper( 7956): 	at android.app.ActivityThread.access$1800(ActivityThread.java:147)
D/PlaybackServiceWrapper( 7956): 	at android.app.ActivityThread$H.handleMessage(ActivityThread.java:1364)
D/PlaybackServiceWrapper( 7956): 	at android.os.Handler.dispatchMessage(Handler.java:102)
D/PlaybackServiceWrapper( 7956): 	at android.os.Looper.loop(Looper.java:135)
D/PlaybackServiceWrapper( 7956): 	at android.app.ActivityThread.main(ActivityThread.java:5241)
D/PlaybackServiceWrapper( 7956): 	at java.lang.reflect.Method.invoke(Native Method)
D/PlaybackServiceWrapper( 7956): 	at java.lang.reflect.Method.invoke(Method.java:372)
D/PlaybackServiceWrapper( 7956): 	at com.android.internal.os.ZygoteInit$MethodAndArgsCaller.run(ZygoteInit.java:898)
D/PlaybackServiceWrapper( 7956): 	at com.android.internal.os.ZygoteInit.main(ZygoteInit.java:693)
D/PlaybackService( 7956): BINDING service OK!
D/PlaybackServiceWrapper( 7956): getShuffle: mService == null
D/PlaybackServiceWrapper( 7956): java.lang.Throwable
D/PlaybackServiceWrapper( 7956): 	at com.meizu.media.music.player.PlaybackServiceWrapper.getShuffle(PlaybackServiceWrapper.java:403)
D/PlaybackServiceWrapper( 7956): 	at com.meizu.media.music.player.PreferencesHelper.reloadPlayHistoryListQueue(PreferencesHelper.java:250)
D/PlaybackServiceWrapper( 7956): 	at com.meizu.media.music.player.PlaybackService.reloadQueue(PlaybackService.java:3683)
D/PlaybackServiceWrapper( 7956): 	at com.meizu.media.music.player.PlaybackService.mainThreadInit(PlaybackService.java:4494)
D/PlaybackServiceWrapper( 7956): 	at com.meizu.media.music.player.PlaybackService.onCreate(PlaybackService.java:4438)
D/PlaybackServiceWrapper( 7956): 	at android.app.ActivityThread.handleCreateService(ActivityThread.java:2747)
D/PlaybackServiceWrapper( 7956): 	at android.app.ActivityThread.access$1800(ActivityThread.java:147)
D/PlaybackServiceWrapper( 7956): 	at android.app.ActivityThread$H.handleMessage(ActivityThread.java:1364)
D/PlaybackServiceWrapper( 7956): 	at android.os.Handler.dispatchMessage(Handler.java:102)
D/PlaybackServiceWrapper( 7956): 	at android.os.Looper.loop(Looper.java:135)
D/PlaybackServiceWrapper( 7956): 	at android.app.ActivityThread.main(ActivityThread.java:5241)
D/PlaybackServiceWrapper( 7956): 	at java.lang.reflect.Method.invoke(Native Method)
D/PlaybackServiceWrapper( 7956): 	at java.lang.reflect.Method.invoke(Method.java:372)
D/PlaybackServiceWrapper( 7956): 	at com.android.internal.os.ZygoteInit$MethodAndArgsCaller.run(ZygoteInit.java:898)
D/PlaybackServiceWrapper( 7956): 	at com.android.internal.os.ZygoteInit.main(ZygoteInit.java:693)
D/PlaybackService( 7956): readQueue mRepeatMode = 1, mShuffleMode = 0
D/PlaybackService( 7956): onCreate end!!!
E/TTTTT   ( 7956): 112===112===1111
I/PlaybackService( 7956): onStartCommand
D/PreferencesHelper( 7956): reloadPlayingListQueue play list size is 0
D/PlaybackService( 7956): BINDING service OK!
D/PlaybackServiceWrapper( 7956): getShuffle: mService == null
D/PlaybackServiceWrapper( 7956): java.lang.Throwable
D/PlaybackServiceWrapper( 7956): 	at com.meizu.media.music.player.PlaybackServiceWrapper.getShuffle(PlaybackServiceWrapper.java:403)
D/PlaybackServiceWrapper( 7956): 	at com.meizu.media.music.player.PreferencesHelper.reloadUnPlayingListQueue(PreferencesHelper.java:206)
D/PlaybackServiceWrapper( 7956): 	at com.meizu.media.music.player.PlaybackService.reloadQueue(PlaybackService.java:3682)
D/PlaybackServiceWrapper( 7956): 	at com.meizu.media.music.player.PlaybackService.startCommand(PlaybackService.java:4746)
D/PlaybackServiceWrapper( 7956): 	at com.meizu.media.music.player.PlaybackService.onStartCommand(PlaybackService.java:4647)
D/PlaybackServiceWrapper( 7956): 	at android.app.ActivityThread.handleServiceArgs(ActivityThread.java:2880)
D/PlaybackServiceWrapper( 7956): 	at android.app.ActivityThread.access$2100(ActivityThread.java:147)
D/PlaybackServiceWrapper( 7956): 	at android.app.ActivityThread$H.handleMessage(ActivityThread.java:1379)
D/PlaybackServiceWrapper( 7956): 	at android.os.Handler.dispatchMessage(Handler.java:102)
D/PlaybackServiceWrapper( 7956): 	at android.os.Looper.loop(Looper.java:135)
D/PlaybackServiceWrapper( 7956): 	at android.app.ActivityThread.main(ActivityThread.java:5241)
D/PlaybackServiceWrapper( 7956): 	at java.lang.reflect.Method.invoke(Native Method)
D/PlaybackServiceWrapper( 7956): 	at java.lang.reflect.Method.invoke(Method.java:372)
D/PlaybackServiceWrapper( 7956): 	at com.android.internal.os.ZygoteInit$MethodAndArgsCaller.run(ZygoteInit.java:898)
D/PlaybackServiceWrapper( 7956): 	at com.android.internal.os.ZygoteInit.main(ZygoteInit.java:693)
D/PlaybackService( 7956): BINDING service OK!
D/PlaybackServiceWrapper( 7956): getShuffle: mService == null
D/PlaybackServiceWrapper( 7956): java.lang.Throwable
D/PlaybackServiceWrapper( 7956): 	at com.meizu.media.music.player.PlaybackServiceWrapper.getShuffle(PlaybackServiceWrapper.java:403)
D/PlaybackServiceWrapper( 7956): 	at com.meizu.media.music.player.PreferencesHelper.reloadPlayHistoryListQueue(PreferencesHelper.java:250)
D/PlaybackServiceWrapper( 7956): 	at com.meizu.media.music.player.PlaybackService.reloadQueue(PlaybackService.java:3683)
D/PlaybackServiceWrapper( 7956): 	at com.meizu.media.music.player.PlaybackService.startCommand(PlaybackService.java:4746)
D/PlaybackServiceWrapper( 7956): 	at com.meizu.media.music.player.PlaybackService.onStartCommand(PlaybackService.java:4647)
D/PlaybackServiceWrapper( 7956): 	at android.app.ActivityThread.handleServiceArgs(ActivityThread.java:2880)
D/PlaybackServiceWrapper( 7956): 	at android.app.ActivityThread.access$2100(ActivityThread.java:147)
D/PlaybackServiceWrapper( 7956): 	at android.app.ActivityThread$H.handleMessage(ActivityThread.java:1379)
D/PlaybackServiceWrapper( 7956): 	at android.os.Handler.dispatchMessage(Handler.java:102)
D/PlaybackServiceWrapper( 7956): 	at android.os.Looper.loop(Looper.java:135)
D/PlaybackServiceWrapper( 7956): 	at android.app.ActivityThread.main(ActivityThread.java:5241)
D/PlaybackServiceWrapper( 7956): 	at java.lang.reflect.Method.invoke(Native Method)
D/PlaybackServiceWrapper( 7956): 	at java.lang.reflect.Method.invoke(Method.java:372)
D/PlaybackServiceWrapper( 7956): 	at com.android.internal.os.ZygoteInit$MethodAndArgsCaller.run(ZygoteInit.java:898)
D/PlaybackServiceWrapper( 7956): 	at com.android.internal.os.ZygoteInit.main(ZygoteInit.java:693)
D/PlaybackService( 7956): readQueue mRepeatMode = 1, mShuffleMode = 0
D/VolumePanel.3601b692( 3103): onSliderVisibilityChanged(stream=-200, visi=0)
D/VolumePanel.3601b692( 3103): onSliderVisibilityChanged(stream=-200, visi=0)
D/PlaybackService( 7956): notifyChange isPlaying: false, Position: 0, mDuration: 0
D/PlaybackService( 7956): notify changing in Remote Device 
V/MusicFXControlPanelReceiver( 7834): onReceive
V/MusicFXControlPanelReceiver( 7834): Action: com.android.music.playstatechanged
V/MusicFXControlPanelReceiver( 7834): Package name: com.meizu.media.music
V/MusicFXControlPanelReceiver( 7834): Audio session: 0
D/PlaybackService( 7956): When startting service, mRepeatMode is: 1
D/MzPushManager( 7956): [init] true
D/MzCloudService( 3407): [onStartCommand] intent = Intent { act=com.meizu.flyme.push.intent.REGISTER pkg=com.meizu.cloud (has extras) }
D/MzCloudService( 3407): [onStartCommand] action = com.meizu.flyme.push.intent.REGISTER
D/PlaybackService( 7956): BINDING service OK!
D/PlaybackServiceWrapper( 7956): addListener: mService == null
D/PlaybackServiceWrapper( 7956): java.lang.Throwable
D/PlaybackServiceWrapper( 7956): 	at com.meizu.media.music.player.PlaybackServiceWrapper.addListener(PlaybackServiceWrapper.java:305)
D/PlaybackServiceWrapper( 7956): 	at com.meizu.media.music.util.PlayingStateHelper.initListener(PlayingStateHelper.java:262)
D/PlaybackServiceWrapper( 7956): 	at com.meizu.media.music.util.PlayingStateHelper.<init>(PlayingStateHelper.java:240)
D/PlaybackServiceWrapper( 7956): 	at com.meizu.media.music.util.PlayingStateHelper.<clinit>(PlayingStateHelper.java:148)
D/PlaybackServiceWrapper( 7956): 	at com.meizu.media.music.player.PlaybackService.backgroundInit(PlaybackService.java:4576)
D/PlaybackServiceWrapper( 7956): 	at com.meizu.media.music.player.PlaybackService.access$13000(PlaybackService.java:119)
D/PlaybackServiceWrapper( 7956): 	at com.meizu.media.music.player.PlaybackService$24.run(PlaybackService.java:4442)
D/PlaybackServiceWrapper( 7956): 	at com.meizu.media.music.util.MusicUtils$20.doInBackground(MusicUtils.java:2558)
D/PlaybackServiceWrapper( 7956): 	at com.meizu.commontools.SimpleTask.doInBackground(SimpleTask.java:19)
D/PlaybackServiceWrapper( 7956): 	at com.meizu.commontools.SimpleTask.doInBackground(SimpleTask.java:10)
D/PlaybackServiceWrapper( 7956): 	at android.os.AsyncTask$2.call(AsyncTask.java:288)
D/PlaybackServiceWrapper( 7956): 	at java.util.concurrent.FutureTask.run(FutureTask.java:237)
D/PlaybackServiceWrapper( 7956): 	at java.util.concurrent.ThreadPoolExecutor.runWorker(ThreadPoolExecutor.java:1112)
D/PlaybackServiceWrapper( 7956): 	at java.util.concurrent.ThreadPoolExecutor$Worker.run(ThreadPoolExecutor.java:587)
D/PlaybackServiceWrapper( 7956): 	at java.lang.Thread.run(Thread.java:818)
D/MzCloudService( 3407): [handleSubscribe]
D/DlnaService( 7956): BINDING service OK!
D/DlnaService( 7956): BINDING service OK!
D/PlaybackService( 7956): call state = 0
D/DlnaService( 7956): onCreate()
D/DlnaService( 7956): onbind, return stub
D/PlaybackService( 7956): service connected !
D/PlaybackService( 7956): service connected !
D/PlaybackService( 7956): service connected !
D/PlaybackService( 7956): service connected !
D/PlaybackService( 7956): service connected !
D/DlnaService( 7956): dlna service connected !
D/DlnaService( 7956): dlna service connected !
D/PlaybackService( 7956): addListener mBufferState = 101, mUpdatePlayStateFlg = true, mAudioSessionId: 0
D/PlaybackService( 7956): updatePlayState mPlayState: -1,mCanShowNotification = true
D/PlaybackService( 7956): notifyChange isPlaying: false, Position: 0, mDuration: 0
D/PlaybackService( 7956): notify changing in Remote Device 
V/MusicFXControlPanelReceiver( 7834): onReceive
V/MusicFXControlPanelReceiver( 7834): Action: com.android.music.playstatechanged
V/MusicFXControlPanelReceiver( 7834): Package name: com.meizu.media.music
V/MusicFXControlPanelReceiver( 7834): Audio session: 0
W/System.err( 7956): java.lang.ClassNotFoundException: com.meizu.telephony.MzTelephonymanager
W/System.err( 7956): 	at java.lang.Class.classForName(Native Method)
W/System.err( 7956): 	at java.lang.Class.forName(Class.java:308)
W/System.err( 7956): 	at java.lang.Class.forName(Class.java:272)
W/System.err( 7956): 	at com.meizu.commontools.MultiSimCardUtils.isMultiSimCard(MultiSimCardUtils.java:155)
W/System.err( 7956): 	at com.meizu.commontools.MultiSimCardUtils.refreshCardList(MultiSimCardUtils.java:40)
W/System.err( 7956): 	at com.meizu.media.music.util.freeflow.FreeFlowHelper.notifyStart(FreeFlowHelper.java:131)
