E/sdcard  ( 1916): missing packages.list; retrying
W/linker  ( 3065): libsec-ril.so has text relocations. This is wasting memory and prevents security hardening. Please fix.
F/libc    ( 3065): Fatal signal 4 (SIGILL), code 1, fault addr 0x406130c0 in tid 3065 (rild)
I/DEBUG   ( 1901): *** *** *** *** *** *** *** *** *** *** *** *** *** *** *** ***
I/DEBUG   ( 1901): Build fingerprint: 'samsung/i9308xx/i9308:5.0.2/LRX22G/builder.20150703085101_R:userdebug/test-keys'
I/DEBUG   ( 1901): Revision: '12'
I/DEBUG   ( 1901): ABI: 'arm'
I/DEBUG   ( 1901): pid: 3065, tid: 3065, name: rild  >>> /system/bin/rild <<<
I/DEBUG   ( 1901): signal 4 (SIGILL), code 1 (ILL_ILLOPC), fault addr 0x406130c0
I/DEBUG   ( 1901):     r0 00000017  r1 4065aee3  r2 0000006c  r3 00000005
I/DEBUG   ( 1901):     r4 4065f508  r5 4065ff58  r6 00000071  r7 40659769
I/DEBUG   ( 1901):     r8 4065f508  r9 4039a90a  sl 00000000  fp 00000003
I/DEBUG   ( 1901):     ip 00000000  sp bee9c1e8  lr 406130b3  pc 406130c0  cpsr 200e0030
I/DEBUG   ( 1901): 
I/DEBUG   ( 1901): backtrace:
I/DEBUG   ( 1901):     #00 pc 000130c0  /system/lib/libsqlite.so
I/DEBUG   ( 1901):     #01 pc 000141a1  /system/lib/libsqlite.so (sqlite3_initialize+476)
I/DEBUG   ( 1901):     #02 pc 0004e88b  /system/lib/libsqlite.so
I/DEBUG   ( 1901):     #03 pc 0004e013  /system/lib/libsec-ril.so (loadOpnameDb+34)
I/DEBUG   ( 1901):     #04 pc 000247f7  /system/lib/libsec-ril.so (RIL_Init+54)
I/DEBUG   ( 1901):     #05 pc 00000f4b  /system/bin/rild
I/DEBUG   ( 1901):     #06 pc 0000fb61  /system/lib/libc.so (__libc_init+44)
I/DEBUG   ( 1901):     #07 pc 000010d8  /system/bin/rild
I/DEBUG   ( 1901): 
I/DEBUG   ( 1901): Tombstone written to: /data/tombstones/tombstone_07
E/sdcard  ( 1916): missing packages.list; retrying
I/Netd    ( 3067): Netd 1.0 starting
E/Netd    ( 3067): Failed to open /proc/sys/net/ipv6/conf/default/accept_ra_rt_table: No such file or directory
E/Netd    ( 3067): Failed to open /proc/sys/net/ipv6/conf/lo/accept_ra_rt_table: No such file or directory
E/Netd    ( 3067): Failed to open /proc/sys/net/ipv6/conf/sit0/accept_ra_rt_table: No such file or directory
E/Netd    ( 3067): Failed to open /proc/sys/net/ipv6/conf/ip6tnl0/accept_ra_rt_table: No such file or directory
E/Netd    ( 3067): Failed to open /proc/sys/net/ipv6/conf/rmnet0/accept_ra_rt_table: No such file or directory
E/Netd    ( 3067): Failed to open /proc/sys/net/ipv6/conf/rmnet1/accept_ra_rt_table: No such file or directory
E/Netd    ( 3067): Failed to open /proc/sys/net/ipv6/conf/rmnet2/accept_ra_rt_table: No such file or directory
D/AndroidRuntime( 3069): 
D/AndroidRuntime( 3069): >>>>>> AndroidRuntime START com.android.internal.os.ZygoteInit <<<<<<
D/AndroidRuntime( 3069): CheckJNI is OFF
I/art     ( 3069): option[0]=-Xzygote
I/art     ( 3069): option[1]=-Xstacktracefile:/data/anr/traces.txt
I/art     ( 3069): option[2]=exit
I/art     ( 3069): option[3]=vfprintf
I/art     ( 3069): option[4]=sensitiveThread
I/art     ( 3069): option[5]=-verbose:gc
I/art     ( 3069): option[6]=-Xms8m
I/art     ( 3069): option[7]=-Xmx256m
I/art     ( 3069): option[8]=-XX:mainThreadStackSize=24K
I/art     ( 3069): option[9]=-XX:HeapGrowthLimit=96m
I/art     ( 3069): option[10]=-XX:HeapMinFree=2m
I/art     ( 3069): option[11]=-XX:HeapMaxFree=8m
I/art     ( 3069): option[12]=-XX:HeapTargetUtilization=0.75
I/art     ( 3069): option[13]=-Xgenregmap
I/art     ( 3069): option[14]=-Xgc:precise
I/art     ( 3069): option[15]=-agentlib:jdwp=transport=dt_android_adb,suspend=n,server=y
I/art     ( 3069): option[16]=-Xlockprofthreshold:500
I/art     ( 3069): option[17]=-Ximage-compiler-option
I/art     ( 3069): option[18]=--runtime-arg
I/art     ( 3069): option[19]=-Ximage-compiler-option
I/art     ( 3069): option[20]=-Xms64m
I/art     ( 3069): option[21]=-Ximage-compiler-option
I/art     ( 3069): option[22]=--runtime-arg
I/art     ( 3069): option[23]=-Ximage-compiler-option
I/art     ( 3069): option[24]=-Xmx64m
I/art     ( 3069): option[25]=-Ximage-compiler-option
I/art     ( 3069): option[26]=--image-classes-zip=/system/framework/framework.jar
I/art     ( 3069): option[27]=-Ximage-compiler-option
I/art     ( 3069): option[28]=--image-classes=preloaded-classes
I/art     ( 3069): option[29]=-Xcompiler-option
I/art     ( 3069): option[30]=--runtime-arg
I/art     ( 3069): option[31]=-Xcompiler-option
I/art     ( 3069): option[32]=-Xms64m
I/art     ( 3069): option[33]=-Xcompiler-option
I/art     ( 3069): option[34]=--runtime-arg
I/art     ( 3069): option[35]=-Xcompiler-option
I/art     ( 3069): option[36]=-Xmx512m
I/art     ( 3069): option[37]=-Duser.language=zh
I/art     ( 3069): option[38]=-Duser.region=CN
E/cutils-trace( 3069): Error opening trace file: No such file or directory (2)
F/libc    ( 3069): Fatal signal 4 (SIGILL), code 1, fault addr 0x41c660c0 in tid 3069 (main)
I/mediaserver( 3068): ServiceManager: 0x40e500c0
I/AudioFlinger( 3068): Using default 3000 mSec as standby time.
I/ServiceManager( 3068): Waiting for service batterystats...
I/DEBUG   ( 1901): *** *** *** *** *** *** *** *** *** *** *** *** *** *** *** ***
I/DEBUG   ( 1901): Build fingerprint: 'samsung/i9308xx/i9308:5.0.2/LRX22G/builder.20150703085101_R:userdebug/test-keys'
I/DEBUG   ( 1901): Revision: '12'
I/DEBUG   ( 1901): ABI: 'arm'
I/DEBUG   ( 1901): pid: 3069, tid: 3069, name: main  >>> zygote <<<
I/DEBUG   ( 1901): signal 4 (SIGILL), code 1 (ILL_ILLOPC), fault addr 0x41c660c0
I/DEBUG   ( 1901):     r0 00000017  r1 41cadee3  r2 0000006c  r3 00000005
I/DEBUG   ( 1901):     r4 41cb2508  r5 41cb2f58  r6 00000071  r7 41cac769
I/DEBUG   ( 1901):     r8 41cb2508  r9 402b32d0  sl bea84790  fp bea84860
I/DEBUG   ( 1901):     ip 00000000  sp bea84718  lr 41c660b3  pc 41c660c0  cpsr 200d0030
I/DEBUG   ( 1901): 
I/DEBUG   ( 1901): backtrace:
I/DEBUG   ( 1901):     #00 pc 000130c0  /system/lib/libsqlite.so
I/DEBUG   ( 1901):     #01 pc 000141a1  /system/lib/libsqlite.so (sqlite3_initialize+476)
I/DEBUG   ( 1901):     #02 pc 0002ce35  /system/lib/libsqlite.so (sqlite3_soft_heap_limit64+8)
I/DEBUG   ( 1901):     #03 pc 000703a3  /system/lib/libandroid_runtime.so (android::register_android_database_SQLiteGlobal(_JNIEnv*)+34)
I/DEBUG   ( 1901):     #04 pc 0005a111  /system/lib/libandroid_runtime.so
I/DEBUG   ( 1901):     #05 pc 0005b161  /system/lib/libandroid_runtime.so (android::AndroidRuntime::startReg(_JNIEnv*)+28)
I/DEBUG   ( 1901):     #06 pc 0005b29d  /system/lib/libandroid_runtime.so (android::AndroidRuntime::start(char const*, android::Vector<android::String8> const&)+276)
I/DEBUG   ( 1901):     #07 pc 00001655  /system/bin/app_process32
I/DEBUG   ( 1901):     #08 pc 0000fb61  /system/lib/libc.so (__libc_init+44)
I/DEBUG   ( 1901):     #09 pc 00001770  /system/bin/app_process32
I/DEBUG   ( 1901): 
I/DEBUG   ( 1901): Tombstone written to: /data/tombstones/tombstone_09
I/ServiceManager( 1894): service 'media.audio_flinger' died
E/sdcard  ( 1916): missing packages.list; retrying
W/linker  ( 3122): libsec-ril.so has text relocations. This is wasting memory and prevents security hardening. Please fix.
F/libc    ( 3122): Fatal signal 4 (SIGILL), code 1, fault addr 0x402900c0 in tid 3122 (rild)
I/DEBUG   ( 1901): *** *** *** *** *** *** *** *** *** *** *** *** *** *** *** ***
I/DEBUG   ( 1901): Build fingerprint: 'samsung/i9308xx/i9308:5.0.2/LRX22G/builder.20150703085101_R:userdebug/test-keys'
I/DEBUG   ( 1901): Revision: '12'
I/DEBUG   ( 1901): ABI: 'arm'
I/DEBUG   ( 1901): pid: 3122, tid: 3122, name: rild  >>> /system/bin/rild <<<
I/DEBUG   ( 1901): signal 4 (SIGILL), code 1 (ILL_ILLOPC), fault addr 0x402900c0
I/DEBUG   ( 1901):     r0 00000017  r1 402d7ee3  r2 0000006c  r3 00000005
I/DEBUG   ( 1901):     r4 402dc508  r5 402dcf58  r6 00000071  r7 402d6769
I/DEBUG   ( 1901):     r8 402dc508  r9 4058790a  sl 00000000  fp 00000003
I/DEBUG   ( 1901):     ip 00000000  sp bea3e1e8  lr 402900b3  pc 402900c0  cpsr 200e0030
I/DEBUG   ( 1901): 
I/DEBUG   ( 1901): backtrace:
I/DEBUG   ( 1901):     #00 pc 000130c0  /system/lib/libsqlite.so
I/DEBUG   ( 1901):     #01 pc 000141a1  /system/lib/libsqlite.so (sqlite3_initialize+476)
I/DEBUG   ( 1901):     #02 pc 0004e88b  /system/lib/libsqlite.so
I/DEBUG   ( 1901):     #03 pc 0004e013  /system/lib/libsec-ril.so (loadOpnameDb+34)
I/DEBUG   ( 1901):     #04 pc 000247f7  /system/lib/libsec-ril.so (RIL_Init+54)
I/DEBUG   ( 1901):     #05 pc 00000f4b  /system/bin/rild
I/DEBUG   ( 1901):     #06 pc 0000fb61  /system/lib/libc.so (__libc_init+44)
I/DEBUG   ( 1901):     #07 pc 000010d8  /system/bin/rild
I/DEBUG   ( 1901): 
I/DEBUG   ( 1901): Tombstone written to: /data/tombstones/tombstone_01
I/Netd    ( 3125): Netd 1.0 starting
E/Netd    ( 3125): Failed to open /proc/sys/net/ipv6/conf/default/accept_ra_rt_table: No such file or directory
E/Netd    ( 3125): Failed to open /proc/sys/net/ipv6/conf/lo/accept_ra_rt_table: No such file or directory
E/Netd    ( 3125): Failed to open /proc/sys/net/ipv6/conf/sit0/accept_ra_rt_table: No such file or directory
E/Netd    ( 3125): Failed to open /proc/sys/net/ipv6/conf/ip6tnl0/accept_ra_rt_table: No such file or directory
E/Netd    ( 3125): Failed to open /proc/sys/net/ipv6/conf/rmnet0/accept_ra_rt_table: No such file or directory
E/Netd    ( 3125): Failed to open /proc/sys/net/ipv6/conf/rmnet1/accept_ra_rt_table: No such file or directory
E/Netd    ( 3125): Failed to open /proc/sys/net/ipv6/conf/rmnet2/accept_ra_rt_table: No such file or directory
D/AndroidRuntime( 3127): 
D/AndroidRuntime( 3127): >>>>>> AndroidRuntime START com.android.internal.os.ZygoteInit <<<<<<
D/AndroidRuntime( 3127): CheckJNI is OFF
I/art     ( 3127): option[0]=-Xzygote
I/art     ( 3127): option[1]=-Xstacktracefile:/data/anr/traces.txt
I/art     ( 3127): option[2]=exit
I/art     ( 3127): option[3]=vfprintf
I/art     ( 3127): option[4]=sensitiveThread
I/art     ( 3127): option[5]=-verbose:gc
I/art     ( 3127): option[6]=-Xms8m
I/art     ( 3127): option[7]=-Xmx256m
I/art     ( 3127): option[8]=-XX:mainThreadStackSize=24K
I/art     ( 3127): option[9]=-XX:HeapGrowthLimit=96m
I/art     ( 3127): option[10]=-XX:HeapMinFree=2m
I/art     ( 3127): option[11]=-XX:HeapMaxFree=8m
I/art     ( 3127): option[12]=-XX:HeapTargetUtilization=0.75
I/art     ( 3127): option[13]=-Xgenregmap
I/art     ( 3127): option[14]=-Xgc:precise
I/art     ( 3127): option[15]=-agentlib:jdwp=transport=dt_android_adb,suspend=n,server=y
I/art     ( 3127): option[16]=-Xlockprofthreshold:500
I/art     ( 3127): option[17]=-Ximage-compiler-option
I/art     ( 3127): option[18]=--runtime-arg
I/art     ( 3127): option[19]=-Ximage-compiler-option
I/art     ( 3127): option[20]=-Xms64m
I/art     ( 3127): option[21]=-Ximage-compiler-option
I/art     ( 3127): option[22]=--runtime-arg
I/art     ( 3127): option[23]=-Ximage-compiler-option
I/art     ( 3127): option[24]=-Xmx64m
I/art     ( 3127): option[25]=-Ximage-compiler-option
I/art     ( 3127): option[26]=--image-classes-zip=/system/framework/framework.jar
I/art     ( 3127): option[27]=-Ximage-compiler-option
I/art     ( 3127): option[28]=--image-classes=preloaded-classes
I/art     ( 3127): option[29]=-Xcompiler-option
I/art     ( 3127): option[30]=--runtime-arg
I/art     ( 3127): option[31]=-Xcompiler-option
I/art     ( 3127): option[32]=-Xms64m
I/art     ( 3127): option[33]=-Xcompiler-option
I/art     ( 3127): option[34]=--runtime-arg
I/art     ( 3127): option[35]=-Xcompiler-option
I/art     ( 3127): option[36]=-Xmx512m
I/art     ( 3127): option[37]=-Duser.language=zh
I/art     ( 3127): option[38]=-Duser.region=CN
I/mediaserver( 3126): ServiceManager: 0x40e500c0
I/AudioFlinger( 3126): Using default 3000 mSec as standby time.
I/ServiceManager( 3126): Waiting for service batterystats...
E/cutils-trace( 3127): Error opening trace file: No such file or directory (2)
F/libc    ( 3127): Fatal signal 4 (SIGILL), code 1, fault addr 0x41c490c0 in tid 3127 (main)
I/DEBUG   ( 1901): *** *** *** *** *** *** *** *** *** *** *** *** *** *** *** ***
I/DEBUG   ( 1901): Build fingerprint: 'samsung/i9308xx/i9308:5.0.2/LRX22G/builder.20150703085101_R:userdebug/test-keys'
I/DEBUG   ( 1901): Revision: '12'
I/DEBUG   ( 1901): ABI: 'arm'
I/DEBUG   ( 1901): pid: 3127, tid: 3127, name: main  >>> zygote <<<
I/DEBUG   ( 1901): signal 4 (SIGILL), code 1 (ILL_ILLOPC), fault addr 0x41c490c0
I/DEBUG   ( 1901):     r0 00000017  r1 41c90ee3  r2 0000006c  r3 00000005
I/DEBUG   ( 1901):     r4 41c95508  r5 41c95f58  r6 00000071  r7 41c8f769
I/DEBUG   ( 1901):     r8 41c95508  r9 402b82d0  sl befad790  fp befad860
I/DEBUG   ( 1901):     ip 00000000  sp befad718  lr 41c490b3  pc 41c490c0  cpsr 200d0030
I/DEBUG   ( 1901): 
I/DEBUG   ( 1901): backtrace:
I/DEBUG   ( 1901):     #00 pc 000130c0  /system/lib/libsqlite.so
I/DEBUG   ( 1901):     #01 pc 000141a1  /system/lib/libsqlite.so (sqlite3_initialize+476)
I/DEBUG   ( 1901):     #02 pc 0002ce35  /system/lib/libsqlite.so (sqlite3_soft_heap_limit64+8)
I/DEBUG   ( 1901):     #03 pc 000703a3  /system/lib/libandroid_runtime.so (android::register_android_database_SQLiteGlobal(_JNIEnv*)+34)
I/DEBUG   ( 1901):     #04 pc 0005a111  /system/lib/libandroid_runtime.so
I/DEBUG   ( 1901):     #05 pc 0005b161  /system/lib/libandroid_runtime.so (android::AndroidRuntime::startReg(_JNIEnv*)+28)
I/DEBUG   ( 1901):     #06 pc 0005b29d  /system/lib/libandroid_runtime.so (android::AndroidRuntime::start(char const*, android::Vector<android::String8> const&)+276)
I/DEBUG   ( 1901):     #07 pc 00001655  /system/bin/app_process32
I/DEBUG   ( 1901):     #08 pc 0000fb61  /system/lib/libc.so (__libc_init+44)
I/DEBUG   ( 1901):     #09 pc 00001770  /system/bin/app_process32
E/sdcard  ( 1916): missing packages.list; retrying
I/DEBUG   ( 1901): 
I/DEBUG   ( 1901): Tombstone written to: /data/tombstones/tombstone_02
I/ServiceManager( 1894): service 'media.audio_flinger' died
E/sdcard  ( 1916): missing packages.list; retrying
W/linker  ( 3202): libsec-ril.so has text relocations. This is wasting memory and prevents security hardening. Please fix.
F/libc    ( 3202): Fatal signal 4 (SIGILL), code 1, fault addr 0x405fd0c0 in tid 3202 (rild)
I/DEBUG   ( 1901): *** *** *** *** *** *** *** *** *** *** *** *** *** *** *** ***
I/DEBUG   ( 1901): Build fingerprint: 'samsung/i9308xx/i9308:5.0.2/LRX22G/builder.20150703085101_R:userdebug/test-keys'
I/DEBUG   ( 1901): Revision: '12'
I/DEBUG   ( 1901): ABI: 'arm'
I/DEBUG   ( 1901): pid: 3202, tid: 3202, name: rild  >>> /system/bin/rild <<<
I/DEBUG   ( 1901): signal 4 (SIGILL), code 1 (ILL_ILLOPC), fault addr 0x405fd0c0
I/DEBUG   ( 1901):     r0 00000017  r1 40644ee3  r2 0000006c  r3 00000005
I/DEBUG   ( 1901):     r4 40649508  r5 40649f58  r6 00000071  r7 40643769
I/DEBUG   ( 1901):     r8 40649508  r9 4058790a  sl 00000000  fp 00000003
I/DEBUG   ( 1901):     ip 00000000  sp be9b11e8  lr 405fd0b3  pc 405fd0c0  cpsr 200e0030
I/DEBUG   ( 1901): 
I/DEBUG   ( 1901): backtrace:
I/DEBUG   ( 1901):     #00 pc 000130c0  /system/lib/libsqlite.so
I/DEBUG   ( 1901):     #01 pc 000141a1  /system/lib/libsqlite.so (sqlite3_initialize+476)
I/DEBUG   ( 1901):     #02 pc 0004e88b  /system/lib/libsqlite.so
I/DEBUG   ( 1901):     #03 pc 0004e013  /system/lib/libsec-ril.so (loadOpnameDb+34)
I/DEBUG   ( 1901):     #04 pc 000247f7  /system/lib/libsec-ril.so (RIL_Init+54)
I/DEBUG   ( 1901):     #05 pc 00000f4b  /system/bin/rild
I/DEBUG   ( 1901):     #06 pc 0000fb61  /system/lib/libc.so (__libc_init+44)
I/DEBUG   ( 1901):     #07 pc 000010d8  /system/bin/rild
I/DEBUG   ( 1901): 
I/DEBUG   ( 1901): Tombstone written to: /data/tombstones/tombstone_03
I/Netd    ( 3204): Netd 1.0 starting
E/Netd    ( 3204): Failed to open /proc/sys/net/ipv6/conf/default/accept_ra_rt_table: No such file or directory
E/Netd    ( 3204): Failed to open /proc/sys/net/ipv6/conf/lo/accept_ra_rt_table: No such file or directory
E/Netd    ( 3204): Failed to open /proc/sys/net/ipv6/conf/sit0/accept_ra_rt_table: No such file or directory
E/Netd    ( 3204): Failed to open /proc/sys/net/ipv6/conf/ip6tnl0/accept_ra_rt_table: No such file or directory
E/Netd    ( 3204): Failed to open /proc/sys/net/ipv6/conf/rmnet0/accept_ra_rt_table: No such file or directory
E/Netd    ( 3204): Failed to open /proc/sys/net/ipv6/conf/rmnet1/accept_ra_rt_table: No such file or directory
E/Netd    ( 3204): Failed to open /proc/sys/net/ipv6/conf/rmnet2/accept_ra_rt_table: No such file or directory
D/AndroidRuntime( 3206): 
D/AndroidRuntime( 3206): >>>>>> AndroidRuntime START com.android.internal.os.ZygoteInit <<<<<<
D/AndroidRuntime( 3206): CheckJNI is OFF
I/art     ( 3206): option[0]=-Xzygote
I/art     ( 3206): option[1]=-Xstacktracefile:/data/anr/traces.txt
I/art     ( 3206): option[2]=exit
I/art     ( 3206): option[3]=vfprintf
I/art     ( 3206): option[4]=sensitiveThread
I/art     ( 3206): option[5]=-verbose:gc
I/art     ( 3206): option[6]=-Xms8m
I/art     ( 3206): option[7]=-Xmx256m
I/art     ( 3206): option[8]=-XX:mainThreadStackSize=24K
I/art     ( 3206): option[9]=-XX:HeapGrowthLimit=96m
I/art     ( 3206): option[10]=-XX:HeapMinFree=2m
I/art     ( 3206): option[11]=-XX:HeapMaxFree=8m
I/art     ( 3206): option[12]=-XX:HeapTargetUtilization=0.75
I/art     ( 3206): option[13]=-Xgenregmap
I/art     ( 3206): option[14]=-Xgc:precise
I/art     ( 3206): option[15]=-agentlib:jdwp=transport=dt_android_adb,suspend=n,server=y
I/art     ( 3206): option[16]=-Xlockprofthreshold:500
I/art     ( 3206): option[17]=-Ximage-compiler-option
I/art     ( 3206): option[18]=--runtime-arg
I/art     ( 3206): option[19]=-Ximage-compiler-option
I/art     ( 3206): option[20]=-Xms64m
I/art     ( 3206): option[21]=-Ximage-compiler-option
I/art     ( 3206): option[22]=--runtime-arg
I/art     ( 3206): option[23]=-Ximage-compiler-option
I/art     ( 3206): option[24]=-Xmx64m
I/art     ( 3206): option[25]=-Ximage-compiler-option
I/art     ( 3206): option[26]=--image-classes-zip=/system/framework/framework.jar
I/art     ( 3206): option[27]=-Ximage-compiler-option
I/art     ( 3206): option[28]=--image-classes=preloaded-classes
I/art     ( 3206): option[29]=-Xcompiler-option
I/art     ( 3206): option[30]=--runtime-arg
I/art     ( 3206): option[31]=-Xcompiler-option
I/art     ( 3206): option[32]=-Xms64m
I/art     ( 3206): option[33]=-Xcompiler-option
I/art     ( 3206): option[34]=--runtime-arg
I/art     ( 3206): option[35]=-Xcompiler-option
I/art     ( 3206): option[36]=-Xmx512m
I/art     ( 3206): option[37]=-Duser.language=zh
I/art     ( 3206): option[38]=-Duser.region=CN
F/libc    ( 3206): Fatal signal 4 (SIGILL), code 1, fault addr 0x41c4b0c0 in tid 3206 (main)
I/mediaserver( 3205): ServiceManager: 0x40e500c0
I/AudioFlinger( 3205): Using default 3000 mSec as standby time.
I/ServiceManager( 3205): Waiting for service batterystats...
I/DEBUG   ( 1901): *** *** *** *** *** *** *** *** *** *** *** *** *** *** *** ***
I/DEBUG   ( 1901): Build fingerprint: 'samsung/i9308xx/i9308:5.0.2/LRX22G/builder.20150703085101_R:userdebug/test-keys'
I/DEBUG   ( 1901): Revision: '12'
I/DEBUG   ( 1901): ABI: 'arm'
I/DEBUG   ( 1901): pid: 3206, tid: 3206, name: main  >>> zygote <<<
I/DEBUG   ( 1901): signal 4 (SIGILL), code 1 (ILL_ILLOPC), fault addr 0x41c4b0c0
I/DEBUG   ( 1901):     r0 00000017  r1 41c92ee3  r2 0000006c  r3 00000005
I/DEBUG   ( 1901):     r4 41c97508  r5 41c97f58  r6 00000071  r7 41c91769
I/DEBUG   ( 1901):     r8 41c97508  r9 403702d0  sl bead4790  fp bead4860
I/DEBUG   ( 1901):     ip 00000000  sp bead4718  lr 41c4b0b3  pc 41c4b0c0  cpsr 200d0030
I/DEBUG   ( 1901): 
I/DEBUG   ( 1901): backtrace:
I/DEBUG   ( 1901):     #00 pc 000130c0  /system/lib/libsqlite.so
I/DEBUG   ( 1901):     #01 pc 000141a1  /system/lib/libsqlite.so (sqlite3_initialize+476)
I/DEBUG   ( 1901):     #02 pc 0002ce35  /system/lib/libsqlite.so (sqlite3_soft_heap_limit64+8)
I/DEBUG   ( 1901):     #03 pc 000703a3  /system/lib/libandroid_runtime.so (android::register_android_database_SQLiteGlobal(_JNIEnv*)+34)
I/DEBUG   ( 1901):     #04 pc 0005a111  /system/lib/libandroid_runtime.so
I/DEBUG   ( 1901):     #05 pc 0005b161  /system/lib/libandroid_runtime.so (android::AndroidRuntime::startReg(_JNIEnv*)+28)
I/DEBUG   ( 1901):     #06 pc 0005b29d  /system/lib/libandroid_runtime.so (android::AndroidRuntime::start(char const*, android::Vector<android::String8> const&)+276)
I/DEBUG   ( 1901):     #07 pc 00001655  /system/bin/app_process32
I/DEBUG   ( 1901):     #08 pc 0000fb61  /system/lib/libc.so (__libc_init+44)
I/DEBUG   ( 1901):     #09 pc 00001770  /system/bin/app_process32
I/DEBUG   ( 1901): 
I/DEBUG   ( 1901): Tombstone written to: /data/tombstones/tombstone_08
I/ServiceManager( 1894): service 'media.audio_flinger' died
E/sdcard  ( 1916): missing packages.list; retrying
W/linker  ( 3255): libsec-ril.so has text relocations. This is wasting memory and prevents security hardening. Please fix.
F/libc    ( 3255): Fatal signal 4 (SIGILL), code 1, fault addr 0x4029e0c0 in tid 3255 (rild)
I/DEBUG   ( 1901): *** *** *** *** *** *** *** *** *** *** *** *** *** *** *** ***
I/DEBUG   ( 1901): Build fingerprint: 'samsung/i9308xx/i9308:5.0.2/LRX22G/builder.20150703085101_R:userdebug/test-keys'
I/DEBUG   ( 1901): Revision: '12'
I/DEBUG   ( 1901): ABI: 'arm'
I/DEBUG   ( 1901): pid: 3255, tid: 3255, name: rild  >>> /system/bin/rild <<<
I/DEBUG   ( 1901): signal 4 (SIGILL), code 1 (ILL_ILLOPC), fault addr 0x4029e0c0
I/DEBUG   ( 1901):     r0 00000017  r1 402e5ee3  r2 0000006c  r3 00000005
I/DEBUG   ( 1901):     r4 402ea508  r5 402eaf58  r6 00000071  r7 402e4769
I/DEBUG   ( 1901):     r8 402ea508  r9 4058790a  sl 00000000  fp 00000003
I/DEBUG   ( 1901):     ip 00000000  sp be9be1e8  lr 4029e0b3  pc 4029e0c0  cpsr 200e0030
I/DEBUG   ( 1901): 
I/DEBUG   ( 1901): backtrace:
I/DEBUG   ( 1901):     #00 pc 000130c0  /system/lib/libsqlite.so
I/DEBUG   ( 1901):     #01 pc 000141a1  /system/lib/libsqlite.so (sqlite3_initialize+476)
I/DEBUG   ( 1901):     #02 pc 0004e88b  /system/lib/libsqlite.so
I/DEBUG   ( 1901):     #03 pc 0004e013  /system/lib/libsec-ril.so (loadOpnameDb+34)
I/DEBUG   ( 1901):     #04 pc 000247f7  /system/lib/libsec-ril.so (RIL_Init+54)
I/DEBUG   ( 1901):     #05 pc 00000f4b  /system/bin/rild
I/DEBUG   ( 1901):     #06 pc 0000fb61  /system/lib/libc.so (__libc_init+44)
I/DEBUG   ( 1901):     #07 pc 000010d8  /system/bin/rild
I/DEBUG   ( 1901): 
I/DEBUG   ( 1901): Tombstone written to: /data/tombstones/tombstone_04
E/sdcard  ( 1916): missing packages.list; retrying
I/Netd    ( 3257): Netd 1.0 starting
E/Netd    ( 3257): Failed to open /proc/sys/net/ipv6/conf/default/accept_ra_rt_table: No such file or directory
E/Netd    ( 3257): Failed to open /proc/sys/net/ipv6/conf/lo/accept_ra_rt_table: No such file or directory
E/Netd    ( 3257): Failed to open /proc/sys/net/ipv6/conf/sit0/accept_ra_rt_table: No such file or directory
E/Netd    ( 3257): Failed to open /proc/sys/net/ipv6/conf/ip6tnl0/accept_ra_rt_table: No such file or directory
E/Netd    ( 3257): Failed to open /proc/sys/net/ipv6/conf/rmnet0/accept_ra_rt_table: No such file or directory
E/Netd    ( 3257): Failed to open /proc/sys/net/ipv6/conf/rmnet1/accept_ra_rt_table: No such file or directory
E/Netd    ( 3257): Failed to open /proc/sys/net/ipv6/conf/rmnet2/accept_ra_rt_table: No such file or directory
D/AndroidRuntime( 3259): 
D/AndroidRuntime( 3259): >>>>>> AndroidRuntime START com.android.internal.os.ZygoteInit <<<<<<
D/AndroidRuntime( 3259): CheckJNI is OFF
I/art     ( 3259): option[0]=-Xzygote
I/art     ( 3259): option[1]=-Xstacktracefile:/data/anr/traces.txt
I/art     ( 3259): option[2]=exit
I/art     ( 3259): option[3]=vfprintf
I/art     ( 3259): option[4]=sensitiveThread
I/art     ( 3259): option[5]=-verbose:gc
I/art     ( 3259): option[6]=-Xms8m
I/art     ( 3259): option[7]=-Xmx256m
I/art     ( 3259): option[8]=-XX:mainThreadStackSize=24K
I/art     ( 3259): option[9]=-XX:HeapGrowthLimit=96m
I/art     ( 3259): option[10]=-XX:HeapMinFree=2m
I/art     ( 3259): option[11]=-XX:HeapMaxFree=8m
I/art     ( 3259): option[12]=-XX:HeapTargetUtilization=0.75
I/art     ( 3259): option[13]=-Xgenregmap
I/art     ( 3259): option[14]=-Xgc:precise
I/art     ( 3259): option[15]=-agentlib:jdwp=transport=dt_android_adb,suspend=n,server=y
I/art     ( 3259): option[16]=-Xlockprofthreshold:500
I/art     ( 3259): option[17]=-Ximage-compiler-option
I/art     ( 3259): option[18]=--runtime-arg
I/art     ( 3259): option[19]=-Ximage-compiler-option
I/art     ( 3259): option[20]=-Xms64m
I/art     ( 3259): option[21]=-Ximage-compiler-option
I/art     ( 3259): option[22]=--runtime-arg
I/art     ( 3259): option[23]=-Ximage-compiler-option
I/art     ( 3259): option[24]=-Xmx64m
I/art     ( 3259): option[25]=-Ximage-compiler-option
I/art     ( 3259): option[26]=--image-classes-zip=/system/framework/framework.jar
I/art     ( 3259): option[27]=-Ximage-compiler-option
I/art     ( 3259): option[28]=--image-classes=preloaded-classes
I/art     ( 3259): option[29]=-Xcompiler-option
I/art     ( 3259): option[30]=--runtime-arg
I/art     ( 3259): option[31]=-Xcompiler-option
I/art     ( 3259): option[32]=-Xms64m
I/art     ( 3259): option[33]=-Xcompiler-option
I/art     ( 3259): option[34]=--runtime-arg
I/art     ( 3259): option[35]=-Xcompiler-option
I/art     ( 3259): option[36]=-Xmx512m
I/art     ( 3259): option[37]=-Duser.language=zh
I/art     ( 3259): option[38]=-Duser.region=CN
I/mediaserver( 3258): ServiceManager: 0x40e500c0
I/AudioFlinger( 3258): Using default 3000 mSec as standby time.
I/ServiceManager( 3258): Waiting for service batterystats...
E/cutils-trace( 3259): Error opening trace file: No such file or directory (2)
F/libc    ( 3259): Fatal signal 4 (SIGILL), code 1, fault addr 0x41c600c0 in tid 3259 (main)
I/DEBUG   ( 1901): *** *** *** *** *** *** *** *** *** *** *** *** *** *** *** ***
I/DEBUG   ( 1901): Build fingerprint: 'samsung/i9308xx/i9308:5.0.2/LRX22G/builder.20150703085101_R:userdebug/test-keys'
I/DEBUG   ( 1901): Revision: '12'
I/DEBUG   ( 1901): ABI: 'arm'
I/DEBUG   ( 1901): pid: 3259, tid: 3259, name: main  >>> zygote <<<
I/DEBUG   ( 1901): signal 4 (SIGILL), code 1 (ILL_ILLOPC), fault addr 0x41c600c0
I/DEBUG   ( 1901):     r0 00000017  r1 41ca7ee3  r2 0000006c  r3 00000005
I/DEBUG   ( 1901):     r4 41cac508  r5 41cacf58  r6 00000071  r7 41ca6769
I/DEBUG   ( 1901):     r8 41cac508  r9 4034f2d0  sl beee4790  fp beee4860
I/DEBUG   ( 1901):     ip 00000000  sp beee4718  lr 41c600b3  pc 41c600c0  cpsr 200d0030
I/DEBUG   ( 1901): 
I/DEBUG   ( 1901): backtrace:
I/DEBUG   ( 1901):     #00 pc 000130c0  /system/lib/libsqlite.so
I/DEBUG   ( 1901):     #01 pc 000141a1  /system/lib/libsqlite.so (sqlite3_initialize+476)
I/DEBUG   ( 1901):     #02 pc 0002ce35  /system/lib/libsqlite.so (sqlite3_soft_heap_limit64+8)
I/DEBUG   ( 1901):     #03 pc 000703a3  /system/lib/libandroid_runtime.so (android::register_android_database_SQLiteGlobal(_JNIEnv*)+34)
I/DEBUG   ( 1901):     #04 pc 0005a111  /system/lib/libandroid_runtime.so
I/DEBUG   ( 1901):     #05 pc 0005b161  /system/lib/libandroid_runtime.so (android::AndroidRuntime::startReg(_JNIEnv*)+28)
I/DEBUG   ( 1901):     #06 pc 0005b29d  /system/lib/libandroid_runtime.so (android::AndroidRuntime::start(char const*, android::Vector<android::String8> const&)+276)
I/DEBUG   ( 1901):     #07 pc 00001655  /system/bin/app_process32
I/DEBUG   ( 1901):     #08 pc 0000fb61  /system/lib/libc.so (__libc_init+44)
I/DEBUG   ( 1901):     #09 pc 00001770  /system/bin/app_process32
I/DEBUG   ( 1901): 
I/DEBUG   ( 1901): Tombstone written to: /data/tombstones/tombstone_05
I/ServiceManager( 1894): service 'media.audio_flinger' died
E/sdcard  ( 1916): missing packages.list; retrying
W/linker  ( 3336): libsec-ril.so has text relocations. This is wasting memory and prevents security hardening. Please fix.
F/libc    ( 3336): Fatal signal 4 (SIGILL), code 1, fault addr 0x405fd0c0 in tid 3336 (rild)
I/DEBUG   ( 1901): *** *** *** *** *** *** *** *** *** *** *** *** *** *** *** ***
I/DEBUG   ( 1901): Build fingerprint: 'samsung/i9308xx/i9308:5.0.2/LRX22G/builder.20150703085101_R:userdebug/test-keys'
I/DEBUG   ( 1901): Revision: '12'
I/DEBUG   ( 1901): ABI: 'arm'
I/DEBUG   ( 1901): pid: 3336, tid: 3336, name: rild  >>> /system/bin/rild <<<
I/DEBUG   ( 1901): signal 4 (SIGILL), code 1 (ILL_ILLOPC), fault addr 0x405fd0c0
I/DEBUG   ( 1901):     r0 00000017  r1 40644ee3  r2 0000006c  r3 00000005
I/DEBUG   ( 1901):     r4 40649508  r5 40649f58  r6 00000071  r7 40643769
I/DEBUG   ( 1901):     r8 40649508  r9 4058790a  sl 00000000  fp 00000003
I/DEBUG   ( 1901):     ip 00000000  sp bef531e8  lr 405fd0b3  pc 405fd0c0  cpsr 200e0030
I/DEBUG   ( 1901): 
I/DEBUG   ( 1901): backtrace:
I/DEBUG   ( 1901):     #00 pc 000130c0  /system/lib/libsqlite.so
I/DEBUG   ( 1901):     #01 pc 000141a1  /system/lib/libsqlite.so (sqlite3_initialize+476)
I/DEBUG   ( 1901):     #02 pc 0004e88b  /system/lib/libsqlite.so
I/DEBUG   ( 1901):     #03 pc 0004e013  /system/lib/libsec-ril.so (loadOpnameDb+34)
I/DEBUG   ( 1901):     #04 pc 000247f7  /system/lib/libsec-ril.so (RIL_Init+54)
I/DEBUG   ( 1901):     #05 pc 00000f4b  /system/bin/rild
I/DEBUG   ( 1901):     #06 pc 0000fb61  /system/lib/libc.so (__libc_init+44)
I/DEBUG   ( 1901):     #07 pc 000010d8  /system/bin/rild
I/DEBUG   ( 1901): 
I/DEBUG   ( 1901): Tombstone written to: /data/tombstones/tombstone_00
I/Netd    ( 3338): Netd 1.0 starting
E/Netd    ( 3338): Failed to open /proc/sys/net/ipv6/conf/default/accept_ra_rt_table: No such file or directory
E/Netd    ( 3338): Failed to open /proc/sys/net/ipv6/conf/lo/accept_ra_rt_table: No such file or directory
E/Netd    ( 3338): Failed to open /proc/sys/net/ipv6/conf/sit0/accept_ra_rt_table: No such file or directory
E/Netd    ( 3338): Failed to open /proc/sys/net/ipv6/conf/ip6tnl0/accept_ra_rt_table: No such file or directory
E/Netd    ( 3338): Failed to open /proc/sys/net/ipv6/conf/rmnet0/accept_ra_rt_table: No such file or directory
E/Netd    ( 3338): Failed to open /proc/sys/net/ipv6/conf/rmnet1/accept_ra_rt_table: No such file or directory
E/Netd    ( 3338): Failed to open /proc/sys/net/ipv6/conf/rmnet2/accept_ra_rt_table: No such file or directory
I/mediaserver( 3339): ServiceManager: 0x40e500c0
I/AudioFlinger( 3339): Using default 3000 mSec as standby time.
I/ServiceManager( 3339): Waiting for service batterystats...
D/AndroidRuntime( 3340): 
D/AndroidRuntime( 3340): >>>>>> AndroidRuntime START com.android.internal.os.ZygoteInit <<<<<<
D/AndroidRuntime( 3340): CheckJNI is OFF
I/art     ( 3340): option[0]=-Xzygote
I/art     ( 3340): option[1]=-Xstacktracefile:/data/anr/traces.txt
I/art     ( 3340): option[2]=exit
I/art     ( 3340): option[3]=vfprintf
I/art     ( 3340): option[4]=sensitiveThread
I/art     ( 3340): option[5]=-verbose:gc
I/art     ( 3340): option[6]=-Xms8m
I/art     ( 3340): option[7]=-Xmx256m
I/art     ( 3340): option[8]=-XX:mainThreadStackSize=24K
I/art     ( 3340): option[9]=-XX:HeapGrowthLimit=96m
I/art     ( 3340): option[10]=-XX:HeapMinFree=2m
I/art     ( 3340): option[11]=-XX:HeapMaxFree=8m
I/art     ( 3340): option[12]=-XX:HeapTargetUtilization=0.75
I/art     ( 3340): option[13]=-Xgenregmap
I/art     ( 3340): option[14]=-Xgc:precise
I/art     ( 3340): option[15]=-agentlib:jdwp=transport=dt_android_adb,suspend=n,server=y
I/art     ( 3340): option[16]=-Xlockprofthreshold:500
I/art     ( 3340): option[17]=-Ximage-compiler-option
I/art     ( 3340): option[18]=--runtime-arg
I/art     ( 3340): option[19]=-Ximage-compiler-option
I/art     ( 3340): option[20]=-Xms64m
I/art     ( 3340): option[21]=-Ximage-compiler-option
I/art     ( 3340): option[22]=--runtime-arg
I/art     ( 3340): option[23]=-Ximage-compiler-option
I/art     ( 3340): option[24]=-Xmx64m
I/art     ( 3340): option[25]=-Ximage-compiler-option
I/art     ( 3340): option[26]=--image-classes-zip=/system/framework/framework.jar
I/art     ( 3340): option[27]=-Ximage-compiler-option
I/art     ( 3340): option[28]=--image-classes=preloaded-classes
I/art     ( 3340): option[29]=-Xcompiler-option
I/art     ( 3340): option[30]=--runtime-arg
I/art     ( 3340): option[31]=-Xcompiler-option
I/art     ( 3340): option[32]=-Xms64m
I/art     ( 3340): option[33]=-Xcompiler-option
I/art     ( 3340): option[34]=--runtime-arg
I/art     ( 3340): option[35]=-Xcompiler-option
I/art     ( 3340): option[36]=-Xmx512m
I/art     ( 3340): option[37]=-Duser.language=zh
I/art     ( 3340): option[38]=-Duser.region=CN
E/cutils-trace( 3340): Error opening trace file: No such file or directory (2)
E/sdcard  ( 1916): missing packages.list; retrying
F/libc    ( 3340): Fatal signal 4 (SIGILL), code 1, fault addr 0x41c420c0 in tid 3340 (main)
I/DEBUG   ( 1901): *** *** *** *** *** *** *** *** *** *** *** *** *** *** *** ***
I/DEBUG   ( 1901): Build fingerprint: 'samsung/i9308xx/i9308:5.0.2/LRX22G/builder.20150703085101_R:userdebug/test-keys'
I/DEBUG   ( 1901): Revision: '12'
I/DEBUG   ( 1901): ABI: 'arm'
I/DEBUG   ( 1901): pid: 3340, tid: 3340, name: main  >>> zygote <<<
I/DEBUG   ( 1901): signal 4 (SIGILL), code 1 (ILL_ILLOPC), fault addr 0x41c420c0
I/DEBUG   ( 1901):     r0 00000017  r1 41c89ee3  r2 0000006c  r3 00000005
I/DEBUG   ( 1901):     r4 41c8e508  r5 41c8ef58  r6 00000071  r7 41c88769
I/DEBUG   ( 1901):     r8 41c8e508  r9 402d92d0  sl beb6f790  fp beb6f860
I/DEBUG   ( 1901):     ip 00000000  sp beb6f718  lr 41c420b3  pc 41c420c0  cpsr 200d0030
I/DEBUG   ( 1901): 
I/DEBUG   ( 1901): backtrace:
I/DEBUG   ( 1901):     #00 pc 000130c0  /system/lib/libsqlite.so
I/DEBUG   ( 1901):     #01 pc 000141a1  /system/lib/libsqlite.so (sqlite3_initialize+476)
I/DEBUG   ( 1901):     #02 pc 0002ce35  /system/lib/libsqlite.so (sqlite3_soft_heap_limit64+8)
I/DEBUG   ( 1901):     #03 pc 000703a3  /system/lib/libandroid_runtime.so (android::register_android_database_SQLiteGlobal(_JNIEnv*)+34)
I/DEBUG   ( 1901):     #04 pc 0005a111  /system/lib/libandroid_runtime.so
I/DEBUG   ( 1901):     #05 pc 0005b161  /system/lib/libandroid_runtime.so (android::AndroidRuntime::startReg(_JNIEnv*)+28)
I/DEBUG   ( 1901):     #06 pc 0005b29d  /system/lib/libandroid_runtime.so (android::AndroidRuntime::start(char const*, android::Vector<android::String8> const&)+276)
I/DEBUG   ( 1901):     #07 pc 00001655  /system/bin/app_process32
I/DEBUG   ( 1901):     #08 pc 0000fb61  /system/lib/libc.so (__libc_init+44)
I/DEBUG   ( 1901):     #09 pc 00001770  /system/bin/app_process32
I/DEBUG   ( 1901): 
I/DEBUG   ( 1901): Tombstone written to: /data/tombstones/tombstone_06
I/ServiceManager( 1894): service 'media.audio_flinger' died
E/sdcard  ( 1916): missing packages.list; retrying
W/linker  ( 3406): libsec-ril.so has text relocations. This is wasting memory and prevents security hardening. Please fix.
F/libc    ( 3406): Fatal signal 4 (SIGILL), code 1, fault addr 0x405fd0c0 in tid 3406 (rild)
I/DEBUG   ( 1901): *** *** *** *** *** *** *** *** *** *** *** *** *** *** *** ***
I/DEBUG   ( 1901): Build fingerprint: 'samsung/i9308xx/i9308:5.0.2/LRX22G/builder.20150703085101_R:userdebug/test-keys'
I/DEBUG   ( 1901): Revision: '12'
I/DEBUG   ( 1901): ABI: 'arm'
I/DEBUG   ( 1901): pid: 3406, tid: 3406, name: rild  >>> /system/bin/rild <<<
I/DEBUG   ( 1901): signal 4 (SIGILL), code 1 (ILL_ILLOPC), fault addr 0x405fd0c0
I/DEBUG   ( 1901):     r0 00000017  r1 40644ee3  r2 0000006c  r3 00000005
I/DEBUG   ( 1901):     r4 40649508  r5 40649f58  r6 00000071  r7 40643769
I/DEBUG   ( 1901):     r8 40649508  r9 4058790a  sl 00000000  fp 00000003
I/DEBUG   ( 1901):     ip 00000000  sp be81d1e8  lr 405fd0b3  pc 405fd0c0  cpsr 200e0030
I/DEBUG   ( 1901): 
I/DEBUG   ( 1901): backtrace:
I/DEBUG   ( 1901):     #00 pc 000130c0  /system/lib/libsqlite.so
I/DEBUG   ( 1901):     #01 pc 000141a1  /system/lib/libsqlite.so (sqlite3_initialize+476)
I/DEBUG   ( 1901):     #02 pc 0004e88b  /system/lib/libsqlite.so
I/DEBUG   ( 1901):     #03 pc 0004e013  /system/lib/libsec-ril.so (loadOpnameDb+34)
I/DEBUG   ( 1901):     #04 pc 000247f7  /system/lib/libsec-ril.so (RIL_Init+54)
I/DEBUG   ( 1901):     #05 pc 00000f4b  /system/bin/rild
I/DEBUG   ( 1901):     #06 pc 0000fb61  /system/lib/libc.so (__libc_init+44)
I/DEBUG   ( 1901):     #07 pc 000010d8  /system/bin/rild
I/DEBUG   ( 1901): 
I/DEBUG   ( 1901): Tombstone written to: /data/tombstones/tombstone_07
I/Netd    ( 3408): Netd 1.0 starting
E/Netd    ( 3408): Failed to open /proc/sys/net/ipv6/conf/default/accept_ra_rt_table: No such file or directory
E/Netd    ( 3408): Failed to open /proc/sys/net/ipv6/conf/lo/accept_ra_rt_table: No such file or directory
E/Netd    ( 3408): Failed to open /proc/sys/net/ipv6/conf/sit0/accept_ra_rt_table: No such file or directory
E/Netd    ( 3408): Failed to open /proc/sys/net/ipv6/conf/ip6tnl0/accept_ra_rt_table: No such file or directory
E/Netd    ( 3408): Failed to open /proc/sys/net/ipv6/conf/rmnet0/accept_ra_rt_table: No such file or directory
E/Netd    ( 3408): Failed to open /proc/sys/net/ipv6/conf/rmnet1/accept_ra_rt_table: No such file or directory
E/Netd    ( 3408): Failed to open /proc/sys/net/ipv6/conf/rmnet2/accept_ra_rt_table: No such file or directory
D/AndroidRuntime( 3410): 
D/AndroidRuntime( 3410): >>>>>> AndroidRuntime START com.android.internal.os.ZygoteInit <<<<<<
D/AndroidRuntime( 3410): CheckJNI is OFF
I/art     ( 3410): option[0]=-Xzygote
I/art     ( 3410): option[1]=-Xstacktracefile:/data/anr/traces.txt
I/art     ( 3410): option[2]=exit
I/art     ( 3410): option[3]=vfprintf
I/art     ( 3410): option[4]=sensitiveThread
I/art     ( 3410): option[5]=-verbose:gc
I/art     ( 3410): option[6]=-Xms8m
I/art     ( 3410): option[7]=-Xmx256m
I/art     ( 3410): option[8]=-XX:mainThreadStackSize=24K
I/art     ( 3410): option[9]=-XX:HeapGrowthLimit=96m
I/art     ( 3410): option[10]=-XX:HeapMinFree=2m
I/art     ( 3410): option[11]=-XX:HeapMaxFree=8m
I/art     ( 3410): option[12]=-XX:HeapTargetUtilization=0.75
I/art     ( 3410): option[13]=-Xgenregmap
I/art     ( 3410): option[14]=-Xgc:precise
I/art     ( 3410): option[15]=-agentlib:jdwp=transport=dt_android_adb,suspend=n,server=y
I/art     ( 3410): option[16]=-Xlockprofthreshold:500
I/art     ( 3410): option[17]=-Ximage-compiler-option
I/art     ( 3410): option[18]=--runtime-arg
I/art     ( 3410): option[19]=-Ximage-compiler-option
I/art     ( 3410): option[20]=-Xms64m
I/art     ( 3410): option[21]=-Ximage-compiler-option
I/art     ( 3410): option[22]=--runtime-arg
I/art     ( 3410): option[23]=-Ximage-compiler-option
I/art     ( 3410): option[24]=-Xmx64m
I/art     ( 3410): option[25]=-Ximage-compiler-option
I/art     ( 3410): option[26]=--image-classes-zip=/system/framework/framework.jar
I/art     ( 3410): option[27]=-Ximage-compiler-option
I/art     ( 3410): option[28]=--image-classes=preloaded-classes
I/art     ( 3410): option[29]=-Xcompiler-option
I/art     ( 3410): option[30]=--runtime-arg
I/art     ( 3410): option[31]=-Xcompiler-option
I/art     ( 3410): option[32]=-Xms64m
I/art     ( 3410): option[33]=-Xcompiler-option
I/art     ( 3410): option[34]=--runtime-arg
I/art     ( 3410): option[35]=-Xcompiler-option
I/art     ( 3410): option[36]=-Xmx512m
I/art     ( 3410): option[37]=-Duser.language=zh
I/art     ( 3410): option[38]=-Duser.region=CN
E/cutils-trace( 3410): Error opening trace file: No such file or directory (2)
F/libc    ( 3410): Fatal signal 4 (SIGILL), code 1, fault addr 0x41c540c0 in tid 3410 (main)
I/mediaserver( 3409): ServiceManager: 0x40e500c0
I/AudioFlinger( 3409): Using default 3000 mSec as standby time.
I/ServiceManager( 3409): Waiting for service batterystats...
I/DEBUG   ( 1901): *** *** *** *** *** *** *** *** *** *** *** *** *** *** *** ***
I/DEBUG   ( 1901): Build fingerprint: 'samsung/i9308xx/i9308:5.0.2/LRX22G/builder.20150703085101_R:userdebug/test-keys'
I/DEBUG   ( 1901): Revision: '12'
I/DEBUG   ( 1901): ABI: 'arm'
I/DEBUG   ( 1901): pid: 3410, tid: 3410, name: main  >>> zygote <<<
I/DEBUG   ( 1901): signal 4 (SIGILL), code 1 (ILL_ILLOPC), fault addr 0x41c540c0
I/DEBUG   ( 1901):     r0 00000017  r1 41c9bee3  r2 0000006c  r3 00000005
I/DEBUG   ( 1901):     r4 41ca0508  r5 41ca0f58  r6 00000071  r7 41c9a769
I/DEBUG   ( 1901):     r8 41ca0508  r9 402c12d0  sl bed32790  fp bed32860
I/DEBUG   ( 1901):     ip 00000000  sp bed32718  lr 41c540b3  pc 41c540c0  cpsr 200d0030
I/DEBUG   ( 1901): 
I/DEBUG   ( 1901): backtrace:
I/DEBUG   ( 1901):     #00 pc 000130c0  /system/lib/libsqlite.so
I/DEBUG   ( 1901):     #01 pc 000141a1  /system/lib/libsqlite.so (sqlite3_initialize+476)
I/DEBUG   ( 1901):     #02 pc 0002ce35  /system/lib/libsqlite.so (sqlite3_soft_heap_limit64+8)
I/DEBUG   ( 1901):     #03 pc 000703a3  /system/lib/libandroid_runtime.so (android::register_android_database_SQLiteGlobal(_JNIEnv*)+34)
I/DEBUG   ( 1901):     #04 pc 0005a111  /system/lib/libandroid_runtime.so
I/DEBUG   ( 1901):     #05 pc 0005b161  /system/lib/libandroid_runtime.so (android::AndroidRuntime::startReg(_JNIEnv*)+28)
I/DEBUG   ( 1901):     #06 pc 0005b29d  /system/lib/libandroid_runtime.so (android::AndroidRuntime::start(char const*, android::Vector<android::String8> const&)+276)
I/DEBUG   ( 1901):     #07 pc 00001655  /system/bin/app_process32
I/DEBUG   ( 1901):     #08 pc 0000fb61  /system/lib/libc.so (__libc_init+44)
I/DEBUG   ( 1901):     #09 pc 00001770  /system/bin/app_process32
I/DEBUG   ( 1901): 
I/DEBUG   ( 1901): Tombstone written to: /data/tombstones/tombstone_09
I/ServiceManager( 1894): service 'media.audio_flinger' died
E/sdcard  ( 1916): missing packages.list; retrying
W/linker  ( 3457): libsec-ril.so has text relocations. This is wasting memory and prevents security hardening. Please fix.
F/libc    ( 3457): Fatal signal 4 (SIGILL), code 1, fault addr 0x405fd0c0 in tid 3457 (rild)
I/DEBUG   ( 1901): *** *** *** *** *** *** *** *** *** *** *** *** *** *** *** ***
I/DEBUG   ( 1901): Build fingerprint: 'samsung/i9308xx/i9308:5.0.2/LRX22G/builder.20150703085101_R:userdebug/test-keys'
I/DEBUG   ( 1901): Revision: '12'
I/DEBUG   ( 1901): ABI: 'arm'
I/DEBUG   ( 1901): pid: 3457, tid: 3457, name: rild  >>> /system/bin/rild <<<
I/DEBUG   ( 1901): signal 4 (SIGILL), code 1 (ILL_ILLOPC), fault addr 0x405fd0c0
I/DEBUG   ( 1901):     r0 00000017  r1 40644ee3  r2 0000006c  r3 00000005
I/DEBUG   ( 1901):     r4 40649508  r5 40649f58  r6 00000071  r7 40643769
I/DEBUG   ( 1901):     r8 40649508  r9 4058790a  sl 00000000  fp 00000003
I/DEBUG   ( 1901):     ip 00000000  sp beb651e8  lr 405fd0b3  pc 405fd0c0  cpsr 200e0030
I/DEBUG   ( 1901): 
I/DEBUG   ( 1901): backtrace:
I/DEBUG   ( 1901):     #00 pc 000130c0  /system/lib/libsqlite.so
I/DEBUG   ( 1901):     #01 pc 000141a1  /system/lib/libsqlite.so (sqlite3_initialize+476)
I/DEBUG   ( 1901):     #02 pc 0004e88b  /system/lib/libsqlite.so
I/DEBUG   ( 1901):     #03 pc 0004e013  /system/lib/libsec-ril.so (loadOpnameDb+34)
I/DEBUG   ( 1901):     #04 pc 000247f7  /system/lib/libsec-ril.so (RIL_Init+54)
I/DEBUG   ( 1901):     #05 pc 00000f4b  /system/bin/rild
I/DEBUG   ( 1901):     #06 pc 0000fb61  /system/lib/libc.so (__libc_init+44)
I/DEBUG   ( 1901):     #07 pc 000010d8  /system/bin/rild
I/DEBUG   ( 1901): 
I/DEBUG   ( 1901): Tombstone written to: /data/tombstones/tombstone_01
E/sdcard  ( 1916): missing packages.list; retrying
I/Netd    ( 3459): Netd 1.0 starting
E/Netd    ( 3459): Failed to open /proc/sys/net/ipv6/conf/default/accept_ra_rt_table: No such file or directory
E/Netd    ( 3459): Failed to open /proc/sys/net/ipv6/conf/lo/accept_ra_rt_table: No such file or directory
E/Netd    ( 3459): Failed to open /proc/sys/net/ipv6/conf/sit0/accept_ra_rt_table: No such file or directory
E/Netd    ( 3459): Failed to open /proc/sys/net/ipv6/conf/ip6tnl0/accept_ra_rt_table: No such file or directory
E/Netd    ( 3459): Failed to open /proc/sys/net/ipv6/conf/rmnet0/accept_ra_rt_table: No such file or directory
E/Netd    ( 3459): Failed to open /proc/sys/net/ipv6/conf/rmnet1/accept_ra_rt_table: No such file or directory
E/Netd    ( 3459): Failed to open /proc/sys/net/ipv6/conf/rmnet2/accept_ra_rt_table: No such file or directory
D/AndroidRuntime( 3461): 
D/AndroidRuntime( 3461): >>>>>> AndroidRuntime START com.android.internal.os.ZygoteInit <<<<<<
D/AndroidRuntime( 3461): CheckJNI is OFF
I/art     ( 3461): option[0]=-Xzygote
I/art     ( 3461): option[1]=-Xstacktracefile:/data/anr/traces.txt
I/art     ( 3461): option[2]=exit
I/art     ( 3461): option[3]=vfprintf
I/art     ( 3461): option[4]=sensitiveThread
I/art     ( 3461): option[5]=-verbose:gc
I/art     ( 3461): option[6]=-Xms8m
I/art     ( 3461): option[7]=-Xmx256m
I/art     ( 3461): option[8]=-XX:mainThreadStackSize=24K
I/art     ( 3461): option[9]=-XX:HeapGrowthLimit=96m
I/art     ( 3461): option[10]=-XX:HeapMinFree=2m
I/art     ( 3461): option[11]=-XX:HeapMaxFree=8m
I/art     ( 3461): option[12]=-XX:HeapTargetUtilization=0.75
I/art     ( 3461): option[13]=-Xgenregmap
I/art     ( 3461): option[14]=-Xgc:precise
I/art     ( 3461): option[15]=-agentlib:jdwp=transport=dt_android_adb,suspend=n,server=y
I/art     ( 3461): option[16]=-Xlockprofthreshold:500
I/art     ( 3461): option[17]=-Ximage-compiler-option
I/art     ( 3461): option[18]=--runtime-arg
I/art     ( 3461): option[19]=-Ximage-compiler-option
I/art     ( 3461): option[20]=-Xms64m
I/art     ( 3461): option[21]=-Ximage-compiler-option
I/art     ( 3461): option[22]=--runtime-arg
I/art     ( 3461): option[23]=-Ximage-compiler-option
I/art     ( 3461): option[24]=-Xmx64m
I/art     ( 3461): option[25]=-Ximage-compiler-option
I/art     ( 3461): option[26]=--image-classes-zip=/system/framework/framework.jar
I/art     ( 3461): option[27]=-Ximage-compiler-option
I/art     ( 3461): option[28]=--image-classes=preloaded-classes
I/art     ( 3461): option[29]=-Xcompiler-option
I/art     ( 3461): option[30]=--runtime-arg
I/art     ( 3461): option[31]=-Xcompiler-option
I/art     ( 3461): option[32]=-Xms64m
I/art     ( 3461): option[33]=-Xcompiler-option
I/art     ( 3461): option[34]=--runtime-arg
I/art     ( 3461): option[35]=-Xcompiler-option
I/art     ( 3461): option[36]=-Xmx512m
I/art     ( 3461): option[37]=-Duser.language=zh
I/art     ( 3461): option[38]=-Duser.region=CN
I/mediaserver( 3460): ServiceManager: 0x40e500c0
I/AudioFlinger( 3460): Using default 3000 mSec as standby time.
I/ServiceManager( 3460): Waiting for service batterystats...
E/cutils-trace( 3461): Error opening trace file: No such file or directory (2)
F/libc    ( 3461): Fatal signal 4 (SIGILL), code 1, fault addr 0x41c420c0 in tid 3461 (main)
I/DEBUG   ( 1901): *** *** *** *** *** *** *** *** *** *** *** *** *** *** *** ***
I/DEBUG   ( 1901): Build fingerprint: 'samsung/i9308xx/i9308:5.0.2/LRX22G/builder.20150703085101_R:userdebug/test-keys'
I/DEBUG   ( 1901): Revision: '12'
I/DEBUG   ( 1901): ABI: 'arm'
I/DEBUG   ( 1901): pid: 3461, tid: 3461, name: main  >>> zygote <<<
I/DEBUG   ( 1901): signal 4 (SIGILL), code 1 (ILL_ILLOPC), fault addr 0x41c420c0
I/DEBUG   ( 1901):     r0 00000017  r1 41c89ee3  r2 0000006c  r3 00000005
I/DEBUG   ( 1901):     r4 41c8e508  r5 41c8ef58  r6 00000071  r7 41c88769
I/DEBUG   ( 1901):     r8 41c8e508  r9 402512d0  sl becd0790  fp becd0860
I/DEBUG   ( 1901):     ip 00000000  sp becd0718  lr 41c420b3  pc 41c420c0  cpsr 200d0030
I/DEBUG   ( 1901): 
I/DEBUG   ( 1901): backtrace:
I/DEBUG   ( 1901):     #00 pc 000130c0  /system/lib/libsqlite.so
I/DEBUG   ( 1901):     #01 pc 000141a1  /system/lib/libsqlite.so (sqlite3_initialize+476)
I/DEBUG   ( 1901):     #02 pc 0002ce35  /system/lib/libsqlite.so (sqlite3_soft_heap_limit64+8)
I/DEBUG   ( 1901):     #03 pc 000703a3  /system/lib/libandroid_runtime.so (android::register_android_database_SQLiteGlobal(_JNIEnv*)+34)
I/DEBUG   ( 1901):     #04 pc 0005a111  /system/lib/libandroid_runtime.so
I/DEBUG   ( 1901):     #05 pc 0005b161  /system/lib/libandroid_runtime.so (android::AndroidRuntime::startReg(_JNIEnv*)+28)
I/DEBUG   ( 1901):     #06 pc 0005b29d  /system/lib/libandroid_runtime.so (android::AndroidRuntime::start(char const*, android::Vector<android::String8> const&)+276)
I/DEBUG   ( 1901):     #07 pc 00001655  /system/bin/app_process32
I/DEBUG   ( 1901):     #08 pc 0000fb61  /system/lib/libc.so (__libc_init+44)
I/DEBUG   ( 1901):     #09 pc 00001770  /system/bin/app_process32
I/DEBUG   ( 1901): 
I/DEBUG   ( 1901): Tombstone written to: /data/tombstones/tombstone_02
I/ServiceManager( 1894): service 'media.audio_flinger' died
E/sdcard  ( 1916): missing packages.list; retrying
W/linker  ( 3559): libsec-ril.so has text relocations. This is wasting memory and prevents security hardening. Please fix.
F/libc    ( 3559): Fatal signal 4 (SIGILL), code 1, fault addr 0x4029b0c0 in tid 3559 (rild)
I/DEBUG   ( 1901): *** *** *** *** *** *** *** *** *** *** *** *** *** *** *** ***
I/DEBUG   ( 1901): Build fingerprint: 'samsung/i9308xx/i9308:5.0.2/LRX22G/builder.20150703085101_R:userdebug/test-keys'
I/DEBUG   ( 1901): Revision: '12'
I/DEBUG   ( 1901): ABI: 'arm'
I/DEBUG   ( 1901): pid: 3559, tid: 3559, name: rild  >>> /system/bin/rild <<<
I/DEBUG   ( 1901): signal 4 (SIGILL), code 1 (ILL_ILLOPC), fault addr 0x4029b0c0
I/DEBUG   ( 1901):     r0 00000017  r1 402e2ee3  r2 0000006c  r3 00000005
I/DEBUG   ( 1901):     r4 402e7508  r5 402e7f58  r6 00000071  r7 402e1769
I/DEBUG   ( 1901):     r8 402e7508  r9 4058790a  sl 00000000  fp 00000003
I/DEBUG   ( 1901):     ip 00000000  sp beac51e8  lr 4029b0b3  pc 4029b0c0  cpsr 200e0030
I/DEBUG   ( 1901): 
I/DEBUG   ( 1901): backtrace:
I/DEBUG   ( 1901):     #00 pc 000130c0  /system/lib/libsqlite.so
I/DEBUG   ( 1901):     #01 pc 000141a1  /system/lib/libsqlite.so (sqlite3_initialize+476)
I/DEBUG   ( 1901):     #02 pc 0004e88b  /system/lib/libsqlite.so
I/DEBUG   ( 1901):     #03 pc 0004e013  /system/lib/libsec-ril.so (loadOpnameDb+34)
I/DEBUG   ( 1901):     #04 pc 000247f7  /system/lib/libsec-ril.so (RIL_Init+54)
I/DEBUG   ( 1901):     #05 pc 00000f4b  /system/bin/rild
I/DEBUG   ( 1901):     #06 pc 0000fb61  /system/lib/libc.so (__libc_init+44)
I/DEBUG   ( 1901):     #07 pc 000010d8  /system/bin/rild
I/DEBUG   ( 1901): 
I/DEBUG   ( 1901): Tombstone written to: /data/tombstones/tombstone_03
I/Netd    ( 3561): Netd 1.0 starting
E/Netd    ( 3561): Failed to open /proc/sys/net/ipv6/conf/default/accept_ra_rt_table: No such file or directory
