I/DEBUG   ( 1902):     #06 pc 0000fb61  /system/lib/libc.so (__libc_init+44)
I/DEBUG   ( 1902):     #07 pc 000010d8  /system/bin/rild
I/DEBUG   ( 1902): 
I/DEBUG   ( 1902): Tombstone written to: /data/tombstones/tombstone_08
F/dex2oat ( 2764): art/runtime/class_linker.cc:4306] Check failed: self->IsExceptionPending() java.lang.Class<android.app.ActivityThread>
F/dex2oat ( 2764): art/runtime/runtime.cc:284] Runtime aborting...
F/dex2oat ( 2764): art/runtime/runtime.cc:284] Aborting thread:
F/dex2oat ( 2764): art/runtime/runtime.cc:284] "main" prio=5 tid=1 Runnable (still starting up)
F/dex2oat ( 2764): art/runtime/runtime.cc:284]   | group="" sCount=0 dsCount=0 obj=0x0 self=0x40fef400
F/dex2oat ( 2764): art/runtime/runtime.cc:284]   | sysTid=2764 nice=0 cgrp=default sched=0/0 handle=0x40140ec8
F/dex2oat ( 2764): art/runtime/runtime.cc:284]   | state=R schedstat=( 0 0 0 ) utm=584 stm=55 core=1 HZ=100
F/dex2oat ( 2764): art/runtime/runtime.cc:284]   | stack=0xbe295000-0xbe297000 stackSize=8MB
F/dex2oat ( 2764): art/runtime/runtime.cc:284]   | held mutexes= "abort lock" "mutator lock"(shared held)
F/dex2oat ( 2764): art/runtime/runtime.cc:284]   native: #00 pc 00004640  /system/lib/libbacktrace_libc++.so (UnwindCurrent::Unwind(unsigned int, ucontext*)+23)
F/dex2oat ( 2764): art/runtime/runtime.cc:284]   native: #01 pc 00002e8d  /system/lib/libbacktrace_libc++.so (Backtrace::Unwind(unsigned int, ucontext*)+8)
F/dex2oat ( 2764): art/runtime/runtime.cc:284]   native: #02 pc 00244f65  /system/lib/libart.so (art::DumpNativeStack(std::__1::basic_ostream<char, std::__1::char_traits<char> >&, int, char const*, art::mirror::ArtMethod*)+68)
F/dex2oat ( 2764): art/runtime/runtime.cc:284]   native: #03 pc 00229dcb  /system/lib/libart.so (art::Thread::Dump(std::__1::basic_ostream<char, std::__1::char_traits<char> >&) const+146)
F/dex2oat ( 2764): art/runtime/runtime.cc:284]   native: #04 pc 0021a16b  /system/lib/libart.so (art::AbortState::DumpThread(std::__1::basic_ostream<char, std::__1::char_traits<char> >&, art::Thread*)+22)
F/dex2oat ( 2764): art/runtime/runtime.cc:284]   native: #05 pc 0021a3a9  /system/lib/libart.so (art::AbortState::Dump(std::__1::basic_ostream<char, std::__1::char_traits<char> >&)+324)
F/dex2oat ( 2764): art/runtime/runtime.cc:284]   native: #06 pc 0021a599  /system/lib/libart.so (art::Runtime::Abort()+72)
F/dex2oat ( 2764): art/runtime/runtime.cc:284]   native: #07 pc 000a67e5  /system/lib/libart.so (art::LogMessage::~LogMessage()+1316)
F/dex2oat ( 2764): art/runtime/runtime.cc:284]   native: #08 pc 000d7c97  /system/lib/libart.so (art::ClassLinker::EnsureInitialized(art::Handle<art::mirror::Class>, bool, bool)+218)
F/dex2oat ( 2764): art/runtime/runtime.cc:284]   native: #09 pc 0015dc09  /system/lib/libart.so (artInterpreterToInterpreterBridge+300)
F/dex2oat ( 2764): art/runtime/runtime.cc:284]   native: #10 pc 0007085f  /system/lib/libart.so (art::interpreter::UnstartedRuntimeInvoke(art::Thread*, art::MethodHelper&, art::DexFile::CodeItem const*, art::ShadowFrame*, art::JValue*, unsigned int)+1574)
F/dex2oat ( 2764): art/runtime/runtime.cc:284]   native: #11 pc 0016a775  /system/lib/libart.so (bool art::interpreter::DoCall<false, false>(art::mirror::ArtMethod*, art::Thread*, art::ShadowFrame&, art::Instruction const*, unsigned short, art::JValue*)+492)
F/dex2oat ( 2764): art/runtime/runtime.cc:284]   native: #12 pc 0029e20b  /system/lib/libart.so (art::JValue art::interpreter::ExecuteGotoImpl<false, true>(art::Thread*, art::MethodHelper&, art::DexFile::CodeItem const*, art::ShadowFrame&, art::JValue)+29674)
F/dex2oat ( 2764): art/runtime/runtime.cc:284]   native: #13 pc 0015dc57  /system/lib/libart.so (artInterpreterToInterpreterBridge+378)
F/dex2oat ( 2764): art/runtime/runtime.cc:284]   native: #14 pc 0007085f  /system/lib/libart.so (art::interpreter::UnstartedRuntimeInvoke(art::Thread*, art::MethodHelper&, art::DexFile::CodeItem const*, art::ShadowFrame*, art::JValue*, unsigned int)+1574)
F/dex2oat ( 2764): art/runtime/runtime.cc:284]   native: #15 pc 0016a775  /system/lib/libart.so (bool art::interpreter::DoCall<false, false>(art::mirror::ArtMethod*, art::Thread*, art::ShadowFrame&, art::Instruction const*, unsigned short, art::JValue*)+492)
F/dex2oat ( 2764): art/runtime/runtime.cc:284]   native: #16 pc 0029e20b  /system/lib/libart.so (art::JValue art::interpreter::ExecuteGotoImpl<false, true>(art::Thread*, art::MethodHelper&, art::DexFile::CodeItem const*, art::ShadowFrame&, art::JValue)+29674)
F/dex2oat ( 2764): art/runtime/runtime.cc:284]   native: #17 pc 0015dc57  /system/lib/libart.so (artInterpreterToInterpreterBridge+378)
F/dex2oat ( 2764): art/runtime/runtime.cc:284]   native: #18 pc 0007085f  /system/lib/libart.so (art::interpreter::UnstartedRuntimeInvoke(art::Thread*, art::MethodHelper&, art::DexFile::CodeItem const*, art::ShadowFrame*, art::JValue*, unsigned int)+1574)
F/dex2oat ( 2764): art/runtime/runtime.cc:284]   native: #19 pc 0016a775  /system/lib/libart.so (bool art::interpreter::DoCall<false, false>(art::mirror::ArtMethod*, art::Thread*, art::ShadowFrame&, art::Instruction const*, unsigned short, art::JValue*)+492)
F/dex2oat ( 2764): art/runtime/runtime.cc:284]   native: #20 pc 0029e20b  /system/lib/libart.so (art::JValue art::interpreter::ExecuteGotoImpl<false, true>(art::Thread*, art::MethodHelper&, art::DexFile::CodeItem const*, art::ShadowFrame&, art::JValue)+29674)
F/dex2oat ( 2764): art/runtime/runtime.cc:284]   native: #21 pc 0015e01b  /system/lib/libart.so (art::interpreter::EnterInterpreterFromInvoke(art::Thread*, art::mirror::ArtMethod*, art::mirror::Object*, unsigned int*, art::JValue*)+582)
F/dex2oat ( 2764): art/runtime/runtime.cc:284]   native: #22 pc 001db0c1  /system/lib/libart.so (art::mirror::ArtMethod::Invoke(art::Thread*, unsigned int*, unsigned int, art::JValue*, char const*)+356)
F/dex2oat ( 2764): art/runtime/runtime.cc:284]   native: #23 pc 000d73d9  /system/lib/libart.so (art::ClassLinker::InitializeClass(art::Handle<art::mirror::Class>, bool, bool)+724)
F/dex2oat ( 2764): art/runtime/runtime.cc:284]   native: #24 pc 000d7bf3  /system/lib/libart.so (art::ClassLinker::EnsureInitialized(art::Handle<art::mirror::Class>, bool, bool)+54)
F/dex2oat ( 2764): art/runtime/runtime.cc:284]   native: #25 pc 00149f19  /system/lib/libart-compiler.so (???)
F/dex2oat ( 2764): art/runtime/runtime.cc:284]   native: #26 pc 0014131d  /system/lib/libart-compiler.so (???)
F/dex2oat ( 2764): art/runtime/runtime.cc:284]   native: #27 pc 00233e11  /system/lib/libart.so (art::ThreadPool::Wait(art::Thread*, bool, bool)+172)
F/dex2oat ( 2764): art/runtime/runtime.cc:284]   native: #28 pc 001445fb  /system/lib/libart-compiler.so (???)
F/dex2oat ( 2764): art/runtime/runtime.cc:284]   native: #29 pc 00144ded  /system/lib/libart-compiler.so (art::CompilerDriver::InitializeClasses(_jobject*, std::__1::vector<art::DexFile const*, std::__1::allocator<art::DexFile const*> > const&, art::ThreadPool*, art::TimingLogger*)+160)
F/dex2oat ( 2764): art/runtime/runtime.cc:284]   native: #30 pc 0014c213  /system/lib/libart-compiler.so (art::CompilerDriver::PreCompile(_jobject*, std::__1::vector<art::DexFile const*, std::__1::allocator<art::DexFile const*> > const&, art::ThreadPool*, art::TimingLogger*)+66)
F/dex2oat ( 2764): art/runtime/runtime.cc:284]   native: #31 pc 0014dc05  /system/lib/libart-compiler.so (art::CompilerDriver::CompileAll(_jobject*, std::__1::vector<art::DexFile const*, std::__1::allocator<art::DexFile const*> > const&, art::TimingLogger*)+48)
F/dex2oat ( 2764): art/runtime/runtime.cc:284]   native: #32 pc 0000c46b  /system/bin/dex2oat (???)
F/dex2oat ( 2764): art/runtime/runtime.cc:284]   native: #33 pc 0000e669  /system/bin/dex2oat (???)
F/dex2oat ( 2764): art/runtime/runtime.cc:284]   native: #34 pc 0000fb61  /system/lib/libc.so (__libc_init+44)
F/dex2oat ( 2764): art/runtime/runtime.cc:284]   native: #35 pc 00006504  /system/bin/dex2oat (???)
F/dex2oat ( 2764): art/runtime/runtime.cc:284]   at android.app.ActivityThread.currentActivityThread(ActivityThread.java:1591)
F/dex2oat ( 2764): art/runtime/runtime.cc:284]   at android.app.AppGlobals.getIntCoreSetting(AppGlobals.java:58)
F/dex2oat ( 2764): art/runtime/runtime.cc:284]   at android.view.ViewConfiguration.getLongPressTimeout(ViewConfiguration.java:434)
F/dex2oat ( 2764): art/runtime/runtime.cc:284]   at android.view.GestureDetector.<clinit>(GestureDetector.java:201)
F/dex2oat ( 2764): art/runtime/runtime.cc:284] Dumping all threads without appropriate locks held: thread list lock
F/dex2oat ( 2764): art/runtime/runtime.cc:284] All threads:
F/dex2oat ( 2764): art/runtime/runtime.cc:284] DALVIK THREADS (4):
F/dex2oat ( 2764): art/runtime/runtime.cc:284] "main" prio=5 tid=1 Runnable (still starting up)
F/dex2oat ( 2764): art/runtime/runtime.cc:284]   | group="" sCount=0 dsCount=0 obj=0x0 self=0x40fef400
F/dex2oat ( 2764): art/runtime/runtime.cc:284]   | sysTid=2764 nice=0 cgrp=default sched=0/0 handle=0x40140ec8
F/dex2oat ( 2764): art/runtime/runtime.cc:284]   | state=R schedstat=( 0 0 0 ) utm=586 stm=55 core=1 HZ=100
F/dex2oat ( 2764): art/runtime/runtime.cc:284]   | stack=0xbe295000-0xbe297000 stackSize=8MB
F/dex2oat ( 2764): art/runtime/runtime.cc:284]   | held mutexes= "abort lock" "mutator lock"(shared held)
F/dex2oat ( 2764): art/runtime/runtime.cc:284]   native: #00 pc 00004640  /system/lib/libbacktrace_libc++.so (UnwindCurrent::Unwind(unsigned int, ucontext*)+23)
F/dex2oat ( 2764): art/runtime/runtime.cc:284]   native: #01 pc 00002e8d  /system/lib/libbacktrace_libc++.so (Backtrace::Unwind(unsigned int, ucontext*)+8)
F/dex2oat ( 2764): art/runtime/runtime.cc:284]   native: #02 pc 00244f65  /system/lib/libart.so (art::DumpNativeStack(std::__1::basic_ostream<char, std::__1::char_traits<char> >&, int, char const*, art::mirror::ArtMethod*)+68)
F/dex2oat ( 2764): art/runtime/runtime.cc:284]   native: #03 pc 00229dcb  /system/lib/libart.so (art::Thread::Dump(std::__1::basic_ostream<char, std::__1::char_traits<char> >&) const+146)
F/dex2oat ( 2764): art/runtime/runtime.cc:284]   native: #04 pc 002329cd  /system/lib/libart.so (art::ThreadList::DumpLocked(std::__1::basic_ostream<char, std::__1::char_traits<char> >&)+104)
F/dex2oat ( 2764): art/runtime/runtime.cc:284]   native: #05 pc 0021a353  /system/lib/libart.so (art::AbortState::Dump(std::__1::basic_ostream<char, std::__1::char_traits<char> >&)+238)
F/dex2oat ( 2764): art/runtime/runtime.cc:284]   native: #06 pc 0021a599  /system/lib/libart.so (art::Runtime::Abort()+72)
F/dex2oat ( 2764): art/runtime/runtime.cc:284]   native: #07 pc 000a67e5  /system/lib/libart.so (art::LogMessage::~LogMessage()+1316)
F/dex2oat ( 2764): art/runtime/runtime.cc:284]   native: #08 pc 000d7c97  /system/lib/libart.so (art::ClassLinker::EnsureInitialized(art::Handle<art::mirror::Class>, bool, bool)+218)
F/dex2oat ( 2764): art/runtime/runtime.cc:284]   native: #09 pc 0015dc09  /system/lib/libart.so (artInterpreterToInterpreterBridge+300)
F/dex2oat ( 2764): art/runtime/runtime.cc:284]   native: #10 pc 0007085f  /system/lib/libart.so (art::interpreter::UnstartedRuntimeInvoke(art::Thread*, art::MethodHelper&, art::DexFile::CodeItem const*, art::ShadowFrame*, art::JValue*, unsigned int)+1574)
F/dex2oat ( 2764): art/runtime/runtime.cc:284]   native: #11 pc 0016a775  /system/lib/libart.so (bool art::interpreter::DoCall<false, false>(art::mirror::ArtMethod*, art::Thread*, art::ShadowFrame&, art::Instruction const*, unsigned short, art::JValue*)+492)
F/dex2oat ( 2764): art/runtime/runtime.cc:284]   native: #12 pc 0029e20b  /system/lib/libart.so (art::JValue art::interpreter::ExecuteGotoImpl<false, true>(art::Thread*, art::MethodHelper&, art::DexFile::CodeItem const*, art::ShadowFrame&, art::JValue)+29674)
F/dex2oat ( 2764): art/runtime/runtime.cc:284]   native: #13 pc 0015dc57  /system/lib/libart.so (artInterpreterToInterpreterBridge+378)
F/dex2oat ( 2764): art/runtime/runtime.cc:284]   native: #14 pc 0007085f  /system/lib/libart.so (art::interpreter::UnstartedRuntimeInvoke(art::Thread*, art::MethodHelper&, art::DexFile::CodeItem const*, art::ShadowFrame*, art::JValue*, unsigned int)+1574)
F/dex2oat ( 2764): art/runtime/runtime.cc:284]   native: #15 pc 0016a775  /system/lib/libart.so (bool art::interpreter::DoCall<false, false>(art::mirror::ArtMethod*, art::Thread*, art::ShadowFrame&, art::Instruction const*, unsigned short, art::JValue*)+492)
F/dex2oat ( 2764): art/runtime/runtime.cc:284]   native: #16 pc 0029e20b  /system/lib/libart.so (art::JValue art::interpreter::ExecuteGotoImpl<false, true>(art::Thread*, art::MethodHelper&, art::DexFile::CodeItem const*, art::ShadowFrame&, art::JValue)+29674)
F/dex2oat ( 2764): art/runtime/runtime.cc:284]   native: #17 pc 0015dc57  /system/lib/libart.so (artInterpreterToInterpreterBridge+378)
F/dex2oat ( 2764): art/runtime/runtime.cc:284]   native: #18 pc 0007085f  /system/lib/libart.so (art::interpreter::UnstartedRuntimeInvoke(art::Thread*, art::MethodHelper&, art::DexFile::CodeItem const*, art::ShadowFrame*, art::JValue*, unsigned int)+1574)
F/dex2oat ( 2764): art/runtime/runtime.cc:284]   native: #19 pc 0016a775  /system/lib/libart.so (bool art::interpreter::DoCall<false, false>(art::mirror::ArtMethod*, art::Thread*, art::ShadowFrame&, art::Instruction const*, unsigned short, art::JValue*)+492)
F/dex2oat ( 2764): art/runtime/runtime.cc:284]   native: #20 pc 0029e20b  /system/lib/libart.so (art::JValue art::interpreter::ExecuteGotoImpl<false, true>(art::Thread*, art::MethodHelper&, art::DexFile::CodeItem const*, art::ShadowFrame&, art::JValue)+29674)
F/dex2oat ( 2764): art/runtime/runtime.cc:284]   native: #21 pc 0015e01b  /system/lib/libart.so (art::interpreter::EnterInterpreterFromInvoke(art::Thread*, art::mirror::ArtMethod*, art::mirror::Object*, unsigned int*, art::JValue*)+582)
F/dex2oat ( 2764): art/runtime/runtime.cc:284]   native: #22 pc 001db0c1  /system/lib/libart.so (art::mirror::ArtMethod::Invoke(art::Thread*, unsigned int*, unsigned int, art::JValue*, char const*)+356)
F/dex2oat ( 2764): art/runtime/runtime.cc:284]   native: #23 pc 000d73d9  /system/lib/libart.so (art::ClassLinker::InitializeClass(art::Handle<art::mirror::Class>, bool, bool)+724)
F/dex2oat ( 2764): art/runtime/runtime.cc:284]   native: #24 pc 000d7bf3  /system/lib/libart.so (art::ClassLinker::EnsureInitialized(art::Handle<art::mirror::Class>, bool, bool)+54)
F/dex2oat ( 2764): art/runtime/runtime.cc:284]   native: #25 pc 00149f19  /system/lib/libart-compiler.so (???)
F/dex2oat ( 2764): art/runtime/runtime.cc:284]   native: #26 pc 0014131d  /system/lib/libart-compiler.so (???)
F/dex2oat ( 2764): art/runtime/runtime.cc:284]   native: #27 pc 00233e11  /system/lib/libart.so (art::ThreadPool::Wait(art::Thread*, bool, bool)+172)
F/dex2oat ( 2764): art/runtime/runtime.cc:284]   native: #28 pc 001445fb  /system/lib/libart-compiler.so (???)
F/dex2oat ( 2764): art/runtime/runtime.cc:284]   native: #29 pc 00144ded  /system/lib/libart-compiler.so (art::CompilerDriver::InitializeClasses(_jobject*, std::__1::vector<art::DexFile const*, std::__1::allocator<art::DexFile const*> > const&, art::ThreadPool*, art::TimingLogger*)+160)
F/dex2oat ( 2764): art/runtime/runtime.cc:284]   native: #30 pc 0014c213  /system/lib/libart-compiler.so (art::CompilerDriver::PreCompile(_jobject*, std::__1::vector<art::DexFile const*, std::__1::allocator<art::DexFile const*> > const&, art::ThreadPool*, art::TimingLogger*)+66)
F/dex2oat ( 2764): art/runtime/runtime.cc:284]   native: #31 pc 0014dc05  /system/lib/libart-compiler.so (art::CompilerDriver::CompileAll(_jobject*, std::__1::vector<art::DexFile const*, std::__1::allocator<art::DexFile const*> > const&, art::TimingLogger*)+48)
F/dex2oat ( 2764): art/runtime/runtime.cc:284]   native: #32 pc 0000c46b  /system/bin/dex2oat (???)
F/dex2oat ( 2764): art/runtime/runtime.cc:284]   native: #33 pc 0000e669  /system/bin/dex2oat (???)
F/dex2oat ( 2764): art/runtime/runtime.cc:284]   native: #34 pc 0000fb61  /system/lib/libc.so (__libc_init+44)
F/dex2oat ( 2764): art/runtime/runtime.cc:284]   native: #35 pc 00006504  /system/bin/dex2oat (???)
F/dex2oat ( 2764): art/runtime/runtime.cc:284]   at android.app.ActivityThread.currentActivityThread(ActivityThread.java:1591)
F/dex2oat ( 2764): art/runtime/runtime.cc:284]   at android.app.AppGlobals.getIntCoreSetting(AppGlobals.java:58)
F/dex2oat ( 2764): art/runtime/runtime.cc:284]   at android.view.ViewConfiguration.getLongPressTimeout(ViewConfiguration.java:434)
F/dex2oat ( 2764): art/runtime/runtime.cc:284]   at android.view.GestureDetector.<clinit>(GestureDetector.java:201)
F/dex2oat ( 2764): art/runtime/runtime.cc:284] 
F/dex2oat ( 2764): art/runtime/runtime.cc:284] "Compiler driver thread pool worker thread 0" prio=5 tid=2 Native (still starting up)
F/dex2oat ( 2764): art/runtime/runtime.cc:284]   | group="" sCount=0 dsCount=0 obj=0x0 self=0x47706400
F/dex2oat ( 2764): art/runtime/runtime.cc:284]   | sysTid=2969 nice=0 cgrp=default sched=0/0 handle=0x40a58300
F/dex2oat ( 2764): art/runtime/runtime.cc:284]   | state=S schedstat=( 0 0 0 ) utm=339 stm=35 core=3 HZ=100
F/dex2oat ( 2764): art/runtime/runtime.cc:284]   | stack=0x474f0000-0x474f2000 stackSize=1024KB
F/dex2oat ( 2764): art/runtime/runtime.cc:284]   | held mutexes=
F/dex2oat ( 2764): art/runtime/runtime.cc:284]   kernel: (couldn't read /proc/self/task/2969/stack)
F/dex2oat ( 2764): art/runtime/runtime.cc:284]   native: #00 pc 00010100  /system/lib/libc.so (syscall+28)
F/dex2oat ( 2764): art/runtime/runtime.cc:284]   native: #01 pc 000a94f1  /system/lib/libart.so (art::ConditionVariable::Wait(art::Thread*)+80)
F/dex2oat ( 2764): art/runtime/runtime.cc:284]   native: #02 pc 00233b9b  /system/lib/libart.so (art::ThreadPool::GetTask(art::Thread*)+50)
F/dex2oat ( 2764): art/runtime/runtime.cc:284]   native: #03 pc 00233b43  /system/lib/libart.so (art::ThreadPoolWorker::Run()+54)
F/dex2oat ( 2764): art/runtime/runtime.cc:284]   native: #04 pc 0023437b  /system/lib/libart.so (art::ThreadPoolWorker::Callback(void*)+50)
F/dex2oat ( 2764): art/runtime/runtime.cc:284]   native: #05 pc 00013763  /system/lib/libc.so (__pthread_start(void*)+30)
F/dex2oat ( 2764): art/runtime/runtime.cc:284]   native: #06 pc 0001183f  /system/lib/libc.so (__start_thread+6)
F/dex2oat ( 2764): art/runtime/runtime.cc:284]   (no managed stack frames)
F/dex2oat ( 2764): art/runtime/runtime.cc:284] 
F/dex2oat ( 2764): art/runtime/runtime.cc:284] "Compiler driver thread pool worker thread 1" prio=5 tid=3 Native (still starting up)
F/dex2oat ( 2764): art/runtime/runtime.cc:284]   | group="" sCount=0 dsCount=0 obj=0x0 self=0x47a06400
F/dex2oat ( 2764): art/runtime/runtime.cc:284]   | sysTid=2970 nice=0 cgrp=default sched=0/0 handle=0x40a58800
F/dex2oat ( 2764): art/runtime/runtime.cc:284]   | state=S schedstat=( 0 0 0 ) utm=358 stm=30 core=1 HZ=100
F/dex2oat ( 2764): art/runtime/runtime.cc:284]   | stack=0x475f0000-0x475f2000 stackSize=1024KB
F/dex2oat ( 2764): art/runtime/runtime.cc:284]   | held mutexes=
F/dex2oat ( 2764): art/runtime/runtime.cc:284]   kernel: (couldn't read /proc/self/task/2970/stack)
F/dex2oat ( 2764): art/runtime/runtime.cc:284]   native: #00 pc 00010100  /system/lib/libc.so (syscall+28)
F/dex2oat ( 2764): art/runtime/runtime.cc:284]   native: #01 pc 000a94f1  /system/lib/libart.so (art::ConditionVariable::Wait(art::Thread*)+80)
F/dex2oat ( 2764): art/runtime/runtime.cc:284]   native: #02 pc 00233b9b  /system/lib/libart.so (art::ThreadPool::GetTask(art::Thread*)+50)
F/dex2oat ( 2764): art/runtime/runtime.cc:284]   native: #03 pc 00233b43  /system/lib/libart.so (art::ThreadPoolWorker::Run()+54)
F/dex2oat ( 2764): art/runtime/runtime.cc:284]   native: #04 pc 0023437b  /system/lib/libart.so (art::ThreadPoolWorker::Callback(void*)+50)
F/dex2oat ( 2764): art/runtime/runtime.cc:284]   native: #05 pc 00013763  /system/lib/libc.so (__pthread_start(void*)+30)
F/dex2oat ( 2764): art/runtime/runtime.cc:284]   native: #06 pc 0001183f  /system/lib/libc.so (__start_thread+6)
F/dex2oat ( 2764): art/runtime/runtime.cc:284]   (no managed stack frames)
F/dex2oat ( 2764): art/runtime/runtime.cc:284] 
F/dex2oat ( 2764): art/runtime/runtime.cc:284] "Compiler driver thread pool worker thread 2" prio=5 tid=4 Native (still starting up)
F/dex2oat ( 2764): art/runtime/runtime.cc:284]   | group="" sCount=0 dsCount=0 obj=0x0 self=0x47b06400
F/dex2oat ( 2764): art/runtime/runtime.cc:284]   | sysTid=2971 nice=0 cgrp=default sched=0/0 handle=0x40a58a80
F/dex2oat ( 2764): art/runtime/runtime.cc:284]   | state=S schedstat=( 0 0 0 ) utm=346 stm=28 core=2 HZ=100
F/dex2oat ( 2764): art/runtime/runtime.cc:284]   | stack=0x478ef000-0x478f1000 stackSize=1024KB
F/dex2oat ( 2764): art/runtime/runtime.cc:284]   | held mutexes=
F/dex2oat ( 2764): art/runtime/runtime.cc:284]   kernel: (couldn't read /proc/self/task/2971/stack)
F/dex2oat ( 2764): art/runtime/runtime.cc:284]   native: #00 pc 00010100  /system/lib/libc.so (syscall+28)
F/dex2oat ( 2764): art/runtime/runtime.cc:284]   native: #01 pc 000a94f1  /system/lib/libart.so (art::ConditionVariable::Wait(art::Thread*)+80)
F/dex2oat ( 2764): art/runtime/runtime.cc:284]   native: #02 pc 00233b9b  /system/lib/libart.so (art::ThreadPool::GetTask(art::Thread*)+50)
F/dex2oat ( 2764): art/runtime/runtime.cc:284]   native: #03 pc 00233b43  /system/lib/libart.so (art::ThreadPoolWorker::Run()+54)
F/dex2oat ( 2764): art/runtime/runtime.cc:284]   native: #04 pc 0023437b  /system/lib/libart.so (art::ThreadPoolWorker::Callback(void*)+50)
F/dex2oat ( 2764): art/runtime/runtime.cc:284]   native: #05 pc 00013763  /system/lib/libc.so (__pthread_start(void*)+30)
F/dex2oat ( 2764): art/runtime/runtime.cc:284]   native: #06 pc 0001183f  /system/lib/libc.so (__start_thread+6)
F/dex2oat ( 2764): art/runtime/runtime.cc:284]   (no managed stack frames)
F/dex2oat ( 2764): art/runtime/runtime.cc:284] 
F/dex2oat ( 2764): art/runtime/runtime.cc:284] 
F/libc    ( 2764): Fatal signal 6 (SIGABRT), code -6 in tid 2764 (main)
I/DEBUG   ( 1902): *** *** *** *** *** *** *** *** *** *** *** *** *** *** *** ***
I/DEBUG   ( 1902): Build fingerprint: 'samsung/i9308xx/i9308:5.0.2/LRX22G/builder.20150703085101_R:userdebug/test-keys'
I/DEBUG   ( 1902): Revision: '12'
I/DEBUG   ( 1902): ABI: 'arm'
I/DEBUG   ( 1902): pid: 2764, tid: 2764, name: main  >>> /system/bin/dex2oat <<<
I/DEBUG   ( 1902): signal 6 (SIGABRT), code -6 (SI_TKILL), fault addr --------
I/DEBUG   ( 1902): Abort message: 'art/runtime/class_linker.cc:4306] Check failed: self->IsExceptionPending() java.lang.Class<android.app.ActivityThread>'
I/DEBUG   ( 1902):     r0 00000000  r1 00000acc  r2 00000006  r3 00000000
I/DEBUG   ( 1902):     r4 40141114  r5 00000006  r6 00000002  r7 0000010c
I/DEBUG   ( 1902):     r8 fffffac8  r9 40a4f490  sl 40fef400  fp 41054040
I/DEBUG   ( 1902):     ip 00000acc  sp bea92e50  lr 401b5f7d  pc 401d9e94  cpsr 600f0010
I/DEBUG   ( 1902): 
I/DEBUG   ( 1902): backtrace:
I/DEBUG   ( 1902):     #00 pc 00037e94  /system/lib/libc.so (tgkill+12)
I/DEBUG   ( 1902):     #01 pc 00013f79  /system/lib/libc.so (pthread_kill+52)
I/DEBUG   ( 1902):     #02 pc 00014cd7  /system/lib/libc.so (raise+10)
I/DEBUG   ( 1902):     #03 pc 000114d5  /system/lib/libc.so (__libc_android_abort+36)
I/DEBUG   ( 1902):     #04 pc 0000fca4  /system/lib/libc.so (abort+4)
I/DEBUG   ( 1902):     #05 pc 0021a5f1  /system/lib/libart.so (art::Runtime::Abort()+160)
I/DEBUG   ( 1902):     #06 pc 000a67e5  /system/lib/libart.so (art::LogMessage::~LogMessage()+1316)
I/DEBUG   ( 1902):     #07 pc 000d7c97  /system/lib/libart.so (art::ClassLinker::EnsureInitialized(art::Handle<art::mirror::Class>, bool, bool)+218)
I/DEBUG   ( 1902):     #08 pc 0015dc09  /system/lib/libart.so (artInterpreterToInterpreterBridge+300)
I/DEBUG   ( 1902):     #09 pc 0007085f  /system/lib/libart.so (art::interpreter::UnstartedRuntimeInvoke(art::Thread*, art::MethodHelper&, art::DexFile::CodeItem const*, art::ShadowFrame*, art::JValue*, unsigned int)+1574)
I/DEBUG   ( 1902):     #10 pc 0016a775  /system/lib/libart.so (bool art::interpreter::DoCall<false, false>(art::mirror::ArtMethod*, art::Thread*, art::ShadowFrame&, art::Instruction const*, unsigned short, art::JValue*)+492)
I/DEBUG   ( 1902):     #11 pc 0029e20b  /system/lib/libart.so (art::JValue art::interpreter::ExecuteGotoImpl<false, true>(art::Thread*, art::MethodHelper&, art::DexFile::CodeItem const*, art::ShadowFrame&, art::JValue)+29674)
I/DEBUG   ( 1902):     #12 pc 0015dc57  /system/lib/libart.so (artInterpreterToInterpreterBridge+378)
I/DEBUG   ( 1902):     #13 pc 0007085f  /system/lib/libart.so (art::interpreter::UnstartedRuntimeInvoke(art::Thread*, art::MethodHelper&, art::DexFile::CodeItem const*, art::ShadowFrame*, art::JValue*, unsigned int)+1574)
I/DEBUG   ( 1902):     #14 pc 0016a775  /system/lib/libart.so (bool art::interpreter::DoCall<false, false>(art::mirror::ArtMethod*, art::Thread*, art::ShadowFrame&, art::Instruction const*, unsigned short, art::JValue*)+492)
I/DEBUG   ( 1902):     #15 pc 0029e20b  /system/lib/libart.so (art::JValue art::interpreter::ExecuteGotoImpl<false, true>(art::Thread*, art::MethodHelper&, art::DexFile::CodeItem const*, art::ShadowFrame&, art::JValue)+29674)
I/DEBUG   ( 1902):     #16 pc 0015dc57  /system/lib/libart.so (artInterpreterToInterpreterBridge+378)
I/DEBUG   ( 1902):     #17 pc 0007085f  /system/lib/libart.so (art::interpreter::UnstartedRuntimeInvoke(art::Thread*, art::MethodHelper&, art::DexFile::CodeItem const*, art::ShadowFrame*, art::JValue*, unsigned int)+1574)
I/DEBUG   ( 1902):     #18 pc 0016a775  /system/lib/libart.so (bool art::interpreter::DoCall<false, false>(art::mirror::ArtMethod*, art::Thread*, art::ShadowFrame&, art::Instruction const*, unsigned short, art::JValue*)+492)
I/DEBUG   ( 1902):     #19 pc 0029e20b  /system/lib/libart.so (art::JValue art::interpreter::ExecuteGotoImpl<false, true>(art::Thread*, art::MethodHelper&, art::DexFile::CodeItem const*, art::ShadowFrame&, art::JValue)+29674)
I/DEBUG   ( 1902):     #20 pc 0015e01b  /system/lib/libart.so (art::interpreter::EnterInterpreterFromInvoke(art::Thread*, art::mirror::ArtMethod*, art::mirror::Object*, unsigned int*, art::JValue*)+582)
I/DEBUG   ( 1902):     #21 pc 001db0c1  /system/lib/libart.so (art::mirror::ArtMethod::Invoke(art::Thread*, unsigned int*, unsigned int, art::JValue*, char const*)+356)
I/DEBUG   ( 1902):     #22 pc 000d73d9  /system/lib/libart.so (art::ClassLinker::InitializeClass(art::Handle<art::mirror::Class>, bool, bool)+724)
I/DEBUG   ( 1902):     #23 pc 000d7bf3  /system/lib/libart.so (art::ClassLinker::EnsureInitialized(art::Handle<art::mirror::Class>, bool, bool)+54)
I/DEBUG   ( 1902):     #24 pc 00149f19  /system/lib/libart-compiler.so
I/DEBUG   ( 1902):     #25 pc 0014131d  /system/lib/libart-compiler.so
I/DEBUG   ( 1902):     #26 pc 00233e11  /system/lib/libart.so (art::ThreadPool::Wait(art::Thread*, bool, bool)+172)
I/DEBUG   ( 1902):     #27 pc 001445fb  /system/lib/libart-compiler.so
I/DEBUG   ( 1902):     #28 pc 00144ded  /system/lib/libart-compiler.so (art::CompilerDriver::InitializeClasses(_jobject*, std::__1::vector<art::DexFile const*, std::__1::allocator<art::DexFile const*> > const&, art::ThreadPool*, art::TimingLogger*)+160)
I/DEBUG   ( 1902):     #29 pc 0014c213  /system/lib/libart-compiler.so (art::CompilerDriver::PreCompile(_jobject*, std::__1::vector<art::DexFile const*, std::__1::allocator<art::DexFile const*> > const&, art::ThreadPool*, art::TimingLogger*)+66)
I/DEBUG   ( 1902):     #30 pc 0014dc05  /system/lib/libart-compiler.so (art::CompilerDriver::CompileAll(_jobject*, std::__1::vector<art::DexFile const*, std::__1::allocator<art::DexFile const*> > const&, art::TimingLogger*)+48)
I/DEBUG   ( 1902):     #31 pc 0000c46b  /system/bin/dex2oat
I/DEBUG   ( 1902):     #32 pc 0000e669  /system/bin/dex2oat
I/DEBUG   ( 1902):     #33 pc 0000fb61  /system/lib/libc.so (__libc_init+44)
I/DEBUG   ( 1902):     #34 pc 00006504  /system/bin/dex2oat
I/DEBUG   ( 1902): 
I/DEBUG   ( 1902): Tombstone written to: /data/tombstones/tombstone_04
W/art     ( 2742): Could not create image space with image file '/system/framework/boot.art'. Attempting to fall back to imageless running. Error was: Failed to generate image '/data/dalvik-cache/arm/system@framework@boot.art': Failed execv(/system/bin/dex2oat --image=/data/dalvik-cache/arm/system@framework@boot.art --dex-file=/system/framework/core-libart.jar --dex-file=/system/framework/conscrypt.jar --dex-file=/system/framework/okhttp.jar --dex-file=/system/framework/core-junit.jar --dex-file=/system/framework/bouncycastle.jar --dex-file=/system/framework/ext.jar --dex-file=/system/framework/framework.jar --dex-file=/system/framework/telephony-common.jar --dex-file=/system/framework/voip-common.jar --dex-file=/system/framework/ims-common.jar --dex-file=/system/framework/mms-common.jar --dex-file=/system/framework/android.policy.jar --dex-file=/system/framework/apache-xml.jar --dex-file=/system/framework/meizu2_jcifs.jar --dex-file=/system/framework/flyme-framework.jar --dex-file=/system/framework/com.meizu.camera.jar --dex-
E/sdcard  ( 1915): missing packages.list; retrying
F/libc    ( 2742): Fatal signal 4 (SIGILL), code 1, fault addr 0x41c250c0 in tid 2742 (main)
I/DEBUG   ( 1902): *** *** *** *** *** *** *** *** *** *** *** *** *** *** *** ***
I/DEBUG   ( 1902): Build fingerprint: 'samsung/i9308xx/i9308:5.0.2/LRX22G/builder.20150703085101_R:userdebug/test-keys'
I/DEBUG   ( 1902): Revision: '12'
I/DEBUG   ( 1902): ABI: 'arm'
I/DEBUG   ( 1902): pid: 2742, tid: 2742, name: main  >>> zygote <<<
I/DEBUG   ( 1902): signal 4 (SIGILL), code 1 (ILL_ILLOPC), fault addr 0x41c250c0
I/DEBUG   ( 1902):     r0 00000017  r1 41c6cee3  r2 0000006c  r3 00000005
I/DEBUG   ( 1902):     r4 41c71508  r5 41c71f58  r6 00000071  r7 41c6b769
I/DEBUG   ( 1902):     r8 41c71508  r9 402832d0  sl becdc790  fp becdc860
I/DEBUG   ( 1902):     ip 00000000  sp becdc718  lr 41c250b3  pc 41c250c0  cpsr 200f0030
I/DEBUG   ( 1902): 
I/DEBUG   ( 1902): backtrace:
I/DEBUG   ( 1902):     #00 pc 000130c0  /system/lib/libsqlite.so
I/DEBUG   ( 1902):     #01 pc 000141a1  /system/lib/libsqlite.so (sqlite3_initialize+476)
I/DEBUG   ( 1902):     #02 pc 0002ce35  /system/lib/libsqlite.so (sqlite3_soft_heap_limit64+8)
I/DEBUG   ( 1902):     #03 pc 000703a3  /system/lib/libandroid_runtime.so (android::register_android_database_SQLiteGlobal(_JNIEnv*)+34)
I/DEBUG   ( 1902):     #04 pc 0005a111  /system/lib/libandroid_runtime.so
I/DEBUG   ( 1902):     #05 pc 0005b161  /system/lib/libandroid_runtime.so (android::AndroidRuntime::startReg(_JNIEnv*)+28)
I/DEBUG   ( 1902):     #06 pc 0005b29d  /system/lib/libandroid_runtime.so (android::AndroidRuntime::start(char const*, android::Vector<android::String8> const&)+276)
I/DEBUG   ( 1902):     #07 pc 00001655  /system/bin/app_process32
I/DEBUG   ( 1902):     #08 pc 0000fb61  /system/lib/libc.so (__libc_init+44)
I/DEBUG   ( 1902):     #09 pc 00001770  /system/bin/app_process32
I/DEBUG   ( 1902): 
I/DEBUG   ( 1902): Tombstone written to: /data/tombstones/tombstone_06
I/ServiceManager( 1894): service 'media.audio_flinger' died
I/ServiceManager( 1894): service 'media.player' died
I/ServiceManager( 1894): service 'media.camera' died
I/ServiceManager( 1894): service 'media.audio_policy' died
I/ServiceManager( 1894): service 'media.sound_trigger_hw' died
I/Netd    ( 2986): Netd 1.0 starting
E/Netd    ( 2986): Failed to open /proc/sys/net/ipv6/conf/default/accept_ra_rt_table: No such file or directory
E/Netd    ( 2986): Failed to open /proc/sys/net/ipv6/conf/lo/accept_ra_rt_table: No such file or directory
E/Netd    ( 2986): Failed to open /proc/sys/net/ipv6/conf/sit0/accept_ra_rt_table: No such file or directory
E/Netd    ( 2986): Failed to open /proc/sys/net/ipv6/conf/ip6tnl0/accept_ra_rt_table: No such file or directory
E/Netd    ( 2986): Failed to open /proc/sys/net/ipv6/conf/rmnet0/accept_ra_rt_table: No such file or directory
E/Netd    ( 2986): Failed to open /proc/sys/net/ipv6/conf/rmnet1/accept_ra_rt_table: No such file or directory
E/Netd    ( 2986): Failed to open /proc/sys/net/ipv6/conf/rmnet2/accept_ra_rt_table: No such file or directory
W/linker  ( 2984): libsec-ril.so has text relocations. This is wasting memory and prevents security hardening. Please fix.
F/libc    ( 2984): Fatal signal 4 (SIGILL), code 1, fault addr 0x405fd0c0 in tid 2984 (rild)
I/DEBUG   ( 1902): *** *** *** *** *** *** *** *** *** *** *** *** *** *** *** ***
I/DEBUG   ( 1902): Build fingerprint: 'samsung/i9308xx/i9308:5.0.2/LRX22G/builder.20150703085101_R:userdebug/test-keys'
I/DEBUG   ( 1902): Revision: '12'
I/DEBUG   ( 1902): ABI: 'arm'
I/DEBUG   ( 1902): pid: 2984, tid: 2984, name: rild  >>> /system/bin/rild <<<
I/DEBUG   ( 1902): signal 4 (SIGILL), code 1 (ILL_ILLOPC), fault addr 0x405fd0c0
I/DEBUG   ( 1902):     r0 00000017  r1 40644ee3  r2 0000006c  r3 00000005
I/DEBUG   ( 1902):     r4 40649508  r5 40649f58  r6 00000071  r7 40643769
I/DEBUG   ( 1902):     r8 40649508  r9 4058790a  sl 00000000  fp 00000003
I/DEBUG   ( 1902):     ip 00000000  sp bebbc1e8  lr 405fd0b3  pc 405fd0c0  cpsr 200e0030
I/DEBUG   ( 1902): 
I/DEBUG   ( 1902): backtrace:
I/DEBUG   ( 1902):     #00 pc 000130c0  /system/lib/libsqlite.so
I/DEBUG   ( 1902):     #01 pc 000141a1  /system/lib/libsqlite.so (sqlite3_initialize+476)
I/DEBUG   ( 1902):     #02 pc 0004e88b  /system/lib/libsqlite.so
I/DEBUG   ( 1902):     #03 pc 0004e013  /system/lib/libsec-ril.so (loadOpnameDb+34)
I/DEBUG   ( 1902):     #04 pc 000247f7  /system/lib/libsec-ril.so (RIL_Init+54)
I/DEBUG   ( 1902):     #05 pc 00000f4b  /system/bin/rild
I/DEBUG   ( 1902):     #06 pc 0000fb61  /system/lib/libc.so (__libc_init+44)
I/DEBUG   ( 1902):     #07 pc 000010d8  /system/bin/rild
D/AndroidRuntime( 2985): 
D/AndroidRuntime( 2985): >>>>>> AndroidRuntime START com.android.internal.os.ZygoteInit <<<<<<
D/AndroidRuntime( 2985): CheckJNI is OFF
I/art     ( 2985): option[0]=-Xzygote
I/art     ( 2985): option[1]=-Xstacktracefile:/data/anr/traces.txt
I/art     ( 2985): option[2]=exit
I/art     ( 2985): option[3]=vfprintf
I/art     ( 2985): option[4]=sensitiveThread
I/art     ( 2985): option[5]=-verbose:gc
I/art     ( 2985): option[6]=-Xms8m
I/art     ( 2985): option[7]=-Xmx256m
I/art     ( 2985): option[8]=-XX:mainThreadStackSize=24K
I/art     ( 2985): option[9]=-XX:HeapGrowthLimit=96m
I/art     ( 2985): option[10]=-XX:HeapMinFree=2m
I/art     ( 2985): option[11]=-XX:HeapMaxFree=8m
I/art     ( 2985): option[12]=-XX:HeapTargetUtilization=0.75
I/art     ( 2985): option[13]=-Xgenregmap
I/art     ( 2985): option[14]=-Xgc:precise
I/art     ( 2985): option[15]=-agentlib:jdwp=transport=dt_android_adb,suspend=n,server=y
I/art     ( 2985): option[16]=-Xlockprofthreshold:500
I/art     ( 2985): option[17]=-Ximage-compiler-option
I/art     ( 2985): option[18]=--runtime-arg
I/art     ( 2985): option[19]=-Ximage-compiler-option
I/art     ( 2985): option[20]=-Xms64m
I/art     ( 2985): option[21]=-Ximage-compiler-option
I/art     ( 2985): option[22]=--runtime-arg
I/art     ( 2985): option[23]=-Ximage-compiler-option
I/art     ( 2985): option[24]=-Xmx64m
I/art     ( 2985): option[25]=-Ximage-compiler-option
I/art     ( 2985): option[26]=--image-classes-zip=/system/framework/framework.jar
I/art     ( 2985): option[27]=-Ximage-compiler-option
I/art     ( 2985): option[28]=--image-classes=preloaded-classes
I/art     ( 2985): option[29]=-Xcompiler-option
I/art     ( 2985): option[30]=--runtime-arg
I/art     ( 2985): option[31]=-Xcompiler-option
I/art     ( 2985): option[32]=-Xms64m
I/art     ( 2985): option[33]=-Xcompiler-option
I/art     ( 2985): option[34]=--runtime-arg
I/art     ( 2985): option[35]=-Xcompiler-option
I/art     ( 2985): option[36]=-Xmx512m
I/art     ( 2985): option[37]=-Duser.language=zh
I/art     ( 2985): option[38]=-Duser.region=CN
I/art     ( 2985): Pruning dalvik-cache since we are generating an image and will need to recompile
I/art     ( 2985): Using an offset of 0xff5c5000 from default art base address of 0x70000000
I/art     ( 2985): GenerateImage: /system/bin/dex2oat --image=/data/dalvik-cache/arm/system@framework@boot.art --dex-file=/system/framework/core-libart.jar --dex-file=/system/framework/conscrypt.jar --dex-file=/system/framework/okhttp.jar --dex-file=/system/framework/core-junit.jar --dex-file=/system/framework/bouncycastle.jar --dex-file=/system/framework/ext.jar --dex-file=/system/framework/framework.jar --dex-file=/system/framework/telephony-common.jar --dex-file=/system/framework/voip-common.jar --dex-file=/system/framework/ims-common.jar --dex-file=/system/framework/mms-common.jar --dex-file=/system/framework/android.policy.jar --dex-file=/system/framework/apache-xml.jar --dex-file=/system/framework/meizu2_jcifs.jar --dex-file=/system/framework/flyme-framework.jar --dex-file=/system/framework/com.meizu.camera.jar --dex-file=/system/framework/flyme-telephony-common.jar --dex-file=/system/framework/telephony-meizu.jar --oat-file=/data/dalvik-cache/arm/system@framework@boot.oat --instruction-set=arm --instruction-set-features
E/cutils-trace( 3005): Error opening trace file: No such file or directory (2)
I/dex2oat ( 3005): /system/bin/dex2oat --image=/data/dalvik-cache/arm/system@framework@boot.art --dex-file=/system/framework/core-libart.jar --dex-file=/system/framework/conscrypt.jar --dex-file=/system/framework/okhttp.jar --dex-file=/system/framework/core-junit.jar --dex-file=/system/framework/bouncycastle.jar --dex-file=/system/framework/ext.jar --dex-file=/system/framework/framework.jar --dex-file=/system/framework/telephony-common.jar --dex-file=/system/framework/voip-common.jar --dex-file=/system/framework/ims-common.jar --dex-file=/system/framework/mms-common.jar --dex-file=/system/framework/android.policy.jar --dex-file=/system/framework/apache-xml.jar --dex-file=/system/framework/meizu2_jcifs.jar --dex-file=/system/framework/flyme-framework.jar --dex-file=/system/framework/com.meizu.camera.jar --dex-file=/system/framework/flyme-telephony-common.jar --dex-file=/system/framework/telephony-meizu.jar --oat-file=/data/dalvik-cache/arm/system@framework@boot.oat --instruction-set=arm --instruction-set-features=default --base
I/mediaserver( 2987): ServiceManager: 0x40e500c0
I/DEBUG   ( 1902): 
I/DEBUG   ( 1902): Tombstone written to: /data/tombstones/tombstone_09
I/AudioFlinger( 2987): Using default 3000 mSec as standby time.
I/ServiceManager( 2987): Waiting for service batterystats...
E/sdcard  ( 1915): missing packages.list; retrying
V/NatController( 2986): runCmd(/system/bin/iptables -F natctrl_FORWARD) res=0
V/NatController( 2986): runCmd(/system/bin/iptables -A natctrl_FORWARD -j DROP) res=0
V/NatController( 2986): runCmd(/system/bin/iptables -t nat -F natctrl_nat_POSTROUTING) res=0
V/NatController( 2986): runCmd(/system/bin/iptables -F natctrl_tether_counters) res=0
V/NatController( 2986): runCmd(/system/bin/iptables -X natctrl_tether_counters) res=0
V/NatController( 2986): runCmd(/system/bin/iptables -N natctrl_tether_counters) res=0
V/NatController( 2986): runCmd(/system/bin/iptables -t mangle -A natctrl_mangle_FORWARD -p tcp --tcp-flags SYN SYN -j TCPMSS --clamp-mss-to-pmtu) res=0
D/MDnsDS  ( 2986): MDnsSdListener::Hander starting up
D/MDnsDS  ( 2986): MDnsSdListener starting to monitor
D/MDnsDS  ( 2986): Going to poll with pollCount 1
I/ServiceManager( 2987): Waiting for service batterystats...
I/ServiceManager( 2987): Waiting for service batterystats...
I/ServiceManager( 2987): Waiting for service batterystats...
E/sdcard  ( 1915): missing packages.list; retrying
I/ServiceManager( 2987): Waiting for service batterystats...
W/linker  ( 3212): libsec-ril.so has text relocations. This is wasting memory and prevents security hardening. Please fix.
F/libc    ( 3212): Fatal signal 4 (SIGILL), code 1, fault addr 0x402760c0 in tid 3212 (rild)
I/DEBUG   ( 1902): *** *** *** *** *** *** *** *** *** *** *** *** *** *** *** ***
I/DEBUG   ( 1902): Build fingerprint: 'samsung/i9308xx/i9308:5.0.2/LRX22G/builder.20150703085101_R:userdebug/test-keys'
I/DEBUG   ( 1902): Revision: '12'
I/DEBUG   ( 1902): ABI: 'arm'
I/DEBUG   ( 1902): pid: 3212, tid: 3212, name: rild  >>> /system/bin/rild <<<
I/DEBUG   ( 1902): signal 4 (SIGILL), code 1 (ILL_ILLOPC), fault addr 0x402760c0
I/DEBUG   ( 1902):     r0 00000017  r1 402bdee3  r2 0000006c  r3 00000005
I/DEBUG   ( 1902):     r4 402c2508  r5 402c2f58  r6 00000071  r7 402bc769
I/DEBUG   ( 1902):     r8 402c2508  r9 4058790a  sl 00000000  fp 00000003
I/DEBUG   ( 1902):     ip 00000000  sp bed1e1e8  lr 402760b3  pc 402760c0  cpsr 200e0030
I/DEBUG   ( 1902): 
I/DEBUG   ( 1902): backtrace:
I/DEBUG   ( 1902):     #00 pc 000130c0  /system/lib/libsqlite.so
I/DEBUG   ( 1902):     #01 pc 000141a1  /system/lib/libsqlite.so (sqlite3_initialize+476)
I/DEBUG   ( 1902):     #02 pc 0004e88b  /system/lib/libsqlite.so
I/DEBUG   ( 1902):     #03 pc 0004e013  /system/lib/libsec-ril.so (loadOpnameDb+34)
I/DEBUG   ( 1902):     #04 pc 000247f7  /system/lib/libsec-ril.so (RIL_Init+54)
I/DEBUG   ( 1902):     #05 pc 00000f4b  /system/bin/rild
I/DEBUG   ( 1902):     #06 pc 0000fb61  /system/lib/libc.so (__libc_init+44)
I/DEBUG   ( 1902):     #07 pc 000010d8  /system/bin/rild
I/DEBUG   ( 1902): 
I/DEBUG   ( 1902): Tombstone written to: /data/tombstones/tombstone_07
E/MediaPlayerFactory( 2987): calling dlopen on FACTORY_LIB
E/MediaPlayerFactory( 2987): Failed to open FACTORY_LIB Error : dlopen failed: library "libdashplayer.so" not found 
I/CameraService( 2987): CameraService started (pid=2987)
I/CameraService( 2987): Loaded "Exynos Camera - Dheeraj CVR" camera module
D/exynos_camera( 2987): exynos_camera_get_number_of_cameras()
I/AudioPolicyService( 2987): AudioPolicyService CSTOR in new mode
I/AudioPolicyManager( 2987): loadAudioPolicyConfig() loaded /system/etc/audio_policy.conf
V/audio_hw_primary( 2987): Reading configuration from /system/etc/sound/i9308
E/audio_hw_primary( 2987): Failed to open /system/etc/sound/i9308
E/AudioFlinger( 2987): int android::load_audio_interface(const char*, audio_hw_device_t**) couldn't open audio hw device in audio.primary (Invalid argument)
I/AudioFlinger( 2987): loadHwModule() error -22 loading module primary 
W/AudioPolicyManager( 2987): could not open HW module primary
I/audio_a2dp_hw( 2987): adev_open:  adev_open in A2dp_hw module
I/AudioFlinger( 2987): loadHwModule() Loaded a2dp audio interface from A2DP Audio HW HAL (audio) handle 1
I/AudioFlinger( 2987): loadHwModule() Loaded usb audio interface from USB audio HW HAL (audio) handle 2
I/r_submix( 2987): adev_open(name=audio_hw_if)
I/r_submix( 2987): adev_init_check()
I/AudioFlinger( 2987): loadHwModule() Loaded r_submix audio interface from Wifi Display audio HAL (audio) handle 3
D/r_submix( 2987): adev_open_input_stream()
D/r_submix( 2987): submix_audio_device_create_pipe()
E/MonoPipe( 2987): Failed to fetch local time frequency when constructing a MonoPipe (res = -32).  getNextWriteTimestamp calls will be non-functional
I/AudioFlinger( 2987): AudioFlinger's thread 0x41401000 ready to run
D/r_submix( 2987): adev_close_input_stream()
D/r_submix( 2987): submix_audio_device_release_pipe()
D/r_submix( 2987): submix_audio_device_destroy_pipe(): pipe destroyed
W/AudioPolicyManager( 2987): Input device 00000001 unreachable
W/AudioPolicyManager( 2987): Input device 00000002 unreachable
W/AudioPolicyManager( 2987): Input device 80000004 unreachable
W/AudioPolicyManager( 2987): Input device 80000080 unreachable
E/AudioPolicyManager( 2987): Default device 00000002 is unreachable
E/AudioPolicyManager( 2987): Failed to open primary output
E/AudioPolicyManager( 2987): getDeviceForStrategy() speaker device not found for STRATEGY_SONIFICATION
E/AudioPolicyManager( 2987): getDeviceForStrategy() speaker device not found for STRATEGY_SONIFICATION
E/SoundTriggerHwService( 2987): couldn't load sound trigger module sound_trigger.primary (No such file or directory)
E/sdcard  ( 1915): missing packages.list; retrying
F/dex2oat ( 3005): art/runtime/class_linker.cc:4306] Check failed: self->IsExceptionPending() java.lang.Class<android.app.ActivityThread>
F/dex2oat ( 3005): art/runtime/runtime.cc:284] Runtime aborting...
F/dex2oat ( 3005): art/runtime/runtime.cc:284] Aborting thread:
F/dex2oat ( 3005): art/runtime/runtime.cc:284] "Compiler driver thread pool worker thread 0" prio=5 tid=2 Runnable (still starting up)
F/dex2oat ( 3005): art/runtime/runtime.cc:284]   | group="" sCount=0 dsCount=0 obj=0x0 self=0x47806400
F/dex2oat ( 3005): art/runtime/runtime.cc:284]   | sysTid=3209 nice=0 cgrp=default sched=0/0 handle=0x40a58300
F/dex2oat ( 3005): art/runtime/runtime.cc:284]   | state=R schedstat=( 0 0 0 ) utm=366 stm=31 core=0 HZ=100
F/dex2oat ( 3005): art/runtime/runtime.cc:284]   | stack=0x474d0000-0x474d2000 stackSize=1024KB
F/dex2oat ( 3005): art/runtime/runtime.cc:284]   | held mutexes= "abort lock" "mutator lock"(shared held)
F/dex2oat ( 3005): art/runtime/runtime.cc:284]   native: #00 pc 00004640  /system/lib/libbacktrace_libc++.so (UnwindCurrent::Unwind(unsigned int, ucontext*)+23)
F/dex2oat ( 3005): art/runtime/runtime.cc:284]   native: #01 pc 00002e8d  /system/lib/libbacktrace_libc++.so (Backtrace::Unwind(unsigned int, ucontext*)+8)
F/dex2oat ( 3005): art/runtime/runtime.cc:284]   native: #02 pc 00244f65  /system/lib/libart.so (art::DumpNativeStack(std::__1::basic_ostream<char, std::__1::char_traits<char> >&, int, char const*, art::mirror::ArtMethod*)+68)
F/dex2oat ( 3005): art/runtime/runtime.cc:284]   native: #03 pc 00229dcb  /system/lib/libart.so (art::Thread::Dump(std::__1::basic_ostream<char, std::__1::char_traits<char> >&) const+146)
F/dex2oat ( 3005): art/runtime/runtime.cc:284]   native: #04 pc 0021a16b  /system/lib/libart.so (art::AbortState::DumpThread(std::__1::basic_ostream<char, std::__1::char_traits<char> >&, art::Thread*)+22)
F/dex2oat ( 3005): art/runtime/runtime.cc:284]   native: #05 pc 0021a3a9  /system/lib/libart.so (art::AbortState::Dump(std::__1::basic_ostream<char, std::__1::char_traits<char> >&)+324)
F/dex2oat ( 3005): art/runtime/runtime.cc:284]   native: #06 pc 0021a599  /system/lib/libart.so (art::Runtime::Abort()+72)
F/dex2oat ( 3005): art/runtime/runtime.cc:284]   native: #07 pc 000a67e5  /system/lib/libart.so (art::LogMessage::~LogMessage()+1316)
F/dex2oat ( 3005): art/runtime/runtime.cc:284]   native: #08 pc 000d7c97  /system/lib/libart.so (art::ClassLinker::EnsureInitialized(art::Handle<art::mirror::Class>, bool, bool)+218)
F/dex2oat ( 3005): art/runtime/runtime.cc:284]   native: #09 pc 0015dc09  /system/lib/libart.so (artInterpreterToInterpreterBridge+300)
F/dex2oat ( 3005): art/runtime/runtime.cc:284]   native: #10 pc 0007085f  /system/lib/libart.so (art::interpreter::UnstartedRuntimeInvoke(art::Thread*, art::MethodHelper&, art::DexFile::CodeItem const*, art::ShadowFrame*, art::JValue*, unsigned int)+1574)
F/dex2oat ( 3005): art/runtime/runtime.cc:284]   native: #11 pc 0016a775  /system/lib/libart.so (bool art::interpreter::DoCall<false, false>(art::mirror::ArtMethod*, art::Thread*, art::ShadowFrame&, art::Instruction const*, unsigned short, art::JValue*)+492)
F/dex2oat ( 3005): art/runtime/runtime.cc:284]   native: #12 pc 0029e20b  /system/lib/libart.so (art::JValue art::interpreter::ExecuteGotoImpl<false, true>(art::Thread*, art::MethodHelper&, art::DexFile::CodeItem const*, art::ShadowFrame&, art::JValue)+29674)
F/dex2oat ( 3005): art/runtime/runtime.cc:284]   native: #13 pc 0015dc57  /system/lib/libart.so (artInterpreterToInterpreterBridge+378)
F/dex2oat ( 3005): art/runtime/runtime.cc:284]   native: #14 pc 0007085f  /system/lib/libart.so (art::interpreter::UnstartedRuntimeInvoke(art::Thread*, art::MethodHelper&, art::DexFile::CodeItem const*, art::ShadowFrame*, art::JValue*, unsigned int)+1574)
F/dex2oat ( 3005): art/runtime/runtime.cc:284]   native: #15 pc 0016a775  /system/lib/libart.so (bool art::interpreter::DoCall<false, false>(art::mirror::ArtMethod*, art::Thread*, art::ShadowFrame&, art::Instruction const*, unsigned short, art::JValue*)+492)
F/dex2oat ( 3005): art/runtime/runtime.cc:284]   native: #16 pc 0029e20b  /system/lib/libart.so (art::JValue art::interpreter::ExecuteGotoImpl<false, true>(art::Thread*, art::MethodHelper&, art::DexFile::CodeItem const*, art::ShadowFrame&, art::JValue)+29674)
F/dex2oat ( 3005): art/runtime/runtime.cc:284]   native: #17 pc 0015dc57  /system/lib/libart.so (artInterpreterToInterpreterBridge+378)
F/dex2oat ( 3005): art/runtime/runtime.cc:284]   native: #18 pc 0007085f  /system/lib/libart.so (art::interpreter::UnstartedRuntimeInvoke(art::Thread*, art::MethodHelper&, art::DexFile::CodeItem const*, art::ShadowFrame*, art::JValue*, unsigned int)+1574)
F/dex2oat ( 3005): art/runtime/runtime.cc:284]   native: #19 pc 0016a775  /system/lib/libart.so (bool art::interpreter::DoCall<false, false>(art::mirror::ArtMethod*, art::Thread*, art::ShadowFrame&, art::Instruction const*, unsigned short, art::JValue*)+492)
F/dex2oat ( 3005): art/runtime/runtime.cc:284]   native: #20 pc 0029e20b  /system/lib/libart.so (art::JValue art::interpreter::ExecuteGotoImpl<false, true>(art::Thread*, art::MethodHelper&, art::DexFile::CodeItem const*, art::ShadowFrame&, art::JValue)+29674)
F/dex2oat ( 3005): art/runtime/runtime.cc:284]   native: #21 pc 0015e01b  /system/lib/libart.so (art::interpreter::EnterInterpreterFromInvoke(art::Thread*, art::mirror::ArtMethod*, art::mirror::Object*, unsigned int*, art::JValue*)+582)
F/dex2oat ( 3005): art/runtime/runtime.cc:284]   native: #22 pc 001db0c1  /system/lib/libart.so (art::mirror::ArtMethod::Invoke(art::Thread*, unsigned int*, unsigned int, art::JValue*, char const*)+356)
F/dex2oat ( 3005): art/runtime/runtime.cc:284]   native: #23 pc 000d73d9  /system/lib/libart.so (art::ClassLinker::InitializeClass(art::Handle<art::mirror::Class>, bool, bool)+724)
F/dex2oat ( 3005): art/runtime/runtime.cc:284]   native: #24 pc 000d7bf3  /system/lib/libart.so (art::ClassLinker::EnsureInitialized(art::Handle<art::mirror::Class>, bool, bool)+54)
