--------- beginning of system
I/auditd  ( 1899): Starting up
--------- beginning of main
E/sdcard  ( 1915): missing packages.list; retrying
I/installd( 1908): installd firing up
I/audit_log( 1899): Previous audit logfile detected, rotating
E/audit_rules( 1899): Could not read audit rules /data/misc/audit/audit.rules: No such file or directory
I/cm      ( 1922): ____ _   _ ____ _  _ ____ ____ ____ _  _ _  _ ____ ___ 
I/        ( 1902): debuggerd: Dec 28 2014 20:36:53
I/cm      ( 1924): |     \_/  |__| |\ | |  | | __ |___ |\ | |\/| |  | |  \ 
I/cm      ( 1926): |___   |   |  | | \| |__| |__] |___ | \| |  | |__| |__/ 
I/cm      ( 1933): Welcome to Android 5.0.2 / CyanogenMod-12-20150126-UNOFFICIAL-i9308 
I/lowmemorykiller( 1893): Using in-kernel low memory killer interface
I/macloader( 1911): Writing semcosh to /data/.cid.info
D/macloader( 1911): Setting permissions on /data/.cid.info
E/DirectVolume( 1895): Vold managed volumes must have auto mount point; ignoring /storage/sdcard1
E/DirectVolume( 1895): Vold managed volumes must have auto mount point; ignoring /storage/usbdisk0
I/Vold    ( 1895): Vold 2.1 (the revenge) firing up
D/Vold    ( 1895): Volume sdcard1 state changing -1 (Initializing) -> 0 (No-Media)
D/Vold    ( 1895): Volume usbdisk0 state changing -1 (Initializing) -> 0 (No-Media)
I/Cryptfs ( 1895): Check if PFE is activated on Boot
I/Netd    ( 1900): Netd 1.0 starting
E/Netd    ( 1900): Failed to open /proc/sys/net/ipv6/conf/default/accept_ra_rt_table: No such file or directory
E/Netd    ( 1900): Failed to open /proc/sys/net/ipv6/conf/lo/accept_ra_rt_table: No such file or directory
E/Netd    ( 1900): Failed to open /proc/sys/net/ipv6/conf/sit0/accept_ra_rt_table: No such file or directory
E/Netd    ( 1900): Failed to open /proc/sys/net/ipv6/conf/ip6tnl0/accept_ra_rt_table: No such file or directory
E/Netd    ( 1900): Failed to open /proc/sys/net/ipv6/conf/rmnet0/accept_ra_rt_table: No such file or directory
E/Netd    ( 1900): Failed to open /proc/sys/net/ipv6/conf/rmnet1/accept_ra_rt_table: No such file or directory
E/Cryptfs ( 1895): Bad magic for real block device /dev/block/mmcblk0p12
E/Cryptfs ( 1895): Error getting crypt footer and key
E/Netd    ( 1900): Failed to open /proc/sys/net/ipv6/conf/rmnet2/accept_ra_rt_table: No such file or directory
W/linker  ( 1905): libsec-ril.so has text relocations. This is wasting memory and prevents security hardening. Please fix.
F/libc    ( 1905): Fatal signal 4 (SIGILL), code 1, fault addr 0x405fd0c0 in tid 1905 (rild)
I/SurfaceFlinger( 1896): SurfaceFlinger is starting
D/SurfaceFlinger( 1896): >>> Run service
D/SecTVOutService( 1896): SecTVOutService instantiate
I/libfimc ( 1896): bool SecFimc::create(SecFimc::FIMC_DEV, fimc_overlay_mode, unsigned int):: Fimc reserved memory =0xffffffea
D/SecTVOutService( 1896): virtual void android::SecTVOutService::setHdmiStatus(uint32_t) HDMI cable status = 1
I/DEBUG   ( 1902): *** *** *** *** *** *** *** *** *** *** *** *** *** *** *** ***
I/DEBUG   ( 1902): Build fingerprint: 'samsung/i9308xx/i9308:5.0.2/LRX22G/builder.20150703085101_R:userdebug/test-keys'
I/DEBUG   ( 1902): Revision: '12'
I/DEBUG   ( 1902): ABI: 'arm'
I/DEBUG   ( 1902): pid: 1905, tid: 1905, name: rild  >>> /system/bin/rild <<<
I/DEBUG   ( 1902): signal 4 (SIGILL), code 1 (ILL_ILLOPC), fault addr 0x405fd0c0
I/DEBUG   ( 1902):     r0 00000017  r1 40644ee3  r2 0000006c  r3 00000005
I/DEBUG   ( 1902):     r4 40649508  r5 40649f58  r6 00000071  r7 40643769
I/DEBUG   ( 1902):     r8 40649508  r9 4058790a  sl 00000000  fp 00000003
I/DEBUG   ( 1902):     ip 00000000  sp be8de1e8  lr 405fd0b3  pc 405fd0c0  cpsr 200e0030
I/DEBUG   ( 1902): 
I/DEBUG   ( 1902): backtrace:
I/DEBUG   ( 1902):     #00 pc 000130c0  /system/lib/libsqlite.so
I/DEBUG   ( 1902):     #01 pc 000141a1  /system/lib/libsqlite.so (sqlite3_initialize+476)
I/DEBUG   ( 1902):     #02 pc 0004e88b  /system/lib/libsqlite.so
I/DEBUG   ( 1902):     #03 pc 0004e013  /system/lib/libsec-ril.so (loadOpnameDb+34)
I/DEBUG   ( 1902):     #04 pc 000247f7  /system/lib/libsec-ril.so (RIL_Init+54)
I/DEBUG   ( 1902):     #05 pc 00000f4b  /system/bin/rild
I/DEBUG   ( 1902):     #06 pc 0000fb61  /system/lib/libc.so (__libc_init+44)
I/DEBUG   ( 1902):     #07 pc 000010d8  /system/bin/rild
I/DEBUG   ( 1902): 
I/DEBUG   ( 1902): Tombstone written to: /data/tombstones/tombstone_01
I/mediaserver( 1907): ServiceManager: 0x40e500c0
I/AudioFlinger( 1907): Using default 3000 mSec as standby time.
I/ServiceManager( 1907): Waiting for service batterystats...
D/        ( 1896): bool android::SecHdmi::connect()::m_flagHWConnected() fail 
E/SecTVOutService( 1896): virtual void android::SecTVOutService::setHdmiStatus(uint32_t)::mSecHdmi.connect() fail
E/SELinux ( 1894): avc:  denied  { add } for service=SecTVOutService scontext=u:r:surfaceflinger:s0 tcontext=u:object_r:default_android_service:s0 tclass=service_manager
D/SecTVOutService( 1896): SecTVOutService r=0
I/SurfaceFlinger( 1896): SurfaceFlinger's main thread ready to run. Initializing graphics H/W...
D/libEGL  ( 1896): loaded /system/lib/egl/libEGL_mali.so
D/libEGL  ( 1896): loaded /system/lib/egl/libGLESv1_CM_mali.so
D/AndroidRuntime( 1914): 
D/AndroidRuntime( 1914): >>>>>> AndroidRuntime START com.android.internal.os.ZygoteInit <<<<<<
D/libEGL  ( 1896): loaded /system/lib/egl/libGLESv2_mali.so
D/AndroidRuntime( 1914): CheckJNI is OFF
I/art     ( 1914): option[0]=-Xzygote
I/art     ( 1914): option[1]=-Xstacktracefile:/data/anr/traces.txt
I/art     ( 1914): option[2]=exit
I/art     ( 1914): option[3]=vfprintf
I/art     ( 1914): option[4]=sensitiveThread
I/art     ( 1914): option[5]=-verbose:gc
I/art     ( 1914): option[6]=-Xms8m
I/art     ( 1914): option[7]=-Xmx256m
I/art     ( 1914): option[8]=-XX:mainThreadStackSize=24K
I/art     ( 1914): option[9]=-XX:HeapGrowthLimit=96m
I/art     ( 1914): option[10]=-XX:HeapMinFree=2m
I/art     ( 1914): option[11]=-XX:HeapMaxFree=8m
I/art     ( 1914): option[12]=-XX:HeapTargetUtilization=0.75
I/art     ( 1914): option[13]=-Xgenregmap
I/art     ( 1914): option[14]=-Xgc:precise
I/art     ( 1914): option[15]=-agentlib:jdwp=transport=dt_android_adb,suspend=n,server=y
I/art     ( 1914): option[16]=-Xlockprofthreshold:500
I/art     ( 1914): option[17]=-Ximage-compiler-option
I/art     ( 1914): option[18]=--runtime-arg
I/art     ( 1914): option[19]=-Ximage-compiler-option
I/art     ( 1914): option[20]=-Xms64m
I/art     ( 1914): option[21]=-Ximage-compiler-option
I/art     ( 1914): option[22]=--runtime-arg
I/art     ( 1914): option[23]=-Ximage-compiler-option
I/art     ( 1914): option[24]=-Xmx64m
I/art     ( 1914): option[25]=-Ximage-compiler-option
I/art     ( 1914): option[26]=--image-classes-zip=/system/framework/framework.jar
I/art     ( 1914): option[27]=-Ximage-compiler-option
I/art     ( 1914): option[28]=--image-classes=preloaded-classes
I/art     ( 1914): option[29]=-Xcompiler-option
I/art     ( 1914): option[30]=--runtime-arg
I/art     ( 1914): option[31]=-Xcompiler-option
I/art     ( 1914): option[32]=-Xms64m
I/art     ( 1914): option[33]=-Xcompiler-option
I/art     ( 1914): option[34]=--runtime-arg
I/art     ( 1914): option[35]=-Xcompiler-option
I/art     ( 1914): option[36]=-Xmx512m
I/art     ( 1914): option[37]=-Duser.language=zh
I/art     ( 1914): option[38]=-Duser.region=CN
I/art     ( 1914): Pruning dalvik-cache since we are generating an image and will need to recompile
I/art     ( 1914): Using an offset of 0x37d000 from default art base address of 0x70000000
I/art     ( 1914): GenerateImage: /system/bin/dex2oat --image=/data/dalvik-cache/arm/system@framework@boot.art --dex-file=/system/framework/core-libart.jar --dex-file=/system/framework/conscrypt.jar --dex-file=/system/framework/okhttp.jar --dex-file=/system/framework/core-junit.jar --dex-file=/system/framework/bouncycastle.jar --dex-file=/system/framework/ext.jar --dex-file=/system/framework/framework.jar --dex-file=/system/framework/telephony-common.jar --dex-file=/system/framework/voip-common.jar --dex-file=/system/framework/ims-common.jar --dex-file=/system/framework/mms-common.jar --dex-file=/system/framework/android.policy.jar --dex-file=/system/framework/apache-xml.jar --dex-file=/system/framework/meizu2_jcifs.jar --dex-file=/system/framework/flyme-framework.jar --dex-file=/system/framework/com.meizu.camera.jar --dex-file=/system/framework/flyme-telephony-common.jar --dex-file=/system/framework/telephony-meizu.jar --oat-file=/data/dalvik-cache/arm/system@framework@boot.oat --instruction-set=arm --instruction-set-features
E/        ( 1896): Device driver API match
E/        ( 1896): Device driver API version: 29
E/        ( 1896): User space API version: 29 
E/        ( 1896): mali: REVISION=Linux-r3p2-01rel3 BUILD_DATE=Tue Jul 22 19:59:34 KST 2014 
D/gralloc ( 1896): int init_frame_buffer_locked(private_module_t*) Initializing framebuffer
I/gralloc ( 1896): using (fd=24)
I/gralloc ( 1896): id           = s3cfb
I/gralloc ( 1896): xres         = 720 px
I/gralloc ( 1896): yres         = 1280 px
I/gralloc ( 1896): xres_virtual = 720 px
I/gralloc ( 1896): yres_virtual = 2560 px
I/gralloc ( 1896): bpp          = 32
I/gralloc ( 1896): r            = 16:8
I/gralloc ( 1896): g            =  8:8
I/gralloc ( 1896): b            =  0:8
I/gralloc ( 1896): width        = 60 mm (304.799988 dpi)
I/gralloc ( 1896): height       = 106 mm (306.716980 dpi)
I/gralloc ( 1896): refresh rate = 60.00 Hz
D/HWCService( 1896): static android::ExynosHWCService* android::ExynosHWCService::getExynosHWCService()::
D/HWCService( 1896): ExynosHWCService Constructor is called
D/HWCService( 1896): int android::ExynosHWCService::createServiceLocked()::
D/HWCService( 1896): adding Exynos.HWCService succeeded
D/HWCService( 1896): HWCCtx=0x406b3000
D/IPService( 1896): static android::ExynosIPService* android::ExynosIPService::getExynosIPService()::
D/IPService( 1896): ExynosIPService Constructor is called
D/IPService( 1896): int android::ExynosIPService::createServiceLocked()::
D/IPService( 1896): adding Exynos.IPService succeeded
D/SECHWC_LOG( 1896): using
D/SECHWC_LOG( 1896): xres         = 720 px
D/SECHWC_LOG( 1896): yres         = 1280 px
D/SECHWC_LOG( 1896): width        = 60 mm (304.800000 dpi)
D/SECHWC_LOG( 1896): height       = 106 mm (306.716000 dpi)
D/SECHWC_LOG( 1896): refresh rate = 60 Hz
E/SECHWC_LOG( 1896): int hwc_device_open(const hw_module_t*, const char*, hw_device_t**)::win-2 add[0]  71700000 
E/SECHWC_LOG( 1896): int hwc_device_open(const hw_module_t*, const char*, hw_device_t**)::win-2 add[1]  71a84000 
E/SECHWC_LOG( 1896): int hwc_device_open(const hw_module_t*, const char*, hw_device_t**)::win-2 add[2]  71e08000 
D/SECHWC_LOG( 1896): Dump Window Information
D/SECHWC_LOG( 1896): win->fd = 34
D/SECHWC_LOG( 1896): win->size = 3686400
D/SECHWC_LOG( 1896): win->rect_info.x = 0
D/SECHWC_LOG( 1896): win->rect_info.y = 0
D/SECHWC_LOG( 1896): win->rect_info.w = 720
D/SECHWC_LOG( 1896): win->rect_info.h = 1280
D/SECHWC_LOG( 1896): win->addr[0] = 0x71700000
D/SECHWC_LOG( 1896): win->addr[1] = 0x71a84000
D/SECHWC_LOG( 1896): win->addr[2] = 0x71e08000
D/SECHWC_LOG( 1896): win->buf_index = 0
D/SECHWC_LOG( 1896): win->power_state = 1
D/SECHWC_LOG( 1896): win->blending = 0
D/SECHWC_LOG( 1896): win->layer_index = 0
D/SECHWC_LOG( 1896): win->status = 0
D/SECHWC_LOG( 1896): win->vsync = 0
D/SECHWC_LOG( 1896): win->fix_info.smem_start = 0x71700000
D/SECHWC_LOG( 1896): win->fix_info.line_length = 2880
D/SECHWC_LOG( 1896): win->var_info.xres = 720
D/SECHWC_LOG( 1896): win->var_info.yres = 1280
D/SECHWC_LOG( 1896): win->var_info.xres_virtual = 720
D/SECHWC_LOG( 1896): win->var_info.yres_virtual = 2560
D/SECHWC_LOG( 1896): win->var_info.xoffset = 0
D/SECHWC_LOG( 1896): win->var_info.yoffset = 0
D/SECHWC_LOG( 1896): win->lcd_info.xres = 720
D/SECHWC_LOG( 1896): win->lcd_info.yres = 1280
D/SECHWC_LOG( 1896): win->lcd_info.xoffset = 0
D/SECHWC_LOG( 1896): win->lcd_info.yoffset = 0
D/SECHWC_LOG( 1896): win->lcd_info.bits_per_pixel = 32
E/SECHWC_LOG( 1896): int hwc_device_open(const hw_module_t*, const char*, hw_device_t**):: hwc_device_open: SUCCESS 
E/SECHWC_LOG( 1896): 
E/SECHWC_LOG( 1896): hwc_device_open:stretch failed -set dbuffer
E/SurfaceFlinger( 1896): composer device failed to initialize (Operation not permitted)
I/SurfaceFlinger( 1896): Using composer version 1.1
I/SurfaceFlinger( 1896): EGL information:
I/SurfaceFlinger( 1896): vendor    : Android
I/SurfaceFlinger( 1896): version   : 1.4 Android META-EGL
I/SurfaceFlinger( 1896): extensions: EGL_KHR_get_all_proc_addresses EGL_ANDROID_presentation_time EGL_KHR_image EGL_KHR_image_base EGL_KHR_image_pixmap EGL_KHR_gl_texture_2D_image EGL_KHR_gl_texture_cubemap_image EGL_KHR_gl_renderbuffer_image EGL_KHR_reusable_sync EGL_KHR_fence_sync EGL_EXT_create_context_robustness EGL_ANDROID_image_native_buffer EGL_ANDROID_recordable 
I/SurfaceFlinger( 1896): Client API: OpenGL_ES
I/SurfaceFlinger( 1896): EGLSurface: 8-8-8-8, config=0x60000014
I/SurfaceFlinger( 1896): OpenGL ES informations:
I/SurfaceFlinger( 1896): vendor    : ARM
I/SurfaceFlinger( 1896): renderer  : Mali-400 MP
I/SurfaceFlinger( 1896): version   : OpenGL ES 2.0
I/SurfaceFlinger( 1896): extensions: GL_EXT_debug_marker GL_OES_texture_npot GL_OES_compressed_ETC1_RGB8_texture GL_OES_standard_derivatives GL_OES_EGL_image GL_OES_depth24 GL_ARM_rgba8 GL_ARM_mali_shader_binary GL_OES_depth_texture GL_OES_packed_depth_stencil GL_EXT_texture_format_BGRA8888 GL_EXT_blend_minmax GL_OES_EGL_image_external GL_OES_EGL_sync GL_OES_rgb8_rgba8 GL_EXT_multisampled_render_to_texture GL_EXT_discard_framebuffer GL_OES_get_program_binary GL_ARM_mali_program_binary GL_EXT_shader_texture_lod GL_EXT_robustness GL_OES_depth_texture_cube_map 
I/SurfaceFlinger( 1896): GL_MAX_TEXTURE_SIZE = 4096
I/SurfaceFlinger( 1896): GL_MAX_VIEWPORT_DIMS = 4096
E/cutils-trace( 1896): Error opening trace file: No such file or directory (2)
D/SurfaceFlinger( 1896): Set power mode=2, type=0 flinger=0x40662000
E/cutils-trace( 2084): Error opening trace file: No such file or directory (2)
I/dex2oat ( 2084): /system/bin/dex2oat --image=/data/dalvik-cache/arm/system@framework@boot.art --dex-file=/system/framework/core-libart.jar --dex-file=/system/framework/conscrypt.jar --dex-file=/system/framework/okhttp.jar --dex-file=/system/framework/core-junit.jar --dex-file=/system/framework/bouncycastle.jar --dex-file=/system/framework/ext.jar --dex-file=/system/framework/framework.jar --dex-file=/system/framework/telephony-common.jar --dex-file=/system/framework/voip-common.jar --dex-file=/system/framework/ims-common.jar --dex-file=/system/framework/mms-common.jar --dex-file=/system/framework/android.policy.jar --dex-file=/system/framework/apache-xml.jar --dex-file=/system/framework/meizu2_jcifs.jar --dex-file=/system/framework/flyme-framework.jar --dex-file=/system/framework/com.meizu.camera.jar --dex-file=/system/framework/flyme-telephony-common.jar --dex-file=/system/framework/telephony-meizu.jar --oat-file=/data/dalvik-cache/arm/system@framework@boot.oat --instruction-set=arm --instruction-set-features=default --base
D/libEGL  ( 2102): loaded /system/lib/egl/libEGL_mali.so
D/libEGL  ( 2102): loaded /system/lib/egl/libGLESv1_CM_mali.so
D/libEGL  ( 2102): loaded /system/lib/egl/libGLESv2_mali.so
E/        ( 2102): Device driver API match
E/        ( 2102): Device driver API version: 29
E/        ( 2102): User space API version: 29 
E/        ( 2102): mali: REVISION=Linux-r3p2-01rel3 BUILD_DATE=Tue Jul 22 19:59:34 KST 2014 
E/cutils-trace( 2102): Error opening trace file: No such file or directory (2)
V/NatController( 1900): runCmd(/system/bin/iptables -F natctrl_FORWARD) res=0
V/NatController( 1900): runCmd(/system/bin/iptables -A natctrl_FORWARD -j DROP) res=0
V/NatController( 1900): runCmd(/system/bin/iptables -t nat -F natctrl_nat_POSTROUTING) res=0
V/NatController( 1900): runCmd(/system/bin/iptables -F natctrl_tether_counters) res=1
V/NatController( 1900): runCmd(/system/bin/iptables -X natctrl_tether_counters) res=1
V/NatController( 1900): runCmd(/system/bin/iptables -N natctrl_tether_counters) res=0
V/NatController( 1900): runCmd(/system/bin/iptables -t mangle -A natctrl_mangle_FORWARD -p tcp --tcp-flags SYN SYN -j TCPMSS --clamp-mss-to-pmtu) res=0
I/ServiceManager( 1907): Waiting for service batterystats...
D/SurfaceFlinger( 1896): shader cache generated - 24 shaders in 25.426540 ms
D/MDnsDS  ( 1900): MDnsSdListener::Hander starting up
D/MDnsDS  ( 1900): MDnsSdListener starting to monitor
D/MDnsDS  ( 1900): Going to poll with pollCount 1
I/ServiceManager( 1907): Waiting for service batterystats...
E/sdcard  ( 1915): missing packages.list; retrying
I/ServiceManager( 1907): Waiting for service batterystats...
I/ServiceManager( 1907): Waiting for service batterystats...
W/linker  ( 2241): libsec-ril.so has text relocations. This is wasting memory and prevents security hardening. Please fix.
F/libc    ( 2241): Fatal signal 4 (SIGILL), code 1, fault addr 0x405fd0c0 in tid 2241 (rild)
I/DEBUG   ( 1902): *** *** *** *** *** *** *** *** *** *** *** *** *** *** *** ***
I/DEBUG   ( 1902): Build fingerprint: 'samsung/i9308xx/i9308:5.0.2/LRX22G/builder.20150703085101_R:userdebug/test-keys'
I/DEBUG   ( 1902): Revision: '12'
I/DEBUG   ( 1902): ABI: 'arm'
I/DEBUG   ( 1902): pid: 2241, tid: 2241, name: rild  >>> /system/bin/rild <<<
I/DEBUG   ( 1902): signal 4 (SIGILL), code 1 (ILL_ILLOPC), fault addr 0x405fd0c0
I/DEBUG   ( 1902):     r0 00000017  r1 40644ee3  r2 0000006c  r3 00000005
I/DEBUG   ( 1902):     r4 40649508  r5 40649f58  r6 00000071  r7 40643769
I/DEBUG   ( 1902):     r8 40649508  r9 4058790a  sl 00000000  fp 00000003
I/DEBUG   ( 1902):     ip 00000000  sp be9c51e8  lr 405fd0b3  pc 405fd0c0  cpsr 200e0030
I/DEBUG   ( 1902): 
I/DEBUG   ( 1902): backtrace:
I/DEBUG   ( 1902):     #00 pc 000130c0  /system/lib/libsqlite.so
I/DEBUG   ( 1902):     #01 pc 000141a1  /system/lib/libsqlite.so (sqlite3_initialize+476)
I/DEBUG   ( 1902):     #02 pc 0004e88b  /system/lib/libsqlite.so
I/DEBUG   ( 1902):     #03 pc 0004e013  /system/lib/libsec-ril.so (loadOpnameDb+34)
I/DEBUG   ( 1902):     #04 pc 000247f7  /system/lib/libsec-ril.so (RIL_Init+54)
I/DEBUG   ( 1902):     #05 pc 00000f4b  /system/bin/rild
I/DEBUG   ( 1902):     #06 pc 0000fb61  /system/lib/libc.so (__libc_init+44)
I/DEBUG   ( 1902):     #07 pc 000010d8  /system/bin/rild
I/DEBUG   ( 1902): 
I/DEBUG   ( 1902): Tombstone written to: /data/tombstones/tombstone_02
E/MediaPlayerFactory( 1907): calling dlopen on FACTORY_LIB
E/MediaPlayerFactory( 1907): Failed to open FACTORY_LIB Error : dlopen failed: library "libdashplayer.so" not found 
I/CameraService( 1907): CameraService started (pid=1907)
I/CameraService( 1907): Loaded "Exynos Camera - Dheeraj CVR" camera module
D/exynos_camera( 1907): exynos_camera_get_number_of_cameras()
I/AudioPolicyService( 1907): AudioPolicyService CSTOR in new mode
I/AudioPolicyManager( 1907): loadAudioPolicyConfig() loaded /system/etc/audio_policy.conf
V/audio_hw_primary( 1907): Reading configuration from /system/etc/sound/i9308
E/audio_hw_primary( 1907): Failed to open /system/etc/sound/i9308
E/AudioFlinger( 1907): int android::load_audio_interface(const char*, audio_hw_device_t**) couldn't open audio hw device in audio.primary (Invalid argument)
I/AudioFlinger( 1907): loadHwModule() error -22 loading module primary 
W/AudioPolicyManager( 1907): could not open HW module primary
I/audio_a2dp_hw( 1907): adev_open:  adev_open in A2dp_hw module
I/AudioFlinger( 1907): loadHwModule() Loaded a2dp audio interface from A2DP Audio HW HAL (audio) handle 1
I/AudioFlinger( 1907): loadHwModule() Loaded usb audio interface from USB audio HW HAL (audio) handle 2
I/r_submix( 1907): adev_open(name=audio_hw_if)
I/r_submix( 1907): adev_init_check()
I/AudioFlinger( 1907): loadHwModule() Loaded r_submix audio interface from Wifi Display audio HAL (audio) handle 3
D/r_submix( 1907): adev_open_input_stream()
D/r_submix( 1907): submix_audio_device_create_pipe()
E/MonoPipe( 1907): Failed to fetch local time frequency when constructing a MonoPipe (res = -32).  getNextWriteTimestamp calls will be non-functional
I/AudioFlinger( 1907): AudioFlinger's thread 0x41501000 ready to run
D/r_submix( 1907): adev_close_input_stream()
D/r_submix( 1907): submix_audio_device_release_pipe()
D/r_submix( 1907): submix_audio_device_destroy_pipe(): pipe destroyed
W/AudioPolicyManager( 1907): Input device 00000001 unreachable
W/AudioPolicyManager( 1907): Input device 00000002 unreachable
W/AudioPolicyManager( 1907): Input device 80000004 unreachable
W/AudioPolicyManager( 1907): Input device 80000080 unreachable
E/AudioPolicyManager( 1907): Default device 00000002 is unreachable
E/AudioPolicyManager( 1907): Failed to open primary output
E/AudioPolicyManager( 1907): getDeviceForStrategy() speaker device not found for STRATEGY_SONIFICATION
E/AudioPolicyManager( 1907): getDeviceForStrategy() speaker device not found for STRATEGY_SONIFICATION
E/SoundTriggerHwService( 1907): couldn't load sound trigger module sound_trigger.primary (No such file or directory)
E/sdcard  ( 1915): missing packages.list; retrying
E/sdcard  ( 1915): missing packages.list; retrying
F/dex2oat ( 2084): art/runtime/class_linker.cc:4306] Check failed: self->IsExceptionPending() java.lang.Class<android.app.ActivityThread>
F/dex2oat ( 2084): art/runtime/runtime.cc:284] Runtime aborting...
F/dex2oat ( 2084): art/runtime/runtime.cc:284] Aborting thread:
F/dex2oat ( 2084): art/runtime/runtime.cc:284] "Compiler driver thread pool worker thread 1" prio=5 tid=3 Runnable (still starting up)
F/dex2oat ( 2084): art/runtime/runtime.cc:284]   | group="" sCount=0 dsCount=0 obj=0x0 self=0x47a06400
F/dex2oat ( 2084): art/runtime/runtime.cc:284]   | sysTid=2238 nice=0 cgrp=default sched=0/0 handle=0x40a58800
F/dex2oat ( 2084): art/runtime/runtime.cc:284]   | state=R schedstat=( 0 0 0 ) utm=332 stm=40 core=2 HZ=100
F/dex2oat ( 2084): art/runtime/runtime.cc:284]   | stack=0x47590000-0x47592000 stackSize=1024KB
F/dex2oat ( 2084): art/runtime/runtime.cc:284]   | held mutexes= "abort lock" "mutator lock"(shared held)
F/dex2oat ( 2084): art/runtime/runtime.cc:284]   native: #00 pc 00004640  /system/lib/libbacktrace_libc++.so (UnwindCurrent::Unwind(unsigned int, ucontext*)+23)
F/dex2oat ( 2084): art/runtime/runtime.cc:284]   native: #01 pc 00002e8d  /system/lib/libbacktrace_libc++.so (Backtrace::Unwind(unsigned int, ucontext*)+8)
F/dex2oat ( 2084): art/runtime/runtime.cc:284]   native: #02 pc 00244f65  /system/lib/libart.so (art::DumpNativeStack(std::__1::basic_ostream<char, std::__1::char_traits<char> >&, int, char const*, art::mirror::ArtMethod*)+68)
F/dex2oat ( 2084): art/runtime/runtime.cc:284]   native: #03 pc 00229dcb  /system/lib/libart.so (art::Thread::Dump(std::__1::basic_ostream<char, std::__1::char_traits<char> >&) const+146)
F/dex2oat ( 2084): art/runtime/runtime.cc:284]   native: #04 pc 0021a16b  /system/lib/libart.so (art::AbortState::DumpThread(std::__1::basic_ostream<char, std::__1::char_traits<char> >&, art::Thread*)+22)
F/dex2oat ( 2084): art/runtime/runtime.cc:284]   native: #05 pc 0021a3a9  /system/lib/libart.so (art::AbortState::Dump(std::__1::basic_ostream<char, std::__1::char_traits<char> >&)+324)
F/dex2oat ( 2084): art/runtime/runtime.cc:284]   native: #06 pc 0021a599  /system/lib/libart.so (art::Runtime::Abort()+72)
F/dex2oat ( 2084): art/runtime/runtime.cc:284]   native: #07 pc 000a67e5  /system/lib/libart.so (art::LogMessage::~LogMessage()+1316)
F/dex2oat ( 2084): art/runtime/runtime.cc:284]   native: #08 pc 000d7c97  /system/lib/libart.so (art::ClassLinker::EnsureInitialized(art::Handle<art::mirror::Class>, bool, bool)+218)
F/dex2oat ( 2084): art/runtime/runtime.cc:284]   native: #09 pc 0015dc09  /system/lib/libart.so (artInterpreterToInterpreterBridge+300)
F/dex2oat ( 2084): art/runtime/runtime.cc:284]   native: #10 pc 0007085f  /system/lib/libart.so (art::interpreter::UnstartedRuntimeInvoke(art::Thread*, art::MethodHelper&, art::DexFile::CodeItem const*, art::ShadowFrame*, art::JValue*, unsigned int)+1574)
F/dex2oat ( 2084): art/runtime/runtime.cc:284]   native: #11 pc 0016a775  /system/lib/libart.so (bool art::interpreter::DoCall<false, false>(art::mirror::ArtMethod*, art::Thread*, art::ShadowFrame&, art::Instruction const*, unsigned short, art::JValue*)+492)
F/dex2oat ( 2084): art/runtime/runtime.cc:284]   native: #12 pc 0029e20b  /system/lib/libart.so (art::JValue art::interpreter::ExecuteGotoImpl<false, true>(art::Thread*, art::MethodHelper&, art::DexFile::CodeItem const*, art::ShadowFrame&, art::JValue)+29674)
F/dex2oat ( 2084): art/runtime/runtime.cc:284]   native: #13 pc 0015dc57  /system/lib/libart.so (artInterpreterToInterpreterBridge+378)
F/dex2oat ( 2084): art/runtime/runtime.cc:284]   native: #14 pc 0007085f  /system/lib/libart.so (art::interpreter::UnstartedRuntimeInvoke(art::Thread*, art::MethodHelper&, art::DexFile::CodeItem const*, art::ShadowFrame*, art::JValue*, unsigned int)+1574)
F/dex2oat ( 2084): art/runtime/runtime.cc:284]   native: #15 pc 0016a775  /system/lib/libart.so (bool art::interpreter::DoCall<false, false>(art::mirror::ArtMethod*, art::Thread*, art::ShadowFrame&, art::Instruction const*, unsigned short, art::JValue*)+492)
F/dex2oat ( 2084): art/runtime/runtime.cc:284]   native: #16 pc 0029e20b  /system/lib/libart.so (art::JValue art::interpreter::ExecuteGotoImpl<false, true>(art::Thread*, art::MethodHelper&, art::DexFile::CodeItem const*, art::ShadowFrame&, art::JValue)+29674)
F/dex2oat ( 2084): art/runtime/runtime.cc:284]   native: #17 pc 0015dc57  /system/lib/libart.so (artInterpreterToInterpreterBridge+378)
F/dex2oat ( 2084): art/runtime/runtime.cc:284]   native: #18 pc 0007085f  /system/lib/libart.so (art::interpreter::UnstartedRuntimeInvoke(art::Thread*, art::MethodHelper&, art::DexFile::CodeItem const*, art::ShadowFrame*, art::JValue*, unsigned int)+1574)
F/dex2oat ( 2084): art/runtime/runtime.cc:284]   native: #19 pc 0016a775  /system/lib/libart.so (bool art::interpreter::DoCall<false, false>(art::mirror::ArtMethod*, art::Thread*, art::ShadowFrame&, art::Instruction const*, unsigned short, art::JValue*)+492)
F/dex2oat ( 2084): art/runtime/runtime.cc:284]   native: #20 pc 0029e20b  /system/lib/libart.so (art::JValue art::interpreter::ExecuteGotoImpl<false, true>(art::Thread*, art::MethodHelper&, art::DexFile::CodeItem const*, art::ShadowFrame&, art::JValue)+29674)
F/dex2oat ( 2084): art/runtime/runtime.cc:284]   native: #21 pc 0015e01b  /system/lib/libart.so (art::interpreter::EnterInterpreterFromInvoke(art::Thread*, art::mirror::ArtMethod*, art::mirror::Object*, unsigned int*, art::JValue*)+582)
F/dex2oat ( 2084): art/runtime/runtime.cc:284]   native: #22 pc 001db0c1  /system/lib/libart.so (art::mirror::ArtMethod::Invoke(art::Thread*, unsigned int*, unsigned int, art::JValue*, char const*)+356)
F/dex2oat ( 2084): art/runtime/runtime.cc:284]   native: #23 pc 000d73d9  /system/lib/libart.so (art::ClassLinker::InitializeClass(art::Handle<art::mirror::Class>, bool, bool)+724)
F/dex2oat ( 2084): art/runtime/runtime.cc:284]   native: #24 pc 000d7bf3  /system/lib/libart.so (art::ClassLinker::EnsureInitialized(art::Handle<art::mirror::Class>, bool, bool)+54)
F/dex2oat ( 2084): art/runtime/runtime.cc:284]   native: #25 pc 00149f19  /system/lib/libart-compiler.so (???)
F/dex2oat ( 2084): art/runtime/runtime.cc:284]   native: #26 pc 0014131d  /system/lib/libart-compiler.so (???)
F/dex2oat ( 2084): art/runtime/runtime.cc:284]   native: #27 pc 00233b31  /system/lib/libart.so (art::ThreadPoolWorker::Run()+36)
F/dex2oat ( 2084): art/runtime/runtime.cc:284]   native: #28 pc 0023437b  /system/lib/libart.so (art::ThreadPoolWorker::Callback(void*)+50)
F/dex2oat ( 2084): art/runtime/runtime.cc:284]   native: #29 pc 00013763  /system/lib/libc.so (__pthread_start(void*)+30)
F/dex2oat ( 2084): art/runtime/runtime.cc:284]   native: #30 pc 0001183f  /system/lib/libc.so (__start_thread+6)
F/dex2oat ( 2084): art/runtime/runtime.cc:284]   at android.app.ActivityThread.currentActivityThread(ActivityThread.java:1591)
F/dex2oat ( 2084): art/runtime/runtime.cc:284]   at android.app.AppGlobals.getIntCoreSetting(AppGlobals.java:58)
F/dex2oat ( 2084): art/runtime/runtime.cc:284]   at android.view.ViewConfiguration.getLongPressTimeout(ViewConfiguration.java:434)
F/dex2oat ( 2084): art/runtime/runtime.cc:284]   at android.view.GestureDetector.<clinit>(GestureDetector.java:201)
F/dex2oat ( 2084): art/runtime/runtime.cc:284] Dumping all threads without appropriate locks held: thread list lock
F/dex2oat ( 2084): art/runtime/runtime.cc:284] All threads:
F/dex2oat ( 2084): art/runtime/runtime.cc:284] DALVIK THREADS (4):
F/dex2oat ( 2084): art/runtime/runtime.cc:284] "main" prio=5 tid=1 Native (still starting up)
F/dex2oat ( 2084): art/runtime/runtime.cc:284]   | group="" sCount=0 dsCount=0 obj=0x0 self=0x40fef400
F/dex2oat ( 2084): art/runtime/runtime.cc:284]   | sysTid=2084 nice=0 cgrp=default sched=0/0 handle=0x4007cec8
F/dex2oat ( 2084): art/runtime/runtime.cc:284]   | state=S schedstat=( 0 0 0 ) utm=615 stm=44 core=2 HZ=100
F/dex2oat ( 2084): art/runtime/runtime.cc:284]   | stack=0xbe01a000-0xbe01c000 stackSize=8MB
F/dex2oat ( 2084): art/runtime/runtime.cc:284]   | held mutexes=
F/dex2oat ( 2084): art/runtime/runtime.cc:284]   kernel: (couldn't read /proc/self/task/2084/stack)
F/dex2oat ( 2084): art/runtime/runtime.cc:284]   native: #00 pc 00010100  /system/lib/libc.so (syscall+28)
F/dex2oat ( 2084): art/runtime/runtime.cc:284]   native: #01 pc 000a94f1  /system/lib/libart.so (art::ConditionVariable::Wait(art::Thread*)+80)
F/dex2oat ( 2084): art/runtime/runtime.cc:284]   native: #02 pc 00233e63  /system/lib/libart.so (art::ThreadPool::Wait(art::Thread*, bool, bool)+254)
F/dex2oat ( 2084): art/runtime/runtime.cc:284]   native: #03 pc 001445fb  /system/lib/libart-compiler.so (???)
F/dex2oat ( 2084): art/runtime/runtime.cc:284]   native: #04 pc 00144ded  /system/lib/libart-compiler.so (art::CompilerDriver::InitializeClasses(_jobject*, std::__1::vector<art::DexFile const*, std::__1::allocator<art::DexFile const*> > const&, art::ThreadPool*, art::TimingLogger*)+160)
F/dex2oat ( 2084): art/runtime/runtime.cc:284]   native: #05 pc 0014c213  /system/lib/libart-compiler.so (art::CompilerDriver::PreCompile(_jobject*, std::__1::vector<art::DexFile const*, std::__1::allocator<art::DexFile const*> > const&, art::ThreadPool*, art::TimingLogger*)+66)
F/dex2oat ( 2084): art/runtime/runtime.cc:284]   native: #06 pc 0014dc05  /system/lib/libart-compiler.so (art::CompilerDriver::CompileAll(_jobject*, std::__1::vector<art::DexFile const*, std::__1::allocator<art::DexFile const*> > const&, art::TimingLogger*)+48)
F/dex2oat ( 2084): art/runtime/runtime.cc:284]   native: #07 pc 0000c46b  /system/bin/dex2oat (???)
F/dex2oat ( 2084): art/runtime/runtime.cc:284]   native: #08 pc 0000e669  /system/bin/dex2oat (???)
F/dex2oat ( 2084): art/runtime/runtime.cc:284]   native: #09 pc 0000fb61  /system/lib/libc.so (__libc_init+44)
F/dex2oat ( 2084): art/runtime/runtime.cc:284]   native: #10 pc 00006504  /system/bin/dex2oat (???)
F/dex2oat ( 2084): art/runtime/runtime.cc:284]   (no managed stack frames)
F/dex2oat ( 2084): art/runtime/runtime.cc:284] 
F/dex2oat ( 2084): art/runtime/runtime.cc:284] "Compiler driver thread pool worker thread 0" prio=5 tid=2 Native (still starting up)
F/dex2oat ( 2084): art/runtime/runtime.cc:284]   | group="" sCount=0 dsCount=0 obj=0x0 self=0x47706400
F/dex2oat ( 2084): art/runtime/runtime.cc:284]   | sysTid=2237 nice=0 cgrp=default sched=0/0 handle=0x40a58300
F/dex2oat ( 2084): art/runtime/runtime.cc:284]   | state=S schedstat=( 0 0 0 ) utm=348 stm=32 core=3 HZ=100
F/dex2oat ( 2084): art/runtime/runtime.cc:284]   | stack=0x47490000-0x47492000 stackSize=1024KB
F/dex2oat ( 2084): art/runtime/runtime.cc:284]   | held mutexes=
F/dex2oat ( 2084): art/runtime/runtime.cc:284]   kernel: (couldn't read /proc/self/task/2237/stack)
F/dex2oat ( 2084): art/runtime/runtime.cc:284]   native: #00 pc 00010100  /system/lib/libc.so (syscall+28)
F/dex2oat ( 2084): art/runtime/runtime.cc:284]   native: #01 pc 000a94f1  /system/lib/libart.so (art::ConditionVariable::Wait(art::Thread*)+80)
F/dex2oat ( 2084): art/runtime/runtime.cc:284]   native: #02 pc 00233b9b  /system/lib/libart.so (art::ThreadPool::GetTask(art::Thread*)+50)
F/dex2oat ( 2084): art/runtime/runtime.cc:284]   native: #03 pc 00233b43  /system/lib/libart.so (art::ThreadPoolWorker::Run()+54)
F/dex2oat ( 2084): art/runtime/runtime.cc:284]   native: #04 pc 0023437b  /system/lib/libart.so (art::ThreadPoolWorker::Callback(void*)+50)
F/dex2oat ( 2084): art/runtime/runtime.cc:284]   native: #05 pc 00013763  /system/lib/libc.so (__pthread_start(void*)+30)
F/dex2oat ( 2084): art/runtime/runtime.cc:284]   native: #06 pc 0001183f  /system/lib/libc.so (__start_thread+6)
F/dex2oat ( 2084): art/runtime/runtime.cc:284]   (no managed stack frames)
F/dex2oat ( 2084): art/runtime/runtime.cc:284] 
F/dex2oat ( 2084): art/runtime/runtime.cc:284] "Compiler driver thread pool worker thread 1" prio=5 tid=3 Runnable (still starting up)
F/dex2oat ( 2084): art/runtime/runtime.cc:284]   | group="" sCount=0 dsCount=0 obj=0x0 self=0x47a06400
F/dex2oat ( 2084): art/runtime/runtime.cc:284]   | sysTid=2238 nice=0 cgrp=default sched=0/0 handle=0x40a58800
F/dex2oat ( 2084): art/runtime/runtime.cc:284]   | state=R schedstat=( 0 0 0 ) utm=335 stm=40 core=2 HZ=100
F/dex2oat ( 2084): art/runtime/runtime.cc:284]   | stack=0x47590000-0x47592000 stackSize=1024KB
F/dex2oat ( 2084): art/runtime/runtime.cc:284]   | held mutexes= "abort lock" "mutator lock"(shared held)
F/dex2oat ( 2084): art/runtime/runtime.cc:284]   native: #00 pc 00004640  /system/lib/libbacktrace_libc++.so (UnwindCurrent::Unwind(unsigned int, ucontext*)+23)
F/dex2oat ( 2084): art/runtime/runtime.cc:284]   native: #01 pc 00002e8d  /system/lib/libbacktrace_libc++.so (Backtrace::Unwind(unsigned int, ucontext*)+8)
F/dex2oat ( 2084): art/runtime/runtime.cc:284]   native: #02 pc 00244f65  /system/lib/libart.so (art::DumpNativeStack(std::__1::basic_ostream<char, std::__1::char_traits<char> >&, int, char const*, art::mirror::ArtMethod*)+68)
F/dex2oat ( 2084): art/runtime/runtime.cc:284]   native: #03 pc 00229dcb  /system/lib/libart.so (art::Thread::Dump(std::__1::basic_ostream<char, std::__1::char_traits<char> >&) const+146)
F/dex2oat ( 2084): art/runtime/runtime.cc:284]   native: #04 pc 002329cd  /system/lib/libart.so (art::ThreadList::DumpLocked(std::__1::basic_ostream<char, std::__1::char_traits<char> >&)+104)
F/dex2oat ( 2084): art/runtime/runtime.cc:284]   native: #05 pc 0021a353  /system/lib/libart.so (art::AbortState::Dump(std::__1::basic_ostream<char, std::__1::char_traits<char> >&)+238)
F/dex2oat ( 2084): art/runtime/runtime.cc:284]   native: #06 pc 0021a599  /system/lib/libart.so (art::Runtime::Abort()+72)
F/dex2oat ( 2084): art/runtime/runtime.cc:284]   native: #07 pc 000a67e5  /system/lib/libart.so (art::LogMessage::~LogMessage()+1316)
F/dex2oat ( 2084): art/runtime/runtime.cc:284]   native: #08 pc 000d7c97  /system/lib/libart.so (art::ClassLinker::EnsureInitialized(art::Handle<art::mirror::Class>, bool, bool)+218)
F/dex2oat ( 2084): art/runtime/runtime.cc:284]   native: #09 pc 0015dc09  /system/lib/libart.so (artInterpreterToInterpreterBridge+300)
F/dex2oat ( 2084): art/runtime/runtime.cc:284]   native: #10 pc 0007085f  /system/lib/libart.so (art::interpreter::UnstartedRuntimeInvoke(art::Thread*, art::MethodHelper&, art::DexFile::CodeItem const*, art::ShadowFrame*, art::JValue*, unsigned int)+1574)
F/dex2oat ( 2084): art/runtime/runtime.cc:284]   native: #11 pc 0016a775  /system/lib/libart.so (bool art::interpreter::DoCall<false, false>(art::mirror::ArtMethod*, art::Thread*, art::ShadowFrame&, art::Instruction const*, unsigned short, art::JValue*)+492)
F/dex2oat ( 2084): art/runtime/runtime.cc:284]   native: #12 pc 0029e20b  /system/lib/libart.so (art::JValue art::interpreter::ExecuteGotoImpl<false, true>(art::Thread*, art::MethodHelper&, art::DexFile::CodeItem const*, art::ShadowFrame&, art::JValue)+29674)
F/dex2oat ( 2084): art/runtime/runtime.cc:284]   native: #13 pc 0015dc57  /system/lib/libart.so (artInterpreterToInterpreterBridge+378)
F/dex2oat ( 2084): art/runtime/runtime.cc:284]   native: #14 pc 0007085f  /system/lib/libart.so (art::interpreter::UnstartedRuntimeInvoke(art::Thread*, art::MethodHelper&, art::DexFile::CodeItem const*, art::ShadowFrame*, art::JValue*, unsigned int)+1574)
F/dex2oat ( 2084): art/runtime/runtime.cc:284]   native: #15 pc 0016a775  /system/lib/libart.so (bool art::interpreter::DoCall<false, false>(art::mirror::ArtMethod*, art::Thread*, art::ShadowFrame&, art::Instruction const*, unsigned short, art::JValue*)+492)
F/dex2oat ( 2084): art/runtime/runtime.cc:284]   native: #16 pc 0029e20b  /system/lib/libart.so (art::JValue art::interpreter::ExecuteGotoImpl<false, true>(art::Thread*, art::MethodHelper&, art::DexFile::CodeItem const*, art::ShadowFrame&, art::JValue)+29674)
F/dex2oat ( 2084): art/runtime/runtime.cc:284]   native: #17 pc 0015dc57  /system/lib/libart.so (artInterpreterToInterpreterBridge+378)
F/dex2oat ( 2084): art/runtime/runtime.cc:284]   native: #18 pc 0007085f  /system/lib/libart.so (art::interpreter::UnstartedRuntimeInvoke(art::Thread*, art::MethodHelper&, art::DexFile::CodeItem const*, art::ShadowFrame*, art::JValue*, unsigned int)+1574)
F/dex2oat ( 2084): art/runtime/runtime.cc:284]   native: #19 pc 0016a775  /system/lib/libart.so (bool art::interpreter::DoCall<false, false>(art::mirror::ArtMethod*, art::Thread*, art::ShadowFrame&, art::Instruction const*, unsigned short, art::JValue*)+492)
F/dex2oat ( 2084): art/runtime/runtime.cc:284]   native: #20 pc 0029e20b  /system/lib/libart.so (art::JValue art::interpreter::ExecuteGotoImpl<false, true>(art::Thread*, art::MethodHelper&, art::DexFile::CodeItem const*, art::ShadowFrame&, art::JValue)+29674)
F/dex2oat ( 2084): art/runtime/runtime.cc:284]   native: #21 pc 0015e01b  /system/lib/libart.so (art::interpreter::EnterInterpreterFromInvoke(art::Thread*, art::mirror::ArtMethod*, art::mirror::Object*, unsigned int*, art::JValue*)+582)
F/dex2oat ( 2084): art/runtime/runtime.cc:284]   native: #22 pc 001db0c1  /system/lib/libart.so (art::mirror::ArtMethod::Invoke(art::Thread*, unsigned int*, unsigned int, art::JValue*, char const*)+356)
F/dex2oat ( 2084): art/runtime/runtime.cc:284]   native: #23 pc 000d73d9  /system/lib/libart.so (art::ClassLinker::InitializeClass(art::Handle<art::mirror::Class>, bool, bool)+724)
F/dex2oat ( 2084): art/runtime/runtime.cc:284]   native: #24 pc 000d7bf3  /system/lib/libart.so (art::ClassLinker::EnsureInitialized(art::Handle<art::mirror::Class>, bool, bool)+54)
F/dex2oat ( 2084): art/runtime/runtime.cc:284]   native: #25 pc 00149f19  /system/lib/libart-compiler.so (???)
F/dex2oat ( 2084): art/runtime/runtime.cc:284]   native: #26 pc 0014131d  /system/lib/libart-compiler.so (???)
F/dex2oat ( 2084): art/runtime/runtime.cc:284]   native: #27 pc 00233b31  /system/lib/libart.so (art::ThreadPoolWorker::Run()+36)
F/dex2oat ( 2084): art/runtime/runtime.cc:284]   native: #28 pc 0023437b  /system/lib/libart.so (art::ThreadPoolWorker::Callback(void*)+50)
F/dex2oat ( 2084): art/runtime/runtime.cc:284]   native: #29 pc 00013763  /system/lib/libc.so (__pthread_start(void*)+30)
F/dex2oat ( 2084): art/runtime/runtime.cc:284]   native: #30 pc 0001183f  /system/lib/libc.so (__start_thread+6)
F/dex2oat ( 2084): art/runtime/runtime.cc:284]   at android.app.ActivityThread.currentActivityThread(ActivityThread.java:1591)
F/dex2oat ( 2084): art/runtime/runtime.cc:284]   at android.app.AppGlobals.getIntCoreSetting(AppGlobals.java:58)
F/dex2oat ( 2084): art/runtime/runtime.cc:284]   at android.view.ViewConfiguration.getLongPressTimeout(ViewConfiguration.java:434)
F/dex2oat ( 2084): art/runtime/runtime.cc:284]   at android.view.GestureDetector.<clinit>(GestureDetector.java:201)
F/dex2oat ( 2084): art/runtime/runtime.cc:284] 
F/dex2oat ( 2084): art/runtime/runtime.cc:284] "Compiler driver thread pool worker thread 2" prio=5 tid=4 Native (still starting up)
F/dex2oat ( 2084): art/runtime/runtime.cc:284]   | group="" sCount=0 dsCount=0 obj=0x0 self=0x47b06400
F/dex2oat ( 2084): art/runtime/runtime.cc:284]   | sysTid=2239 nice=0 cgrp=default sched=0/0 handle=0x40a58a80
F/dex2oat ( 2084): art/runtime/runtime.cc:284]   | state=S schedstat=( 0 0 0 ) utm=341 stm=33 core=1 HZ=100
F/dex2oat ( 2084): art/runtime/runtime.cc:284]   | stack=0x4788f000-0x47891000 stackSize=1024KB
F/dex2oat ( 2084): art/runtime/runtime.cc:284]   | held mutexes=
F/dex2oat ( 2084): art/runtime/runtime.cc:284]   kernel: (couldn't read /proc/self/task/2239/stack)
F/dex2oat ( 2084): art/runtime/runtime.cc:284]   native: #00 pc 00010100  /system/lib/libc.so (syscall+28)
F/dex2oat ( 2084): art/runtime/runtime.cc:284]   native: #01 pc 000a94f1  /system/lib/libart.so (art::ConditionVariable::Wait(art::Thread*)+80)
F/dex2oat ( 2084): art/runtime/runtime.cc:284]   native: #02 pc 00233b9b  /system/lib/libart.so (art::ThreadPool::GetTask(art::Thread*)+50)
F/dex2oat ( 2084): art/runtime/runtime.cc:284]   native: #03 pc 00233b43  /system/lib/libart.so (art::ThreadPoolWorker::Run()+54)
F/dex2oat ( 2084): art/runtime/runtime.cc:284]   native: #04 pc 0023437b  /system/lib/libart.so (art::ThreadPoolWorker::Callback(void*)+50)
F/dex2oat ( 2084): art/runtime/runtime.cc:284]   native: #05 pc 00013763  /system/lib/libc.so (__pthread_start(void*)+30)
F/dex2oat ( 2084): art/runtime/runtime.cc:284]   native: #06 pc 0001183f  /system/lib/libc.so (__start_thread+6)
F/dex2oat ( 2084): art/runtime/runtime.cc:284]   (no managed stack frames)
F/dex2oat ( 2084): art/runtime/runtime.cc:284] 
F/dex2oat ( 2084): art/runtime/runtime.cc:284] 
F/libc    ( 2084): Fatal signal 6 (SIGABRT), code -6 in tid 2238 (Compiler driver)
I/DEBUG   ( 1902): *** *** *** *** *** *** *** *** *** *** *** *** *** *** *** ***
I/DEBUG   ( 1902): Build fingerprint: 'samsung/i9308xx/i9308:5.0.2/LRX22G/builder.20150703085101_R:userdebug/test-keys'
I/DEBUG   ( 1902): Revision: '12'
I/DEBUG   ( 1902): ABI: 'arm'
I/DEBUG   ( 1902): pid: 2084, tid: 2238, name: Compiler driver  >>> /system/bin/dex2oat <<<
I/DEBUG   ( 1902): signal 6 (SIGABRT), code -6 (SI_TKILL), fault addr --------
I/DEBUG   ( 1902): Abort message: 'art/runtime/class_linker.cc:4306] Check failed: self->IsExceptionPending() java.lang.Class<android.app.ActivityThread>'
I/DEBUG   ( 1902):     r0 00000000  r1 000008be  r2 00000006  r3 00000000
I/DEBUG   ( 1902):     r4 4768fdb8  r5 00000006  r6 00000002  r7 0000010c
I/DEBUG   ( 1902):     r8 fffffac8  r9 40a4f490  sl 47a06400  fp 47ecaa00
I/DEBUG   ( 1902):     ip 000008be  sp 4768f040  lr 40180f7d  pc 401a4e94  cpsr 600f0010
I/DEBUG   ( 1902): 
I/DEBUG   ( 1902): backtrace:
I/DEBUG   ( 1902):     #00 pc 00037e94  /system/lib/libc.so (tgkill+12)
I/DEBUG   ( 1902):     #01 pc 00013f79  /system/lib/libc.so (pthread_kill+52)
I/DEBUG   ( 1902):     #02 pc 00014cd7  /system/lib/libc.so (raise+10)
I/DEBUG   ( 1902):     #03 pc 000114d5  /system/lib/libc.so (__libc_android_abort+36)
I/DEBUG   ( 1902):     #04 pc 0000fca4  /system/lib/libc.so (abort+4)
I/DEBUG   ( 1902):     #05 pc 0021a5f1  /system/lib/libart.so (art::Runtime::Abort()+160)
I/DEBUG   ( 1902):     #06 pc 000a67e5  /system/lib/libart.so (art::LogMessage::~LogMessage()+1316)
I/DEBUG   ( 1902):     #07 pc 000d7c97  /system/lib/libart.so (art::ClassLinker::EnsureInitialized(art::Handle<art::mirror::Class>, bool, bool)+218)
I/DEBUG   ( 1902):     #08 pc 0015dc09  /system/lib/libart.so (artInterpreterToInterpreterBridge+300)
I/DEBUG   ( 1902):     #09 pc 0007085f  /system/lib/libart.so (art::interpreter::UnstartedRuntimeInvoke(art::Thread*, art::MethodHelper&, art::DexFile::CodeItem const*, art::ShadowFrame*, art::JValue*, unsigned int)+1574)
I/DEBUG   ( 1902):     #10 pc 0016a775  /system/lib/libart.so (bool art::interpreter::DoCall<false, false>(art::mirror::ArtMethod*, art::Thread*, art::ShadowFrame&, art::Instruction const*, unsigned short, art::JValue*)+492)
I/DEBUG   ( 1902):     #11 pc 0029e20b  /system/lib/libart.so (art::JValue art::interpreter::ExecuteGotoImpl<false, true>(art::Thread*, art::MethodHelper&, art::DexFile::CodeItem const*, art::ShadowFrame&, art::JValue)+29674)
I/DEBUG   ( 1902):     #12 pc 0015dc57  /system/lib/libart.so (artInterpreterToInterpreterBridge+378)
I/DEBUG   ( 1902):     #13 pc 0007085f  /system/lib/libart.so (art::interpreter::UnstartedRuntimeInvoke(art::Thread*, art::MethodHelper&, art::DexFile::CodeItem const*, art::ShadowFrame*, art::JValue*, unsigned int)+1574)
I/DEBUG   ( 1902):     #14 pc 0016a775  /system/lib/libart.so (bool art::interpreter::DoCall<false, false>(art::mirror::ArtMethod*, art::Thread*, art::ShadowFrame&, art::Instruction const*, unsigned short, art::JValue*)+492)
I/DEBUG   ( 1902):     #15 pc 0029e20b  /system/lib/libart.so (art::JValue art::interpreter::ExecuteGotoImpl<false, true>(art::Thread*, art::MethodHelper&, art::DexFile::CodeItem const*, art::ShadowFrame&, art::JValue)+29674)
I/DEBUG   ( 1902):     #16 pc 0015dc57  /system/lib/libart.so (artInterpreterToInterpreterBridge+378)
I/DEBUG   ( 1902):     #17 pc 0007085f  /system/lib/libart.so (art::interpreter::UnstartedRuntimeInvoke(art::Thread*, art::MethodHelper&, art::DexFile::CodeItem const*, art::ShadowFrame*, art::JValue*, unsigned int)+1574)
I/DEBUG   ( 1902):     #18 pc 0016a775  /system/lib/libart.so (bool art::interpreter::DoCall<false, false>(art::mirror::ArtMethod*, art::Thread*, art::ShadowFrame&, art::Instruction const*, unsigned short, art::JValue*)+492)
I/DEBUG   ( 1902):     #19 pc 0029e20b  /system/lib/libart.so (art::JValue art::interpreter::ExecuteGotoImpl<false, true>(art::Thread*, art::MethodHelper&, art::DexFile::CodeItem const*, art::ShadowFrame&, art::JValue)+29674)
I/DEBUG   ( 1902):     #20 pc 0015e01b  /system/lib/libart.so (art::interpreter::EnterInterpreterFromInvoke(art::Thread*, art::mirror::ArtMethod*, art::mirror::Object*, unsigned int*, art::JValue*)+582)
I/DEBUG   ( 1902):     #21 pc 001db0c1  /system/lib/libart.so (art::mirror::ArtMethod::Invoke(art::Thread*, unsigned int*, unsigned int, art::JValue*, char const*)+356)
I/DEBUG   ( 1902):     #22 pc 000d73d9  /system/lib/libart.so (art::ClassLinker::InitializeClass(art::Handle<art::mirror::Class>, bool, bool)+724)
I/DEBUG   ( 1902):     #23 pc 000d7bf3  /system/lib/libart.so (art::ClassLinker::EnsureInitialized(art::Handle<art::mirror::Class>, bool, bool)+54)
I/DEBUG   ( 1902):     #24 pc 00149f19  /system/lib/libart-compiler.so
I/DEBUG   ( 1902):     #25 pc 0014131d  /system/lib/libart-compiler.so
I/DEBUG   ( 1902):     #26 pc 00233b31  /system/lib/libart.so (art::ThreadPoolWorker::Run()+36)
I/DEBUG   ( 1902):     #27 pc 0023437b  /system/lib/libart.so (art::ThreadPoolWorker::Callback(void*)+50)
I/DEBUG   ( 1902):     #28 pc 00013763  /system/lib/libc.so (__pthread_start(void*)+30)
I/DEBUG   ( 1902):     #29 pc 0001183f  /system/lib/libc.so (__start_thread+6)
I/DEBUG   ( 1902): 
I/DEBUG   ( 1902): Tombstone written to: /data/tombstones/tombstone_00
W/art     ( 1914): Could not create image space with image file '/system/framework/boot.art'. Attempting to fall back to imageless running. Error was: Failed to generate image '/data/dalvik-cache/arm/system@framework@boot.art': Failed execv(/system/bin/dex2oat --image=/data/dalvik-cache/arm/system@framework@boot.art --dex-file=/system/framework/core-libart.jar --dex-file=/system/framework/conscrypt.jar --dex-file=/system/framework/okhttp.jar --dex-file=/system/framework/core-junit.jar --dex-file=/system/framework/bouncycastle.jar --dex-file=/system/framework/ext.jar --dex-file=/system/framework/framework.jar --dex-file=/system/framework/telephony-common.jar --dex-file=/system/framework/voip-common.jar --dex-file=/system/framework/ims-common.jar --dex-file=/system/framework/mms-common.jar --dex-file=/system/framework/android.policy.jar --dex-file=/system/framework/apache-xml.jar --dex-file=/system/framework/meizu2_jcifs.jar --dex-file=/system/framework/flyme-framework.jar --dex-file=/system/framework/com.meizu.camera.jar --dex-
W/linker  ( 2248): libsec-ril.so has text relocations. This is wasting memory and prevents security hardening. Please fix.
F/libc    ( 2248): Fatal signal 4 (SIGILL), code 1, fault addr 0x405fd0c0 in tid 2248 (rild)
I/DEBUG   ( 1902): *** *** *** *** *** *** *** *** *** *** *** *** *** *** *** ***
I/DEBUG   ( 1902): Build fingerprint: 'samsung/i9308xx/i9308:5.0.2/LRX22G/builder.20150703085101_R:userdebug/test-keys'
I/DEBUG   ( 1902): Revision: '12'
I/DEBUG   ( 1902): ABI: 'arm'
I/DEBUG   ( 1902): pid: 2248, tid: 2248, name: rild  >>> /system/bin/rild <<<
I/DEBUG   ( 1902): signal 4 (SIGILL), code 1 (ILL_ILLOPC), fault addr 0x405fd0c0
I/DEBUG   ( 1902):     r0 00000017  r1 40644ee3  r2 0000006c  r3 00000005
I/DEBUG   ( 1902):     r4 40649508  r5 40649f58  r6 00000071  r7 40643769
I/DEBUG   ( 1902):     r8 40649508  r9 4058790a  sl 00000000  fp 00000003
I/DEBUG   ( 1902):     ip 00000000  sp bec7d1e8  lr 405fd0b3  pc 405fd0c0  cpsr 200e0030
I/DEBUG   ( 1902): 
I/DEBUG   ( 1902): backtrace:
I/DEBUG   ( 1902):     #00 pc 000130c0  /system/lib/libsqlite.so
I/DEBUG   ( 1902):     #01 pc 000141a1  /system/lib/libsqlite.so (sqlite3_initialize+476)
I/DEBUG   ( 1902):     #02 pc 0004e88b  /system/lib/libsqlite.so
I/DEBUG   ( 1902):     #03 pc 0004e013  /system/lib/libsec-ril.so (loadOpnameDb+34)
I/DEBUG   ( 1902):     #04 pc 000247f7  /system/lib/libsec-ril.so (RIL_Init+54)
I/DEBUG   ( 1902):     #05 pc 00000f4b  /system/bin/rild
I/DEBUG   ( 1902):     #06 pc 0000fb61  /system/lib/libc.so (__libc_init+44)
I/DEBUG   ( 1902):     #07 pc 000010d8  /system/bin/rild
I/DEBUG   ( 1902): 
I/DEBUG   ( 1902): Tombstone written to: /data/tombstones/tombstone_03
E/sdcard  ( 1915): missing packages.list; retrying
F/libc    ( 1914): Fatal signal 4 (SIGILL), code 1, fault addr 0x41c4d0c0 in tid 1914 (main)
I/DEBUG   ( 1902): *** *** *** *** *** *** *** *** *** *** *** *** *** *** *** ***
